INFO - 2026-01-07 09:56:05 --> Session: Class initialized using 'CodeIgniter\Session\Handlers\FileHandler' driver.
INFO - 2026-01-07 11:20:21 --> Session: Class initialized using 'CodeIgniter\Session\Handlers\FileHandler' driver.
INFO - 2026-01-07 11:25:04 --> Session: Class initialized using 'CodeIgniter\Session\Handlers\FileHandler' driver.
INFO - 2026-01-07 11:25:29 --> Session: Class initialized using 'CodeIgniter\Session\Handlers\FileHandler' driver.
INFO - 2026-01-07 11:25:29 --> Session: Class initialized using 'CodeIgniter\Session\Handlers\FileHandler' driver.
INFO - 2026-01-07 11:25:54 --> Session: Class initialized using 'CodeIgniter\Session\Handlers\FileHandler' driver.
INFO - 2026-01-07 11:26:21 --> Session: Class initialized using 'CodeIgniter\Session\Handlers\FileHandler' driver.
INFO - 2026-01-07 11:27:12 --> Session: Class initialized using 'CodeIgniter\Session\Handlers\FileHandler' driver.
INFO - 2026-01-07 11:28:17 --> Session: Class initialized using 'CodeIgniter\Session\Handlers\FileHandler' driver.
INFO - 2026-01-07 12:31:48 --> Session: Class initialized using 'CodeIgniter\Session\Handlers\FileHandler' driver.
INFO - 2026-01-07 12:31:48 --> Session: Class initialized using 'CodeIgniter\Session\Handlers\FileHandler' driver.
INFO - 2026-01-07 12:33:16 --> Session: Class initialized using 'CodeIgniter\Session\Handlers\FileHandler' driver.
INFO - 2026-01-07 12:38:32 --> Session: Class initialized using 'CodeIgniter\Session\Handlers\FileHandler' driver.
INFO - 2026-01-07 12:39:13 --> Session: Class initialized using 'CodeIgniter\Session\Handlers\FileHandler' driver.
INFO - 2026-01-07 15:30:34 --> Session: Class initialized using 'CodeIgniter\Session\Handlers\FileHandler' driver.
INFO - 2026-01-07 15:38:07 --> Session: Class initialized using 'CodeIgniter\Session\Handlers\FileHandler' driver.
INFO - 2026-01-07 15:54:06 --> Session: Class initialized using 'CodeIgniter\Session\Handlers\FileHandler' driver.
INFO - 2026-01-07 15:55:22 --> Session: Class initialized using 'CodeIgniter\Session\Handlers\FileHandler' driver.
INFO - 2026-01-07 15:56:14 --> Session: Class initialized using 'CodeIgniter\Session\Handlers\FileHandler' driver.
INFO - 2026-01-07 15:56:45 --> Session: Class initialized using 'CodeIgniter\Session\Handlers\FileHandler' driver.
INFO - 2026-01-07 15:57:26 --> Session: Class initialized using 'CodeIgniter\Session\Handlers\FileHandler' driver.
INFO - 2026-01-07 15:58:03 --> Session: Class initialized using 'CodeIgniter\Session\Handlers\FileHandler' driver.
INFO - 2026-01-07 15:58:36 --> Session: Class initialized using 'CodeIgniter\Session\Handlers\FileHandler' driver.
INFO - 2026-01-07 15:58:46 --> Session: Class initialized using 'CodeIgniter\Session\Handlers\FileHandler' driver.
INFO - 2026-01-07 15:59:42 --> Session: Class initialized using 'CodeIgniter\Session\Handlers\FileHandler' driver.
INFO - 2026-01-07 16:01:56 --> Session: Class initialized using 'CodeIgniter\Session\Handlers\FileHandler' driver.
INFO - 2026-01-07 16:03:01 --> Session: Class initialized using 'CodeIgniter\Session\Handlers\FileHandler' driver.
INFO - 2026-01-07 16:03:50 --> Session: Class initialized using 'CodeIgniter\Session\Handlers\FileHandler' driver.
INFO - 2026-01-07 16:04:01 --> Session: Class initialized using 'CodeIgniter\Session\Handlers\FileHandler' driver.
INFO - 2026-01-07 16:04:23 --> Session: Class initialized using 'CodeIgniter\Session\Handlers\FileHandler' driver.
INFO - 2026-01-07 16:04:23 --> Session: Class initialized using 'CodeIgniter\Session\Handlers\FileHandler' driver.
INFO - 2026-01-07 16:04:23 --> Session: Class initialized using 'CodeIgniter\Session\Handlers\FileHandler' driver.
INFO - 2026-01-07 16:05:12 --> Session: Class initialized using 'CodeIgniter\Session\Handlers\FileHandler' driver.
ERROR - 2026-01-07 17:17:24 --> mysqli_sql_exception: MySQL server has gone away in C:\Proyectos\reservalo2.0\system\Database\MySQLi\Connection.php:306
Stack trace:
#0 C:\Proyectos\reservalo2.0\system\Database\MySQLi\Connection.php(306): mysqli->query('SELECT DISTINCT...', 0)
#1 C:\Proyectos\reservalo2.0\system\Database\BaseConnection.php(693): CodeIgniter\Database\MySQLi\Connection->execute('SELECT DISTINCT...')
#2 C:\Proyectos\reservalo2.0\system\Database\BaseConnection.php(607): CodeIgniter\Database\BaseConnection->simpleQuery('SELECT DISTINCT...')
#3 C:\Proyectos\reservalo2.0\system\Database\BaseBuilder.php(1616): CodeIgniter\Database\BaseConnection->query('SELECT DISTINCT...', Array, false)
#4 C:\Proyectos\reservalo2.0\app\Models\horariosModel.php(121): CodeIgniter\Database\BaseBuilder->get()
#5 C:\Proyectos\reservalo2.0\app\Controllers\Horarios.php(24): App\Models\horariosModel->comprobarHorariosLegend(42)
#6 C:\Proyectos\reservalo2.0\system\CodeIgniter.php(941): App\Controllers\Horarios->horario(42)
#7 C:\Proyectos\reservalo2.0\system\CodeIgniter.php(502): CodeIgniter\CodeIgniter->runController(Object(App\Controllers\Horarios))
#8 C:\Proyectos\reservalo2.0\system\CodeIgniter.php(361): CodeIgniter\CodeIgniter->handleRequest(NULL, Object(Config\Cache), false)
#9 C:\Proyectos\reservalo2.0\index.php(79): CodeIgniter\CodeIgniter->run()
#10 {main}
CRITICAL - 2026-01-07 17:17:24 --> CodeIgniter\Database\Exceptions\DatabaseException: MySQL server has gone away
in SYSTEMPATH\Database\BaseConnection.php on line 647.
 1 SYSTEMPATH\Database\BaseBuilder.php(1616): CodeIgniter\Database\BaseConnection->query('SELECT DISTINCT `tipo_horario`.*
FROM `tipo_horario`
INNER JOIN `franjas_horarias` ON `franjas_horarias`.`id_tipo_horario` = `tipo_horario`.`id_tipo_horario`
WHERE `franjas_horarias`.`id_instalacion` = :franjas_horarias.id_instalacion:
AND `tipo_horario`.`fecha_inicio` >= :tipo_horario.fecha_inicio:
AND `tipo_horario`.`fecha_fin` <= :tipo_horario.fecha_fin:', [...], false)
 2 APPPATH\Models\horariosModel.php(121): CodeIgniter\Database\BaseBuilder->get()
 3 APPPATH\Controllers\Horarios.php(24): App\Models\horariosModel->comprobarHorariosLegend(42)
 4 SYSTEMPATH\CodeIgniter.php(941): App\Controllers\Horarios->horario(42)
 5 SYSTEMPATH\CodeIgniter.php(502): CodeIgniter\CodeIgniter->runController(Object(App\Controllers\Horarios))
 6 SYSTEMPATH\CodeIgniter.php(361): CodeIgniter\CodeIgniter->handleRequest(null, Object(Config\Cache), false)
 7 FCPATH\index.php(79): CodeIgniter\CodeIgniter->run()
CRITICAL - 2026-01-07 17:17:24 --> [Caused by] CodeIgniter\Database\Exceptions\DatabaseException: MySQL server has gone away
in SYSTEMPATH\Database\MySQLi\Connection.php on line 311.
 1 SYSTEMPATH\Database\BaseConnection.php(693): CodeIgniter\Database\MySQLi\Connection->execute('SELECT DISTINCT `tipo_horario`.*
FROM `tipo_horario`
INNER JOIN `franjas_horarias` ON `franjas_horarias`.`id_tipo_horario` = `tipo_horario`.`id_tipo_horario`
WHERE `franjas_horarias`.`id_instalacion` = 42
AND `tipo_horario`.`fecha_inicio` >= \'202601-01\'
AND `tipo_horario`.`fecha_fin` <= \'202612-31\'')
 2 SYSTEMPATH\Database\BaseConnection.php(607): CodeIgniter\Database\BaseConnection->simpleQuery('SELECT DISTINCT `tipo_horario`.*
FROM `tipo_horario`
INNER JOIN `franjas_horarias` ON `franjas_horarias`.`id_tipo_horario` = `tipo_horario`.`id_tipo_horario`
WHERE `franjas_horarias`.`id_instalacion` = 42
AND `tipo_horario`.`fecha_inicio` >= \'202601-01\'
AND `tipo_horario`.`fecha_fin` <= \'202612-31\'')
 3 SYSTEMPATH\Database\BaseBuilder.php(1616): CodeIgniter\Database\BaseConnection->query('SELECT DISTINCT `tipo_horario`.*
FROM `tipo_horario`
INNER JOIN `franjas_horarias` ON `franjas_horarias`.`id_tipo_horario` = `tipo_horario`.`id_tipo_horario`
WHERE `franjas_horarias`.`id_instalacion` = :franjas_horarias.id_instalacion:
AND `tipo_horario`.`fecha_inicio` >= :tipo_horario.fecha_inicio:
AND `tipo_horario`.`fecha_fin` <= :tipo_horario.fecha_fin:', [...], false)
 4 APPPATH\Models\horariosModel.php(121): CodeIgniter\Database\BaseBuilder->get()
 5 APPPATH\Controllers\Horarios.php(24): App\Models\horariosModel->comprobarHorariosLegend(42)
 6 SYSTEMPATH\CodeIgniter.php(941): App\Controllers\Horarios->horario(42)
 7 SYSTEMPATH\CodeIgniter.php(502): CodeIgniter\CodeIgniter->runController(Object(App\Controllers\Horarios))
 8 SYSTEMPATH\CodeIgniter.php(361): CodeIgniter\CodeIgniter->handleRequest(null, Object(Config\Cache), false)
 9 FCPATH\index.php(79): CodeIgniter\CodeIgniter->run()
CRITICAL - 2026-01-07 17:17:24 --> [Caused by] mysqli_sql_exception: MySQL server has gone away
in SYSTEMPATH\Database\MySQLi\Connection.php on line 306.
 1 SYSTEMPATH\Database\MySQLi\Connection.php(306): mysqli->query('SELECT DISTINCT `tipo_horario`.*
FROM `tipo_horario`
INNER JOIN `franjas_horarias` ON `franjas_horarias`.`id_tipo_horario` = `tipo_horario`.`id_tipo_horario`
WHERE `franjas_horarias`.`id_instalacion` = 42
AND `tipo_horario`.`fecha_inicio` >= \'202601-01\'
AND `tipo_horario`.`fecha_fin` <= \'202612-31\'', 0)
 2 SYSTEMPATH\Database\BaseConnection.php(693): CodeIgniter\Database\MySQLi\Connection->execute('SELECT DISTINCT `tipo_horario`.*
FROM `tipo_horario`
INNER JOIN `franjas_horarias` ON `franjas_horarias`.`id_tipo_horario` = `tipo_horario`.`id_tipo_horario`
WHERE `franjas_horarias`.`id_instalacion` = 42
AND `tipo_horario`.`fecha_inicio` >= \'202601-01\'
AND `tipo_horario`.`fecha_fin` <= \'202612-31\'')
 3 SYSTEMPATH\Database\BaseConnection.php(607): CodeIgniter\Database\BaseConnection->simpleQuery('SELECT DISTINCT `tipo_horario`.*
FROM `tipo_horario`
INNER JOIN `franjas_horarias` ON `franjas_horarias`.`id_tipo_horario` = `tipo_horario`.`id_tipo_horario`
WHERE `franjas_horarias`.`id_instalacion` = 42
AND `tipo_horario`.`fecha_inicio` >= \'202601-01\'
AND `tipo_horario`.`fecha_fin` <= \'202612-31\'')
 4 SYSTEMPATH\Database\BaseBuilder.php(1616): CodeIgniter\Database\BaseConnection->query('SELECT DISTINCT `tipo_horario`.*
FROM `tipo_horario`
INNER JOIN `franjas_horarias` ON `franjas_horarias`.`id_tipo_horario` = `tipo_horario`.`id_tipo_horario`
WHERE `franjas_horarias`.`id_instalacion` = :franjas_horarias.id_instalacion:
AND `tipo_horario`.`fecha_inicio` >= :tipo_horario.fecha_inicio:
AND `tipo_horario`.`fecha_fin` <= :tipo_horario.fecha_fin:', [...], false)
 5 APPPATH\Models\horariosModel.php(121): CodeIgniter\Database\BaseBuilder->get()
 6 APPPATH\Controllers\Horarios.php(24): App\Models\horariosModel->comprobarHorariosLegend(42)
 7 SYSTEMPATH\CodeIgniter.php(941): App\Controllers\Horarios->horario(42)
 8 SYSTEMPATH\CodeIgniter.php(502): CodeIgniter\CodeIgniter->runController(Object(App\Controllers\Horarios))
 9 SYSTEMPATH\CodeIgniter.php(361): CodeIgniter\CodeIgniter->handleRequest(null, Object(Config\Cache), false)
10 FCPATH\index.php(79): CodeIgniter\CodeIgniter->run()
INFO - 2026-01-07 17:24:48 --> Session: Class initialized using 'CodeIgniter\Session\Handlers\FileHandler' driver.
