INFO - 2026-02-10 10:53:29 --> Session: Class initialized using 'CodeIgniter\Session\Handlers\FileHandler' driver.
INFO - 2026-02-10 10:53:43 --> Session: Class initialized using 'CodeIgniter\Session\Handlers\FileHandler' driver.
INFO - 2026-02-10 10:53:59 --> Session: Class initialized using 'CodeIgniter\Session\Handlers\FileHandler' driver.
INFO - 2026-02-10 11:09:41 --> Session: Class initialized using 'CodeIgniter\Session\Handlers\FileHandler' driver.
INFO - 2026-02-10 11:12:19 --> Session: Class initialized using 'CodeIgniter\Session\Handlers\FileHandler' driver.
INFO - 2026-02-10 11:12:21 --> Session: Class initialized using 'CodeIgniter\Session\Handlers\FileHandler' driver.
INFO - 2026-02-10 11:12:25 --> Session: Class initialized using 'CodeIgniter\Session\Handlers\FileHandler' driver.
INFO - 2026-02-10 11:13:16 --> Session: Class initialized using 'CodeIgniter\Session\Handlers\FileHandler' driver.
INFO - 2026-02-10 11:16:05 --> Session: Class initialized using 'CodeIgniter\Session\Handlers\FileHandler' driver.
INFO - 2026-02-10 11:16:06 --> Session: Class initialized using 'CodeIgniter\Session\Handlers\FileHandler' driver.
INFO - 2026-02-10 11:16:43 --> Session: Class initialized using 'CodeIgniter\Session\Handlers\FileHandler' driver.
INFO - 2026-02-10 11:16:53 --> Session: Class initialized using 'CodeIgniter\Session\Handlers\FileHandler' driver.
INFO - 2026-02-10 11:16:55 --> Session: Class initialized using 'CodeIgniter\Session\Handlers\FileHandler' driver.
INFO - 2026-02-10 11:17:01 --> Session: Class initialized using 'CodeIgniter\Session\Handlers\FileHandler' driver.
INFO - 2026-02-10 11:17:11 --> Session: Class initialized using 'CodeIgniter\Session\Handlers\FileHandler' driver.
INFO - 2026-02-10 11:17:13 --> Session: Class initialized using 'CodeIgniter\Session\Handlers\FileHandler' driver.
INFO - 2026-02-10 11:17:19 --> Session: Class initialized using 'CodeIgniter\Session\Handlers\FileHandler' driver.
INFO - 2026-02-10 11:39:23 --> Session: Class initialized using 'CodeIgniter\Session\Handlers\FileHandler' driver.
INFO - 2026-02-10 11:39:28 --> Session: Class initialized using 'CodeIgniter\Session\Handlers\FileHandler' driver.
INFO - 2026-02-10 11:41:50 --> Session: Class initialized using 'CodeIgniter\Session\Handlers\FileHandler' driver.
INFO - 2026-02-10 11:41:54 --> Session: Class initialized using 'CodeIgniter\Session\Handlers\FileHandler' driver.
INFO - 2026-02-10 11:43:54 --> Session: Class initialized using 'CodeIgniter\Session\Handlers\FileHandler' driver.
CRITICAL - 2026-02-10 11:43:54 --> ErrorException: Undefined variable $modalMisReservas
in APPPATH\Views\plantillas\normal.php on line 215.
 1 APPPATH\Views\plantillas\normal.php(215): CodeIgniter\Debug\Exceptions->errorHandler(2, 'Undefined variable $modalMisReservas', 'C:\\Proyectos\\reservalo2.0\\app\\Views\\plantillas\\normal.php', 215)
 2 SYSTEMPATH\View\View.php(228): include('C:\\Proyectos\\reservalo2.0\\app\\Views\\plantillas\\normal.php')
 3 SYSTEMPATH\View\View.php(231): CodeIgniter\View\View->CodeIgniter\View\{closure}()
 4 SYSTEMPATH\Common.php(1178): CodeIgniter\View\View->render('plantillas/normal', [], true)
 5 APPPATH\Controllers\Reservas.php(347): view('plantillas/normal', [...])
 6 SYSTEMPATH\CodeIgniter.php(941): App\Controllers\Reservas->crudReservas()
 7 SYSTEMPATH\CodeIgniter.php(502): CodeIgniter\CodeIgniter->runController(Object(App\Controllers\Reservas))
 8 SYSTEMPATH\CodeIgniter.php(361): CodeIgniter\CodeIgniter->handleRequest(null, Object(Config\Cache), false)
 9 FCPATH\index.php(79): CodeIgniter\CodeIgniter->run()
INFO - 2026-02-10 11:44:52 --> Session: Class initialized using 'CodeIgniter\Session\Handlers\FileHandler' driver.
INFO - 2026-02-10 11:44:58 --> Session: Class initialized using 'CodeIgniter\Session\Handlers\FileHandler' driver.
INFO - 2026-02-10 11:45:31 --> Session: Class initialized using 'CodeIgniter\Session\Handlers\FileHandler' driver.
INFO - 2026-02-10 11:46:09 --> Session: Class initialized using 'CodeIgniter\Session\Handlers\FileHandler' driver.
INFO - 2026-02-10 11:46:16 --> Session: Class initialized using 'CodeIgniter\Session\Handlers\FileHandler' driver.
INFO - 2026-02-10 11:47:04 --> Session: Class initialized using 'CodeIgniter\Session\Handlers\FileHandler' driver.
INFO - 2026-02-10 12:05:50 --> Session: Class initialized using 'CodeIgniter\Session\Handlers\FileHandler' driver.
INFO - 2026-02-10 12:08:04 --> Session: Class initialized using 'CodeIgniter\Session\Handlers\FileHandler' driver.
INFO - 2026-02-10 12:12:43 --> Session: Class initialized using 'CodeIgniter\Session\Handlers\FileHandler' driver.
INFO - 2026-02-10 12:22:57 --> Session: Class initialized using 'CodeIgniter\Session\Handlers\FileHandler' driver.
INFO - 2026-02-10 12:23:04 --> Session: Class initialized using 'CodeIgniter\Session\Handlers\FileHandler' driver.
INFO - 2026-02-10 13:23:27 --> Session: Class initialized using 'CodeIgniter\Session\Handlers\FileHandler' driver.
INFO - 2026-02-10 12:23:36 --> ✅ Email enviado a: danielruizdeveloper@gmail.com
INFO - 2026-02-10 12:28:22 --> Session: Class initialized using 'CodeIgniter\Session\Handlers\FileHandler' driver.
INFO - 2026-02-10 12:53:10 --> Session: Class initialized using 'CodeIgniter\Session\Handlers\FileHandler' driver.
ERROR - 2026-02-10 12:53:11 --> mysqli_sql_exception: Unknown column 'reservas.fecha' in 'field list' in C:\Proyectos\reservalo2.0\system\Database\MySQLi\Connection.php:306
Stack trace:
#0 C:\Proyectos\reservalo2.0\system\Database\MySQLi\Connection.php(306): mysqli->query('SELECT `pistas`...', 0)
#1 C:\Proyectos\reservalo2.0\system\Database\BaseConnection.php(693): CodeIgniter\Database\MySQLi\Connection->execute('SELECT `pistas`...')
#2 C:\Proyectos\reservalo2.0\system\Database\BaseConnection.php(607): CodeIgniter\Database\BaseConnection->simpleQuery('SELECT `pistas`...')
#3 C:\Proyectos\reservalo2.0\system\Database\BaseBuilder.php(1616): CodeIgniter\Database\BaseConnection->query('SELECT `pistas`...', Array, false)
#4 C:\Proyectos\reservalo2.0\app\Models\reservasModel.php(406): CodeIgniter\Database\BaseBuilder->get()
#5 C:\Proyectos\reservalo2.0\app\Controllers\Reservas.php(351): App\Models\reservasModel->getReservasByFecha('2026-02-10')
#6 C:\Proyectos\reservalo2.0\system\CodeIgniter.php(941): App\Controllers\Reservas->crudReservas()
#7 C:\Proyectos\reservalo2.0\system\CodeIgniter.php(502): CodeIgniter\CodeIgniter->runController(Object(App\Controllers\Reservas))
#8 C:\Proyectos\reservalo2.0\system\CodeIgniter.php(361): CodeIgniter\CodeIgniter->handleRequest(NULL, Object(Config\Cache), false)
#9 C:\Proyectos\reservalo2.0\index.php(79): CodeIgniter\CodeIgniter->run()
#10 {main}
CRITICAL - 2026-02-10 12:53:11 --> CodeIgniter\Database\Exceptions\DatabaseException: Unknown column 'reservas.fecha' in 'field list'
in SYSTEMPATH\Database\BaseConnection.php on line 647.
 1 SYSTEMPATH\Database\BaseBuilder.php(1616): CodeIgniter\Database\BaseConnection->query('SELECT `pistas`.`nombre_pista`, `pistas`.`imagen1`, `pistas`.`capacidad_pista`, `pistas`.`precio_pista`, `usuarios`.`nombre` AS `nombre_usuario`, `usuarios`.`email`, `usuarios`.`telf`, `pedido`.`fecha_pedido`, `pedido`.`num_pedido`, `pedido`.`precio_pedido`, `categorias`.`nombre` AS `categoria`, `instalaciones`.`material`, `instalaciones`.`iluminacion`, `reservas`.`fecha`, `reservas`.`hora_inicio`, `reservas`.`hora_final`
FROM `reservas` `r`
JOIN `pedido` ON `pedido`.`id_pedido` = `r`.`id_pedido`
JOIN `usuarios` ON `usuarios`.`id_usuario` = `pedido`.`id_usuario`
JOIN `pistas` ON `pistas`.`id_pista` = `r`.`id_pista`
JOIN `instalaciones` ON `instalaciones`.`id_instalacion` = `pistas`.`id_instalacion`
JOIN `categorias` ON `categorias`.`id_categoria` = `instalaciones`.`categoria_principal`
WHERE `r`.`fecha` = :r.fecha:', [...], false)
 2 APPPATH\Models\reservasModel.php(406): CodeIgniter\Database\BaseBuilder->get()
 3 APPPATH\Controllers\Reservas.php(351): App\Models\reservasModel->getReservasByFecha('2026-02-10')
 4 SYSTEMPATH\CodeIgniter.php(941): App\Controllers\Reservas->crudReservas()
 5 SYSTEMPATH\CodeIgniter.php(502): CodeIgniter\CodeIgniter->runController(Object(App\Controllers\Reservas))
 6 SYSTEMPATH\CodeIgniter.php(361): CodeIgniter\CodeIgniter->handleRequest(null, Object(Config\Cache), false)
 7 FCPATH\index.php(79): CodeIgniter\CodeIgniter->run()
CRITICAL - 2026-02-10 12:53:11 --> [Caused by] CodeIgniter\Database\Exceptions\DatabaseException: Unknown column 'reservas.fecha' in 'field list'
in SYSTEMPATH\Database\MySQLi\Connection.php on line 311.
 1 SYSTEMPATH\Database\BaseConnection.php(693): CodeIgniter\Database\MySQLi\Connection->execute('SELECT `pistas`.`nombre_pista`, `pistas`.`imagen1`, `pistas`.`capacidad_pista`, `pistas`.`precio_pista`, `usuarios`.`nombre` AS `nombre_usuario`, `usuarios`.`email`, `usuarios`.`telf`, `pedido`.`fecha_pedido`, `pedido`.`num_pedido`, `pedido`.`precio_pedido`, `categorias`.`nombre` AS `categoria`, `instalaciones`.`material`, `instalaciones`.`iluminacion`, `reservas`.`fecha`, `reservas`.`hora_inicio`, `reservas`.`hora_final`
FROM `reservas` `r`
JOIN `pedido` ON `pedido`.`id_pedido` = `r`.`id_pedido`
JOIN `usuarios` ON `usuarios`.`id_usuario` = `pedido`.`id_usuario`
JOIN `pistas` ON `pistas`.`id_pista` = `r`.`id_pista`
JOIN `instalaciones` ON `instalaciones`.`id_instalacion` = `pistas`.`id_instalacion`
JOIN `categorias` ON `categorias`.`id_categoria` = `instalaciones`.`categoria_principal`
WHERE `r`.`fecha` = \'2026-02-10\'')
 2 SYSTEMPATH\Database\BaseConnection.php(607): CodeIgniter\Database\BaseConnection->simpleQuery('SELECT `pistas`.`nombre_pista`, `pistas`.`imagen1`, `pistas`.`capacidad_pista`, `pistas`.`precio_pista`, `usuarios`.`nombre` AS `nombre_usuario`, `usuarios`.`email`, `usuarios`.`telf`, `pedido`.`fecha_pedido`, `pedido`.`num_pedido`, `pedido`.`precio_pedido`, `categorias`.`nombre` AS `categoria`, `instalaciones`.`material`, `instalaciones`.`iluminacion`, `reservas`.`fecha`, `reservas`.`hora_inicio`, `reservas`.`hora_final`
FROM `reservas` `r`
JOIN `pedido` ON `pedido`.`id_pedido` = `r`.`id_pedido`
JOIN `usuarios` ON `usuarios`.`id_usuario` = `pedido`.`id_usuario`
JOIN `pistas` ON `pistas`.`id_pista` = `r`.`id_pista`
JOIN `instalaciones` ON `instalaciones`.`id_instalacion` = `pistas`.`id_instalacion`
JOIN `categorias` ON `categorias`.`id_categoria` = `instalaciones`.`categoria_principal`
WHERE `r`.`fecha` = \'2026-02-10\'')
 3 SYSTEMPATH\Database\BaseBuilder.php(1616): CodeIgniter\Database\BaseConnection->query('SELECT `pistas`.`nombre_pista`, `pistas`.`imagen1`, `pistas`.`capacidad_pista`, `pistas`.`precio_pista`, `usuarios`.`nombre` AS `nombre_usuario`, `usuarios`.`email`, `usuarios`.`telf`, `pedido`.`fecha_pedido`, `pedido`.`num_pedido`, `pedido`.`precio_pedido`, `categorias`.`nombre` AS `categoria`, `instalaciones`.`material`, `instalaciones`.`iluminacion`, `reservas`.`fecha`, `reservas`.`hora_inicio`, `reservas`.`hora_final`
FROM `reservas` `r`
JOIN `pedido` ON `pedido`.`id_pedido` = `r`.`id_pedido`
JOIN `usuarios` ON `usuarios`.`id_usuario` = `pedido`.`id_usuario`
JOIN `pistas` ON `pistas`.`id_pista` = `r`.`id_pista`
JOIN `instalaciones` ON `instalaciones`.`id_instalacion` = `pistas`.`id_instalacion`
JOIN `categorias` ON `categorias`.`id_categoria` = `instalaciones`.`categoria_principal`
WHERE `r`.`fecha` = :r.fecha:', [...], false)
 4 APPPATH\Models\reservasModel.php(406): CodeIgniter\Database\BaseBuilder->get()
 5 APPPATH\Controllers\Reservas.php(351): App\Models\reservasModel->getReservasByFecha('2026-02-10')
 6 SYSTEMPATH\CodeIgniter.php(941): App\Controllers\Reservas->crudReservas()
 7 SYSTEMPATH\CodeIgniter.php(502): CodeIgniter\CodeIgniter->runController(Object(App\Controllers\Reservas))
 8 SYSTEMPATH\CodeIgniter.php(361): CodeIgniter\CodeIgniter->handleRequest(null, Object(Config\Cache), false)
 9 FCPATH\index.php(79): CodeIgniter\CodeIgniter->run()
CRITICAL - 2026-02-10 12:53:11 --> [Caused by] mysqli_sql_exception: Unknown column 'reservas.fecha' in 'field list'
in SYSTEMPATH\Database\MySQLi\Connection.php on line 306.
 1 SYSTEMPATH\Database\MySQLi\Connection.php(306): mysqli->query('SELECT `pistas`.`nombre_pista`, `pistas`.`imagen1`, `pistas`.`capacidad_pista`, `pistas`.`precio_pista`, `usuarios`.`nombre` AS `nombre_usuario`, `usuarios`.`email`, `usuarios`.`telf`, `pedido`.`fecha_pedido`, `pedido`.`num_pedido`, `pedido`.`precio_pedido`, `categorias`.`nombre` AS `categoria`, `instalaciones`.`material`, `instalaciones`.`iluminacion`, `reservas`.`fecha`, `reservas`.`hora_inicio`, `reservas`.`hora_final`
FROM `reservas` `r`
JOIN `pedido` ON `pedido`.`id_pedido` = `r`.`id_pedido`
JOIN `usuarios` ON `usuarios`.`id_usuario` = `pedido`.`id_usuario`
JOIN `pistas` ON `pistas`.`id_pista` = `r`.`id_pista`
JOIN `instalaciones` ON `instalaciones`.`id_instalacion` = `pistas`.`id_instalacion`
JOIN `categorias` ON `categorias`.`id_categoria` = `instalaciones`.`categoria_principal`
WHERE `r`.`fecha` = \'2026-02-10\'', 0)
 2 SYSTEMPATH\Database\BaseConnection.php(693): CodeIgniter\Database\MySQLi\Connection->execute('SELECT `pistas`.`nombre_pista`, `pistas`.`imagen1`, `pistas`.`capacidad_pista`, `pistas`.`precio_pista`, `usuarios`.`nombre` AS `nombre_usuario`, `usuarios`.`email`, `usuarios`.`telf`, `pedido`.`fecha_pedido`, `pedido`.`num_pedido`, `pedido`.`precio_pedido`, `categorias`.`nombre` AS `categoria`, `instalaciones`.`material`, `instalaciones`.`iluminacion`, `reservas`.`fecha`, `reservas`.`hora_inicio`, `reservas`.`hora_final`
FROM `reservas` `r`
JOIN `pedido` ON `pedido`.`id_pedido` = `r`.`id_pedido`
JOIN `usuarios` ON `usuarios`.`id_usuario` = `pedido`.`id_usuario`
JOIN `pistas` ON `pistas`.`id_pista` = `r`.`id_pista`
JOIN `instalaciones` ON `instalaciones`.`id_instalacion` = `pistas`.`id_instalacion`
JOIN `categorias` ON `categorias`.`id_categoria` = `instalaciones`.`categoria_principal`
WHERE `r`.`fecha` = \'2026-02-10\'')
 3 SYSTEMPATH\Database\BaseConnection.php(607): CodeIgniter\Database\BaseConnection->simpleQuery('SELECT `pistas`.`nombre_pista`, `pistas`.`imagen1`, `pistas`.`capacidad_pista`, `pistas`.`precio_pista`, `usuarios`.`nombre` AS `nombre_usuario`, `usuarios`.`email`, `usuarios`.`telf`, `pedido`.`fecha_pedido`, `pedido`.`num_pedido`, `pedido`.`precio_pedido`, `categorias`.`nombre` AS `categoria`, `instalaciones`.`material`, `instalaciones`.`iluminacion`, `reservas`.`fecha`, `reservas`.`hora_inicio`, `reservas`.`hora_final`
FROM `reservas` `r`
JOIN `pedido` ON `pedido`.`id_pedido` = `r`.`id_pedido`
JOIN `usuarios` ON `usuarios`.`id_usuario` = `pedido`.`id_usuario`
JOIN `pistas` ON `pistas`.`id_pista` = `r`.`id_pista`
JOIN `instalaciones` ON `instalaciones`.`id_instalacion` = `pistas`.`id_instalacion`
JOIN `categorias` ON `categorias`.`id_categoria` = `instalaciones`.`categoria_principal`
WHERE `r`.`fecha` = \'2026-02-10\'')
 4 SYSTEMPATH\Database\BaseBuilder.php(1616): CodeIgniter\Database\BaseConnection->query('SELECT `pistas`.`nombre_pista`, `pistas`.`imagen1`, `pistas`.`capacidad_pista`, `pistas`.`precio_pista`, `usuarios`.`nombre` AS `nombre_usuario`, `usuarios`.`email`, `usuarios`.`telf`, `pedido`.`fecha_pedido`, `pedido`.`num_pedido`, `pedido`.`precio_pedido`, `categorias`.`nombre` AS `categoria`, `instalaciones`.`material`, `instalaciones`.`iluminacion`, `reservas`.`fecha`, `reservas`.`hora_inicio`, `reservas`.`hora_final`
FROM `reservas` `r`
JOIN `pedido` ON `pedido`.`id_pedido` = `r`.`id_pedido`
JOIN `usuarios` ON `usuarios`.`id_usuario` = `pedido`.`id_usuario`
JOIN `pistas` ON `pistas`.`id_pista` = `r`.`id_pista`
JOIN `instalaciones` ON `instalaciones`.`id_instalacion` = `pistas`.`id_instalacion`
JOIN `categorias` ON `categorias`.`id_categoria` = `instalaciones`.`categoria_principal`
WHERE `r`.`fecha` = :r.fecha:', [...], false)
 5 APPPATH\Models\reservasModel.php(406): CodeIgniter\Database\BaseBuilder->get()
 6 APPPATH\Controllers\Reservas.php(351): App\Models\reservasModel->getReservasByFecha('2026-02-10')
 7 SYSTEMPATH\CodeIgniter.php(941): App\Controllers\Reservas->crudReservas()
 8 SYSTEMPATH\CodeIgniter.php(502): CodeIgniter\CodeIgniter->runController(Object(App\Controllers\Reservas))
 9 SYSTEMPATH\CodeIgniter.php(361): CodeIgniter\CodeIgniter->handleRequest(null, Object(Config\Cache), false)
10 FCPATH\index.php(79): CodeIgniter\CodeIgniter->run()
INFO - 2026-02-10 12:54:25 --> Session: Class initialized using 'CodeIgniter\Session\Handlers\FileHandler' driver.
INFO - 2026-02-10 12:54:36 --> Session: Class initialized using 'CodeIgniter\Session\Handlers\FileHandler' driver.
ERROR - 2026-02-10 12:54:37 --> mysqli_sql_exception: Unknown column 'reservas.fecha' in 'field list' in C:\Proyectos\reservalo2.0\system\Database\MySQLi\Connection.php:306
Stack trace:
#0 C:\Proyectos\reservalo2.0\system\Database\MySQLi\Connection.php(306): mysqli->query('SELECT `pistas`...', 0)
#1 C:\Proyectos\reservalo2.0\system\Database\BaseConnection.php(693): CodeIgniter\Database\MySQLi\Connection->execute('SELECT `pistas`...')
#2 C:\Proyectos\reservalo2.0\system\Database\BaseConnection.php(607): CodeIgniter\Database\BaseConnection->simpleQuery('SELECT `pistas`...')
#3 C:\Proyectos\reservalo2.0\system\Database\BaseBuilder.php(1616): CodeIgniter\Database\BaseConnection->query('SELECT `pistas`...', Array, false)
#4 C:\Proyectos\reservalo2.0\app\Models\reservasModel.php(406): CodeIgniter\Database\BaseBuilder->get()
#5 C:\Proyectos\reservalo2.0\app\Controllers\Reservas.php(351): App\Models\reservasModel->getReservasByFecha('2026-02-10')
#6 C:\Proyectos\reservalo2.0\system\CodeIgniter.php(941): App\Controllers\Reservas->crudReservas()
#7 C:\Proyectos\reservalo2.0\system\CodeIgniter.php(502): CodeIgniter\CodeIgniter->runController(Object(App\Controllers\Reservas))
#8 C:\Proyectos\reservalo2.0\system\CodeIgniter.php(361): CodeIgniter\CodeIgniter->handleRequest(NULL, Object(Config\Cache), false)
#9 C:\Proyectos\reservalo2.0\index.php(79): CodeIgniter\CodeIgniter->run()
#10 {main}
CRITICAL - 2026-02-10 12:54:37 --> CodeIgniter\Database\Exceptions\DatabaseException: Unknown column 'reservas.fecha' in 'field list'
in SYSTEMPATH\Database\BaseConnection.php on line 647.
 1 SYSTEMPATH\Database\BaseBuilder.php(1616): CodeIgniter\Database\BaseConnection->query('SELECT `pistas`.`nombre_pista`, `pistas`.`imagen1`, `pistas`.`capacidad_pista`, `pistas`.`precio_pista`, `usuarios`.`nombre` AS `nombre_usuario`, `usuarios`.`email`, `usuarios`.`telf`, `pedido`.`fecha_pedido`, `pedido`.`num_pedido`, `pedido`.`precio_pedido`, `categorias`.`nombre` AS `categoria`, `instalaciones`.`material`, `instalaciones`.`iluminacion`, `reservas`.`fecha`, `reservas`.`hora_inicio`, `reservas`.`hora_final`
FROM `reservas` `r`
JOIN `pedido` ON `pedido`.`id_pedido` = `r`.`id_pedido`
JOIN `usuarios` ON `usuarios`.`id_usuario` = `pedido`.`id_usuario`
JOIN `pistas` ON `pistas`.`id_pista` = `r`.`id_pista`
JOIN `instalaciones` ON `instalaciones`.`id_instalacion` = `pistas`.`id_instalacion`
JOIN `categorias` ON `categorias`.`id_categoria` = `instalaciones`.`categoria_principal`
WHERE `reservas`.`fecha` = :reservas.fecha:', [...], false)
 2 APPPATH\Models\reservasModel.php(406): CodeIgniter\Database\BaseBuilder->get()
 3 APPPATH\Controllers\Reservas.php(351): App\Models\reservasModel->getReservasByFecha('2026-02-10')
 4 SYSTEMPATH\CodeIgniter.php(941): App\Controllers\Reservas->crudReservas()
 5 SYSTEMPATH\CodeIgniter.php(502): CodeIgniter\CodeIgniter->runController(Object(App\Controllers\Reservas))
 6 SYSTEMPATH\CodeIgniter.php(361): CodeIgniter\CodeIgniter->handleRequest(null, Object(Config\Cache), false)
 7 FCPATH\index.php(79): CodeIgniter\CodeIgniter->run()
CRITICAL - 2026-02-10 12:54:37 --> [Caused by] CodeIgniter\Database\Exceptions\DatabaseException: Unknown column 'reservas.fecha' in 'field list'
in SYSTEMPATH\Database\MySQLi\Connection.php on line 311.
 1 SYSTEMPATH\Database\BaseConnection.php(693): CodeIgniter\Database\MySQLi\Connection->execute('SELECT `pistas`.`nombre_pista`, `pistas`.`imagen1`, `pistas`.`capacidad_pista`, `pistas`.`precio_pista`, `usuarios`.`nombre` AS `nombre_usuario`, `usuarios`.`email`, `usuarios`.`telf`, `pedido`.`fecha_pedido`, `pedido`.`num_pedido`, `pedido`.`precio_pedido`, `categorias`.`nombre` AS `categoria`, `instalaciones`.`material`, `instalaciones`.`iluminacion`, `reservas`.`fecha`, `reservas`.`hora_inicio`, `reservas`.`hora_final`
FROM `reservas` `r`
JOIN `pedido` ON `pedido`.`id_pedido` = `r`.`id_pedido`
JOIN `usuarios` ON `usuarios`.`id_usuario` = `pedido`.`id_usuario`
JOIN `pistas` ON `pistas`.`id_pista` = `r`.`id_pista`
JOIN `instalaciones` ON `instalaciones`.`id_instalacion` = `pistas`.`id_instalacion`
JOIN `categorias` ON `categorias`.`id_categoria` = `instalaciones`.`categoria_principal`
WHERE `reservas`.`fecha` = \'2026-02-10\'')
 2 SYSTEMPATH\Database\BaseConnection.php(607): CodeIgniter\Database\BaseConnection->simpleQuery('SELECT `pistas`.`nombre_pista`, `pistas`.`imagen1`, `pistas`.`capacidad_pista`, `pistas`.`precio_pista`, `usuarios`.`nombre` AS `nombre_usuario`, `usuarios`.`email`, `usuarios`.`telf`, `pedido`.`fecha_pedido`, `pedido`.`num_pedido`, `pedido`.`precio_pedido`, `categorias`.`nombre` AS `categoria`, `instalaciones`.`material`, `instalaciones`.`iluminacion`, `reservas`.`fecha`, `reservas`.`hora_inicio`, `reservas`.`hora_final`
FROM `reservas` `r`
JOIN `pedido` ON `pedido`.`id_pedido` = `r`.`id_pedido`
JOIN `usuarios` ON `usuarios`.`id_usuario` = `pedido`.`id_usuario`
JOIN `pistas` ON `pistas`.`id_pista` = `r`.`id_pista`
JOIN `instalaciones` ON `instalaciones`.`id_instalacion` = `pistas`.`id_instalacion`
JOIN `categorias` ON `categorias`.`id_categoria` = `instalaciones`.`categoria_principal`
WHERE `reservas`.`fecha` = \'2026-02-10\'')
 3 SYSTEMPATH\Database\BaseBuilder.php(1616): CodeIgniter\Database\BaseConnection->query('SELECT `pistas`.`nombre_pista`, `pistas`.`imagen1`, `pistas`.`capacidad_pista`, `pistas`.`precio_pista`, `usuarios`.`nombre` AS `nombre_usuario`, `usuarios`.`email`, `usuarios`.`telf`, `pedido`.`fecha_pedido`, `pedido`.`num_pedido`, `pedido`.`precio_pedido`, `categorias`.`nombre` AS `categoria`, `instalaciones`.`material`, `instalaciones`.`iluminacion`, `reservas`.`fecha`, `reservas`.`hora_inicio`, `reservas`.`hora_final`
FROM `reservas` `r`
JOIN `pedido` ON `pedido`.`id_pedido` = `r`.`id_pedido`
JOIN `usuarios` ON `usuarios`.`id_usuario` = `pedido`.`id_usuario`
JOIN `pistas` ON `pistas`.`id_pista` = `r`.`id_pista`
JOIN `instalaciones` ON `instalaciones`.`id_instalacion` = `pistas`.`id_instalacion`
JOIN `categorias` ON `categorias`.`id_categoria` = `instalaciones`.`categoria_principal`
WHERE `reservas`.`fecha` = :reservas.fecha:', [...], false)
 4 APPPATH\Models\reservasModel.php(406): CodeIgniter\Database\BaseBuilder->get()
 5 APPPATH\Controllers\Reservas.php(351): App\Models\reservasModel->getReservasByFecha('2026-02-10')
 6 SYSTEMPATH\CodeIgniter.php(941): App\Controllers\Reservas->crudReservas()
 7 SYSTEMPATH\CodeIgniter.php(502): CodeIgniter\CodeIgniter->runController(Object(App\Controllers\Reservas))
 8 SYSTEMPATH\CodeIgniter.php(361): CodeIgniter\CodeIgniter->handleRequest(null, Object(Config\Cache), false)
 9 FCPATH\index.php(79): CodeIgniter\CodeIgniter->run()
CRITICAL - 2026-02-10 12:54:37 --> [Caused by] mysqli_sql_exception: Unknown column 'reservas.fecha' in 'field list'
in SYSTEMPATH\Database\MySQLi\Connection.php on line 306.
 1 SYSTEMPATH\Database\MySQLi\Connection.php(306): mysqli->query('SELECT `pistas`.`nombre_pista`, `pistas`.`imagen1`, `pistas`.`capacidad_pista`, `pistas`.`precio_pista`, `usuarios`.`nombre` AS `nombre_usuario`, `usuarios`.`email`, `usuarios`.`telf`, `pedido`.`fecha_pedido`, `pedido`.`num_pedido`, `pedido`.`precio_pedido`, `categorias`.`nombre` AS `categoria`, `instalaciones`.`material`, `instalaciones`.`iluminacion`, `reservas`.`fecha`, `reservas`.`hora_inicio`, `reservas`.`hora_final`
FROM `reservas` `r`
JOIN `pedido` ON `pedido`.`id_pedido` = `r`.`id_pedido`
JOIN `usuarios` ON `usuarios`.`id_usuario` = `pedido`.`id_usuario`
JOIN `pistas` ON `pistas`.`id_pista` = `r`.`id_pista`
JOIN `instalaciones` ON `instalaciones`.`id_instalacion` = `pistas`.`id_instalacion`
JOIN `categorias` ON `categorias`.`id_categoria` = `instalaciones`.`categoria_principal`
WHERE `reservas`.`fecha` = \'2026-02-10\'', 0)
 2 SYSTEMPATH\Database\BaseConnection.php(693): CodeIgniter\Database\MySQLi\Connection->execute('SELECT `pistas`.`nombre_pista`, `pistas`.`imagen1`, `pistas`.`capacidad_pista`, `pistas`.`precio_pista`, `usuarios`.`nombre` AS `nombre_usuario`, `usuarios`.`email`, `usuarios`.`telf`, `pedido`.`fecha_pedido`, `pedido`.`num_pedido`, `pedido`.`precio_pedido`, `categorias`.`nombre` AS `categoria`, `instalaciones`.`material`, `instalaciones`.`iluminacion`, `reservas`.`fecha`, `reservas`.`hora_inicio`, `reservas`.`hora_final`
FROM `reservas` `r`
JOIN `pedido` ON `pedido`.`id_pedido` = `r`.`id_pedido`
JOIN `usuarios` ON `usuarios`.`id_usuario` = `pedido`.`id_usuario`
JOIN `pistas` ON `pistas`.`id_pista` = `r`.`id_pista`
JOIN `instalaciones` ON `instalaciones`.`id_instalacion` = `pistas`.`id_instalacion`
JOIN `categorias` ON `categorias`.`id_categoria` = `instalaciones`.`categoria_principal`
WHERE `reservas`.`fecha` = \'2026-02-10\'')
 3 SYSTEMPATH\Database\BaseConnection.php(607): CodeIgniter\Database\BaseConnection->simpleQuery('SELECT `pistas`.`nombre_pista`, `pistas`.`imagen1`, `pistas`.`capacidad_pista`, `pistas`.`precio_pista`, `usuarios`.`nombre` AS `nombre_usuario`, `usuarios`.`email`, `usuarios`.`telf`, `pedido`.`fecha_pedido`, `pedido`.`num_pedido`, `pedido`.`precio_pedido`, `categorias`.`nombre` AS `categoria`, `instalaciones`.`material`, `instalaciones`.`iluminacion`, `reservas`.`fecha`, `reservas`.`hora_inicio`, `reservas`.`hora_final`
FROM `reservas` `r`
JOIN `pedido` ON `pedido`.`id_pedido` = `r`.`id_pedido`
JOIN `usuarios` ON `usuarios`.`id_usuario` = `pedido`.`id_usuario`
JOIN `pistas` ON `pistas`.`id_pista` = `r`.`id_pista`
JOIN `instalaciones` ON `instalaciones`.`id_instalacion` = `pistas`.`id_instalacion`
JOIN `categorias` ON `categorias`.`id_categoria` = `instalaciones`.`categoria_principal`
WHERE `reservas`.`fecha` = \'2026-02-10\'')
 4 SYSTEMPATH\Database\BaseBuilder.php(1616): CodeIgniter\Database\BaseConnection->query('SELECT `pistas`.`nombre_pista`, `pistas`.`imagen1`, `pistas`.`capacidad_pista`, `pistas`.`precio_pista`, `usuarios`.`nombre` AS `nombre_usuario`, `usuarios`.`email`, `usuarios`.`telf`, `pedido`.`fecha_pedido`, `pedido`.`num_pedido`, `pedido`.`precio_pedido`, `categorias`.`nombre` AS `categoria`, `instalaciones`.`material`, `instalaciones`.`iluminacion`, `reservas`.`fecha`, `reservas`.`hora_inicio`, `reservas`.`hora_final`
FROM `reservas` `r`
JOIN `pedido` ON `pedido`.`id_pedido` = `r`.`id_pedido`
JOIN `usuarios` ON `usuarios`.`id_usuario` = `pedido`.`id_usuario`
JOIN `pistas` ON `pistas`.`id_pista` = `r`.`id_pista`
JOIN `instalaciones` ON `instalaciones`.`id_instalacion` = `pistas`.`id_instalacion`
JOIN `categorias` ON `categorias`.`id_categoria` = `instalaciones`.`categoria_principal`
WHERE `reservas`.`fecha` = :reservas.fecha:', [...], false)
 5 APPPATH\Models\reservasModel.php(406): CodeIgniter\Database\BaseBuilder->get()
 6 APPPATH\Controllers\Reservas.php(351): App\Models\reservasModel->getReservasByFecha('2026-02-10')
 7 SYSTEMPATH\CodeIgniter.php(941): App\Controllers\Reservas->crudReservas()
 8 SYSTEMPATH\CodeIgniter.php(502): CodeIgniter\CodeIgniter->runController(Object(App\Controllers\Reservas))
 9 SYSTEMPATH\CodeIgniter.php(361): CodeIgniter\CodeIgniter->handleRequest(null, Object(Config\Cache), false)
10 FCPATH\index.php(79): CodeIgniter\CodeIgniter->run()
INFO - 2026-02-10 12:54:59 --> Session: Class initialized using 'CodeIgniter\Session\Handlers\FileHandler' driver.
ERROR - 2026-02-10 12:54:59 --> mysqli_sql_exception: Unknown column 'reservas.fecha' in 'field list' in C:\Proyectos\reservalo2.0\system\Database\MySQLi\Connection.php:306
Stack trace:
#0 C:\Proyectos\reservalo2.0\system\Database\MySQLi\Connection.php(306): mysqli->query('SELECT `pistas`...', 0)
#1 C:\Proyectos\reservalo2.0\system\Database\BaseConnection.php(693): CodeIgniter\Database\MySQLi\Connection->execute('SELECT `pistas`...')
#2 C:\Proyectos\reservalo2.0\system\Database\BaseConnection.php(607): CodeIgniter\Database\BaseConnection->simpleQuery('SELECT `pistas`...')
#3 C:\Proyectos\reservalo2.0\system\Database\BaseBuilder.php(1616): CodeIgniter\Database\BaseConnection->query('SELECT `pistas`...', Array, false)
#4 C:\Proyectos\reservalo2.0\app\Models\reservasModel.php(406): CodeIgniter\Database\BaseBuilder->get()
#5 C:\Proyectos\reservalo2.0\app\Controllers\Reservas.php(351): App\Models\reservasModel->getReservasByFecha('2026-02-10')
#6 C:\Proyectos\reservalo2.0\system\CodeIgniter.php(941): App\Controllers\Reservas->crudReservas()
#7 C:\Proyectos\reservalo2.0\system\CodeIgniter.php(502): CodeIgniter\CodeIgniter->runController(Object(App\Controllers\Reservas))
#8 C:\Proyectos\reservalo2.0\system\CodeIgniter.php(361): CodeIgniter\CodeIgniter->handleRequest(NULL, Object(Config\Cache), false)
#9 C:\Proyectos\reservalo2.0\index.php(79): CodeIgniter\CodeIgniter->run()
#10 {main}
CRITICAL - 2026-02-10 12:54:59 --> CodeIgniter\Database\Exceptions\DatabaseException: Unknown column 'reservas.fecha' in 'field list'
in SYSTEMPATH\Database\BaseConnection.php on line 647.
 1 SYSTEMPATH\Database\BaseBuilder.php(1616): CodeIgniter\Database\BaseConnection->query('SELECT `pistas`.`nombre_pista`, `pistas`.`imagen1`, `pistas`.`capacidad_pista`, `pistas`.`precio_pista`, `usuarios`.`nombre` AS `nombre_usuario`, `usuarios`.`email`, `usuarios`.`telf`, `pedido`.`fecha_pedido`, `pedido`.`num_pedido`, `pedido`.`precio_pedido`, `categorias`.`nombre` AS `categoria`, `instalaciones`.`material`, `instalaciones`.`iluminacion`, `reservas`.`fecha`, `reservas`.`hora_inicio`, `reservas`.`hora_final`
FROM `reservas` `r`
JOIN `pedido` ON `pedido`.`id_pedido` = `r`.`id_pedido`
JOIN `usuarios` ON `usuarios`.`id_usuario` = `pedido`.`id_usuario`
JOIN `pistas` ON `pistas`.`id_pista` = `r`.`id_pista`
JOIN `instalaciones` ON `instalaciones`.`id_instalacion` = `pistas`.`id_instalacion`
JOIN `categorias` ON `categorias`.`id_categoria` = `instalaciones`.`categoria_principal`
WHERE `reservas`.`fecha` = :reservas.fecha:', [...], false)
 2 APPPATH\Models\reservasModel.php(406): CodeIgniter\Database\BaseBuilder->get()
 3 APPPATH\Controllers\Reservas.php(351): App\Models\reservasModel->getReservasByFecha('2026-02-10')
 4 SYSTEMPATH\CodeIgniter.php(941): App\Controllers\Reservas->crudReservas()
 5 SYSTEMPATH\CodeIgniter.php(502): CodeIgniter\CodeIgniter->runController(Object(App\Controllers\Reservas))
 6 SYSTEMPATH\CodeIgniter.php(361): CodeIgniter\CodeIgniter->handleRequest(null, Object(Config\Cache), false)
 7 FCPATH\index.php(79): CodeIgniter\CodeIgniter->run()
CRITICAL - 2026-02-10 12:54:59 --> [Caused by] CodeIgniter\Database\Exceptions\DatabaseException: Unknown column 'reservas.fecha' in 'field list'
in SYSTEMPATH\Database\MySQLi\Connection.php on line 311.
 1 SYSTEMPATH\Database\BaseConnection.php(693): CodeIgniter\Database\MySQLi\Connection->execute('SELECT `pistas`.`nombre_pista`, `pistas`.`imagen1`, `pistas`.`capacidad_pista`, `pistas`.`precio_pista`, `usuarios`.`nombre` AS `nombre_usuario`, `usuarios`.`email`, `usuarios`.`telf`, `pedido`.`fecha_pedido`, `pedido`.`num_pedido`, `pedido`.`precio_pedido`, `categorias`.`nombre` AS `categoria`, `instalaciones`.`material`, `instalaciones`.`iluminacion`, `reservas`.`fecha`, `reservas`.`hora_inicio`, `reservas`.`hora_final`
FROM `reservas` `r`
JOIN `pedido` ON `pedido`.`id_pedido` = `r`.`id_pedido`
JOIN `usuarios` ON `usuarios`.`id_usuario` = `pedido`.`id_usuario`
JOIN `pistas` ON `pistas`.`id_pista` = `r`.`id_pista`
JOIN `instalaciones` ON `instalaciones`.`id_instalacion` = `pistas`.`id_instalacion`
JOIN `categorias` ON `categorias`.`id_categoria` = `instalaciones`.`categoria_principal`
WHERE `reservas`.`fecha` = \'2026-02-10\'')
 2 SYSTEMPATH\Database\BaseConnection.php(607): CodeIgniter\Database\BaseConnection->simpleQuery('SELECT `pistas`.`nombre_pista`, `pistas`.`imagen1`, `pistas`.`capacidad_pista`, `pistas`.`precio_pista`, `usuarios`.`nombre` AS `nombre_usuario`, `usuarios`.`email`, `usuarios`.`telf`, `pedido`.`fecha_pedido`, `pedido`.`num_pedido`, `pedido`.`precio_pedido`, `categorias`.`nombre` AS `categoria`, `instalaciones`.`material`, `instalaciones`.`iluminacion`, `reservas`.`fecha`, `reservas`.`hora_inicio`, `reservas`.`hora_final`
FROM `reservas` `r`
JOIN `pedido` ON `pedido`.`id_pedido` = `r`.`id_pedido`
JOIN `usuarios` ON `usuarios`.`id_usuario` = `pedido`.`id_usuario`
JOIN `pistas` ON `pistas`.`id_pista` = `r`.`id_pista`
JOIN `instalaciones` ON `instalaciones`.`id_instalacion` = `pistas`.`id_instalacion`
JOIN `categorias` ON `categorias`.`id_categoria` = `instalaciones`.`categoria_principal`
WHERE `reservas`.`fecha` = \'2026-02-10\'')
 3 SYSTEMPATH\Database\BaseBuilder.php(1616): CodeIgniter\Database\BaseConnection->query('SELECT `pistas`.`nombre_pista`, `pistas`.`imagen1`, `pistas`.`capacidad_pista`, `pistas`.`precio_pista`, `usuarios`.`nombre` AS `nombre_usuario`, `usuarios`.`email`, `usuarios`.`telf`, `pedido`.`fecha_pedido`, `pedido`.`num_pedido`, `pedido`.`precio_pedido`, `categorias`.`nombre` AS `categoria`, `instalaciones`.`material`, `instalaciones`.`iluminacion`, `reservas`.`fecha`, `reservas`.`hora_inicio`, `reservas`.`hora_final`
FROM `reservas` `r`
JOIN `pedido` ON `pedido`.`id_pedido` = `r`.`id_pedido`
JOIN `usuarios` ON `usuarios`.`id_usuario` = `pedido`.`id_usuario`
JOIN `pistas` ON `pistas`.`id_pista` = `r`.`id_pista`
JOIN `instalaciones` ON `instalaciones`.`id_instalacion` = `pistas`.`id_instalacion`
JOIN `categorias` ON `categorias`.`id_categoria` = `instalaciones`.`categoria_principal`
WHERE `reservas`.`fecha` = :reservas.fecha:', [...], false)
 4 APPPATH\Models\reservasModel.php(406): CodeIgniter\Database\BaseBuilder->get()
 5 APPPATH\Controllers\Reservas.php(351): App\Models\reservasModel->getReservasByFecha('2026-02-10')
 6 SYSTEMPATH\CodeIgniter.php(941): App\Controllers\Reservas->crudReservas()
 7 SYSTEMPATH\CodeIgniter.php(502): CodeIgniter\CodeIgniter->runController(Object(App\Controllers\Reservas))
 8 SYSTEMPATH\CodeIgniter.php(361): CodeIgniter\CodeIgniter->handleRequest(null, Object(Config\Cache), false)
 9 FCPATH\index.php(79): CodeIgniter\CodeIgniter->run()
CRITICAL - 2026-02-10 12:54:59 --> [Caused by] mysqli_sql_exception: Unknown column 'reservas.fecha' in 'field list'
in SYSTEMPATH\Database\MySQLi\Connection.php on line 306.
 1 SYSTEMPATH\Database\MySQLi\Connection.php(306): mysqli->query('SELECT `pistas`.`nombre_pista`, `pistas`.`imagen1`, `pistas`.`capacidad_pista`, `pistas`.`precio_pista`, `usuarios`.`nombre` AS `nombre_usuario`, `usuarios`.`email`, `usuarios`.`telf`, `pedido`.`fecha_pedido`, `pedido`.`num_pedido`, `pedido`.`precio_pedido`, `categorias`.`nombre` AS `categoria`, `instalaciones`.`material`, `instalaciones`.`iluminacion`, `reservas`.`fecha`, `reservas`.`hora_inicio`, `reservas`.`hora_final`
FROM `reservas` `r`
JOIN `pedido` ON `pedido`.`id_pedido` = `r`.`id_pedido`
JOIN `usuarios` ON `usuarios`.`id_usuario` = `pedido`.`id_usuario`
JOIN `pistas` ON `pistas`.`id_pista` = `r`.`id_pista`
JOIN `instalaciones` ON `instalaciones`.`id_instalacion` = `pistas`.`id_instalacion`
JOIN `categorias` ON `categorias`.`id_categoria` = `instalaciones`.`categoria_principal`
WHERE `reservas`.`fecha` = \'2026-02-10\'', 0)
 2 SYSTEMPATH\Database\BaseConnection.php(693): CodeIgniter\Database\MySQLi\Connection->execute('SELECT `pistas`.`nombre_pista`, `pistas`.`imagen1`, `pistas`.`capacidad_pista`, `pistas`.`precio_pista`, `usuarios`.`nombre` AS `nombre_usuario`, `usuarios`.`email`, `usuarios`.`telf`, `pedido`.`fecha_pedido`, `pedido`.`num_pedido`, `pedido`.`precio_pedido`, `categorias`.`nombre` AS `categoria`, `instalaciones`.`material`, `instalaciones`.`iluminacion`, `reservas`.`fecha`, `reservas`.`hora_inicio`, `reservas`.`hora_final`
FROM `reservas` `r`
JOIN `pedido` ON `pedido`.`id_pedido` = `r`.`id_pedido`
JOIN `usuarios` ON `usuarios`.`id_usuario` = `pedido`.`id_usuario`
JOIN `pistas` ON `pistas`.`id_pista` = `r`.`id_pista`
JOIN `instalaciones` ON `instalaciones`.`id_instalacion` = `pistas`.`id_instalacion`
JOIN `categorias` ON `categorias`.`id_categoria` = `instalaciones`.`categoria_principal`
WHERE `reservas`.`fecha` = \'2026-02-10\'')
 3 SYSTEMPATH\Database\BaseConnection.php(607): CodeIgniter\Database\BaseConnection->simpleQuery('SELECT `pistas`.`nombre_pista`, `pistas`.`imagen1`, `pistas`.`capacidad_pista`, `pistas`.`precio_pista`, `usuarios`.`nombre` AS `nombre_usuario`, `usuarios`.`email`, `usuarios`.`telf`, `pedido`.`fecha_pedido`, `pedido`.`num_pedido`, `pedido`.`precio_pedido`, `categorias`.`nombre` AS `categoria`, `instalaciones`.`material`, `instalaciones`.`iluminacion`, `reservas`.`fecha`, `reservas`.`hora_inicio`, `reservas`.`hora_final`
FROM `reservas` `r`
JOIN `pedido` ON `pedido`.`id_pedido` = `r`.`id_pedido`
JOIN `usuarios` ON `usuarios`.`id_usuario` = `pedido`.`id_usuario`
JOIN `pistas` ON `pistas`.`id_pista` = `r`.`id_pista`
JOIN `instalaciones` ON `instalaciones`.`id_instalacion` = `pistas`.`id_instalacion`
JOIN `categorias` ON `categorias`.`id_categoria` = `instalaciones`.`categoria_principal`
WHERE `reservas`.`fecha` = \'2026-02-10\'')
 4 SYSTEMPATH\Database\BaseBuilder.php(1616): CodeIgniter\Database\BaseConnection->query('SELECT `pistas`.`nombre_pista`, `pistas`.`imagen1`, `pistas`.`capacidad_pista`, `pistas`.`precio_pista`, `usuarios`.`nombre` AS `nombre_usuario`, `usuarios`.`email`, `usuarios`.`telf`, `pedido`.`fecha_pedido`, `pedido`.`num_pedido`, `pedido`.`precio_pedido`, `categorias`.`nombre` AS `categoria`, `instalaciones`.`material`, `instalaciones`.`iluminacion`, `reservas`.`fecha`, `reservas`.`hora_inicio`, `reservas`.`hora_final`
FROM `reservas` `r`
JOIN `pedido` ON `pedido`.`id_pedido` = `r`.`id_pedido`
JOIN `usuarios` ON `usuarios`.`id_usuario` = `pedido`.`id_usuario`
JOIN `pistas` ON `pistas`.`id_pista` = `r`.`id_pista`
JOIN `instalaciones` ON `instalaciones`.`id_instalacion` = `pistas`.`id_instalacion`
JOIN `categorias` ON `categorias`.`id_categoria` = `instalaciones`.`categoria_principal`
WHERE `reservas`.`fecha` = :reservas.fecha:', [...], false)
 5 APPPATH\Models\reservasModel.php(406): CodeIgniter\Database\BaseBuilder->get()
 6 APPPATH\Controllers\Reservas.php(351): App\Models\reservasModel->getReservasByFecha('2026-02-10')
 7 SYSTEMPATH\CodeIgniter.php(941): App\Controllers\Reservas->crudReservas()
 8 SYSTEMPATH\CodeIgniter.php(502): CodeIgniter\CodeIgniter->runController(Object(App\Controllers\Reservas))
 9 SYSTEMPATH\CodeIgniter.php(361): CodeIgniter\CodeIgniter->handleRequest(null, Object(Config\Cache), false)
10 FCPATH\index.php(79): CodeIgniter\CodeIgniter->run()
INFO - 2026-02-10 12:55:44 --> Session: Class initialized using 'CodeIgniter\Session\Handlers\FileHandler' driver.
ERROR - 2026-02-10 12:57:20 --> mysqli_sql_exception: Unknown column 'reservas.fecha' in 'field list' in C:\Proyectos\reservalo2.0\system\Database\MySQLi\Connection.php:306
Stack trace:
#0 C:\Proyectos\reservalo2.0\system\Database\MySQLi\Connection.php(306): mysqli->query('SELECT `pistas`...', 0)
#1 C:\Proyectos\reservalo2.0\system\Database\BaseConnection.php(693): CodeIgniter\Database\MySQLi\Connection->execute('SELECT `pistas`...')
#2 C:\Proyectos\reservalo2.0\system\Database\BaseConnection.php(607): CodeIgniter\Database\BaseConnection->simpleQuery('SELECT `pistas`...')
#3 C:\Proyectos\reservalo2.0\system\Database\BaseBuilder.php(1616): CodeIgniter\Database\BaseConnection->query('SELECT `pistas`...', Array, false)
#4 C:\Proyectos\reservalo2.0\app\Models\reservasModel.php(406): CodeIgniter\Database\BaseBuilder->get()
#5 C:\Proyectos\reservalo2.0\app\Controllers\Reservas.php(351): App\Models\reservasModel->getReservasByFecha('2026-02-10')
#6 C:\Proyectos\reservalo2.0\system\CodeIgniter.php(941): App\Controllers\Reservas->crudReservas()
#7 C:\Proyectos\reservalo2.0\system\CodeIgniter.php(502): CodeIgniter\CodeIgniter->runController(Object(App\Controllers\Reservas))
#8 C:\Proyectos\reservalo2.0\system\CodeIgniter.php(361): CodeIgniter\CodeIgniter->handleRequest(NULL, Object(Config\Cache), false)
#9 C:\Proyectos\reservalo2.0\index.php(79): CodeIgniter\CodeIgniter->run()
#10 {main}
CRITICAL - 2026-02-10 12:57:24 --> CodeIgniter\Database\Exceptions\DatabaseException: Unknown column 'reservas.fecha' in 'field list'
in SYSTEMPATH\Database\BaseConnection.php on line 647.
 1 SYSTEMPATH\Database\BaseBuilder.php(1616): CodeIgniter\Database\BaseConnection->query('SELECT `pistas`.`nombre_pista`, `pistas`.`imagen1`, `pistas`.`capacidad_pista`, `pistas`.`precio_pista`, `usuarios`.`nombre` AS `nombre_usuario`, `usuarios`.`email`, `usuarios`.`telf`, `pedido`.`fecha_pedido`, `pedido`.`num_pedido`, `pedido`.`precio_pedido`, `categorias`.`nombre` AS `categoria`, `instalaciones`.`material`, `instalaciones`.`iluminacion`, `reservas`.`fecha`, `reservas`.`hora_inicio`, `reservas`.`hora_final`
FROM `reservas` `r`
JOIN `pedido` ON `pedido`.`id_pedido` = `r`.`id_pedido`
JOIN `usuarios` ON `usuarios`.`id_usuario` = `pedido`.`id_usuario`
JOIN `pistas` ON `pistas`.`id_pista` = `r`.`id_pista`
JOIN `instalaciones` ON `instalaciones`.`id_instalacion` = `pistas`.`id_instalacion`
JOIN `categorias` ON `categorias`.`id_categoria` = `instalaciones`.`categoria_principal`
WHERE `reservas`.`fecha` = :reservas.fecha:', [...], false)
 2 APPPATH\Models\reservasModel.php(406): CodeIgniter\Database\BaseBuilder->get()
 3 APPPATH\Controllers\Reservas.php(351): App\Models\reservasModel->getReservasByFecha('2026-02-10')
 4 SYSTEMPATH\CodeIgniter.php(941): App\Controllers\Reservas->crudReservas()
 5 SYSTEMPATH\CodeIgniter.php(502): CodeIgniter\CodeIgniter->runController(Object(App\Controllers\Reservas))
 6 SYSTEMPATH\CodeIgniter.php(361): CodeIgniter\CodeIgniter->handleRequest(null, Object(Config\Cache), false)
 7 FCPATH\index.php(79): CodeIgniter\CodeIgniter->run()
CRITICAL - 2026-02-10 12:57:24 --> [Caused by] CodeIgniter\Database\Exceptions\DatabaseException: Unknown column 'reservas.fecha' in 'field list'
in SYSTEMPATH\Database\MySQLi\Connection.php on line 311.
 1 SYSTEMPATH\Database\BaseConnection.php(693): CodeIgniter\Database\MySQLi\Connection->execute('SELECT `pistas`.`nombre_pista`, `pistas`.`imagen1`, `pistas`.`capacidad_pista`, `pistas`.`precio_pista`, `usuarios`.`nombre` AS `nombre_usuario`, `usuarios`.`email`, `usuarios`.`telf`, `pedido`.`fecha_pedido`, `pedido`.`num_pedido`, `pedido`.`precio_pedido`, `categorias`.`nombre` AS `categoria`, `instalaciones`.`material`, `instalaciones`.`iluminacion`, `reservas`.`fecha`, `reservas`.`hora_inicio`, `reservas`.`hora_final`
FROM `reservas` `r`
JOIN `pedido` ON `pedido`.`id_pedido` = `r`.`id_pedido`
JOIN `usuarios` ON `usuarios`.`id_usuario` = `pedido`.`id_usuario`
JOIN `pistas` ON `pistas`.`id_pista` = `r`.`id_pista`
JOIN `instalaciones` ON `instalaciones`.`id_instalacion` = `pistas`.`id_instalacion`
JOIN `categorias` ON `categorias`.`id_categoria` = `instalaciones`.`categoria_principal`
WHERE `reservas`.`fecha` = \'2026-02-10\'')
 2 SYSTEMPATH\Database\BaseConnection.php(607): CodeIgniter\Database\BaseConnection->simpleQuery('SELECT `pistas`.`nombre_pista`, `pistas`.`imagen1`, `pistas`.`capacidad_pista`, `pistas`.`precio_pista`, `usuarios`.`nombre` AS `nombre_usuario`, `usuarios`.`email`, `usuarios`.`telf`, `pedido`.`fecha_pedido`, `pedido`.`num_pedido`, `pedido`.`precio_pedido`, `categorias`.`nombre` AS `categoria`, `instalaciones`.`material`, `instalaciones`.`iluminacion`, `reservas`.`fecha`, `reservas`.`hora_inicio`, `reservas`.`hora_final`
FROM `reservas` `r`
JOIN `pedido` ON `pedido`.`id_pedido` = `r`.`id_pedido`
JOIN `usuarios` ON `usuarios`.`id_usuario` = `pedido`.`id_usuario`
JOIN `pistas` ON `pistas`.`id_pista` = `r`.`id_pista`
JOIN `instalaciones` ON `instalaciones`.`id_instalacion` = `pistas`.`id_instalacion`
JOIN `categorias` ON `categorias`.`id_categoria` = `instalaciones`.`categoria_principal`
WHERE `reservas`.`fecha` = \'2026-02-10\'')
 3 SYSTEMPATH\Database\BaseBuilder.php(1616): CodeIgniter\Database\BaseConnection->query('SELECT `pistas`.`nombre_pista`, `pistas`.`imagen1`, `pistas`.`capacidad_pista`, `pistas`.`precio_pista`, `usuarios`.`nombre` AS `nombre_usuario`, `usuarios`.`email`, `usuarios`.`telf`, `pedido`.`fecha_pedido`, `pedido`.`num_pedido`, `pedido`.`precio_pedido`, `categorias`.`nombre` AS `categoria`, `instalaciones`.`material`, `instalaciones`.`iluminacion`, `reservas`.`fecha`, `reservas`.`hora_inicio`, `reservas`.`hora_final`
FROM `reservas` `r`
JOIN `pedido` ON `pedido`.`id_pedido` = `r`.`id_pedido`
JOIN `usuarios` ON `usuarios`.`id_usuario` = `pedido`.`id_usuario`
JOIN `pistas` ON `pistas`.`id_pista` = `r`.`id_pista`
JOIN `instalaciones` ON `instalaciones`.`id_instalacion` = `pistas`.`id_instalacion`
JOIN `categorias` ON `categorias`.`id_categoria` = `instalaciones`.`categoria_principal`
WHERE `reservas`.`fecha` = :reservas.fecha:', [...], false)
 4 APPPATH\Models\reservasModel.php(406): CodeIgniter\Database\BaseBuilder->get()
 5 APPPATH\Controllers\Reservas.php(351): App\Models\reservasModel->getReservasByFecha('2026-02-10')
 6 SYSTEMPATH\CodeIgniter.php(941): App\Controllers\Reservas->crudReservas()
 7 SYSTEMPATH\CodeIgniter.php(502): CodeIgniter\CodeIgniter->runController(Object(App\Controllers\Reservas))
 8 SYSTEMPATH\CodeIgniter.php(361): CodeIgniter\CodeIgniter->handleRequest(null, Object(Config\Cache), false)
 9 FCPATH\index.php(79): CodeIgniter\CodeIgniter->run()
CRITICAL - 2026-02-10 12:57:24 --> [Caused by] mysqli_sql_exception: Unknown column 'reservas.fecha' in 'field list'
in SYSTEMPATH\Database\MySQLi\Connection.php on line 306.
 1 SYSTEMPATH\Database\MySQLi\Connection.php(306): mysqli->query('SELECT `pistas`.`nombre_pista`, `pistas`.`imagen1`, `pistas`.`capacidad_pista`, `pistas`.`precio_pista`, `usuarios`.`nombre` AS `nombre_usuario`, `usuarios`.`email`, `usuarios`.`telf`, `pedido`.`fecha_pedido`, `pedido`.`num_pedido`, `pedido`.`precio_pedido`, `categorias`.`nombre` AS `categoria`, `instalaciones`.`material`, `instalaciones`.`iluminacion`, `reservas`.`fecha`, `reservas`.`hora_inicio`, `reservas`.`hora_final`
FROM `reservas` `r`
JOIN `pedido` ON `pedido`.`id_pedido` = `r`.`id_pedido`
JOIN `usuarios` ON `usuarios`.`id_usuario` = `pedido`.`id_usuario`
JOIN `pistas` ON `pistas`.`id_pista` = `r`.`id_pista`
JOIN `instalaciones` ON `instalaciones`.`id_instalacion` = `pistas`.`id_instalacion`
JOIN `categorias` ON `categorias`.`id_categoria` = `instalaciones`.`categoria_principal`
WHERE `reservas`.`fecha` = \'2026-02-10\'', 0)
 2 SYSTEMPATH\Database\BaseConnection.php(693): CodeIgniter\Database\MySQLi\Connection->execute('SELECT `pistas`.`nombre_pista`, `pistas`.`imagen1`, `pistas`.`capacidad_pista`, `pistas`.`precio_pista`, `usuarios`.`nombre` AS `nombre_usuario`, `usuarios`.`email`, `usuarios`.`telf`, `pedido`.`fecha_pedido`, `pedido`.`num_pedido`, `pedido`.`precio_pedido`, `categorias`.`nombre` AS `categoria`, `instalaciones`.`material`, `instalaciones`.`iluminacion`, `reservas`.`fecha`, `reservas`.`hora_inicio`, `reservas`.`hora_final`
FROM `reservas` `r`
JOIN `pedido` ON `pedido`.`id_pedido` = `r`.`id_pedido`
JOIN `usuarios` ON `usuarios`.`id_usuario` = `pedido`.`id_usuario`
JOIN `pistas` ON `pistas`.`id_pista` = `r`.`id_pista`
JOIN `instalaciones` ON `instalaciones`.`id_instalacion` = `pistas`.`id_instalacion`
JOIN `categorias` ON `categorias`.`id_categoria` = `instalaciones`.`categoria_principal`
WHERE `reservas`.`fecha` = \'2026-02-10\'')
 3 SYSTEMPATH\Database\BaseConnection.php(607): CodeIgniter\Database\BaseConnection->simpleQuery('SELECT `pistas`.`nombre_pista`, `pistas`.`imagen1`, `pistas`.`capacidad_pista`, `pistas`.`precio_pista`, `usuarios`.`nombre` AS `nombre_usuario`, `usuarios`.`email`, `usuarios`.`telf`, `pedido`.`fecha_pedido`, `pedido`.`num_pedido`, `pedido`.`precio_pedido`, `categorias`.`nombre` AS `categoria`, `instalaciones`.`material`, `instalaciones`.`iluminacion`, `reservas`.`fecha`, `reservas`.`hora_inicio`, `reservas`.`hora_final`
FROM `reservas` `r`
JOIN `pedido` ON `pedido`.`id_pedido` = `r`.`id_pedido`
JOIN `usuarios` ON `usuarios`.`id_usuario` = `pedido`.`id_usuario`
JOIN `pistas` ON `pistas`.`id_pista` = `r`.`id_pista`
JOIN `instalaciones` ON `instalaciones`.`id_instalacion` = `pistas`.`id_instalacion`
JOIN `categorias` ON `categorias`.`id_categoria` = `instalaciones`.`categoria_principal`
WHERE `reservas`.`fecha` = \'2026-02-10\'')
 4 SYSTEMPATH\Database\BaseBuilder.php(1616): CodeIgniter\Database\BaseConnection->query('SELECT `pistas`.`nombre_pista`, `pistas`.`imagen1`, `pistas`.`capacidad_pista`, `pistas`.`precio_pista`, `usuarios`.`nombre` AS `nombre_usuario`, `usuarios`.`email`, `usuarios`.`telf`, `pedido`.`fecha_pedido`, `pedido`.`num_pedido`, `pedido`.`precio_pedido`, `categorias`.`nombre` AS `categoria`, `instalaciones`.`material`, `instalaciones`.`iluminacion`, `reservas`.`fecha`, `reservas`.`hora_inicio`, `reservas`.`hora_final`
FROM `reservas` `r`
JOIN `pedido` ON `pedido`.`id_pedido` = `r`.`id_pedido`
JOIN `usuarios` ON `usuarios`.`id_usuario` = `pedido`.`id_usuario`
JOIN `pistas` ON `pistas`.`id_pista` = `r`.`id_pista`
JOIN `instalaciones` ON `instalaciones`.`id_instalacion` = `pistas`.`id_instalacion`
JOIN `categorias` ON `categorias`.`id_categoria` = `instalaciones`.`categoria_principal`
WHERE `reservas`.`fecha` = :reservas.fecha:', [...], false)
 5 APPPATH\Models\reservasModel.php(406): CodeIgniter\Database\BaseBuilder->get()
 6 APPPATH\Controllers\Reservas.php(351): App\Models\reservasModel->getReservasByFecha('2026-02-10')
 7 SYSTEMPATH\CodeIgniter.php(941): App\Controllers\Reservas->crudReservas()
 8 SYSTEMPATH\CodeIgniter.php(502): CodeIgniter\CodeIgniter->runController(Object(App\Controllers\Reservas))
 9 SYSTEMPATH\CodeIgniter.php(361): CodeIgniter\CodeIgniter->handleRequest(null, Object(Config\Cache), false)
10 FCPATH\index.php(79): CodeIgniter\CodeIgniter->run()
INFO - 2026-02-10 15:08:11 --> Session: Class initialized using 'CodeIgniter\Session\Handlers\FileHandler' driver.
INFO - 2026-02-10 15:08:38 --> Session: Class initialized using 'CodeIgniter\Session\Handlers\FileHandler' driver.
INFO - 2026-02-10 15:08:40 --> Session: Class initialized using 'CodeIgniter\Session\Handlers\FileHandler' driver.
INFO - 2026-02-10 15:08:45 --> Session: Class initialized using 'CodeIgniter\Session\Handlers\FileHandler' driver.
INFO - 2026-02-10 15:10:30 --> Session: Class initialized using 'CodeIgniter\Session\Handlers\FileHandler' driver.
INFO - 2026-02-10 15:11:11 --> Session: Class initialized using 'CodeIgniter\Session\Handlers\FileHandler' driver.
INFO - 2026-02-10 15:11:55 --> Session: Class initialized using 'CodeIgniter\Session\Handlers\FileHandler' driver.
INFO - 2026-02-10 15:14:37 --> Session: Class initialized using 'CodeIgniter\Session\Handlers\FileHandler' driver.
INFO - 2026-02-10 15:15:34 --> Session: Class initialized using 'CodeIgniter\Session\Handlers\FileHandler' driver.
INFO - 2026-02-10 15:17:06 --> Session: Class initialized using 'CodeIgniter\Session\Handlers\FileHandler' driver.
INFO - 2026-02-10 15:17:31 --> Session: Class initialized using 'CodeIgniter\Session\Handlers\FileHandler' driver.
INFO - 2026-02-10 15:17:52 --> Session: Class initialized using 'CodeIgniter\Session\Handlers\FileHandler' driver.
INFO - 2026-02-10 15:18:31 --> Session: Class initialized using 'CodeIgniter\Session\Handlers\FileHandler' driver.
INFO - 2026-02-10 15:19:00 --> Session: Class initialized using 'CodeIgniter\Session\Handlers\FileHandler' driver.
INFO - 2026-02-10 15:19:51 --> Session: Class initialized using 'CodeIgniter\Session\Handlers\FileHandler' driver.
INFO - 2026-02-10 15:20:10 --> Session: Class initialized using 'CodeIgniter\Session\Handlers\FileHandler' driver.
INFO - 2026-02-10 15:20:26 --> Session: Class initialized using 'CodeIgniter\Session\Handlers\FileHandler' driver.
INFO - 2026-02-10 15:20:37 --> Session: Class initialized using 'CodeIgniter\Session\Handlers\FileHandler' driver.
INFO - 2026-02-10 15:21:21 --> Session: Class initialized using 'CodeIgniter\Session\Handlers\FileHandler' driver.
INFO - 2026-02-10 15:21:24 --> Session: Class initialized using 'CodeIgniter\Session\Handlers\FileHandler' driver.
INFO - 2026-02-10 15:22:29 --> Session: Class initialized using 'CodeIgniter\Session\Handlers\FileHandler' driver.
INFO - 2026-02-10 15:22:58 --> Session: Class initialized using 'CodeIgniter\Session\Handlers\FileHandler' driver.
INFO - 2026-02-10 15:23:59 --> Session: Class initialized using 'CodeIgniter\Session\Handlers\FileHandler' driver.
INFO - 2026-02-10 15:24:43 --> Session: Class initialized using 'CodeIgniter\Session\Handlers\FileHandler' driver.
INFO - 2026-02-10 15:25:41 --> Session: Class initialized using 'CodeIgniter\Session\Handlers\FileHandler' driver.
INFO - 2026-02-10 15:26:03 --> Session: Class initialized using 'CodeIgniter\Session\Handlers\FileHandler' driver.
INFO - 2026-02-10 15:26:55 --> Session: Class initialized using 'CodeIgniter\Session\Handlers\FileHandler' driver.
INFO - 2026-02-10 15:27:07 --> Session: Class initialized using 'CodeIgniter\Session\Handlers\FileHandler' driver.
INFO - 2026-02-10 15:27:40 --> Session: Class initialized using 'CodeIgniter\Session\Handlers\FileHandler' driver.
INFO - 2026-02-10 15:36:57 --> Session: Class initialized using 'CodeIgniter\Session\Handlers\FileHandler' driver.
ERROR - 2026-02-10 15:36:58 --> mysqli_sql_exception: You have an error in your SQL syntax; check the manual that corresponds to your MariaDB server version for the right syntax to use near '.`fecha`, `reservas`.`hora_inicio`, `reservas`.`hora_final`
FROM `reservas`
J...' at line 1 in C:\Proyectos\reservalo2.0\system\Database\MySQLi\Connection.php:306
Stack trace:
#0 C:\Proyectos\reservalo2.0\system\Database\MySQLi\Connection.php(306): mysqli->query('SELECT `pistas`...', 0)
#1 C:\Proyectos\reservalo2.0\system\Database\BaseConnection.php(693): CodeIgniter\Database\MySQLi\Connection->execute('SELECT `pistas`...')
#2 C:\Proyectos\reservalo2.0\system\Database\BaseConnection.php(607): CodeIgniter\Database\BaseConnection->simpleQuery('SELECT `pistas`...')
#3 C:\Proyectos\reservalo2.0\system\Database\BaseBuilder.php(1616): CodeIgniter\Database\BaseConnection->query('SELECT `pistas`...', Array, false)
#4 C:\Proyectos\reservalo2.0\app\Models\reservasModel.php(409): CodeIgniter\Database\BaseBuilder->get()
#5 C:\Proyectos\reservalo2.0\app\Controllers\Reservas.php(351): App\Models\reservasModel->getReservasByFecha('2026-02-10')
#6 C:\Proyectos\reservalo2.0\system\CodeIgniter.php(941): App\Controllers\Reservas->crudReservas()
#7 C:\Proyectos\reservalo2.0\system\CodeIgniter.php(502): CodeIgniter\CodeIgniter->runController(Object(App\Controllers\Reservas))
#8 C:\Proyectos\reservalo2.0\system\CodeIgniter.php(361): CodeIgniter\CodeIgniter->handleRequest(NULL, Object(Config\Cache), false)
#9 C:\Proyectos\reservalo2.0\index.php(79): CodeIgniter\CodeIgniter->run()
#10 {main}
CRITICAL - 2026-02-10 15:36:58 --> CodeIgniter\Database\Exceptions\DatabaseException: You have an error in your SQL syntax; check the manual that corresponds to your MariaDB server version for the right syntax to use near '.`fecha`, `reservas`.`hora_inicio`, `reservas`.`hora_final`
FROM `reservas`
J...' at line 1
in SYSTEMPATH\Database\BaseConnection.php on line 647.
 1 SYSTEMPATH\Database\BaseBuilder.php(1616): CodeIgniter\Database\BaseConnection->query('SELECT `pistas`.`nombre_pista`, `pistas`.`imagen1`, `pistas`.`capacidad_pista`, `pistas`.`precio_pista`, `usuarios`.`nombre` AS `nombre_usuario`, `usuarios`.`email`, `usuarios`.`telf`, `pedido`.`fecha_pedido`, `pedido`.`num_pedido`, `pedido`.`precio_pedido`, `categorias`.`nombre` AS `categoria`, `instalaciones`.`material`, `instalaciones`.`iluminacion`, `instalaciones`.`tipo_reserva` `reservas`.`fecha`, `reservas`.`hora_inicio`, `reservas`.`hora_final`
FROM `reservas`
JOIN `pedido` ON `pedido`.`id_pedido` = `reservas`.`id_pedido`
JOIN `usuarios` ON `usuarios`.`id_usuario` = `pedido`.`id_usuario`
JOIN `pistas` ON `pistas`.`id_pista` = `reservas`.`id_pista`
JOIN `instalaciones` ON `instalaciones`.`id_instalacion` = `pistas`.`id_instalacion`
JOIN `categorias` ON `categorias`.`id_categoria` = `instalaciones`.`categoria_principal`
WHERE `reservas`.`fecha` = :reservas.fecha:', [...], false)
 2 APPPATH\Models\reservasModel.php(409): CodeIgniter\Database\BaseBuilder->get()
 3 APPPATH\Controllers\Reservas.php(351): App\Models\reservasModel->getReservasByFecha('2026-02-10')
 4 SYSTEMPATH\CodeIgniter.php(941): App\Controllers\Reservas->crudReservas()
 5 SYSTEMPATH\CodeIgniter.php(502): CodeIgniter\CodeIgniter->runController(Object(App\Controllers\Reservas))
 6 SYSTEMPATH\CodeIgniter.php(361): CodeIgniter\CodeIgniter->handleRequest(null, Object(Config\Cache), false)
 7 FCPATH\index.php(79): CodeIgniter\CodeIgniter->run()
CRITICAL - 2026-02-10 15:36:58 --> [Caused by] CodeIgniter\Database\Exceptions\DatabaseException: You have an error in your SQL syntax; check the manual that corresponds to your MariaDB server version for the right syntax to use near '.`fecha`, `reservas`.`hora_inicio`, `reservas`.`hora_final`
FROM `reservas`
J...' at line 1
in SYSTEMPATH\Database\MySQLi\Connection.php on line 311.
 1 SYSTEMPATH\Database\BaseConnection.php(693): CodeIgniter\Database\MySQLi\Connection->execute('SELECT `pistas`.`nombre_pista`, `pistas`.`imagen1`, `pistas`.`capacidad_pista`, `pistas`.`precio_pista`, `usuarios`.`nombre` AS `nombre_usuario`, `usuarios`.`email`, `usuarios`.`telf`, `pedido`.`fecha_pedido`, `pedido`.`num_pedido`, `pedido`.`precio_pedido`, `categorias`.`nombre` AS `categoria`, `instalaciones`.`material`, `instalaciones`.`iluminacion`, `instalaciones`.`tipo_reserva` `reservas`.`fecha`, `reservas`.`hora_inicio`, `reservas`.`hora_final`
FROM `reservas`
JOIN `pedido` ON `pedido`.`id_pedido` = `reservas`.`id_pedido`
JOIN `usuarios` ON `usuarios`.`id_usuario` = `pedido`.`id_usuario`
JOIN `pistas` ON `pistas`.`id_pista` = `reservas`.`id_pista`
JOIN `instalaciones` ON `instalaciones`.`id_instalacion` = `pistas`.`id_instalacion`
JOIN `categorias` ON `categorias`.`id_categoria` = `instalaciones`.`categoria_principal`
WHERE `reservas`.`fecha` = \'2026-02-10\'')
 2 SYSTEMPATH\Database\BaseConnection.php(607): CodeIgniter\Database\BaseConnection->simpleQuery('SELECT `pistas`.`nombre_pista`, `pistas`.`imagen1`, `pistas`.`capacidad_pista`, `pistas`.`precio_pista`, `usuarios`.`nombre` AS `nombre_usuario`, `usuarios`.`email`, `usuarios`.`telf`, `pedido`.`fecha_pedido`, `pedido`.`num_pedido`, `pedido`.`precio_pedido`, `categorias`.`nombre` AS `categoria`, `instalaciones`.`material`, `instalaciones`.`iluminacion`, `instalaciones`.`tipo_reserva` `reservas`.`fecha`, `reservas`.`hora_inicio`, `reservas`.`hora_final`
FROM `reservas`
JOIN `pedido` ON `pedido`.`id_pedido` = `reservas`.`id_pedido`
JOIN `usuarios` ON `usuarios`.`id_usuario` = `pedido`.`id_usuario`
JOIN `pistas` ON `pistas`.`id_pista` = `reservas`.`id_pista`
JOIN `instalaciones` ON `instalaciones`.`id_instalacion` = `pistas`.`id_instalacion`
JOIN `categorias` ON `categorias`.`id_categoria` = `instalaciones`.`categoria_principal`
WHERE `reservas`.`fecha` = \'2026-02-10\'')
 3 SYSTEMPATH\Database\BaseBuilder.php(1616): CodeIgniter\Database\BaseConnection->query('SELECT `pistas`.`nombre_pista`, `pistas`.`imagen1`, `pistas`.`capacidad_pista`, `pistas`.`precio_pista`, `usuarios`.`nombre` AS `nombre_usuario`, `usuarios`.`email`, `usuarios`.`telf`, `pedido`.`fecha_pedido`, `pedido`.`num_pedido`, `pedido`.`precio_pedido`, `categorias`.`nombre` AS `categoria`, `instalaciones`.`material`, `instalaciones`.`iluminacion`, `instalaciones`.`tipo_reserva` `reservas`.`fecha`, `reservas`.`hora_inicio`, `reservas`.`hora_final`
FROM `reservas`
JOIN `pedido` ON `pedido`.`id_pedido` = `reservas`.`id_pedido`
JOIN `usuarios` ON `usuarios`.`id_usuario` = `pedido`.`id_usuario`
JOIN `pistas` ON `pistas`.`id_pista` = `reservas`.`id_pista`
JOIN `instalaciones` ON `instalaciones`.`id_instalacion` = `pistas`.`id_instalacion`
JOIN `categorias` ON `categorias`.`id_categoria` = `instalaciones`.`categoria_principal`
WHERE `reservas`.`fecha` = :reservas.fecha:', [...], false)
 4 APPPATH\Models\reservasModel.php(409): CodeIgniter\Database\BaseBuilder->get()
 5 APPPATH\Controllers\Reservas.php(351): App\Models\reservasModel->getReservasByFecha('2026-02-10')
 6 SYSTEMPATH\CodeIgniter.php(941): App\Controllers\Reservas->crudReservas()
 7 SYSTEMPATH\CodeIgniter.php(502): CodeIgniter\CodeIgniter->runController(Object(App\Controllers\Reservas))
 8 SYSTEMPATH\CodeIgniter.php(361): CodeIgniter\CodeIgniter->handleRequest(null, Object(Config\Cache), false)
 9 FCPATH\index.php(79): CodeIgniter\CodeIgniter->run()
CRITICAL - 2026-02-10 15:36:58 --> [Caused by] mysqli_sql_exception: You have an error in your SQL syntax; check the manual that corresponds to your MariaDB server version for the right syntax to use near '.`fecha`, `reservas`.`hora_inicio`, `reservas`.`hora_final`
FROM `reservas`
J...' at line 1
in SYSTEMPATH\Database\MySQLi\Connection.php on line 306.
 1 SYSTEMPATH\Database\MySQLi\Connection.php(306): mysqli->query('SELECT `pistas`.`nombre_pista`, `pistas`.`imagen1`, `pistas`.`capacidad_pista`, `pistas`.`precio_pista`, `usuarios`.`nombre` AS `nombre_usuario`, `usuarios`.`email`, `usuarios`.`telf`, `pedido`.`fecha_pedido`, `pedido`.`num_pedido`, `pedido`.`precio_pedido`, `categorias`.`nombre` AS `categoria`, `instalaciones`.`material`, `instalaciones`.`iluminacion`, `instalaciones`.`tipo_reserva` `reservas`.`fecha`, `reservas`.`hora_inicio`, `reservas`.`hora_final`
FROM `reservas`
JOIN `pedido` ON `pedido`.`id_pedido` = `reservas`.`id_pedido`
JOIN `usuarios` ON `usuarios`.`id_usuario` = `pedido`.`id_usuario`
JOIN `pistas` ON `pistas`.`id_pista` = `reservas`.`id_pista`
JOIN `instalaciones` ON `instalaciones`.`id_instalacion` = `pistas`.`id_instalacion`
JOIN `categorias` ON `categorias`.`id_categoria` = `instalaciones`.`categoria_principal`
WHERE `reservas`.`fecha` = \'2026-02-10\'', 0)
 2 SYSTEMPATH\Database\BaseConnection.php(693): CodeIgniter\Database\MySQLi\Connection->execute('SELECT `pistas`.`nombre_pista`, `pistas`.`imagen1`, `pistas`.`capacidad_pista`, `pistas`.`precio_pista`, `usuarios`.`nombre` AS `nombre_usuario`, `usuarios`.`email`, `usuarios`.`telf`, `pedido`.`fecha_pedido`, `pedido`.`num_pedido`, `pedido`.`precio_pedido`, `categorias`.`nombre` AS `categoria`, `instalaciones`.`material`, `instalaciones`.`iluminacion`, `instalaciones`.`tipo_reserva` `reservas`.`fecha`, `reservas`.`hora_inicio`, `reservas`.`hora_final`
FROM `reservas`
JOIN `pedido` ON `pedido`.`id_pedido` = `reservas`.`id_pedido`
JOIN `usuarios` ON `usuarios`.`id_usuario` = `pedido`.`id_usuario`
JOIN `pistas` ON `pistas`.`id_pista` = `reservas`.`id_pista`
JOIN `instalaciones` ON `instalaciones`.`id_instalacion` = `pistas`.`id_instalacion`
JOIN `categorias` ON `categorias`.`id_categoria` = `instalaciones`.`categoria_principal`
WHERE `reservas`.`fecha` = \'2026-02-10\'')
 3 SYSTEMPATH\Database\BaseConnection.php(607): CodeIgniter\Database\BaseConnection->simpleQuery('SELECT `pistas`.`nombre_pista`, `pistas`.`imagen1`, `pistas`.`capacidad_pista`, `pistas`.`precio_pista`, `usuarios`.`nombre` AS `nombre_usuario`, `usuarios`.`email`, `usuarios`.`telf`, `pedido`.`fecha_pedido`, `pedido`.`num_pedido`, `pedido`.`precio_pedido`, `categorias`.`nombre` AS `categoria`, `instalaciones`.`material`, `instalaciones`.`iluminacion`, `instalaciones`.`tipo_reserva` `reservas`.`fecha`, `reservas`.`hora_inicio`, `reservas`.`hora_final`
FROM `reservas`
JOIN `pedido` ON `pedido`.`id_pedido` = `reservas`.`id_pedido`
JOIN `usuarios` ON `usuarios`.`id_usuario` = `pedido`.`id_usuario`
JOIN `pistas` ON `pistas`.`id_pista` = `reservas`.`id_pista`
JOIN `instalaciones` ON `instalaciones`.`id_instalacion` = `pistas`.`id_instalacion`
JOIN `categorias` ON `categorias`.`id_categoria` = `instalaciones`.`categoria_principal`
WHERE `reservas`.`fecha` = \'2026-02-10\'')
 4 SYSTEMPATH\Database\BaseBuilder.php(1616): CodeIgniter\Database\BaseConnection->query('SELECT `pistas`.`nombre_pista`, `pistas`.`imagen1`, `pistas`.`capacidad_pista`, `pistas`.`precio_pista`, `usuarios`.`nombre` AS `nombre_usuario`, `usuarios`.`email`, `usuarios`.`telf`, `pedido`.`fecha_pedido`, `pedido`.`num_pedido`, `pedido`.`precio_pedido`, `categorias`.`nombre` AS `categoria`, `instalaciones`.`material`, `instalaciones`.`iluminacion`, `instalaciones`.`tipo_reserva` `reservas`.`fecha`, `reservas`.`hora_inicio`, `reservas`.`hora_final`
FROM `reservas`
JOIN `pedido` ON `pedido`.`id_pedido` = `reservas`.`id_pedido`
JOIN `usuarios` ON `usuarios`.`id_usuario` = `pedido`.`id_usuario`
JOIN `pistas` ON `pistas`.`id_pista` = `reservas`.`id_pista`
JOIN `instalaciones` ON `instalaciones`.`id_instalacion` = `pistas`.`id_instalacion`
JOIN `categorias` ON `categorias`.`id_categoria` = `instalaciones`.`categoria_principal`
WHERE `reservas`.`fecha` = :reservas.fecha:', [...], false)
 5 APPPATH\Models\reservasModel.php(409): CodeIgniter\Database\BaseBuilder->get()
 6 APPPATH\Controllers\Reservas.php(351): App\Models\reservasModel->getReservasByFecha('2026-02-10')
 7 SYSTEMPATH\CodeIgniter.php(941): App\Controllers\Reservas->crudReservas()
 8 SYSTEMPATH\CodeIgniter.php(502): CodeIgniter\CodeIgniter->runController(Object(App\Controllers\Reservas))
 9 SYSTEMPATH\CodeIgniter.php(361): CodeIgniter\CodeIgniter->handleRequest(null, Object(Config\Cache), false)
10 FCPATH\index.php(79): CodeIgniter\CodeIgniter->run()
INFO - 2026-02-10 15:37:18 --> Session: Class initialized using 'CodeIgniter\Session\Handlers\FileHandler' driver.
INFO - 2026-02-10 15:38:10 --> Session: Class initialized using 'CodeIgniter\Session\Handlers\FileHandler' driver.
INFO - 2026-02-10 15:38:23 --> Session: Class initialized using 'CodeIgniter\Session\Handlers\FileHandler' driver.
INFO - 2026-02-10 15:38:30 --> Session: Class initialized using 'CodeIgniter\Session\Handlers\FileHandler' driver.
INFO - 2026-02-10 15:38:46 --> Session: Class initialized using 'CodeIgniter\Session\Handlers\FileHandler' driver.
INFO - 2026-02-10 15:39:21 --> Session: Class initialized using 'CodeIgniter\Session\Handlers\FileHandler' driver.
INFO - 2026-02-10 15:39:55 --> Session: Class initialized using 'CodeIgniter\Session\Handlers\FileHandler' driver.
INFO - 2026-02-10 15:40:06 --> Session: Class initialized using 'CodeIgniter\Session\Handlers\FileHandler' driver.
INFO - 2026-02-10 15:40:27 --> Session: Class initialized using 'CodeIgniter\Session\Handlers\FileHandler' driver.
INFO - 2026-02-10 15:40:41 --> Session: Class initialized using 'CodeIgniter\Session\Handlers\FileHandler' driver.
INFO - 2026-02-10 15:41:44 --> Session: Class initialized using 'CodeIgniter\Session\Handlers\FileHandler' driver.
INFO - 2026-02-10 15:42:30 --> Session: Class initialized using 'CodeIgniter\Session\Handlers\FileHandler' driver.
INFO - 2026-02-10 15:42:53 --> Session: Class initialized using 'CodeIgniter\Session\Handlers\FileHandler' driver.
INFO - 2026-02-10 15:43:07 --> Session: Class initialized using 'CodeIgniter\Session\Handlers\FileHandler' driver.
INFO - 2026-02-10 15:43:16 --> Session: Class initialized using 'CodeIgniter\Session\Handlers\FileHandler' driver.
INFO - 2026-02-10 15:43:23 --> Session: Class initialized using 'CodeIgniter\Session\Handlers\FileHandler' driver.
INFO - 2026-02-10 15:43:30 --> Session: Class initialized using 'CodeIgniter\Session\Handlers\FileHandler' driver.
INFO - 2026-02-10 15:43:37 --> Session: Class initialized using 'CodeIgniter\Session\Handlers\FileHandler' driver.
INFO - 2026-02-10 15:43:44 --> Session: Class initialized using 'CodeIgniter\Session\Handlers\FileHandler' driver.
INFO - 2026-02-10 15:46:09 --> Session: Class initialized using 'CodeIgniter\Session\Handlers\FileHandler' driver.
INFO - 2026-02-10 15:46:23 --> Session: Class initialized using 'CodeIgniter\Session\Handlers\FileHandler' driver.
INFO - 2026-02-10 15:46:36 --> Session: Class initialized using 'CodeIgniter\Session\Handlers\FileHandler' driver.
INFO - 2026-02-10 15:46:50 --> Session: Class initialized using 'CodeIgniter\Session\Handlers\FileHandler' driver.
INFO - 2026-02-10 15:47:07 --> Session: Class initialized using 'CodeIgniter\Session\Handlers\FileHandler' driver.
INFO - 2026-02-10 15:47:20 --> Session: Class initialized using 'CodeIgniter\Session\Handlers\FileHandler' driver.
INFO - 2026-02-10 15:47:33 --> Session: Class initialized using 'CodeIgniter\Session\Handlers\FileHandler' driver.
INFO - 2026-02-10 15:47:40 --> Session: Class initialized using 'CodeIgniter\Session\Handlers\FileHandler' driver.
INFO - 2026-02-10 15:47:49 --> Session: Class initialized using 'CodeIgniter\Session\Handlers\FileHandler' driver.
INFO - 2026-02-10 15:47:59 --> Session: Class initialized using 'CodeIgniter\Session\Handlers\FileHandler' driver.
INFO - 2026-02-10 16:47:19 --> Session: Class initialized using 'CodeIgniter\Session\Handlers\FileHandler' driver.
CRITICAL - 2026-02-10 16:47:19 --> ParseError: syntax error, unexpected token "if", expecting ":"
in APPPATH\Views\reservas\reservas.php on line 80.
 1 SYSTEMPATH\View\View.php(231): CodeIgniter\View\View->CodeIgniter\View\{closure}()
 2 SYSTEMPATH\Common.php(1178): CodeIgniter\View\View->render('reservas/reservas', [], true)
 3 APPPATH\Controllers\Reservas.php(353): view('reservas/reservas', [...])
 4 SYSTEMPATH\CodeIgniter.php(941): App\Controllers\Reservas->crudReservas()
 5 SYSTEMPATH\CodeIgniter.php(502): CodeIgniter\CodeIgniter->runController(Object(App\Controllers\Reservas))
 6 SYSTEMPATH\CodeIgniter.php(361): CodeIgniter\CodeIgniter->handleRequest(null, Object(Config\Cache), false)
 7 FCPATH\index.php(79): CodeIgniter\CodeIgniter->run()
INFO - 2026-02-10 16:48:31 --> Session: Class initialized using 'CodeIgniter\Session\Handlers\FileHandler' driver.
INFO - 2026-02-10 16:48:55 --> Session: Class initialized using 'CodeIgniter\Session\Handlers\FileHandler' driver.
INFO - 2026-02-10 16:48:59 --> Session: Class initialized using 'CodeIgniter\Session\Handlers\FileHandler' driver.
INFO - 2026-02-10 16:50:29 --> Session: Class initialized using 'CodeIgniter\Session\Handlers\FileHandler' driver.
INFO - 2026-02-10 16:50:37 --> Session: Class initialized using 'CodeIgniter\Session\Handlers\FileHandler' driver.
INFO - 2026-02-10 16:50:59 --> Session: Class initialized using 'CodeIgniter\Session\Handlers\FileHandler' driver.
INFO - 2026-02-10 16:52:20 --> Session: Class initialized using 'CodeIgniter\Session\Handlers\FileHandler' driver.
INFO - 2026-02-10 16:52:26 --> Session: Class initialized using 'CodeIgniter\Session\Handlers\FileHandler' driver.
INFO - 2026-02-10 17:00:09 --> Session: Class initialized using 'CodeIgniter\Session\Handlers\FileHandler' driver.
INFO - 2026-02-10 17:00:39 --> Session: Class initialized using 'CodeIgniter\Session\Handlers\FileHandler' driver.
INFO - 2026-02-10 17:06:01 --> Session: Class initialized using 'CodeIgniter\Session\Handlers\FileHandler' driver.
INFO - 2026-02-10 17:06:26 --> Session: Class initialized using 'CodeIgniter\Session\Handlers\FileHandler' driver.
INFO - 2026-02-10 17:07:22 --> Session: Class initialized using 'CodeIgniter\Session\Handlers\FileHandler' driver.
INFO - 2026-02-10 17:08:47 --> Session: Class initialized using 'CodeIgniter\Session\Handlers\FileHandler' driver.
INFO - 2026-02-10 17:09:09 --> Session: Class initialized using 'CodeIgniter\Session\Handlers\FileHandler' driver.
INFO - 2026-02-10 17:09:43 --> Session: Class initialized using 'CodeIgniter\Session\Handlers\FileHandler' driver.
INFO - 2026-02-10 17:12:08 --> Session: Class initialized using 'CodeIgniter\Session\Handlers\FileHandler' driver.
INFO - 2026-02-10 17:12:24 --> Session: Class initialized using 'CodeIgniter\Session\Handlers\FileHandler' driver.
INFO - 2026-02-10 17:12:38 --> Session: Class initialized using 'CodeIgniter\Session\Handlers\FileHandler' driver.
INFO - 2026-02-10 17:13:11 --> Session: Class initialized using 'CodeIgniter\Session\Handlers\FileHandler' driver.
INFO - 2026-02-10 17:45:36 --> Session: Class initialized using 'CodeIgniter\Session\Handlers\FileHandler' driver.
CRITICAL - 2026-02-10 17:45:37 --> ErrorException: Undefined array key "pagado"
in APPPATH\Views\reservas\reservas.php on line 47.
 1 APPPATH\Views\reservas\reservas.php(47): CodeIgniter\Debug\Exceptions->errorHandler(2, 'Undefined array key "pagado"', 'C:\\Proyectos\\reservalo2.0\\app\\Views\\reservas\\reservas.php', 47)
 2 [internal function]: CodeIgniter\View\View->{closure}([...])
 3 APPPATH\Views\reservas\reservas.php(46): array_filter([...], Object(Closure))
 4 SYSTEMPATH\View\View.php(228): include('C:\\Proyectos\\reservalo2.0\\app\\Views\\reservas\\reservas.php')
 5 SYSTEMPATH\View\View.php(231): CodeIgniter\View\View->CodeIgniter\View\{closure}()
 6 SYSTEMPATH\Common.php(1178): CodeIgniter\View\View->render('reservas/reservas', [], true)
 7 APPPATH\Controllers\Reservas.php(353): view('reservas/reservas', [...])
 8 SYSTEMPATH\CodeIgniter.php(941): App\Controllers\Reservas->crudReservas()
 9 SYSTEMPATH\CodeIgniter.php(502): CodeIgniter\CodeIgniter->runController(Object(App\Controllers\Reservas))
10 SYSTEMPATH\CodeIgniter.php(361): CodeIgniter\CodeIgniter->handleRequest(null, Object(Config\Cache), false)
11 FCPATH\index.php(79): CodeIgniter\CodeIgniter->run()
INFO - 2026-02-10 17:48:16 --> Session: Class initialized using 'CodeIgniter\Session\Handlers\FileHandler' driver.
INFO - 2026-02-10 17:48:38 --> Session: Class initialized using 'CodeIgniter\Session\Handlers\FileHandler' driver.
