INFO - 2026-04-27 10:53:34 --> Session: Class initialized using 'CodeIgniter\Session\Handlers\FileHandler' driver.
INFO - 2026-04-27 10:53:46 --> Session: Class initialized using 'CodeIgniter\Session\Handlers\FileHandler' driver.
INFO - 2026-04-27 10:54:26 --> Session: Class initialized using 'CodeIgniter\Session\Handlers\FileHandler' driver.
INFO - 2026-04-27 11:57:29 --> Session: Class initialized using 'CodeIgniter\Session\Handlers\FileHandler' driver.
INFO - 2026-04-27 11:58:47 --> Session: Class initialized using 'CodeIgniter\Session\Handlers\FileHandler' driver.
INFO - 2026-04-27 11:58:49 --> Session: Class initialized using 'CodeIgniter\Session\Handlers\FileHandler' driver.
INFO - 2026-04-27 11:59:02 --> Session: Class initialized using 'CodeIgniter\Session\Handlers\FileHandler' driver.
INFO - 2026-04-27 11:59:41 --> Session: Class initialized using 'CodeIgniter\Session\Handlers\FileHandler' driver.
INFO - 2026-04-27 11:59:46 --> Session: Class initialized using 'CodeIgniter\Session\Handlers\FileHandler' driver.
INFO - 2026-04-27 11:59:52 --> Session: Class initialized using 'CodeIgniter\Session\Handlers\FileHandler' driver.
INFO - 2026-04-27 11:59:57 --> Session: Class initialized using 'CodeIgniter\Session\Handlers\FileHandler' driver.
INFO - 2026-04-27 12:13:00 --> Session: Class initialized using 'CodeIgniter\Session\Handlers\FileHandler' driver.
INFO - 2026-04-27 12:13:16 --> Session: Class initialized using 'CodeIgniter\Session\Handlers\FileHandler' driver.
INFO - 2026-04-27 12:27:20 --> Session: Class initialized using 'CodeIgniter\Session\Handlers\FileHandler' driver.
ERROR - 2026-04-27 12:27:38 --> mysqli_sql_exception: Unknown column 'reservas' in 'field list' in C:\Proyectos\reservalo2.0\system\Database\MySQLi\Connection.php:306
Stack trace:
#0 C:\Proyectos\reservalo2.0\system\Database\MySQLi\Connection.php(306): mysqli->query('SELECT `pistas`...', 0)
#1 C:\Proyectos\reservalo2.0\system\Database\BaseConnection.php(693): CodeIgniter\Database\MySQLi\Connection->execute('SELECT `pistas`...')
#2 C:\Proyectos\reservalo2.0\system\Database\BaseConnection.php(607): CodeIgniter\Database\BaseConnection->simpleQuery('SELECT `pistas`...')
#3 C:\Proyectos\reservalo2.0\system\Database\BaseBuilder.php(1616): CodeIgniter\Database\BaseConnection->query('SELECT `pistas`...', Array, false)
#4 C:\Proyectos\reservalo2.0\app\Models\instalacionesModel.php(151): CodeIgniter\Database\BaseBuilder->get()
#5 C:\Proyectos\reservalo2.0\app\Controllers\Instalaciones.php(218): App\Models\instalacionesModel->getPistasById(89)
#6 C:\Proyectos\reservalo2.0\system\CodeIgniter.php(941): App\Controllers\Instalaciones->infoPista()
#7 C:\Proyectos\reservalo2.0\system\CodeIgniter.php(502): CodeIgniter\CodeIgniter->runController(Object(App\Controllers\Instalaciones))
#8 C:\Proyectos\reservalo2.0\system\CodeIgniter.php(361): CodeIgniter\CodeIgniter->handleRequest(NULL, Object(Config\Cache), false)
#9 C:\Proyectos\reservalo2.0\index.php(79): CodeIgniter\CodeIgniter->run()
#10 {main}
CRITICAL - 2026-04-27 12:27:39 --> CodeIgniter\Database\Exceptions\DatabaseException: Unknown column 'reservas' in 'field list'
in SYSTEMPATH\Database\BaseConnection.php on line 647.
 1 SYSTEMPATH\Database\BaseBuilder.php(1616): CodeIgniter\Database\BaseConnection->query('SELECT `pistas`.*, `instalaciones`.`estado`, `reservas` as `reservas`
FROM `pistas`
INNER JOIN `instalaciones` ON `instalaciones`.`id_instalacion` = `pistas`.`id_instalacion`
INNER JOIN `reservas` ON `pistas`.`id_pista` = `reservas`.`id_pista`
WHERE `pistas`.`id_pista` = :pistas.id_pista:', [...], false)
 2 APPPATH\Models\instalacionesModel.php(151): CodeIgniter\Database\BaseBuilder->get()
 3 APPPATH\Controllers\Instalaciones.php(218): App\Models\instalacionesModel->getPistasById(89)
 4 SYSTEMPATH\CodeIgniter.php(941): App\Controllers\Instalaciones->infoPista()
 5 SYSTEMPATH\CodeIgniter.php(502): CodeIgniter\CodeIgniter->runController(Object(App\Controllers\Instalaciones))
 6 SYSTEMPATH\CodeIgniter.php(361): CodeIgniter\CodeIgniter->handleRequest(null, Object(Config\Cache), false)
 7 FCPATH\index.php(79): CodeIgniter\CodeIgniter->run()
CRITICAL - 2026-04-27 12:27:39 --> [Caused by] CodeIgniter\Database\Exceptions\DatabaseException: Unknown column 'reservas' in 'field list'
in SYSTEMPATH\Database\MySQLi\Connection.php on line 311.
 1 SYSTEMPATH\Database\BaseConnection.php(693): CodeIgniter\Database\MySQLi\Connection->execute('SELECT `pistas`.*, `instalaciones`.`estado`, `reservas` as `reservas`
FROM `pistas`
INNER JOIN `instalaciones` ON `instalaciones`.`id_instalacion` = `pistas`.`id_instalacion`
INNER JOIN `reservas` ON `pistas`.`id_pista` = `reservas`.`id_pista`
WHERE `pistas`.`id_pista` = 89')
 2 SYSTEMPATH\Database\BaseConnection.php(607): CodeIgniter\Database\BaseConnection->simpleQuery('SELECT `pistas`.*, `instalaciones`.`estado`, `reservas` as `reservas`
FROM `pistas`
INNER JOIN `instalaciones` ON `instalaciones`.`id_instalacion` = `pistas`.`id_instalacion`
INNER JOIN `reservas` ON `pistas`.`id_pista` = `reservas`.`id_pista`
WHERE `pistas`.`id_pista` = 89')
 3 SYSTEMPATH\Database\BaseBuilder.php(1616): CodeIgniter\Database\BaseConnection->query('SELECT `pistas`.*, `instalaciones`.`estado`, `reservas` as `reservas`
FROM `pistas`
INNER JOIN `instalaciones` ON `instalaciones`.`id_instalacion` = `pistas`.`id_instalacion`
INNER JOIN `reservas` ON `pistas`.`id_pista` = `reservas`.`id_pista`
WHERE `pistas`.`id_pista` = :pistas.id_pista:', [...], false)
 4 APPPATH\Models\instalacionesModel.php(151): CodeIgniter\Database\BaseBuilder->get()
 5 APPPATH\Controllers\Instalaciones.php(218): App\Models\instalacionesModel->getPistasById(89)
 6 SYSTEMPATH\CodeIgniter.php(941): App\Controllers\Instalaciones->infoPista()
 7 SYSTEMPATH\CodeIgniter.php(502): CodeIgniter\CodeIgniter->runController(Object(App\Controllers\Instalaciones))
 8 SYSTEMPATH\CodeIgniter.php(361): CodeIgniter\CodeIgniter->handleRequest(null, Object(Config\Cache), false)
 9 FCPATH\index.php(79): CodeIgniter\CodeIgniter->run()
CRITICAL - 2026-04-27 12:27:39 --> [Caused by] mysqli_sql_exception: Unknown column 'reservas' in 'field list'
in SYSTEMPATH\Database\MySQLi\Connection.php on line 306.
 1 SYSTEMPATH\Database\MySQLi\Connection.php(306): mysqli->query('SELECT `pistas`.*, `instalaciones`.`estado`, `reservas` as `reservas`
FROM `pistas`
INNER JOIN `instalaciones` ON `instalaciones`.`id_instalacion` = `pistas`.`id_instalacion`
INNER JOIN `reservas` ON `pistas`.`id_pista` = `reservas`.`id_pista`
WHERE `pistas`.`id_pista` = 89', 0)
 2 SYSTEMPATH\Database\BaseConnection.php(693): CodeIgniter\Database\MySQLi\Connection->execute('SELECT `pistas`.*, `instalaciones`.`estado`, `reservas` as `reservas`
FROM `pistas`
INNER JOIN `instalaciones` ON `instalaciones`.`id_instalacion` = `pistas`.`id_instalacion`
INNER JOIN `reservas` ON `pistas`.`id_pista` = `reservas`.`id_pista`
WHERE `pistas`.`id_pista` = 89')
 3 SYSTEMPATH\Database\BaseConnection.php(607): CodeIgniter\Database\BaseConnection->simpleQuery('SELECT `pistas`.*, `instalaciones`.`estado`, `reservas` as `reservas`
FROM `pistas`
INNER JOIN `instalaciones` ON `instalaciones`.`id_instalacion` = `pistas`.`id_instalacion`
INNER JOIN `reservas` ON `pistas`.`id_pista` = `reservas`.`id_pista`
WHERE `pistas`.`id_pista` = 89')
 4 SYSTEMPATH\Database\BaseBuilder.php(1616): CodeIgniter\Database\BaseConnection->query('SELECT `pistas`.*, `instalaciones`.`estado`, `reservas` as `reservas`
FROM `pistas`
INNER JOIN `instalaciones` ON `instalaciones`.`id_instalacion` = `pistas`.`id_instalacion`
INNER JOIN `reservas` ON `pistas`.`id_pista` = `reservas`.`id_pista`
WHERE `pistas`.`id_pista` = :pistas.id_pista:', [...], false)
 5 APPPATH\Models\instalacionesModel.php(151): CodeIgniter\Database\BaseBuilder->get()
 6 APPPATH\Controllers\Instalaciones.php(218): App\Models\instalacionesModel->getPistasById(89)
 7 SYSTEMPATH\CodeIgniter.php(941): App\Controllers\Instalaciones->infoPista()
 8 SYSTEMPATH\CodeIgniter.php(502): CodeIgniter\CodeIgniter->runController(Object(App\Controllers\Instalaciones))
 9 SYSTEMPATH\CodeIgniter.php(361): CodeIgniter\CodeIgniter->handleRequest(null, Object(Config\Cache), false)
10 FCPATH\index.php(79): CodeIgniter\CodeIgniter->run()
ERROR - 2026-04-27 12:28:55 --> mysqli_sql_exception: Unknown column 'reservas' in 'field list' in C:\Proyectos\reservalo2.0\system\Database\MySQLi\Connection.php:306
Stack trace:
#0 C:\Proyectos\reservalo2.0\system\Database\MySQLi\Connection.php(306): mysqli->query('SELECT `pistas`...', 0)
#1 C:\Proyectos\reservalo2.0\system\Database\BaseConnection.php(693): CodeIgniter\Database\MySQLi\Connection->execute('SELECT `pistas`...')
#2 C:\Proyectos\reservalo2.0\system\Database\BaseConnection.php(607): CodeIgniter\Database\BaseConnection->simpleQuery('SELECT `pistas`...')
#3 C:\Proyectos\reservalo2.0\system\Database\BaseBuilder.php(1616): CodeIgniter\Database\BaseConnection->query('SELECT `pistas`...', Array, false)
#4 C:\Proyectos\reservalo2.0\app\Models\instalacionesModel.php(151): CodeIgniter\Database\BaseBuilder->get()
#5 C:\Proyectos\reservalo2.0\app\Controllers\Instalaciones.php(218): App\Models\instalacionesModel->getPistasById(89)
#6 C:\Proyectos\reservalo2.0\system\CodeIgniter.php(941): App\Controllers\Instalaciones->infoPista()
#7 C:\Proyectos\reservalo2.0\system\CodeIgniter.php(502): CodeIgniter\CodeIgniter->runController(Object(App\Controllers\Instalaciones))
#8 C:\Proyectos\reservalo2.0\system\CodeIgniter.php(361): CodeIgniter\CodeIgniter->handleRequest(NULL, Object(Config\Cache), false)
#9 C:\Proyectos\reservalo2.0\index.php(79): CodeIgniter\CodeIgniter->run()
#10 {main}
INFO - 2026-04-27 12:29:25 --> Session: Class initialized using 'CodeIgniter\Session\Handlers\FileHandler' driver.
CRITICAL - 2026-04-27 12:29:32 --> CodeIgniter\Database\Exceptions\DatabaseException: Unknown column 'reservas' in 'field list'
in SYSTEMPATH\Database\BaseConnection.php on line 647.
 1 SYSTEMPATH\Database\BaseBuilder.php(1616): CodeIgniter\Database\BaseConnection->query('SELECT `pistas`.*, `instalaciones`.`estado`, `reservas` as `reservas`
FROM `pistas`
INNER JOIN `instalaciones` ON `instalaciones`.`id_instalacion` = `pistas`.`id_instalacion`
INNER JOIN `reservas` ON `pistas`.`id_pista` = `reservas`.`id_pista`
WHERE `pistas`.`id_pista` = :pistas.id_pista:', [...], false)
 2 APPPATH\Models\instalacionesModel.php(151): CodeIgniter\Database\BaseBuilder->get()
 3 APPPATH\Controllers\Instalaciones.php(218): App\Models\instalacionesModel->getPistasById(89)
 4 SYSTEMPATH\CodeIgniter.php(941): App\Controllers\Instalaciones->infoPista()
 5 SYSTEMPATH\CodeIgniter.php(502): CodeIgniter\CodeIgniter->runController(Object(App\Controllers\Instalaciones))
 6 SYSTEMPATH\CodeIgniter.php(361): CodeIgniter\CodeIgniter->handleRequest(null, Object(Config\Cache), false)
 7 FCPATH\index.php(79): CodeIgniter\CodeIgniter->run()
CRITICAL - 2026-04-27 12:29:32 --> [Caused by] CodeIgniter\Database\Exceptions\DatabaseException: Unknown column 'reservas' in 'field list'
in SYSTEMPATH\Database\MySQLi\Connection.php on line 311.
 1 SYSTEMPATH\Database\BaseConnection.php(693): CodeIgniter\Database\MySQLi\Connection->execute('SELECT `pistas`.*, `instalaciones`.`estado`, `reservas` as `reservas`
FROM `pistas`
INNER JOIN `instalaciones` ON `instalaciones`.`id_instalacion` = `pistas`.`id_instalacion`
INNER JOIN `reservas` ON `pistas`.`id_pista` = `reservas`.`id_pista`
WHERE `pistas`.`id_pista` = 89')
 2 SYSTEMPATH\Database\BaseConnection.php(607): CodeIgniter\Database\BaseConnection->simpleQuery('SELECT `pistas`.*, `instalaciones`.`estado`, `reservas` as `reservas`
FROM `pistas`
INNER JOIN `instalaciones` ON `instalaciones`.`id_instalacion` = `pistas`.`id_instalacion`
INNER JOIN `reservas` ON `pistas`.`id_pista` = `reservas`.`id_pista`
WHERE `pistas`.`id_pista` = 89')
 3 SYSTEMPATH\Database\BaseBuilder.php(1616): CodeIgniter\Database\BaseConnection->query('SELECT `pistas`.*, `instalaciones`.`estado`, `reservas` as `reservas`
FROM `pistas`
INNER JOIN `instalaciones` ON `instalaciones`.`id_instalacion` = `pistas`.`id_instalacion`
INNER JOIN `reservas` ON `pistas`.`id_pista` = `reservas`.`id_pista`
WHERE `pistas`.`id_pista` = :pistas.id_pista:', [...], false)
 4 APPPATH\Models\instalacionesModel.php(151): CodeIgniter\Database\BaseBuilder->get()
 5 APPPATH\Controllers\Instalaciones.php(218): App\Models\instalacionesModel->getPistasById(89)
 6 SYSTEMPATH\CodeIgniter.php(941): App\Controllers\Instalaciones->infoPista()
 7 SYSTEMPATH\CodeIgniter.php(502): CodeIgniter\CodeIgniter->runController(Object(App\Controllers\Instalaciones))
 8 SYSTEMPATH\CodeIgniter.php(361): CodeIgniter\CodeIgniter->handleRequest(null, Object(Config\Cache), false)
 9 FCPATH\index.php(79): CodeIgniter\CodeIgniter->run()
CRITICAL - 2026-04-27 12:29:32 --> [Caused by] mysqli_sql_exception: Unknown column 'reservas' in 'field list'
in SYSTEMPATH\Database\MySQLi\Connection.php on line 306.
 1 SYSTEMPATH\Database\MySQLi\Connection.php(306): mysqli->query('SELECT `pistas`.*, `instalaciones`.`estado`, `reservas` as `reservas`
FROM `pistas`
INNER JOIN `instalaciones` ON `instalaciones`.`id_instalacion` = `pistas`.`id_instalacion`
INNER JOIN `reservas` ON `pistas`.`id_pista` = `reservas`.`id_pista`
WHERE `pistas`.`id_pista` = 89', 0)
 2 SYSTEMPATH\Database\BaseConnection.php(693): CodeIgniter\Database\MySQLi\Connection->execute('SELECT `pistas`.*, `instalaciones`.`estado`, `reservas` as `reservas`
FROM `pistas`
INNER JOIN `instalaciones` ON `instalaciones`.`id_instalacion` = `pistas`.`id_instalacion`
INNER JOIN `reservas` ON `pistas`.`id_pista` = `reservas`.`id_pista`
WHERE `pistas`.`id_pista` = 89')
 3 SYSTEMPATH\Database\BaseConnection.php(607): CodeIgniter\Database\BaseConnection->simpleQuery('SELECT `pistas`.*, `instalaciones`.`estado`, `reservas` as `reservas`
FROM `pistas`
INNER JOIN `instalaciones` ON `instalaciones`.`id_instalacion` = `pistas`.`id_instalacion`
INNER JOIN `reservas` ON `pistas`.`id_pista` = `reservas`.`id_pista`
WHERE `pistas`.`id_pista` = 89')
 4 SYSTEMPATH\Database\BaseBuilder.php(1616): CodeIgniter\Database\BaseConnection->query('SELECT `pistas`.*, `instalaciones`.`estado`, `reservas` as `reservas`
FROM `pistas`
INNER JOIN `instalaciones` ON `instalaciones`.`id_instalacion` = `pistas`.`id_instalacion`
INNER JOIN `reservas` ON `pistas`.`id_pista` = `reservas`.`id_pista`
WHERE `pistas`.`id_pista` = :pistas.id_pista:', [...], false)
 5 APPPATH\Models\instalacionesModel.php(151): CodeIgniter\Database\BaseBuilder->get()
 6 APPPATH\Controllers\Instalaciones.php(218): App\Models\instalacionesModel->getPistasById(89)
 7 SYSTEMPATH\CodeIgniter.php(941): App\Controllers\Instalaciones->infoPista()
 8 SYSTEMPATH\CodeIgniter.php(502): CodeIgniter\CodeIgniter->runController(Object(App\Controllers\Instalaciones))
 9 SYSTEMPATH\CodeIgniter.php(361): CodeIgniter\CodeIgniter->handleRequest(null, Object(Config\Cache), false)
10 FCPATH\index.php(79): CodeIgniter\CodeIgniter->run()
ERROR - 2026-04-27 12:29:48 --> mysqli_sql_exception: You have an error in your SQL syntax; check the manual that corresponds to your MariaDB server version for the right syntax to use near 'as `reservas`
FROM `pistas`
INNER JOIN `instalaciones` ON `instalaciones`.`id...' at line 1 in C:\Proyectos\reservalo2.0\system\Database\MySQLi\Connection.php:306
Stack trace:
#0 C:\Proyectos\reservalo2.0\system\Database\MySQLi\Connection.php(306): mysqli->query('SELECT `pistas`...', 0)
#1 C:\Proyectos\reservalo2.0\system\Database\BaseConnection.php(693): CodeIgniter\Database\MySQLi\Connection->execute('SELECT `pistas`...')
#2 C:\Proyectos\reservalo2.0\system\Database\BaseConnection.php(607): CodeIgniter\Database\BaseConnection->simpleQuery('SELECT `pistas`...')
#3 C:\Proyectos\reservalo2.0\system\Database\BaseBuilder.php(1616): CodeIgniter\Database\BaseConnection->query('SELECT `pistas`...', Array, false)
#4 C:\Proyectos\reservalo2.0\app\Models\instalacionesModel.php(151): CodeIgniter\Database\BaseBuilder->get()
#5 C:\Proyectos\reservalo2.0\app\Controllers\Instalaciones.php(218): App\Models\instalacionesModel->getPistasById(89)
#6 C:\Proyectos\reservalo2.0\system\CodeIgniter.php(941): App\Controllers\Instalaciones->infoPista()
#7 C:\Proyectos\reservalo2.0\system\CodeIgniter.php(502): CodeIgniter\CodeIgniter->runController(Object(App\Controllers\Instalaciones))
#8 C:\Proyectos\reservalo2.0\system\CodeIgniter.php(361): CodeIgniter\CodeIgniter->handleRequest(NULL, Object(Config\Cache), false)
#9 C:\Proyectos\reservalo2.0\index.php(79): CodeIgniter\CodeIgniter->run()
#10 {main}
INFO - 2026-04-27 12:34:46 --> Session: Class initialized using 'CodeIgniter\Session\Handlers\FileHandler' driver.
CRITICAL - 2026-04-27 12:34:56 --> CodeIgniter\Database\Exceptions\DatabaseException: You have an error in your SQL syntax; check the manual that corresponds to your MariaDB server version for the right syntax to use near 'as `reservas`
FROM `pistas`
INNER JOIN `instalaciones` ON `instalaciones`.`id...' at line 1
in SYSTEMPATH\Database\BaseConnection.php on line 647.
 1 SYSTEMPATH\Database\BaseBuilder.php(1616): CodeIgniter\Database\BaseConnection->query('SELECT `pistas`.*, `instalaciones`.`estado`, `reservas`.* as `reservas`
FROM `pistas`
INNER JOIN `instalaciones` ON `instalaciones`.`id_instalacion` = `pistas`.`id_instalacion`
INNER JOIN `reservas` ON `pistas`.`id_pista` = `reservas`.`id_pista`
WHERE `pistas`.`id_pista` = :pistas.id_pista:', [...], false)
 2 APPPATH\Models\instalacionesModel.php(151): CodeIgniter\Database\BaseBuilder->get()
 3 APPPATH\Controllers\Instalaciones.php(218): App\Models\instalacionesModel->getPistasById(89)
 4 SYSTEMPATH\CodeIgniter.php(941): App\Controllers\Instalaciones->infoPista()
 5 SYSTEMPATH\CodeIgniter.php(502): CodeIgniter\CodeIgniter->runController(Object(App\Controllers\Instalaciones))
 6 SYSTEMPATH\CodeIgniter.php(361): CodeIgniter\CodeIgniter->handleRequest(null, Object(Config\Cache), false)
 7 FCPATH\index.php(79): CodeIgniter\CodeIgniter->run()
CRITICAL - 2026-04-27 12:34:56 --> [Caused by] CodeIgniter\Database\Exceptions\DatabaseException: You have an error in your SQL syntax; check the manual that corresponds to your MariaDB server version for the right syntax to use near 'as `reservas`
FROM `pistas`
INNER JOIN `instalaciones` ON `instalaciones`.`id...' at line 1
in SYSTEMPATH\Database\MySQLi\Connection.php on line 311.
 1 SYSTEMPATH\Database\BaseConnection.php(693): CodeIgniter\Database\MySQLi\Connection->execute('SELECT `pistas`.*, `instalaciones`.`estado`, `reservas`.* as `reservas`
FROM `pistas`
INNER JOIN `instalaciones` ON `instalaciones`.`id_instalacion` = `pistas`.`id_instalacion`
INNER JOIN `reservas` ON `pistas`.`id_pista` = `reservas`.`id_pista`
WHERE `pistas`.`id_pista` = 89')
 2 SYSTEMPATH\Database\BaseConnection.php(607): CodeIgniter\Database\BaseConnection->simpleQuery('SELECT `pistas`.*, `instalaciones`.`estado`, `reservas`.* as `reservas`
FROM `pistas`
INNER JOIN `instalaciones` ON `instalaciones`.`id_instalacion` = `pistas`.`id_instalacion`
INNER JOIN `reservas` ON `pistas`.`id_pista` = `reservas`.`id_pista`
WHERE `pistas`.`id_pista` = 89')
 3 SYSTEMPATH\Database\BaseBuilder.php(1616): CodeIgniter\Database\BaseConnection->query('SELECT `pistas`.*, `instalaciones`.`estado`, `reservas`.* as `reservas`
FROM `pistas`
INNER JOIN `instalaciones` ON `instalaciones`.`id_instalacion` = `pistas`.`id_instalacion`
INNER JOIN `reservas` ON `pistas`.`id_pista` = `reservas`.`id_pista`
WHERE `pistas`.`id_pista` = :pistas.id_pista:', [...], false)
 4 APPPATH\Models\instalacionesModel.php(151): CodeIgniter\Database\BaseBuilder->get()
 5 APPPATH\Controllers\Instalaciones.php(218): App\Models\instalacionesModel->getPistasById(89)
 6 SYSTEMPATH\CodeIgniter.php(941): App\Controllers\Instalaciones->infoPista()
 7 SYSTEMPATH\CodeIgniter.php(502): CodeIgniter\CodeIgniter->runController(Object(App\Controllers\Instalaciones))
 8 SYSTEMPATH\CodeIgniter.php(361): CodeIgniter\CodeIgniter->handleRequest(null, Object(Config\Cache), false)
 9 FCPATH\index.php(79): CodeIgniter\CodeIgniter->run()
CRITICAL - 2026-04-27 12:34:56 --> [Caused by] mysqli_sql_exception: You have an error in your SQL syntax; check the manual that corresponds to your MariaDB server version for the right syntax to use near 'as `reservas`
FROM `pistas`
INNER JOIN `instalaciones` ON `instalaciones`.`id...' at line 1
in SYSTEMPATH\Database\MySQLi\Connection.php on line 306.
 1 SYSTEMPATH\Database\MySQLi\Connection.php(306): mysqli->query('SELECT `pistas`.*, `instalaciones`.`estado`, `reservas`.* as `reservas`
FROM `pistas`
INNER JOIN `instalaciones` ON `instalaciones`.`id_instalacion` = `pistas`.`id_instalacion`
INNER JOIN `reservas` ON `pistas`.`id_pista` = `reservas`.`id_pista`
WHERE `pistas`.`id_pista` = 89', 0)
 2 SYSTEMPATH\Database\BaseConnection.php(693): CodeIgniter\Database\MySQLi\Connection->execute('SELECT `pistas`.*, `instalaciones`.`estado`, `reservas`.* as `reservas`
FROM `pistas`
INNER JOIN `instalaciones` ON `instalaciones`.`id_instalacion` = `pistas`.`id_instalacion`
INNER JOIN `reservas` ON `pistas`.`id_pista` = `reservas`.`id_pista`
WHERE `pistas`.`id_pista` = 89')
 3 SYSTEMPATH\Database\BaseConnection.php(607): CodeIgniter\Database\BaseConnection->simpleQuery('SELECT `pistas`.*, `instalaciones`.`estado`, `reservas`.* as `reservas`
FROM `pistas`
INNER JOIN `instalaciones` ON `instalaciones`.`id_instalacion` = `pistas`.`id_instalacion`
INNER JOIN `reservas` ON `pistas`.`id_pista` = `reservas`.`id_pista`
WHERE `pistas`.`id_pista` = 89')
 4 SYSTEMPATH\Database\BaseBuilder.php(1616): CodeIgniter\Database\BaseConnection->query('SELECT `pistas`.*, `instalaciones`.`estado`, `reservas`.* as `reservas`
FROM `pistas`
INNER JOIN `instalaciones` ON `instalaciones`.`id_instalacion` = `pistas`.`id_instalacion`
INNER JOIN `reservas` ON `pistas`.`id_pista` = `reservas`.`id_pista`
WHERE `pistas`.`id_pista` = :pistas.id_pista:', [...], false)
 5 APPPATH\Models\instalacionesModel.php(151): CodeIgniter\Database\BaseBuilder->get()
 6 APPPATH\Controllers\Instalaciones.php(218): App\Models\instalacionesModel->getPistasById(89)
 7 SYSTEMPATH\CodeIgniter.php(941): App\Controllers\Instalaciones->infoPista()
 8 SYSTEMPATH\CodeIgniter.php(502): CodeIgniter\CodeIgniter->runController(Object(App\Controllers\Instalaciones))
 9 SYSTEMPATH\CodeIgniter.php(361): CodeIgniter\CodeIgniter->handleRequest(null, Object(Config\Cache), false)
10 FCPATH\index.php(79): CodeIgniter\CodeIgniter->run()
INFO - 2026-04-27 12:45:21 --> Session: Class initialized using 'CodeIgniter\Session\Handlers\FileHandler' driver.
