INFO - 2025-11-17 09:18:30 --> Session: Class initialized using 'CodeIgniter\Session\Handlers\FileHandler' driver.
INFO - 2025-11-17 09:37:06 --> Session: Class initialized using 'CodeIgniter\Session\Handlers\FileHandler' driver.
INFO - 2025-11-17 09:38:00 --> Session: Class initialized using 'CodeIgniter\Session\Handlers\FileHandler' driver.
INFO - 2025-11-17 09:38:01 --> Session: Class initialized using 'CodeIgniter\Session\Handlers\FileHandler' driver.
INFO - 2025-11-17 09:38:07 --> Session: Class initialized using 'CodeIgniter\Session\Handlers\FileHandler' driver.
INFO - 2025-11-17 09:38:26 --> Session: Class initialized using 'CodeIgniter\Session\Handlers\FileHandler' driver.
INFO - 2025-11-17 10:44:05 --> Session: Class initialized using 'CodeIgniter\Session\Handlers\FileHandler' driver.
INFO - 2025-11-17 10:45:46 --> Session: Class initialized using 'CodeIgniter\Session\Handlers\FileHandler' driver.
CRITICAL - 2025-11-17 10:49:12 --> Error: Call to a member function format() on bool
in APPPATH\Controllers\Horarios.php on line 60.
 1 SYSTEMPATH\CodeIgniter.php(941): App\Controllers\Horarios->crearHorario()
 2 SYSTEMPATH\CodeIgniter.php(502): CodeIgniter\CodeIgniter->runController(Object(App\Controllers\Horarios))
 3 SYSTEMPATH\CodeIgniter.php(361): CodeIgniter\CodeIgniter->handleRequest(null, Object(Config\Cache), false)
 4 FCPATH\index.php(79): CodeIgniter\CodeIgniter->run()
CRITICAL - 2025-11-17 10:49:14 --> Error: Call to a member function format() on bool
in APPPATH\Controllers\Horarios.php on line 60.
 1 SYSTEMPATH\CodeIgniter.php(941): App\Controllers\Horarios->crearHorario()
 2 SYSTEMPATH\CodeIgniter.php(502): CodeIgniter\CodeIgniter->runController(Object(App\Controllers\Horarios))
 3 SYSTEMPATH\CodeIgniter.php(361): CodeIgniter\CodeIgniter->handleRequest(null, Object(Config\Cache), false)
 4 FCPATH\index.php(79): CodeIgniter\CodeIgniter->run()
CRITICAL - 2025-11-17 10:50:36 --> Error: Call to a member function format() on bool
in APPPATH\Controllers\Horarios.php on line 60.
 1 SYSTEMPATH\CodeIgniter.php(941): App\Controllers\Horarios->crearHorario()
 2 SYSTEMPATH\CodeIgniter.php(502): CodeIgniter\CodeIgniter->runController(Object(App\Controllers\Horarios))
 3 SYSTEMPATH\CodeIgniter.php(361): CodeIgniter\CodeIgniter->handleRequest(null, Object(Config\Cache), false)
 4 FCPATH\index.php(79): CodeIgniter\CodeIgniter->run()
CRITICAL - 2025-11-17 10:51:04 --> Error: Call to a member function format() on bool
in APPPATH\Controllers\Horarios.php on line 60.
 1 SYSTEMPATH\CodeIgniter.php(941): App\Controllers\Horarios->crearHorario()
 2 SYSTEMPATH\CodeIgniter.php(502): CodeIgniter\CodeIgniter->runController(Object(App\Controllers\Horarios))
 3 SYSTEMPATH\CodeIgniter.php(361): CodeIgniter\CodeIgniter->handleRequest(null, Object(Config\Cache), false)
 4 FCPATH\index.php(79): CodeIgniter\CodeIgniter->run()
INFO - 2025-11-17 10:51:46 --> Session: Class initialized using 'CodeIgniter\Session\Handlers\FileHandler' driver.
INFO - 2025-11-17 10:51:46 --> Session: Class initialized using 'CodeIgniter\Session\Handlers\FileHandler' driver.
INFO - 2025-11-17 10:51:46 --> Session: Class initialized using 'CodeIgniter\Session\Handlers\FileHandler' driver.
INFO - 2025-11-17 10:51:47 --> Session: Class initialized using 'CodeIgniter\Session\Handlers\FileHandler' driver.
INFO - 2025-11-17 10:51:47 --> Session: Class initialized using 'CodeIgniter\Session\Handlers\FileHandler' driver.
INFO - 2025-11-17 10:51:47 --> Session: Class initialized using 'CodeIgniter\Session\Handlers\FileHandler' driver.
CRITICAL - 2025-11-17 10:54:03 --> Error: Call to a member function format() on bool
in APPPATH\Controllers\Horarios.php on line 60.
 1 SYSTEMPATH\CodeIgniter.php(941): App\Controllers\Horarios->crearHorario()
 2 SYSTEMPATH\CodeIgniter.php(502): CodeIgniter\CodeIgniter->runController(Object(App\Controllers\Horarios))
 3 SYSTEMPATH\CodeIgniter.php(361): CodeIgniter\CodeIgniter->handleRequest(null, Object(Config\Cache), false)
 4 FCPATH\index.php(79): CodeIgniter\CodeIgniter->run()
INFO - 2025-11-17 10:54:11 --> Session: Class initialized using 'CodeIgniter\Session\Handlers\FileHandler' driver.
CRITICAL - 2025-11-17 10:56:06 --> ErrorException: Undefined array key "es_especial"
in APPPATH\Controllers\Horarios.php on line 61.
 1 APPPATH\Controllers\Horarios.php(61): CodeIgniter\Debug\Exceptions->errorHandler(2, 'Undefined array key "es_especial"', 'C:\\Proyectos\\reservalo2.0\\app\\Controllers\\Horarios.php', 61)
 2 SYSTEMPATH\CodeIgniter.php(941): App\Controllers\Horarios->crearHorario()
 3 SYSTEMPATH\CodeIgniter.php(502): CodeIgniter\CodeIgniter->runController(Object(App\Controllers\Horarios))
 4 SYSTEMPATH\CodeIgniter.php(361): CodeIgniter\CodeIgniter->handleRequest(null, Object(Config\Cache), false)
 5 FCPATH\index.php(79): CodeIgniter\CodeIgniter->run()
CRITICAL - 2025-11-17 10:56:41 --> ErrorException: Undefined array key "es_especial"
in APPPATH\Controllers\Horarios.php on line 61.
 1 APPPATH\Controllers\Horarios.php(61): CodeIgniter\Debug\Exceptions->errorHandler(2, 'Undefined array key "es_especial"', 'C:\\Proyectos\\reservalo2.0\\app\\Controllers\\Horarios.php', 61)
 2 SYSTEMPATH\CodeIgniter.php(941): App\Controllers\Horarios->crearHorario()
 3 SYSTEMPATH\CodeIgniter.php(502): CodeIgniter\CodeIgniter->runController(Object(App\Controllers\Horarios))
 4 SYSTEMPATH\CodeIgniter.php(361): CodeIgniter\CodeIgniter->handleRequest(null, Object(Config\Cache), false)
 5 FCPATH\index.php(79): CodeIgniter\CodeIgniter->run()
INFO - 2025-11-17 10:56:50 --> Session: Class initialized using 'CodeIgniter\Session\Handlers\FileHandler' driver.
INFO - 2025-11-17 10:59:09 --> Session: Class initialized using 'CodeIgniter\Session\Handlers\FileHandler' driver.
INFO - 2025-11-17 11:02:00 --> Session: Class initialized using 'CodeIgniter\Session\Handlers\FileHandler' driver.
INFO - 2025-11-17 11:10:49 --> Session: Class initialized using 'CodeIgniter\Session\Handlers\FileHandler' driver.
INFO - 2025-11-17 11:16:03 --> Session: Class initialized using 'CodeIgniter\Session\Handlers\FileHandler' driver.
INFO - 2025-11-17 11:19:31 --> Session: Class initialized using 'CodeIgniter\Session\Handlers\FileHandler' driver.
INFO - 2025-11-17 11:21:12 --> Session: Class initialized using 'CodeIgniter\Session\Handlers\FileHandler' driver.
INFO - 2025-11-17 11:23:40 --> Session: Class initialized using 'CodeIgniter\Session\Handlers\FileHandler' driver.
INFO - 2025-11-17 11:27:36 --> Session: Class initialized using 'CodeIgniter\Session\Handlers\FileHandler' driver.
INFO - 2025-11-17 15:09:42 --> Session: Class initialized using 'CodeIgniter\Session\Handlers\FileHandler' driver.
INFO - 2025-11-17 15:27:22 --> Session: Class initialized using 'CodeIgniter\Session\Handlers\FileHandler' driver.
INFO - 2025-11-17 15:44:51 --> Session: Class initialized using 'CodeIgniter\Session\Handlers\FileHandler' driver.
INFO - 2025-11-17 15:45:06 --> Session: Class initialized using 'CodeIgniter\Session\Handlers\FileHandler' driver.
INFO - 2025-11-17 15:45:07 --> Session: Class initialized using 'CodeIgniter\Session\Handlers\FileHandler' driver.
INFO - 2025-11-17 15:45:11 --> Session: Class initialized using 'CodeIgniter\Session\Handlers\FileHandler' driver.
INFO - 2025-11-17 15:45:17 --> Session: Class initialized using 'CodeIgniter\Session\Handlers\FileHandler' driver.
INFO - 2025-11-17 16:03:49 --> Session: Class initialized using 'CodeIgniter\Session\Handlers\FileHandler' driver.
INFO - 2025-11-17 16:05:10 --> Session: Class initialized using 'CodeIgniter\Session\Handlers\FileHandler' driver.
INFO - 2025-11-17 16:06:16 --> Session: Class initialized using 'CodeIgniter\Session\Handlers\FileHandler' driver.
INFO - 2025-11-17 16:06:26 --> Session: Class initialized using 'CodeIgniter\Session\Handlers\FileHandler' driver.
INFO - 2025-11-17 16:07:42 --> Session: Class initialized using 'CodeIgniter\Session\Handlers\FileHandler' driver.
INFO - 2025-11-17 16:11:53 --> Session: Class initialized using 'CodeIgniter\Session\Handlers\FileHandler' driver.
INFO - 2025-11-17 16:22:34 --> Session: Class initialized using 'CodeIgniter\Session\Handlers\FileHandler' driver.
CRITICAL - 2025-11-17 16:23:21 --> Error: Object of class DateTime could not be converted to string
in SYSTEMPATH\Database\Query.php on line 333.
 1 SYSTEMPATH\Database\Query.php(333): strtr('INSERT INTO `excepciones_horario` (`id_tipo_horario_base`, `id_tipo_horario_excepcion`, `fecha_inicio`, `fecha_fin`) VALUES (:id_tipo_horario_base:, :id_tipo_horario_excepcion:, :fecha_inicio:, :fecha_fin:)', [...])
 2 SYSTEMPATH\Database\Query.php(308): CodeIgniter\Database\Query->matchNamedBinds('INSERT INTO `excepciones_horario` (`id_tipo_horario_base`, `id_tipo_horario_excepcion`, `fecha_inicio`, `fecha_fin`) VALUES (:id_tipo_horario_base:, :id_tipo_horario_excepcion:, :fecha_inicio:, :fecha_fin:)', [...])
 3 SYSTEMPATH\Database\Query.php(159): CodeIgniter\Database\Query->compileBinds()
 4 SYSTEMPATH\Database\BaseConnection.php(607): CodeIgniter\Database\Query->getQuery()
 5 SYSTEMPATH\Database\BaseBuilder.php(2307): CodeIgniter\Database\BaseConnection->query('INSERT INTO `excepciones_horario` (`id_tipo_horario_base`, `id_tipo_horario_excepcion`, `fecha_inicio`, `fecha_fin`) VALUES (:id_tipo_horario_base:, :id_tipo_horario_excepcion:, :fecha_inicio:, :fecha_fin:)', [...], false)
 6 APPPATH\Models\horariosModel.php(277): CodeIgniter\Database\BaseBuilder->insert([...])
 7 APPPATH\Controllers\Horarios.php(100): App\Models\horariosModel->crearExcepcion([...])
 8 SYSTEMPATH\CodeIgniter.php(941): App\Controllers\Horarios->crearHorario()
 9 SYSTEMPATH\CodeIgniter.php(502): CodeIgniter\CodeIgniter->runController(Object(App\Controllers\Horarios))
10 SYSTEMPATH\CodeIgniter.php(361): CodeIgniter\CodeIgniter->handleRequest(null, Object(Config\Cache), false)
11 FCPATH\index.php(79): CodeIgniter\CodeIgniter->run()
CRITICAL - 2025-11-17 16:23:26 --> Error: Object of class DateTime could not be converted to string
in SYSTEMPATH\Database\Query.php on line 333.
 1 SYSTEMPATH\Database\Query.php(333): strtr('INSERT INTO `excepciones_horario` (`id_tipo_horario_base`, `id_tipo_horario_excepcion`, `fecha_inicio`, `fecha_fin`) VALUES (:id_tipo_horario_base:, :id_tipo_horario_excepcion:, :fecha_inicio:, :fecha_fin:)', [...])
 2 SYSTEMPATH\Database\Query.php(308): CodeIgniter\Database\Query->matchNamedBinds('INSERT INTO `excepciones_horario` (`id_tipo_horario_base`, `id_tipo_horario_excepcion`, `fecha_inicio`, `fecha_fin`) VALUES (:id_tipo_horario_base:, :id_tipo_horario_excepcion:, :fecha_inicio:, :fecha_fin:)', [...])
 3 SYSTEMPATH\Database\Query.php(159): CodeIgniter\Database\Query->compileBinds()
 4 SYSTEMPATH\Database\BaseConnection.php(607): CodeIgniter\Database\Query->getQuery()
 5 SYSTEMPATH\Database\BaseBuilder.php(2307): CodeIgniter\Database\BaseConnection->query('INSERT INTO `excepciones_horario` (`id_tipo_horario_base`, `id_tipo_horario_excepcion`, `fecha_inicio`, `fecha_fin`) VALUES (:id_tipo_horario_base:, :id_tipo_horario_excepcion:, :fecha_inicio:, :fecha_fin:)', [...], false)
 6 APPPATH\Models\horariosModel.php(277): CodeIgniter\Database\BaseBuilder->insert([...])
 7 APPPATH\Controllers\Horarios.php(100): App\Models\horariosModel->crearExcepcion([...])
 8 SYSTEMPATH\CodeIgniter.php(941): App\Controllers\Horarios->crearHorario()
 9 SYSTEMPATH\CodeIgniter.php(502): CodeIgniter\CodeIgniter->runController(Object(App\Controllers\Horarios))
10 SYSTEMPATH\CodeIgniter.php(361): CodeIgniter\CodeIgniter->handleRequest(null, Object(Config\Cache), false)
11 FCPATH\index.php(79): CodeIgniter\CodeIgniter->run()
CRITICAL - 2025-11-17 16:24:12 --> Error: Object of class DateTime could not be converted to string
in SYSTEMPATH\Database\Query.php on line 333.
 1 SYSTEMPATH\Database\Query.php(333): strtr('INSERT INTO `excepciones_horario` (`id_tipo_horario_base`, `id_tipo_horario_excepcion`, `fecha_inicio`, `fecha_fin`) VALUES (:id_tipo_horario_base:, :id_tipo_horario_excepcion:, :fecha_inicio:, :fecha_fin:)', [...])
 2 SYSTEMPATH\Database\Query.php(308): CodeIgniter\Database\Query->matchNamedBinds('INSERT INTO `excepciones_horario` (`id_tipo_horario_base`, `id_tipo_horario_excepcion`, `fecha_inicio`, `fecha_fin`) VALUES (:id_tipo_horario_base:, :id_tipo_horario_excepcion:, :fecha_inicio:, :fecha_fin:)', [...])
 3 SYSTEMPATH\Database\Query.php(159): CodeIgniter\Database\Query->compileBinds()
 4 SYSTEMPATH\Database\BaseConnection.php(607): CodeIgniter\Database\Query->getQuery()
 5 SYSTEMPATH\Database\BaseBuilder.php(2307): CodeIgniter\Database\BaseConnection->query('INSERT INTO `excepciones_horario` (`id_tipo_horario_base`, `id_tipo_horario_excepcion`, `fecha_inicio`, `fecha_fin`) VALUES (:id_tipo_horario_base:, :id_tipo_horario_excepcion:, :fecha_inicio:, :fecha_fin:)', [...], false)
 6 APPPATH\Models\horariosModel.php(277): CodeIgniter\Database\BaseBuilder->insert([...])
 7 APPPATH\Controllers\Horarios.php(100): App\Models\horariosModel->crearExcepcion([...])
 8 SYSTEMPATH\CodeIgniter.php(941): App\Controllers\Horarios->crearHorario()
 9 SYSTEMPATH\CodeIgniter.php(502): CodeIgniter\CodeIgniter->runController(Object(App\Controllers\Horarios))
10 SYSTEMPATH\CodeIgniter.php(361): CodeIgniter\CodeIgniter->handleRequest(null, Object(Config\Cache), false)
11 FCPATH\index.php(79): CodeIgniter\CodeIgniter->run()
INFO - 2025-11-17 16:25:25 --> Session: Class initialized using 'CodeIgniter\Session\Handlers\FileHandler' driver.
INFO - 2025-11-17 16:27:21 --> Session: Class initialized using 'CodeIgniter\Session\Handlers\FileHandler' driver.
INFO - 2025-11-17 16:27:41 --> Session: Class initialized using 'CodeIgniter\Session\Handlers\FileHandler' driver.
INFO - 2025-11-17 16:29:31 --> Session: Class initialized using 'CodeIgniter\Session\Handlers\FileHandler' driver.
INFO - 2025-11-17 16:59:58 --> Session: Class initialized using 'CodeIgniter\Session\Handlers\FileHandler' driver.
INFO - 2025-11-17 17:18:47 --> Session: Class initialized using 'CodeIgniter\Session\Handlers\FileHandler' driver.
INFO - 2025-11-17 17:21:20 --> Session: Class initialized using 'CodeIgniter\Session\Handlers\FileHandler' driver.
INFO - 2025-11-17 17:24:26 --> Session: Class initialized using 'CodeIgniter\Session\Handlers\FileHandler' driver.
