ERROR - 2026-01-16 08:36:03 --> Error connecting to the database: ErrorException: mysqli::real_connect(): Error while reading greeting packet. PID=8356 in C:\Proyectos\reservalo2.0\system\Database\MySQLi\Connection.php:184
Stack trace:
#0 [internal function]: CodeIgniter\Debug\Exceptions->errorHandler(2, 'mysqli::real_co...', 'C:\\Proyectos\\re...', 184)
#1 C:\Proyectos\reservalo2.0\system\Database\MySQLi\Connection.php(184): mysqli->real_connect('localhost', 'root', Object(SensitiveParameterValue), 'reservalo2', 3306, '', 0)
#2 C:\Proyectos\reservalo2.0\system\Database\BaseConnection.php(392): CodeIgniter\Database\MySQLi\Connection->connect(false)
#3 C:\Proyectos\reservalo2.0\system\Database\BaseConnection.php(575): CodeIgniter\Database\BaseConnection->initialize()
#4 C:\Proyectos\reservalo2.0\system\Database\BaseBuilder.php(1616): CodeIgniter\Database\BaseConnection->query('SELECT DISTINCT...', Array, false)
#5 C:\Proyectos\reservalo2.0\app\Models\horariosModel.php(121): CodeIgniter\Database\BaseBuilder->get()
#6 C:\Proyectos\reservalo2.0\app\Controllers\Horarios.php(24): App\Models\horariosModel->comprobarHorariosLegend(42)
#7 C:\Proyectos\reservalo2.0\system\CodeIgniter.php(941): App\Controllers\Horarios->horario(42)
#8 C:\Proyectos\reservalo2.0\system\CodeIgniter.php(502): CodeIgniter\CodeIgniter->runController(Object(App\Controllers\Horarios))
#9 C:\Proyectos\reservalo2.0\system\CodeIgniter.php(361): CodeIgniter\CodeIgniter->handleRequest(NULL, Object(Config\Cache), false)
#10 C:\Proyectos\reservalo2.0\index.php(79): CodeIgniter\CodeIgniter->run()
#11 {main}

Next mysqli_sql_exception: MySQL server has gone away in C:\Proyectos\reservalo2.0\system\Database\MySQLi\Connection.php:184
Stack trace:
#0 C:\Proyectos\reservalo2.0\system\Database\MySQLi\Connection.php(184): mysqli->real_connect('localhost', 'root', Object(SensitiveParameterValue), 'reservalo2', 3306, '', 0)
#1 C:\Proyectos\reservalo2.0\system\Database\BaseConnection.php(392): CodeIgniter\Database\MySQLi\Connection->connect(false)
#2 C:\Proyectos\reservalo2.0\system\Database\BaseConnection.php(575): CodeIgniter\Database\BaseConnection->initialize()
#3 C:\Proyectos\reservalo2.0\system\Database\BaseBuilder.php(1616): CodeIgniter\Database\BaseConnection->query('SELECT DISTINCT...', Array, false)
#4 C:\Proyectos\reservalo2.0\app\Models\horariosModel.php(121): CodeIgniter\Database\BaseBuilder->get()
#5 C:\Proyectos\reservalo2.0\app\Controllers\Horarios.php(24): App\Models\horariosModel->comprobarHorariosLegend(42)
#6 C:\Proyectos\reservalo2.0\system\CodeIgniter.php(941): App\Controllers\Horarios->horario(42)
#7 C:\Proyectos\reservalo2.0\system\CodeIgniter.php(502): CodeIgniter\CodeIgniter->runController(Object(App\Controllers\Horarios))
#8 C:\Proyectos\reservalo2.0\system\CodeIgniter.php(361): CodeIgniter\CodeIgniter->handleRequest(NULL, Object(Config\Cache), false)
#9 C:\Proyectos\reservalo2.0\index.php(79): CodeIgniter\CodeIgniter->run()
#10 {main}

Next CodeIgniter\Database\Exceptions\DatabaseException: MySQL server has gone away in C:\Proyectos\reservalo2.0\system\Database\MySQLi\Connection.php:229
Stack trace:
#0 C:\Proyectos\reservalo2.0\system\Database\BaseConnection.php(392): CodeIgniter\Database\MySQLi\Connection->connect(false)
#1 C:\Proyectos\reservalo2.0\system\Database\BaseConnection.php(575): CodeIgniter\Database\BaseConnection->initialize()
#2 C:\Proyectos\reservalo2.0\system\Database\BaseBuilder.php(1616): CodeIgniter\Database\BaseConnection->query('SELECT DISTINCT...', Array, false)
#3 C:\Proyectos\reservalo2.0\app\Models\horariosModel.php(121): CodeIgniter\Database\BaseBuilder->get()
#4 C:\Proyectos\reservalo2.0\app\Controllers\Horarios.php(24): App\Models\horariosModel->comprobarHorariosLegend(42)
#5 C:\Proyectos\reservalo2.0\system\CodeIgniter.php(941): App\Controllers\Horarios->horario(42)
#6 C:\Proyectos\reservalo2.0\system\CodeIgniter.php(502): CodeIgniter\CodeIgniter->runController(Object(App\Controllers\Horarios))
#7 C:\Proyectos\reservalo2.0\system\CodeIgniter.php(361): CodeIgniter\CodeIgniter->handleRequest(NULL, Object(Config\Cache), false)
#8 C:\Proyectos\reservalo2.0\index.php(79): CodeIgniter\CodeIgniter->run()
#9 {main}
CRITICAL - 2026-01-16 08:36:03 --> CodeIgniter\Database\Exceptions\DatabaseException: Unable to connect to the database.
Main connection [MySQLi]: MySQL server has gone away
in SYSTEMPATH\Database\BaseConnection.php on line 428.
 1 SYSTEMPATH\Database\BaseConnection.php(575): CodeIgniter\Database\BaseConnection->initialize()
 2 SYSTEMPATH\Database\BaseBuilder.php(1616): CodeIgniter\Database\BaseConnection->query('SELECT DISTINCT `tipo_horario`.*
FROM `tipo_horario`
INNER JOIN `franjas_horarias` ON `franjas_horarias`.`id_tipo_horario` = `tipo_horario`.`id_tipo_horario`
WHERE `franjas_horarias`.`id_instalacion` = :franjas_horarias.id_instalacion:
AND `tipo_horario`.`fecha_inicio` >= :tipo_horario.fecha_inicio:
AND `tipo_horario`.`fecha_fin` <= :tipo_horario.fecha_fin:', [...], false)
 3 APPPATH\Models\horariosModel.php(121): CodeIgniter\Database\BaseBuilder->get()
 4 APPPATH\Controllers\Horarios.php(24): App\Models\horariosModel->comprobarHorariosLegend(42)
 5 SYSTEMPATH\CodeIgniter.php(941): App\Controllers\Horarios->horario(42)
 6 SYSTEMPATH\CodeIgniter.php(502): CodeIgniter\CodeIgniter->runController(Object(App\Controllers\Horarios))
 7 SYSTEMPATH\CodeIgniter.php(361): CodeIgniter\CodeIgniter->handleRequest(null, Object(Config\Cache), false)
 8 FCPATH\index.php(79): CodeIgniter\CodeIgniter->run()
ERROR - 2026-01-16 08:53:56 --> mysqli_sql_exception: Table 'reservalo2.tipo_horario' doesn't exist in engine in C:\Proyectos\reservalo2.0\system\Database\MySQLi\Connection.php:306
Stack trace:
#0 C:\Proyectos\reservalo2.0\system\Database\MySQLi\Connection.php(306): mysqli->query('SELECT DISTINCT...', 0)
#1 C:\Proyectos\reservalo2.0\system\Database\BaseConnection.php(693): CodeIgniter\Database\MySQLi\Connection->execute('SELECT DISTINCT...')
#2 C:\Proyectos\reservalo2.0\system\Database\BaseConnection.php(607): CodeIgniter\Database\BaseConnection->simpleQuery('SELECT DISTINCT...')
#3 C:\Proyectos\reservalo2.0\system\Database\BaseBuilder.php(1616): CodeIgniter\Database\BaseConnection->query('SELECT DISTINCT...', Array, false)
#4 C:\Proyectos\reservalo2.0\app\Models\horariosModel.php(121): CodeIgniter\Database\BaseBuilder->get()
#5 C:\Proyectos\reservalo2.0\app\Controllers\Horarios.php(24): App\Models\horariosModel->comprobarHorariosLegend(42)
#6 C:\Proyectos\reservalo2.0\system\CodeIgniter.php(941): App\Controllers\Horarios->horario(42)
#7 C:\Proyectos\reservalo2.0\system\CodeIgniter.php(502): CodeIgniter\CodeIgniter->runController(Object(App\Controllers\Horarios))
#8 C:\Proyectos\reservalo2.0\system\CodeIgniter.php(361): CodeIgniter\CodeIgniter->handleRequest(NULL, Object(Config\Cache), false)
#9 C:\Proyectos\reservalo2.0\index.php(79): CodeIgniter\CodeIgniter->run()
#10 {main}
CRITICAL - 2026-01-16 08:53:57 --> CodeIgniter\Database\Exceptions\DatabaseException: Table 'reservalo2.tipo_horario' doesn't exist in engine
in SYSTEMPATH\Database\BaseConnection.php on line 647.
 1 SYSTEMPATH\Database\BaseBuilder.php(1616): CodeIgniter\Database\BaseConnection->query('SELECT DISTINCT `tipo_horario`.*
FROM `tipo_horario`
INNER JOIN `franjas_horarias` ON `franjas_horarias`.`id_tipo_horario` = `tipo_horario`.`id_tipo_horario`
WHERE `franjas_horarias`.`id_instalacion` = :franjas_horarias.id_instalacion:
AND `tipo_horario`.`fecha_inicio` >= :tipo_horario.fecha_inicio:
AND `tipo_horario`.`fecha_fin` <= :tipo_horario.fecha_fin:', [...], false)
 2 APPPATH\Models\horariosModel.php(121): CodeIgniter\Database\BaseBuilder->get()
 3 APPPATH\Controllers\Horarios.php(24): App\Models\horariosModel->comprobarHorariosLegend(42)
 4 SYSTEMPATH\CodeIgniter.php(941): App\Controllers\Horarios->horario(42)
 5 SYSTEMPATH\CodeIgniter.php(502): CodeIgniter\CodeIgniter->runController(Object(App\Controllers\Horarios))
 6 SYSTEMPATH\CodeIgniter.php(361): CodeIgniter\CodeIgniter->handleRequest(null, Object(Config\Cache), false)
 7 FCPATH\index.php(79): CodeIgniter\CodeIgniter->run()
CRITICAL - 2026-01-16 08:53:57 --> [Caused by] CodeIgniter\Database\Exceptions\DatabaseException: Table 'reservalo2.tipo_horario' doesn't exist in engine
in SYSTEMPATH\Database\MySQLi\Connection.php on line 311.
 1 SYSTEMPATH\Database\BaseConnection.php(693): CodeIgniter\Database\MySQLi\Connection->execute('SELECT DISTINCT `tipo_horario`.*
FROM `tipo_horario`
INNER JOIN `franjas_horarias` ON `franjas_horarias`.`id_tipo_horario` = `tipo_horario`.`id_tipo_horario`
WHERE `franjas_horarias`.`id_instalacion` = 42
AND `tipo_horario`.`fecha_inicio` >= \'2026-01-01\'
AND `tipo_horario`.`fecha_fin` <= \'2026-12-31\'')
 2 SYSTEMPATH\Database\BaseConnection.php(607): CodeIgniter\Database\BaseConnection->simpleQuery('SELECT DISTINCT `tipo_horario`.*
FROM `tipo_horario`
INNER JOIN `franjas_horarias` ON `franjas_horarias`.`id_tipo_horario` = `tipo_horario`.`id_tipo_horario`
WHERE `franjas_horarias`.`id_instalacion` = 42
AND `tipo_horario`.`fecha_inicio` >= \'2026-01-01\'
AND `tipo_horario`.`fecha_fin` <= \'2026-12-31\'')
 3 SYSTEMPATH\Database\BaseBuilder.php(1616): CodeIgniter\Database\BaseConnection->query('SELECT DISTINCT `tipo_horario`.*
FROM `tipo_horario`
INNER JOIN `franjas_horarias` ON `franjas_horarias`.`id_tipo_horario` = `tipo_horario`.`id_tipo_horario`
WHERE `franjas_horarias`.`id_instalacion` = :franjas_horarias.id_instalacion:
AND `tipo_horario`.`fecha_inicio` >= :tipo_horario.fecha_inicio:
AND `tipo_horario`.`fecha_fin` <= :tipo_horario.fecha_fin:', [...], false)
 4 APPPATH\Models\horariosModel.php(121): CodeIgniter\Database\BaseBuilder->get()
 5 APPPATH\Controllers\Horarios.php(24): App\Models\horariosModel->comprobarHorariosLegend(42)
 6 SYSTEMPATH\CodeIgniter.php(941): App\Controllers\Horarios->horario(42)
 7 SYSTEMPATH\CodeIgniter.php(502): CodeIgniter\CodeIgniter->runController(Object(App\Controllers\Horarios))
 8 SYSTEMPATH\CodeIgniter.php(361): CodeIgniter\CodeIgniter->handleRequest(null, Object(Config\Cache), false)
 9 FCPATH\index.php(79): CodeIgniter\CodeIgniter->run()
CRITICAL - 2026-01-16 08:53:57 --> [Caused by] mysqli_sql_exception: Table 'reservalo2.tipo_horario' doesn't exist in engine
in SYSTEMPATH\Database\MySQLi\Connection.php on line 306.
 1 SYSTEMPATH\Database\MySQLi\Connection.php(306): mysqli->query('SELECT DISTINCT `tipo_horario`.*
FROM `tipo_horario`
INNER JOIN `franjas_horarias` ON `franjas_horarias`.`id_tipo_horario` = `tipo_horario`.`id_tipo_horario`
WHERE `franjas_horarias`.`id_instalacion` = 42
AND `tipo_horario`.`fecha_inicio` >= \'2026-01-01\'
AND `tipo_horario`.`fecha_fin` <= \'2026-12-31\'', 0)
 2 SYSTEMPATH\Database\BaseConnection.php(693): CodeIgniter\Database\MySQLi\Connection->execute('SELECT DISTINCT `tipo_horario`.*
FROM `tipo_horario`
INNER JOIN `franjas_horarias` ON `franjas_horarias`.`id_tipo_horario` = `tipo_horario`.`id_tipo_horario`
WHERE `franjas_horarias`.`id_instalacion` = 42
AND `tipo_horario`.`fecha_inicio` >= \'2026-01-01\'
AND `tipo_horario`.`fecha_fin` <= \'2026-12-31\'')
 3 SYSTEMPATH\Database\BaseConnection.php(607): CodeIgniter\Database\BaseConnection->simpleQuery('SELECT DISTINCT `tipo_horario`.*
FROM `tipo_horario`
INNER JOIN `franjas_horarias` ON `franjas_horarias`.`id_tipo_horario` = `tipo_horario`.`id_tipo_horario`
WHERE `franjas_horarias`.`id_instalacion` = 42
AND `tipo_horario`.`fecha_inicio` >= \'2026-01-01\'
AND `tipo_horario`.`fecha_fin` <= \'2026-12-31\'')
 4 SYSTEMPATH\Database\BaseBuilder.php(1616): CodeIgniter\Database\BaseConnection->query('SELECT DISTINCT `tipo_horario`.*
FROM `tipo_horario`
INNER JOIN `franjas_horarias` ON `franjas_horarias`.`id_tipo_horario` = `tipo_horario`.`id_tipo_horario`
WHERE `franjas_horarias`.`id_instalacion` = :franjas_horarias.id_instalacion:
AND `tipo_horario`.`fecha_inicio` >= :tipo_horario.fecha_inicio:
AND `tipo_horario`.`fecha_fin` <= :tipo_horario.fecha_fin:', [...], false)
 5 APPPATH\Models\horariosModel.php(121): CodeIgniter\Database\BaseBuilder->get()
 6 APPPATH\Controllers\Horarios.php(24): App\Models\horariosModel->comprobarHorariosLegend(42)
 7 SYSTEMPATH\CodeIgniter.php(941): App\Controllers\Horarios->horario(42)
 8 SYSTEMPATH\CodeIgniter.php(502): CodeIgniter\CodeIgniter->runController(Object(App\Controllers\Horarios))
 9 SYSTEMPATH\CodeIgniter.php(361): CodeIgniter\CodeIgniter->handleRequest(null, Object(Config\Cache), false)
10 FCPATH\index.php(79): CodeIgniter\CodeIgniter->run()
ERROR - 2026-01-16 08:54:00 --> mysqli_sql_exception: Table 'reservalo2.tipo_horario' doesn't exist in engine in C:\Proyectos\reservalo2.0\system\Database\MySQLi\Connection.php:306
Stack trace:
#0 C:\Proyectos\reservalo2.0\system\Database\MySQLi\Connection.php(306): mysqli->query('SELECT DISTINCT...', 0)
#1 C:\Proyectos\reservalo2.0\system\Database\BaseConnection.php(693): CodeIgniter\Database\MySQLi\Connection->execute('SELECT DISTINCT...')
#2 C:\Proyectos\reservalo2.0\system\Database\BaseConnection.php(607): CodeIgniter\Database\BaseConnection->simpleQuery('SELECT DISTINCT...')
#3 C:\Proyectos\reservalo2.0\system\Database\BaseBuilder.php(1616): CodeIgniter\Database\BaseConnection->query('SELECT DISTINCT...', Array, false)
#4 C:\Proyectos\reservalo2.0\app\Models\horariosModel.php(121): CodeIgniter\Database\BaseBuilder->get()
#5 C:\Proyectos\reservalo2.0\app\Controllers\Horarios.php(24): App\Models\horariosModel->comprobarHorariosLegend(42)
#6 C:\Proyectos\reservalo2.0\system\CodeIgniter.php(941): App\Controllers\Horarios->horario(42)
#7 C:\Proyectos\reservalo2.0\system\CodeIgniter.php(502): CodeIgniter\CodeIgniter->runController(Object(App\Controllers\Horarios))
#8 C:\Proyectos\reservalo2.0\system\CodeIgniter.php(361): CodeIgniter\CodeIgniter->handleRequest(NULL, Object(Config\Cache), false)
#9 C:\Proyectos\reservalo2.0\index.php(79): CodeIgniter\CodeIgniter->run()
#10 {main}
CRITICAL - 2026-01-16 08:54:00 --> CodeIgniter\Database\Exceptions\DatabaseException: Table 'reservalo2.tipo_horario' doesn't exist in engine
in SYSTEMPATH\Database\BaseConnection.php on line 647.
 1 SYSTEMPATH\Database\BaseBuilder.php(1616): CodeIgniter\Database\BaseConnection->query('SELECT DISTINCT `tipo_horario`.*
FROM `tipo_horario`
INNER JOIN `franjas_horarias` ON `franjas_horarias`.`id_tipo_horario` = `tipo_horario`.`id_tipo_horario`
WHERE `franjas_horarias`.`id_instalacion` = :franjas_horarias.id_instalacion:
AND `tipo_horario`.`fecha_inicio` >= :tipo_horario.fecha_inicio:
AND `tipo_horario`.`fecha_fin` <= :tipo_horario.fecha_fin:', [...], false)
 2 APPPATH\Models\horariosModel.php(121): CodeIgniter\Database\BaseBuilder->get()
 3 APPPATH\Controllers\Horarios.php(24): App\Models\horariosModel->comprobarHorariosLegend(42)
 4 SYSTEMPATH\CodeIgniter.php(941): App\Controllers\Horarios->horario(42)
 5 SYSTEMPATH\CodeIgniter.php(502): CodeIgniter\CodeIgniter->runController(Object(App\Controllers\Horarios))
 6 SYSTEMPATH\CodeIgniter.php(361): CodeIgniter\CodeIgniter->handleRequest(null, Object(Config\Cache), false)
 7 FCPATH\index.php(79): CodeIgniter\CodeIgniter->run()
CRITICAL - 2026-01-16 08:54:00 --> [Caused by] CodeIgniter\Database\Exceptions\DatabaseException: Table 'reservalo2.tipo_horario' doesn't exist in engine
in SYSTEMPATH\Database\MySQLi\Connection.php on line 311.
 1 SYSTEMPATH\Database\BaseConnection.php(693): CodeIgniter\Database\MySQLi\Connection->execute('SELECT DISTINCT `tipo_horario`.*
FROM `tipo_horario`
INNER JOIN `franjas_horarias` ON `franjas_horarias`.`id_tipo_horario` = `tipo_horario`.`id_tipo_horario`
WHERE `franjas_horarias`.`id_instalacion` = 42
AND `tipo_horario`.`fecha_inicio` >= \'2026-01-01\'
AND `tipo_horario`.`fecha_fin` <= \'2026-12-31\'')
 2 SYSTEMPATH\Database\BaseConnection.php(607): CodeIgniter\Database\BaseConnection->simpleQuery('SELECT DISTINCT `tipo_horario`.*
FROM `tipo_horario`
INNER JOIN `franjas_horarias` ON `franjas_horarias`.`id_tipo_horario` = `tipo_horario`.`id_tipo_horario`
WHERE `franjas_horarias`.`id_instalacion` = 42
AND `tipo_horario`.`fecha_inicio` >= \'2026-01-01\'
AND `tipo_horario`.`fecha_fin` <= \'2026-12-31\'')
 3 SYSTEMPATH\Database\BaseBuilder.php(1616): CodeIgniter\Database\BaseConnection->query('SELECT DISTINCT `tipo_horario`.*
FROM `tipo_horario`
INNER JOIN `franjas_horarias` ON `franjas_horarias`.`id_tipo_horario` = `tipo_horario`.`id_tipo_horario`
WHERE `franjas_horarias`.`id_instalacion` = :franjas_horarias.id_instalacion:
AND `tipo_horario`.`fecha_inicio` >= :tipo_horario.fecha_inicio:
AND `tipo_horario`.`fecha_fin` <= :tipo_horario.fecha_fin:', [...], false)
 4 APPPATH\Models\horariosModel.php(121): CodeIgniter\Database\BaseBuilder->get()
 5 APPPATH\Controllers\Horarios.php(24): App\Models\horariosModel->comprobarHorariosLegend(42)
 6 SYSTEMPATH\CodeIgniter.php(941): App\Controllers\Horarios->horario(42)
 7 SYSTEMPATH\CodeIgniter.php(502): CodeIgniter\CodeIgniter->runController(Object(App\Controllers\Horarios))
 8 SYSTEMPATH\CodeIgniter.php(361): CodeIgniter\CodeIgniter->handleRequest(null, Object(Config\Cache), false)
 9 FCPATH\index.php(79): CodeIgniter\CodeIgniter->run()
CRITICAL - 2026-01-16 08:54:00 --> [Caused by] mysqli_sql_exception: Table 'reservalo2.tipo_horario' doesn't exist in engine
in SYSTEMPATH\Database\MySQLi\Connection.php on line 306.
 1 SYSTEMPATH\Database\MySQLi\Connection.php(306): mysqli->query('SELECT DISTINCT `tipo_horario`.*
FROM `tipo_horario`
INNER JOIN `franjas_horarias` ON `franjas_horarias`.`id_tipo_horario` = `tipo_horario`.`id_tipo_horario`
WHERE `franjas_horarias`.`id_instalacion` = 42
AND `tipo_horario`.`fecha_inicio` >= \'2026-01-01\'
AND `tipo_horario`.`fecha_fin` <= \'2026-12-31\'', 0)
 2 SYSTEMPATH\Database\BaseConnection.php(693): CodeIgniter\Database\MySQLi\Connection->execute('SELECT DISTINCT `tipo_horario`.*
FROM `tipo_horario`
INNER JOIN `franjas_horarias` ON `franjas_horarias`.`id_tipo_horario` = `tipo_horario`.`id_tipo_horario`
WHERE `franjas_horarias`.`id_instalacion` = 42
AND `tipo_horario`.`fecha_inicio` >= \'2026-01-01\'
AND `tipo_horario`.`fecha_fin` <= \'2026-12-31\'')
 3 SYSTEMPATH\Database\BaseConnection.php(607): CodeIgniter\Database\BaseConnection->simpleQuery('SELECT DISTINCT `tipo_horario`.*
FROM `tipo_horario`
INNER JOIN `franjas_horarias` ON `franjas_horarias`.`id_tipo_horario` = `tipo_horario`.`id_tipo_horario`
WHERE `franjas_horarias`.`id_instalacion` = 42
AND `tipo_horario`.`fecha_inicio` >= \'2026-01-01\'
AND `tipo_horario`.`fecha_fin` <= \'2026-12-31\'')
 4 SYSTEMPATH\Database\BaseBuilder.php(1616): CodeIgniter\Database\BaseConnection->query('SELECT DISTINCT `tipo_horario`.*
FROM `tipo_horario`
INNER JOIN `franjas_horarias` ON `franjas_horarias`.`id_tipo_horario` = `tipo_horario`.`id_tipo_horario`
WHERE `franjas_horarias`.`id_instalacion` = :franjas_horarias.id_instalacion:
AND `tipo_horario`.`fecha_inicio` >= :tipo_horario.fecha_inicio:
AND `tipo_horario`.`fecha_fin` <= :tipo_horario.fecha_fin:', [...], false)
 5 APPPATH\Models\horariosModel.php(121): CodeIgniter\Database\BaseBuilder->get()
 6 APPPATH\Controllers\Horarios.php(24): App\Models\horariosModel->comprobarHorariosLegend(42)
 7 SYSTEMPATH\CodeIgniter.php(941): App\Controllers\Horarios->horario(42)
 8 SYSTEMPATH\CodeIgniter.php(502): CodeIgniter\CodeIgniter->runController(Object(App\Controllers\Horarios))
 9 SYSTEMPATH\CodeIgniter.php(361): CodeIgniter\CodeIgniter->handleRequest(null, Object(Config\Cache), false)
10 FCPATH\index.php(79): CodeIgniter\CodeIgniter->run()
ERROR - 2026-01-16 08:54:06 --> mysqli_sql_exception: Table 'reservalo2.tipo_horario' doesn't exist in engine in C:\Proyectos\reservalo2.0\system\Database\MySQLi\Connection.php:306
Stack trace:
#0 C:\Proyectos\reservalo2.0\system\Database\MySQLi\Connection.php(306): mysqli->query('SELECT DISTINCT...', 0)
#1 C:\Proyectos\reservalo2.0\system\Database\BaseConnection.php(693): CodeIgniter\Database\MySQLi\Connection->execute('SELECT DISTINCT...')
#2 C:\Proyectos\reservalo2.0\system\Database\BaseConnection.php(607): CodeIgniter\Database\BaseConnection->simpleQuery('SELECT DISTINCT...')
#3 C:\Proyectos\reservalo2.0\system\Database\BaseBuilder.php(1616): CodeIgniter\Database\BaseConnection->query('SELECT DISTINCT...', Array, false)
#4 C:\Proyectos\reservalo2.0\app\Models\horariosModel.php(121): CodeIgniter\Database\BaseBuilder->get()
#5 C:\Proyectos\reservalo2.0\app\Controllers\Horarios.php(24): App\Models\horariosModel->comprobarHorariosLegend(42)
#6 C:\Proyectos\reservalo2.0\system\CodeIgniter.php(941): App\Controllers\Horarios->horario(42)
#7 C:\Proyectos\reservalo2.0\system\CodeIgniter.php(502): CodeIgniter\CodeIgniter->runController(Object(App\Controllers\Horarios))
#8 C:\Proyectos\reservalo2.0\system\CodeIgniter.php(361): CodeIgniter\CodeIgniter->handleRequest(NULL, Object(Config\Cache), false)
#9 C:\Proyectos\reservalo2.0\index.php(79): CodeIgniter\CodeIgniter->run()
#10 {main}
CRITICAL - 2026-01-16 08:54:06 --> CodeIgniter\Database\Exceptions\DatabaseException: Table 'reservalo2.tipo_horario' doesn't exist in engine
in SYSTEMPATH\Database\BaseConnection.php on line 647.
 1 SYSTEMPATH\Database\BaseBuilder.php(1616): CodeIgniter\Database\BaseConnection->query('SELECT DISTINCT `tipo_horario`.*
FROM `tipo_horario`
INNER JOIN `franjas_horarias` ON `franjas_horarias`.`id_tipo_horario` = `tipo_horario`.`id_tipo_horario`
WHERE `franjas_horarias`.`id_instalacion` = :franjas_horarias.id_instalacion:
AND `tipo_horario`.`fecha_inicio` >= :tipo_horario.fecha_inicio:
AND `tipo_horario`.`fecha_fin` <= :tipo_horario.fecha_fin:', [...], false)
 2 APPPATH\Models\horariosModel.php(121): CodeIgniter\Database\BaseBuilder->get()
 3 APPPATH\Controllers\Horarios.php(24): App\Models\horariosModel->comprobarHorariosLegend(42)
 4 SYSTEMPATH\CodeIgniter.php(941): App\Controllers\Horarios->horario(42)
 5 SYSTEMPATH\CodeIgniter.php(502): CodeIgniter\CodeIgniter->runController(Object(App\Controllers\Horarios))
 6 SYSTEMPATH\CodeIgniter.php(361): CodeIgniter\CodeIgniter->handleRequest(null, Object(Config\Cache), false)
 7 FCPATH\index.php(79): CodeIgniter\CodeIgniter->run()
CRITICAL - 2026-01-16 08:54:06 --> [Caused by] CodeIgniter\Database\Exceptions\DatabaseException: Table 'reservalo2.tipo_horario' doesn't exist in engine
in SYSTEMPATH\Database\MySQLi\Connection.php on line 311.
 1 SYSTEMPATH\Database\BaseConnection.php(693): CodeIgniter\Database\MySQLi\Connection->execute('SELECT DISTINCT `tipo_horario`.*
FROM `tipo_horario`
INNER JOIN `franjas_horarias` ON `franjas_horarias`.`id_tipo_horario` = `tipo_horario`.`id_tipo_horario`
WHERE `franjas_horarias`.`id_instalacion` = 42
AND `tipo_horario`.`fecha_inicio` >= \'2026-01-01\'
AND `tipo_horario`.`fecha_fin` <= \'2026-12-31\'')
 2 SYSTEMPATH\Database\BaseConnection.php(607): CodeIgniter\Database\BaseConnection->simpleQuery('SELECT DISTINCT `tipo_horario`.*
FROM `tipo_horario`
INNER JOIN `franjas_horarias` ON `franjas_horarias`.`id_tipo_horario` = `tipo_horario`.`id_tipo_horario`
WHERE `franjas_horarias`.`id_instalacion` = 42
AND `tipo_horario`.`fecha_inicio` >= \'2026-01-01\'
AND `tipo_horario`.`fecha_fin` <= \'2026-12-31\'')
 3 SYSTEMPATH\Database\BaseBuilder.php(1616): CodeIgniter\Database\BaseConnection->query('SELECT DISTINCT `tipo_horario`.*
FROM `tipo_horario`
INNER JOIN `franjas_horarias` ON `franjas_horarias`.`id_tipo_horario` = `tipo_horario`.`id_tipo_horario`
WHERE `franjas_horarias`.`id_instalacion` = :franjas_horarias.id_instalacion:
AND `tipo_horario`.`fecha_inicio` >= :tipo_horario.fecha_inicio:
AND `tipo_horario`.`fecha_fin` <= :tipo_horario.fecha_fin:', [...], false)
 4 APPPATH\Models\horariosModel.php(121): CodeIgniter\Database\BaseBuilder->get()
 5 APPPATH\Controllers\Horarios.php(24): App\Models\horariosModel->comprobarHorariosLegend(42)
 6 SYSTEMPATH\CodeIgniter.php(941): App\Controllers\Horarios->horario(42)
 7 SYSTEMPATH\CodeIgniter.php(502): CodeIgniter\CodeIgniter->runController(Object(App\Controllers\Horarios))
 8 SYSTEMPATH\CodeIgniter.php(361): CodeIgniter\CodeIgniter->handleRequest(null, Object(Config\Cache), false)
 9 FCPATH\index.php(79): CodeIgniter\CodeIgniter->run()
CRITICAL - 2026-01-16 08:54:06 --> [Caused by] mysqli_sql_exception: Table 'reservalo2.tipo_horario' doesn't exist in engine
in SYSTEMPATH\Database\MySQLi\Connection.php on line 306.
 1 SYSTEMPATH\Database\MySQLi\Connection.php(306): mysqli->query('SELECT DISTINCT `tipo_horario`.*
FROM `tipo_horario`
INNER JOIN `franjas_horarias` ON `franjas_horarias`.`id_tipo_horario` = `tipo_horario`.`id_tipo_horario`
WHERE `franjas_horarias`.`id_instalacion` = 42
AND `tipo_horario`.`fecha_inicio` >= \'2026-01-01\'
AND `tipo_horario`.`fecha_fin` <= \'2026-12-31\'', 0)
 2 SYSTEMPATH\Database\BaseConnection.php(693): CodeIgniter\Database\MySQLi\Connection->execute('SELECT DISTINCT `tipo_horario`.*
FROM `tipo_horario`
INNER JOIN `franjas_horarias` ON `franjas_horarias`.`id_tipo_horario` = `tipo_horario`.`id_tipo_horario`
WHERE `franjas_horarias`.`id_instalacion` = 42
AND `tipo_horario`.`fecha_inicio` >= \'2026-01-01\'
AND `tipo_horario`.`fecha_fin` <= \'2026-12-31\'')
 3 SYSTEMPATH\Database\BaseConnection.php(607): CodeIgniter\Database\BaseConnection->simpleQuery('SELECT DISTINCT `tipo_horario`.*
FROM `tipo_horario`
INNER JOIN `franjas_horarias` ON `franjas_horarias`.`id_tipo_horario` = `tipo_horario`.`id_tipo_horario`
WHERE `franjas_horarias`.`id_instalacion` = 42
AND `tipo_horario`.`fecha_inicio` >= \'2026-01-01\'
AND `tipo_horario`.`fecha_fin` <= \'2026-12-31\'')
 4 SYSTEMPATH\Database\BaseBuilder.php(1616): CodeIgniter\Database\BaseConnection->query('SELECT DISTINCT `tipo_horario`.*
FROM `tipo_horario`
INNER JOIN `franjas_horarias` ON `franjas_horarias`.`id_tipo_horario` = `tipo_horario`.`id_tipo_horario`
WHERE `franjas_horarias`.`id_instalacion` = :franjas_horarias.id_instalacion:
AND `tipo_horario`.`fecha_inicio` >= :tipo_horario.fecha_inicio:
AND `tipo_horario`.`fecha_fin` <= :tipo_horario.fecha_fin:', [...], false)
 5 APPPATH\Models\horariosModel.php(121): CodeIgniter\Database\BaseBuilder->get()
 6 APPPATH\Controllers\Horarios.php(24): App\Models\horariosModel->comprobarHorariosLegend(42)
 7 SYSTEMPATH\CodeIgniter.php(941): App\Controllers\Horarios->horario(42)
 8 SYSTEMPATH\CodeIgniter.php(502): CodeIgniter\CodeIgniter->runController(Object(App\Controllers\Horarios))
 9 SYSTEMPATH\CodeIgniter.php(361): CodeIgniter\CodeIgniter->handleRequest(null, Object(Config\Cache), false)
10 FCPATH\index.php(79): CodeIgniter\CodeIgniter->run()
ERROR - 2026-01-16 08:55:29 --> mysqli_sql_exception: Table 'reservalo2.tipo_horario' doesn't exist in engine in C:\Proyectos\reservalo2.0\system\Database\MySQLi\Connection.php:306
Stack trace:
#0 C:\Proyectos\reservalo2.0\system\Database\MySQLi\Connection.php(306): mysqli->query('SELECT DISTINCT...', 0)
#1 C:\Proyectos\reservalo2.0\system\Database\BaseConnection.php(693): CodeIgniter\Database\MySQLi\Connection->execute('SELECT DISTINCT...')
#2 C:\Proyectos\reservalo2.0\system\Database\BaseConnection.php(607): CodeIgniter\Database\BaseConnection->simpleQuery('SELECT DISTINCT...')
#3 C:\Proyectos\reservalo2.0\system\Database\BaseBuilder.php(1616): CodeIgniter\Database\BaseConnection->query('SELECT DISTINCT...', Array, false)
#4 C:\Proyectos\reservalo2.0\app\Models\horariosModel.php(121): CodeIgniter\Database\BaseBuilder->get()
#5 C:\Proyectos\reservalo2.0\app\Controllers\Horarios.php(24): App\Models\horariosModel->comprobarHorariosLegend(42)
#6 C:\Proyectos\reservalo2.0\system\CodeIgniter.php(941): App\Controllers\Horarios->horario(42)
#7 C:\Proyectos\reservalo2.0\system\CodeIgniter.php(502): CodeIgniter\CodeIgniter->runController(Object(App\Controllers\Horarios))
#8 C:\Proyectos\reservalo2.0\system\CodeIgniter.php(361): CodeIgniter\CodeIgniter->handleRequest(NULL, Object(Config\Cache), false)
#9 C:\Proyectos\reservalo2.0\index.php(79): CodeIgniter\CodeIgniter->run()
#10 {main}
CRITICAL - 2026-01-16 08:55:30 --> CodeIgniter\Database\Exceptions\DatabaseException: Table 'reservalo2.tipo_horario' doesn't exist in engine
in SYSTEMPATH\Database\BaseConnection.php on line 647.
 1 SYSTEMPATH\Database\BaseBuilder.php(1616): CodeIgniter\Database\BaseConnection->query('SELECT DISTINCT `tipo_horario`.*
FROM `tipo_horario`
INNER JOIN `franjas_horarias` ON `franjas_horarias`.`id_tipo_horario` = `tipo_horario`.`id_tipo_horario`
WHERE `franjas_horarias`.`id_instalacion` = :franjas_horarias.id_instalacion:
AND `tipo_horario`.`fecha_inicio` >= :tipo_horario.fecha_inicio:
AND `tipo_horario`.`fecha_fin` <= :tipo_horario.fecha_fin:', [...], false)
 2 APPPATH\Models\horariosModel.php(121): CodeIgniter\Database\BaseBuilder->get()
 3 APPPATH\Controllers\Horarios.php(24): App\Models\horariosModel->comprobarHorariosLegend(42)
 4 SYSTEMPATH\CodeIgniter.php(941): App\Controllers\Horarios->horario(42)
 5 SYSTEMPATH\CodeIgniter.php(502): CodeIgniter\CodeIgniter->runController(Object(App\Controllers\Horarios))
 6 SYSTEMPATH\CodeIgniter.php(361): CodeIgniter\CodeIgniter->handleRequest(null, Object(Config\Cache), false)
 7 FCPATH\index.php(79): CodeIgniter\CodeIgniter->run()
CRITICAL - 2026-01-16 08:55:30 --> [Caused by] CodeIgniter\Database\Exceptions\DatabaseException: Table 'reservalo2.tipo_horario' doesn't exist in engine
in SYSTEMPATH\Database\MySQLi\Connection.php on line 311.
 1 SYSTEMPATH\Database\BaseConnection.php(693): CodeIgniter\Database\MySQLi\Connection->execute('SELECT DISTINCT `tipo_horario`.*
FROM `tipo_horario`
INNER JOIN `franjas_horarias` ON `franjas_horarias`.`id_tipo_horario` = `tipo_horario`.`id_tipo_horario`
WHERE `franjas_horarias`.`id_instalacion` = 42
AND `tipo_horario`.`fecha_inicio` >= \'2026-01-01\'
AND `tipo_horario`.`fecha_fin` <= \'2026-12-31\'')
 2 SYSTEMPATH\Database\BaseConnection.php(607): CodeIgniter\Database\BaseConnection->simpleQuery('SELECT DISTINCT `tipo_horario`.*
FROM `tipo_horario`
INNER JOIN `franjas_horarias` ON `franjas_horarias`.`id_tipo_horario` = `tipo_horario`.`id_tipo_horario`
WHERE `franjas_horarias`.`id_instalacion` = 42
AND `tipo_horario`.`fecha_inicio` >= \'2026-01-01\'
AND `tipo_horario`.`fecha_fin` <= \'2026-12-31\'')
 3 SYSTEMPATH\Database\BaseBuilder.php(1616): CodeIgniter\Database\BaseConnection->query('SELECT DISTINCT `tipo_horario`.*
FROM `tipo_horario`
INNER JOIN `franjas_horarias` ON `franjas_horarias`.`id_tipo_horario` = `tipo_horario`.`id_tipo_horario`
WHERE `franjas_horarias`.`id_instalacion` = :franjas_horarias.id_instalacion:
AND `tipo_horario`.`fecha_inicio` >= :tipo_horario.fecha_inicio:
AND `tipo_horario`.`fecha_fin` <= :tipo_horario.fecha_fin:', [...], false)
 4 APPPATH\Models\horariosModel.php(121): CodeIgniter\Database\BaseBuilder->get()
 5 APPPATH\Controllers\Horarios.php(24): App\Models\horariosModel->comprobarHorariosLegend(42)
 6 SYSTEMPATH\CodeIgniter.php(941): App\Controllers\Horarios->horario(42)
 7 SYSTEMPATH\CodeIgniter.php(502): CodeIgniter\CodeIgniter->runController(Object(App\Controllers\Horarios))
 8 SYSTEMPATH\CodeIgniter.php(361): CodeIgniter\CodeIgniter->handleRequest(null, Object(Config\Cache), false)
 9 FCPATH\index.php(79): CodeIgniter\CodeIgniter->run()
CRITICAL - 2026-01-16 08:55:30 --> [Caused by] mysqli_sql_exception: Table 'reservalo2.tipo_horario' doesn't exist in engine
in SYSTEMPATH\Database\MySQLi\Connection.php on line 306.
 1 SYSTEMPATH\Database\MySQLi\Connection.php(306): mysqli->query('SELECT DISTINCT `tipo_horario`.*
FROM `tipo_horario`
INNER JOIN `franjas_horarias` ON `franjas_horarias`.`id_tipo_horario` = `tipo_horario`.`id_tipo_horario`
WHERE `franjas_horarias`.`id_instalacion` = 42
AND `tipo_horario`.`fecha_inicio` >= \'2026-01-01\'
AND `tipo_horario`.`fecha_fin` <= \'2026-12-31\'', 0)
 2 SYSTEMPATH\Database\BaseConnection.php(693): CodeIgniter\Database\MySQLi\Connection->execute('SELECT DISTINCT `tipo_horario`.*
FROM `tipo_horario`
INNER JOIN `franjas_horarias` ON `franjas_horarias`.`id_tipo_horario` = `tipo_horario`.`id_tipo_horario`
WHERE `franjas_horarias`.`id_instalacion` = 42
AND `tipo_horario`.`fecha_inicio` >= \'2026-01-01\'
AND `tipo_horario`.`fecha_fin` <= \'2026-12-31\'')
 3 SYSTEMPATH\Database\BaseConnection.php(607): CodeIgniter\Database\BaseConnection->simpleQuery('SELECT DISTINCT `tipo_horario`.*
FROM `tipo_horario`
INNER JOIN `franjas_horarias` ON `franjas_horarias`.`id_tipo_horario` = `tipo_horario`.`id_tipo_horario`
WHERE `franjas_horarias`.`id_instalacion` = 42
AND `tipo_horario`.`fecha_inicio` >= \'2026-01-01\'
AND `tipo_horario`.`fecha_fin` <= \'2026-12-31\'')
 4 SYSTEMPATH\Database\BaseBuilder.php(1616): CodeIgniter\Database\BaseConnection->query('SELECT DISTINCT `tipo_horario`.*
FROM `tipo_horario`
INNER JOIN `franjas_horarias` ON `franjas_horarias`.`id_tipo_horario` = `tipo_horario`.`id_tipo_horario`
WHERE `franjas_horarias`.`id_instalacion` = :franjas_horarias.id_instalacion:
AND `tipo_horario`.`fecha_inicio` >= :tipo_horario.fecha_inicio:
AND `tipo_horario`.`fecha_fin` <= :tipo_horario.fecha_fin:', [...], false)
 5 APPPATH\Models\horariosModel.php(121): CodeIgniter\Database\BaseBuilder->get()
 6 APPPATH\Controllers\Horarios.php(24): App\Models\horariosModel->comprobarHorariosLegend(42)
 7 SYSTEMPATH\CodeIgniter.php(941): App\Controllers\Horarios->horario(42)
 8 SYSTEMPATH\CodeIgniter.php(502): CodeIgniter\CodeIgniter->runController(Object(App\Controllers\Horarios))
 9 SYSTEMPATH\CodeIgniter.php(361): CodeIgniter\CodeIgniter->handleRequest(null, Object(Config\Cache), false)
10 FCPATH\index.php(79): CodeIgniter\CodeIgniter->run()
ERROR - 2026-01-16 09:03:09 --> mysqli_sql_exception: Unknown column 'franjas_horarias.id_instalacion' in 'where clause' in C:\Proyectos\reservalo2.0\system\Database\MySQLi\Connection.php:306
Stack trace:
#0 C:\Proyectos\reservalo2.0\system\Database\MySQLi\Connection.php(306): mysqli->query('SELECT DISTINCT...', 0)
#1 C:\Proyectos\reservalo2.0\system\Database\BaseConnection.php(693): CodeIgniter\Database\MySQLi\Connection->execute('SELECT DISTINCT...')
#2 C:\Proyectos\reservalo2.0\system\Database\BaseConnection.php(607): CodeIgniter\Database\BaseConnection->simpleQuery('SELECT DISTINCT...')
#3 C:\Proyectos\reservalo2.0\system\Database\BaseBuilder.php(1616): CodeIgniter\Database\BaseConnection->query('SELECT DISTINCT...', Array, false)
#4 C:\Proyectos\reservalo2.0\app\Models\horariosModel.php(121): CodeIgniter\Database\BaseBuilder->get()
#5 C:\Proyectos\reservalo2.0\app\Controllers\Horarios.php(24): App\Models\horariosModel->comprobarHorariosLegend(42)
#6 C:\Proyectos\reservalo2.0\system\CodeIgniter.php(941): App\Controllers\Horarios->horario(42)
#7 C:\Proyectos\reservalo2.0\system\CodeIgniter.php(502): CodeIgniter\CodeIgniter->runController(Object(App\Controllers\Horarios))
#8 C:\Proyectos\reservalo2.0\system\CodeIgniter.php(361): CodeIgniter\CodeIgniter->handleRequest(NULL, Object(Config\Cache), false)
#9 C:\Proyectos\reservalo2.0\index.php(79): CodeIgniter\CodeIgniter->run()
#10 {main}
CRITICAL - 2026-01-16 09:03:10 --> CodeIgniter\Database\Exceptions\DatabaseException: Unknown column 'franjas_horarias.id_instalacion' in 'where clause'
in SYSTEMPATH\Database\BaseConnection.php on line 647.
 1 SYSTEMPATH\Database\BaseBuilder.php(1616): CodeIgniter\Database\BaseConnection->query('SELECT DISTINCT `tipo_horario`.*
FROM `tipo_horario`
INNER JOIN `franjas_horarias` ON `franjas_horarias`.`id_tipo_horario` = `tipo_horario`.`id_tipo_horario`
WHERE `franjas_horarias`.`id_instalacion` = :franjas_horarias.id_instalacion:
AND `tipo_horario`.`fecha_inicio` >= :tipo_horario.fecha_inicio:
AND `tipo_horario`.`fecha_fin` <= :tipo_horario.fecha_fin:', [...], false)
 2 APPPATH\Models\horariosModel.php(121): CodeIgniter\Database\BaseBuilder->get()
 3 APPPATH\Controllers\Horarios.php(24): App\Models\horariosModel->comprobarHorariosLegend(42)
 4 SYSTEMPATH\CodeIgniter.php(941): App\Controllers\Horarios->horario(42)
 5 SYSTEMPATH\CodeIgniter.php(502): CodeIgniter\CodeIgniter->runController(Object(App\Controllers\Horarios))
 6 SYSTEMPATH\CodeIgniter.php(361): CodeIgniter\CodeIgniter->handleRequest(null, Object(Config\Cache), false)
 7 FCPATH\index.php(79): CodeIgniter\CodeIgniter->run()
CRITICAL - 2026-01-16 09:03:10 --> [Caused by] CodeIgniter\Database\Exceptions\DatabaseException: Unknown column 'franjas_horarias.id_instalacion' in 'where clause'
in SYSTEMPATH\Database\MySQLi\Connection.php on line 311.
 1 SYSTEMPATH\Database\BaseConnection.php(693): CodeIgniter\Database\MySQLi\Connection->execute('SELECT DISTINCT `tipo_horario`.*
FROM `tipo_horario`
INNER JOIN `franjas_horarias` ON `franjas_horarias`.`id_tipo_horario` = `tipo_horario`.`id_tipo_horario`
WHERE `franjas_horarias`.`id_instalacion` = 42
AND `tipo_horario`.`fecha_inicio` >= \'2026-01-01\'
AND `tipo_horario`.`fecha_fin` <= \'2026-12-31\'')
 2 SYSTEMPATH\Database\BaseConnection.php(607): CodeIgniter\Database\BaseConnection->simpleQuery('SELECT DISTINCT `tipo_horario`.*
FROM `tipo_horario`
INNER JOIN `franjas_horarias` ON `franjas_horarias`.`id_tipo_horario` = `tipo_horario`.`id_tipo_horario`
WHERE `franjas_horarias`.`id_instalacion` = 42
AND `tipo_horario`.`fecha_inicio` >= \'2026-01-01\'
AND `tipo_horario`.`fecha_fin` <= \'2026-12-31\'')
 3 SYSTEMPATH\Database\BaseBuilder.php(1616): CodeIgniter\Database\BaseConnection->query('SELECT DISTINCT `tipo_horario`.*
FROM `tipo_horario`
INNER JOIN `franjas_horarias` ON `franjas_horarias`.`id_tipo_horario` = `tipo_horario`.`id_tipo_horario`
WHERE `franjas_horarias`.`id_instalacion` = :franjas_horarias.id_instalacion:
AND `tipo_horario`.`fecha_inicio` >= :tipo_horario.fecha_inicio:
AND `tipo_horario`.`fecha_fin` <= :tipo_horario.fecha_fin:', [...], false)
 4 APPPATH\Models\horariosModel.php(121): CodeIgniter\Database\BaseBuilder->get()
 5 APPPATH\Controllers\Horarios.php(24): App\Models\horariosModel->comprobarHorariosLegend(42)
 6 SYSTEMPATH\CodeIgniter.php(941): App\Controllers\Horarios->horario(42)
 7 SYSTEMPATH\CodeIgniter.php(502): CodeIgniter\CodeIgniter->runController(Object(App\Controllers\Horarios))
 8 SYSTEMPATH\CodeIgniter.php(361): CodeIgniter\CodeIgniter->handleRequest(null, Object(Config\Cache), false)
 9 FCPATH\index.php(79): CodeIgniter\CodeIgniter->run()
CRITICAL - 2026-01-16 09:03:10 --> [Caused by] mysqli_sql_exception: Unknown column 'franjas_horarias.id_instalacion' in 'where clause'
in SYSTEMPATH\Database\MySQLi\Connection.php on line 306.
 1 SYSTEMPATH\Database\MySQLi\Connection.php(306): mysqli->query('SELECT DISTINCT `tipo_horario`.*
FROM `tipo_horario`
INNER JOIN `franjas_horarias` ON `franjas_horarias`.`id_tipo_horario` = `tipo_horario`.`id_tipo_horario`
WHERE `franjas_horarias`.`id_instalacion` = 42
AND `tipo_horario`.`fecha_inicio` >= \'2026-01-01\'
AND `tipo_horario`.`fecha_fin` <= \'2026-12-31\'', 0)
 2 SYSTEMPATH\Database\BaseConnection.php(693): CodeIgniter\Database\MySQLi\Connection->execute('SELECT DISTINCT `tipo_horario`.*
FROM `tipo_horario`
INNER JOIN `franjas_horarias` ON `franjas_horarias`.`id_tipo_horario` = `tipo_horario`.`id_tipo_horario`
WHERE `franjas_horarias`.`id_instalacion` = 42
AND `tipo_horario`.`fecha_inicio` >= \'2026-01-01\'
AND `tipo_horario`.`fecha_fin` <= \'2026-12-31\'')
 3 SYSTEMPATH\Database\BaseConnection.php(607): CodeIgniter\Database\BaseConnection->simpleQuery('SELECT DISTINCT `tipo_horario`.*
FROM `tipo_horario`
INNER JOIN `franjas_horarias` ON `franjas_horarias`.`id_tipo_horario` = `tipo_horario`.`id_tipo_horario`
WHERE `franjas_horarias`.`id_instalacion` = 42
AND `tipo_horario`.`fecha_inicio` >= \'2026-01-01\'
AND `tipo_horario`.`fecha_fin` <= \'2026-12-31\'')
 4 SYSTEMPATH\Database\BaseBuilder.php(1616): CodeIgniter\Database\BaseConnection->query('SELECT DISTINCT `tipo_horario`.*
FROM `tipo_horario`
INNER JOIN `franjas_horarias` ON `franjas_horarias`.`id_tipo_horario` = `tipo_horario`.`id_tipo_horario`
WHERE `franjas_horarias`.`id_instalacion` = :franjas_horarias.id_instalacion:
AND `tipo_horario`.`fecha_inicio` >= :tipo_horario.fecha_inicio:
AND `tipo_horario`.`fecha_fin` <= :tipo_horario.fecha_fin:', [...], false)
 5 APPPATH\Models\horariosModel.php(121): CodeIgniter\Database\BaseBuilder->get()
 6 APPPATH\Controllers\Horarios.php(24): App\Models\horariosModel->comprobarHorariosLegend(42)
 7 SYSTEMPATH\CodeIgniter.php(941): App\Controllers\Horarios->horario(42)
 8 SYSTEMPATH\CodeIgniter.php(502): CodeIgniter\CodeIgniter->runController(Object(App\Controllers\Horarios))
 9 SYSTEMPATH\CodeIgniter.php(361): CodeIgniter\CodeIgniter->handleRequest(null, Object(Config\Cache), false)
10 FCPATH\index.php(79): CodeIgniter\CodeIgniter->run()
ERROR - 2026-01-16 09:03:13 --> mysqli_sql_exception: Unknown column 'franjas_horarias.id_instalacion' in 'where clause' in C:\Proyectos\reservalo2.0\system\Database\MySQLi\Connection.php:306
Stack trace:
#0 C:\Proyectos\reservalo2.0\system\Database\MySQLi\Connection.php(306): mysqli->query('SELECT DISTINCT...', 0)
#1 C:\Proyectos\reservalo2.0\system\Database\BaseConnection.php(693): CodeIgniter\Database\MySQLi\Connection->execute('SELECT DISTINCT...')
#2 C:\Proyectos\reservalo2.0\system\Database\BaseConnection.php(607): CodeIgniter\Database\BaseConnection->simpleQuery('SELECT DISTINCT...')
#3 C:\Proyectos\reservalo2.0\system\Database\BaseBuilder.php(1616): CodeIgniter\Database\BaseConnection->query('SELECT DISTINCT...', Array, false)
#4 C:\Proyectos\reservalo2.0\app\Models\horariosModel.php(121): CodeIgniter\Database\BaseBuilder->get()
#5 C:\Proyectos\reservalo2.0\app\Controllers\Horarios.php(24): App\Models\horariosModel->comprobarHorariosLegend(42)
#6 C:\Proyectos\reservalo2.0\system\CodeIgniter.php(941): App\Controllers\Horarios->horario(42)
#7 C:\Proyectos\reservalo2.0\system\CodeIgniter.php(502): CodeIgniter\CodeIgniter->runController(Object(App\Controllers\Horarios))
#8 C:\Proyectos\reservalo2.0\system\CodeIgniter.php(361): CodeIgniter\CodeIgniter->handleRequest(NULL, Object(Config\Cache), false)
#9 C:\Proyectos\reservalo2.0\index.php(79): CodeIgniter\CodeIgniter->run()
#10 {main}
CRITICAL - 2026-01-16 09:03:14 --> CodeIgniter\Database\Exceptions\DatabaseException: Unknown column 'franjas_horarias.id_instalacion' in 'where clause'
in SYSTEMPATH\Database\BaseConnection.php on line 647.
 1 SYSTEMPATH\Database\BaseBuilder.php(1616): CodeIgniter\Database\BaseConnection->query('SELECT DISTINCT `tipo_horario`.*
FROM `tipo_horario`
INNER JOIN `franjas_horarias` ON `franjas_horarias`.`id_tipo_horario` = `tipo_horario`.`id_tipo_horario`
WHERE `franjas_horarias`.`id_instalacion` = :franjas_horarias.id_instalacion:
AND `tipo_horario`.`fecha_inicio` >= :tipo_horario.fecha_inicio:
AND `tipo_horario`.`fecha_fin` <= :tipo_horario.fecha_fin:', [...], false)
 2 APPPATH\Models\horariosModel.php(121): CodeIgniter\Database\BaseBuilder->get()
 3 APPPATH\Controllers\Horarios.php(24): App\Models\horariosModel->comprobarHorariosLegend(42)
 4 SYSTEMPATH\CodeIgniter.php(941): App\Controllers\Horarios->horario(42)
 5 SYSTEMPATH\CodeIgniter.php(502): CodeIgniter\CodeIgniter->runController(Object(App\Controllers\Horarios))
 6 SYSTEMPATH\CodeIgniter.php(361): CodeIgniter\CodeIgniter->handleRequest(null, Object(Config\Cache), false)
 7 FCPATH\index.php(79): CodeIgniter\CodeIgniter->run()
CRITICAL - 2026-01-16 09:03:14 --> [Caused by] CodeIgniter\Database\Exceptions\DatabaseException: Unknown column 'franjas_horarias.id_instalacion' in 'where clause'
in SYSTEMPATH\Database\MySQLi\Connection.php on line 311.
 1 SYSTEMPATH\Database\BaseConnection.php(693): CodeIgniter\Database\MySQLi\Connection->execute('SELECT DISTINCT `tipo_horario`.*
FROM `tipo_horario`
INNER JOIN `franjas_horarias` ON `franjas_horarias`.`id_tipo_horario` = `tipo_horario`.`id_tipo_horario`
WHERE `franjas_horarias`.`id_instalacion` = 42
AND `tipo_horario`.`fecha_inicio` >= \'2026-01-01\'
AND `tipo_horario`.`fecha_fin` <= \'2026-12-31\'')
 2 SYSTEMPATH\Database\BaseConnection.php(607): CodeIgniter\Database\BaseConnection->simpleQuery('SELECT DISTINCT `tipo_horario`.*
FROM `tipo_horario`
INNER JOIN `franjas_horarias` ON `franjas_horarias`.`id_tipo_horario` = `tipo_horario`.`id_tipo_horario`
WHERE `franjas_horarias`.`id_instalacion` = 42
AND `tipo_horario`.`fecha_inicio` >= \'2026-01-01\'
AND `tipo_horario`.`fecha_fin` <= \'2026-12-31\'')
 3 SYSTEMPATH\Database\BaseBuilder.php(1616): CodeIgniter\Database\BaseConnection->query('SELECT DISTINCT `tipo_horario`.*
FROM `tipo_horario`
INNER JOIN `franjas_horarias` ON `franjas_horarias`.`id_tipo_horario` = `tipo_horario`.`id_tipo_horario`
WHERE `franjas_horarias`.`id_instalacion` = :franjas_horarias.id_instalacion:
AND `tipo_horario`.`fecha_inicio` >= :tipo_horario.fecha_inicio:
AND `tipo_horario`.`fecha_fin` <= :tipo_horario.fecha_fin:', [...], false)
 4 APPPATH\Models\horariosModel.php(121): CodeIgniter\Database\BaseBuilder->get()
 5 APPPATH\Controllers\Horarios.php(24): App\Models\horariosModel->comprobarHorariosLegend(42)
 6 SYSTEMPATH\CodeIgniter.php(941): App\Controllers\Horarios->horario(42)
 7 SYSTEMPATH\CodeIgniter.php(502): CodeIgniter\CodeIgniter->runController(Object(App\Controllers\Horarios))
 8 SYSTEMPATH\CodeIgniter.php(361): CodeIgniter\CodeIgniter->handleRequest(null, Object(Config\Cache), false)
 9 FCPATH\index.php(79): CodeIgniter\CodeIgniter->run()
CRITICAL - 2026-01-16 09:03:14 --> [Caused by] mysqli_sql_exception: Unknown column 'franjas_horarias.id_instalacion' in 'where clause'
in SYSTEMPATH\Database\MySQLi\Connection.php on line 306.
 1 SYSTEMPATH\Database\MySQLi\Connection.php(306): mysqli->query('SELECT DISTINCT `tipo_horario`.*
FROM `tipo_horario`
INNER JOIN `franjas_horarias` ON `franjas_horarias`.`id_tipo_horario` = `tipo_horario`.`id_tipo_horario`
WHERE `franjas_horarias`.`id_instalacion` = 42
AND `tipo_horario`.`fecha_inicio` >= \'2026-01-01\'
AND `tipo_horario`.`fecha_fin` <= \'2026-12-31\'', 0)
 2 SYSTEMPATH\Database\BaseConnection.php(693): CodeIgniter\Database\MySQLi\Connection->execute('SELECT DISTINCT `tipo_horario`.*
FROM `tipo_horario`
INNER JOIN `franjas_horarias` ON `franjas_horarias`.`id_tipo_horario` = `tipo_horario`.`id_tipo_horario`
WHERE `franjas_horarias`.`id_instalacion` = 42
AND `tipo_horario`.`fecha_inicio` >= \'2026-01-01\'
AND `tipo_horario`.`fecha_fin` <= \'2026-12-31\'')
 3 SYSTEMPATH\Database\BaseConnection.php(607): CodeIgniter\Database\BaseConnection->simpleQuery('SELECT DISTINCT `tipo_horario`.*
FROM `tipo_horario`
INNER JOIN `franjas_horarias` ON `franjas_horarias`.`id_tipo_horario` = `tipo_horario`.`id_tipo_horario`
WHERE `franjas_horarias`.`id_instalacion` = 42
AND `tipo_horario`.`fecha_inicio` >= \'2026-01-01\'
AND `tipo_horario`.`fecha_fin` <= \'2026-12-31\'')
 4 SYSTEMPATH\Database\BaseBuilder.php(1616): CodeIgniter\Database\BaseConnection->query('SELECT DISTINCT `tipo_horario`.*
FROM `tipo_horario`
INNER JOIN `franjas_horarias` ON `franjas_horarias`.`id_tipo_horario` = `tipo_horario`.`id_tipo_horario`
WHERE `franjas_horarias`.`id_instalacion` = :franjas_horarias.id_instalacion:
AND `tipo_horario`.`fecha_inicio` >= :tipo_horario.fecha_inicio:
AND `tipo_horario`.`fecha_fin` <= :tipo_horario.fecha_fin:', [...], false)
 5 APPPATH\Models\horariosModel.php(121): CodeIgniter\Database\BaseBuilder->get()
 6 APPPATH\Controllers\Horarios.php(24): App\Models\horariosModel->comprobarHorariosLegend(42)
 7 SYSTEMPATH\CodeIgniter.php(941): App\Controllers\Horarios->horario(42)
 8 SYSTEMPATH\CodeIgniter.php(502): CodeIgniter\CodeIgniter->runController(Object(App\Controllers\Horarios))
 9 SYSTEMPATH\CodeIgniter.php(361): CodeIgniter\CodeIgniter->handleRequest(null, Object(Config\Cache), false)
10 FCPATH\index.php(79): CodeIgniter\CodeIgniter->run()
INFO - 2026-01-16 09:06:06 --> Session: Class initialized using 'CodeIgniter\Session\Handlers\FileHandler' driver.
INFO - 2026-01-16 09:14:04 --> Session: Class initialized using 'CodeIgniter\Session\Handlers\FileHandler' driver.
INFO - 2026-01-16 09:21:09 --> Session: Class initialized using 'CodeIgniter\Session\Handlers\FileHandler' driver.
INFO - 2026-01-16 09:22:52 --> Session: Class initialized using 'CodeIgniter\Session\Handlers\FileHandler' driver.
INFO - 2026-01-16 09:23:13 --> Session: Class initialized using 'CodeIgniter\Session\Handlers\FileHandler' driver.
INFO - 2026-01-16 09:25:33 --> Session: Class initialized using 'CodeIgniter\Session\Handlers\FileHandler' driver.
INFO - 2026-01-16 09:29:58 --> Session: Class initialized using 'CodeIgniter\Session\Handlers\FileHandler' driver.
INFO - 2026-01-16 10:16:55 --> Session: Class initialized using 'CodeIgniter\Session\Handlers\FileHandler' driver.
INFO - 2026-01-16 10:17:52 --> Session: Class initialized using 'CodeIgniter\Session\Handlers\FileHandler' driver.
INFO - 2026-01-16 10:21:53 --> Session: Class initialized using 'CodeIgniter\Session\Handlers\FileHandler' driver.
INFO - 2026-01-16 10:22:36 --> Session: Class initialized using 'CodeIgniter\Session\Handlers\FileHandler' driver.
INFO - 2026-01-16 10:22:42 --> Session: Class initialized using 'CodeIgniter\Session\Handlers\FileHandler' driver.
INFO - 2026-01-16 10:22:47 --> Session: Class initialized using 'CodeIgniter\Session\Handlers\FileHandler' driver.
INFO - 2026-01-16 10:22:54 --> Session: Class initialized using 'CodeIgniter\Session\Handlers\FileHandler' driver.
INFO - 2026-01-16 10:23:00 --> Session: Class initialized using 'CodeIgniter\Session\Handlers\FileHandler' driver.
INFO - 2026-01-16 10:23:12 --> Session: Class initialized using 'CodeIgniter\Session\Handlers\FileHandler' driver.
INFO - 2026-01-16 10:23:13 --> Session: Class initialized using 'CodeIgniter\Session\Handlers\FileHandler' driver.
INFO - 2026-01-16 10:23:17 --> Session: Class initialized using 'CodeIgniter\Session\Handlers\FileHandler' driver.
INFO - 2026-01-16 10:23:39 --> Session: Class initialized using 'CodeIgniter\Session\Handlers\FileHandler' driver.
INFO - 2026-01-16 10:23:43 --> Session: Class initialized using 'CodeIgniter\Session\Handlers\FileHandler' driver.
INFO - 2026-01-16 10:24:42 --> Session: Class initialized using 'CodeIgniter\Session\Handlers\FileHandler' driver.
INFO - 2026-01-16 10:24:45 --> Session: Class initialized using 'CodeIgniter\Session\Handlers\FileHandler' driver.
INFO - 2026-01-16 10:29:17 --> Session: Class initialized using 'CodeIgniter\Session\Handlers\FileHandler' driver.
INFO - 2026-01-16 10:44:36 --> Session: Class initialized using 'CodeIgniter\Session\Handlers\FileHandler' driver.
INFO - 2026-01-16 12:17:45 --> Session: Class initialized using 'CodeIgniter\Session\Handlers\FileHandler' driver.
INFO - 2026-01-16 12:17:50 --> Session: Class initialized using 'CodeIgniter\Session\Handlers\FileHandler' driver.
INFO - 2026-01-16 12:22:01 --> Session: Class initialized using 'CodeIgniter\Session\Handlers\FileHandler' driver.
INFO - 2026-01-16 12:29:46 --> Session: Class initialized using 'CodeIgniter\Session\Handlers\FileHandler' driver.
INFO - 2026-01-16 12:33:30 --> Session: Class initialized using 'CodeIgniter\Session\Handlers\FileHandler' driver.
INFO - 2026-01-16 12:56:26 --> Session: Class initialized using 'CodeIgniter\Session\Handlers\FileHandler' driver.
INFO - 2026-01-16 12:59:13 --> Session: Class initialized using 'CodeIgniter\Session\Handlers\FileHandler' driver.
