INFO - 2025-10-10 06:16:00 --> Session: Class initialized using 'CodeIgniter\Session\Handlers\FileHandler' driver.
INFO - 2025-10-10 06:17:54 --> Session: Class initialized using 'CodeIgniter\Session\Handlers\FileHandler' driver.
INFO - 2025-10-10 06:18:02 --> Session: Class initialized using 'CodeIgniter\Session\Handlers\FileHandler' driver.
INFO - 2025-10-10 06:18:04 --> Session: Class initialized using 'CodeIgniter\Session\Handlers\FileHandler' driver.
INFO - 2025-10-10 06:57:28 --> Session: Class initialized using 'CodeIgniter\Session\Handlers\FileHandler' driver.
INFO - 2025-10-10 06:57:32 --> Session: Class initialized using 'CodeIgniter\Session\Handlers\FileHandler' driver.
INFO - 2025-10-10 06:57:35 --> Session: Class initialized using 'CodeIgniter\Session\Handlers\FileHandler' driver.
INFO - 2025-10-10 06:57:38 --> Session: Class initialized using 'CodeIgniter\Session\Handlers\FileHandler' driver.
INFO - 2025-10-10 07:03:49 --> Session: Class initialized using 'CodeIgniter\Session\Handlers\FileHandler' driver.
CRITICAL - 2025-10-10 10:21:40 --> CodeIgniter\Exceptions\FrameworkException: The framework needs the following extension(s) installed and loaded: intl.
in SYSTEMPATH\CodeIgniter.php on line 252.
 1 SYSTEMPATH\CodeIgniter.php(252): CodeIgniter\Exceptions\FrameworkException::forMissingExtension('intl')
 2 SYSTEMPATH\CodeIgniter.php(214): CodeIgniter\CodeIgniter->resolvePlatformExtensions()
 3 FCPATH\index.php(67): CodeIgniter\CodeIgniter->initialize()
CRITICAL - 2025-10-10 10:21:44 --> ErrorException: Uncaught Error: Class "Locale" not found in C:\Proyectos\reservalo2.0\system\Helpers\number_helper.php:137
Stack trace:
#0 C:\Proyectos\reservalo2.0\system\Helpers\number_helper.php(56): format_number(4.0, 2, NULL, Array)
#1 C:\Proyectos\reservalo2.0\system\Debug\BaseExceptionHandler.php(152): number_to_size(4.0, 2)
#2 C:\Proyectos\reservalo2.0\app\Views\errors\html\error_exception.php(384): CodeIgniter\Debug\BaseExceptionHandler::describeMemory(4194304)
#3 C:\Proyectos\reservalo2.0\system\Debug\BaseExceptionHandler.php(258): include('C:\\Proyectos\\re...')
#4 C:\Proyectos\reservalo2.0\system\Debug\BaseExceptionHandler.php(261): CodeIgniter\Debug\BaseExceptionHandler->CodeIgniter\Debug\{closure}()
#5 C:\Proyectos\reservalo2.0\system\Debug\ExceptionHandler.php(112): CodeIgniter\Debug\BaseExceptionHandler->render(Object(CodeIgniter\Exceptions\FrameworkException), 500, 'C:\\Proyectos\\re...')
#6 C:\Proyectos\reservalo2.0\system\Debug\Exceptions.php(156): CodeIgniter\Debug\ExceptionHandler->handle(Object(CodeIgniter\Exceptions\FrameworkException), Object(CodeIgniter\HTTP\IncomingRequest), Object(CodeIgniter\HTTP\Response), 500, 1)
#7 [internal function]: CodeIgniter\Debug\Exceptions->exceptionHandler(Object(CodeIgniter\Exceptions\FrameworkException))
#8 {main}
  thrown
【Previous Exception】
CodeIgniter\Exceptions\FrameworkException
The framework needs the following extension(s) installed and loaded: intl.
#0 C:\Proyectos\reservalo2.0\system\CodeIgniter.php(252): CodeIgniter\Exceptions\FrameworkException::forMissingExtension('intl')
#1 C:\Proyectos\reservalo2.0\system\CodeIgniter.php(214): CodeIgniter\CodeIgniter->resolvePlatformExtensions()
#2 C:\Proyectos\reservalo2.0\index.php(67): CodeIgniter\CodeIgniter->initialize()
#3 {main}
in SYSTEMPATH\Helpers\number_helper.php on line 137.
 1 [internal function]: CodeIgniter\Debug\Exceptions->shutdownHandler()
INFO - 2025-10-10 08:22:30 --> Session: Class initialized using 'CodeIgniter\Session\Handlers\FileHandler' driver.
INFO - 2025-10-10 08:23:17 --> Session: Class initialized using 'CodeIgniter\Session\Handlers\FileHandler' driver.
INFO - 2025-10-10 08:24:47 --> Session: Class initialized using 'CodeIgniter\Session\Handlers\FileHandler' driver.
INFO - 2025-10-10 08:25:06 --> Session: Class initialized using 'CodeIgniter\Session\Handlers\FileHandler' driver.
INFO - 2025-10-10 08:25:27 --> Session: Class initialized using 'CodeIgniter\Session\Handlers\FileHandler' driver.
INFO - 2025-10-10 08:25:37 --> Session: Class initialized using 'CodeIgniter\Session\Handlers\FileHandler' driver.
INFO - 2025-10-10 08:25:56 --> Session: Class initialized using 'CodeIgniter\Session\Handlers\FileHandler' driver.
INFO - 2025-10-10 08:26:04 --> Session: Class initialized using 'CodeIgniter\Session\Handlers\FileHandler' driver.
INFO - 2025-10-10 08:26:19 --> Session: Class initialized using 'CodeIgniter\Session\Handlers\FileHandler' driver.
INFO - 2025-10-10 08:26:37 --> Session: Class initialized using 'CodeIgniter\Session\Handlers\FileHandler' driver.
INFO - 2025-10-10 09:21:47 --> Session: Class initialized using 'CodeIgniter\Session\Handlers\FileHandler' driver.
INFO - 2025-10-10 09:22:41 --> Session: Class initialized using 'CodeIgniter\Session\Handlers\FileHandler' driver.
INFO - 2025-10-10 09:23:01 --> Session: Class initialized using 'CodeIgniter\Session\Handlers\FileHandler' driver.
INFO - 2025-10-10 09:23:22 --> Session: Class initialized using 'CodeIgniter\Session\Handlers\FileHandler' driver.
INFO - 2025-10-10 09:23:30 --> Session: Class initialized using 'CodeIgniter\Session\Handlers\FileHandler' driver.
INFO - 2025-10-10 09:23:35 --> Session: Class initialized using 'CodeIgniter\Session\Handlers\FileHandler' driver.
INFO - 2025-10-10 09:23:44 --> Session: Class initialized using 'CodeIgniter\Session\Handlers\FileHandler' driver.
INFO - 2025-10-10 09:23:50 --> Session: Class initialized using 'CodeIgniter\Session\Handlers\FileHandler' driver.
INFO - 2025-10-10 09:23:59 --> Session: Class initialized using 'CodeIgniter\Session\Handlers\FileHandler' driver.
INFO - 2025-10-10 10:08:20 --> Session: Class initialized using 'CodeIgniter\Session\Handlers\FileHandler' driver.
INFO - 2025-10-10 10:08:23 --> Session: Class initialized using 'CodeIgniter\Session\Handlers\FileHandler' driver.
INFO - 2025-10-10 10:08:38 --> Session: Class initialized using 'CodeIgniter\Session\Handlers\FileHandler' driver.
INFO - 2025-10-10 10:08:38 --> Session: Class initialized using 'CodeIgniter\Session\Handlers\FileHandler' driver.
INFO - 2025-10-10 10:08:41 --> Session: Class initialized using 'CodeIgniter\Session\Handlers\FileHandler' driver.
INFO - 2025-10-10 10:11:42 --> Session: Class initialized using 'CodeIgniter\Session\Handlers\FileHandler' driver.
INFO - 2025-10-10 10:11:54 --> Session: Class initialized using 'CodeIgniter\Session\Handlers\FileHandler' driver.
INFO - 2025-10-10 10:19:07 --> Session: Class initialized using 'CodeIgniter\Session\Handlers\FileHandler' driver.
INFO - 2025-10-10 10:19:11 --> Session: Class initialized using 'CodeIgniter\Session\Handlers\FileHandler' driver.
INFO - 2025-10-10 10:19:34 --> Session: Class initialized using 'CodeIgniter\Session\Handlers\FileHandler' driver.
INFO - 2025-10-10 10:20:05 --> Session: Class initialized using 'CodeIgniter\Session\Handlers\FileHandler' driver.
INFO - 2025-10-10 10:20:25 --> Session: Class initialized using 'CodeIgniter\Session\Handlers\FileHandler' driver.
INFO - 2025-10-10 10:20:29 --> Session: Class initialized using 'CodeIgniter\Session\Handlers\FileHandler' driver.
INFO - 2025-10-10 10:21:31 --> Session: Class initialized using 'CodeIgniter\Session\Handlers\FileHandler' driver.
INFO - 2025-10-10 10:21:34 --> Session: Class initialized using 'CodeIgniter\Session\Handlers\FileHandler' driver.
INFO - 2025-10-10 10:21:37 --> Session: Class initialized using 'CodeIgniter\Session\Handlers\FileHandler' driver.
INFO - 2025-10-10 10:21:57 --> Session: Class initialized using 'CodeIgniter\Session\Handlers\FileHandler' driver.
INFO - 2025-10-10 10:30:23 --> Session: Class initialized using 'CodeIgniter\Session\Handlers\FileHandler' driver.
INFO - 2025-10-10 10:30:25 --> Session: Class initialized using 'CodeIgniter\Session\Handlers\FileHandler' driver.
INFO - 2025-10-10 10:30:33 --> Session: Class initialized using 'CodeIgniter\Session\Handlers\FileHandler' driver.
INFO - 2025-10-10 10:30:58 --> Session: Class initialized using 'CodeIgniter\Session\Handlers\FileHandler' driver.
INFO - 2025-10-10 10:37:57 --> Session: Class initialized using 'CodeIgniter\Session\Handlers\FileHandler' driver.
INFO - 2025-10-10 10:38:41 --> Session: Class initialized using 'CodeIgniter\Session\Handlers\FileHandler' driver.
INFO - 2025-10-10 10:38:56 --> Session: Class initialized using 'CodeIgniter\Session\Handlers\FileHandler' driver.
INFO - 2025-10-10 10:43:53 --> Session: Class initialized using 'CodeIgniter\Session\Handlers\FileHandler' driver.
INFO - 2025-10-10 10:45:01 --> Session: Class initialized using 'CodeIgniter\Session\Handlers\FileHandler' driver.
INFO - 2025-10-10 10:47:07 --> Session: Class initialized using 'CodeIgniter\Session\Handlers\FileHandler' driver.
INFO - 2025-10-10 10:47:17 --> Session: Class initialized using 'CodeIgniter\Session\Handlers\FileHandler' driver.
INFO - 2025-10-10 10:47:56 --> Session: Class initialized using 'CodeIgniter\Session\Handlers\FileHandler' driver.
INFO - 2025-10-10 10:47:59 --> Session: Class initialized using 'CodeIgniter\Session\Handlers\FileHandler' driver.
INFO - 2025-10-10 10:50:42 --> Session: Class initialized using 'CodeIgniter\Session\Handlers\FileHandler' driver.
INFO - 2025-10-10 10:52:26 --> Session: Class initialized using 'CodeIgniter\Session\Handlers\FileHandler' driver.
INFO - 2025-10-10 10:53:14 --> Session: Class initialized using 'CodeIgniter\Session\Handlers\FileHandler' driver.
INFO - 2025-10-10 10:53:30 --> Session: Class initialized using 'CodeIgniter\Session\Handlers\FileHandler' driver.
INFO - 2025-10-10 10:53:41 --> Session: Class initialized using 'CodeIgniter\Session\Handlers\FileHandler' driver.
INFO - 2025-10-10 10:53:51 --> Session: Class initialized using 'CodeIgniter\Session\Handlers\FileHandler' driver.
INFO - 2025-10-10 10:56:00 --> Session: Class initialized using 'CodeIgniter\Session\Handlers\FileHandler' driver.
INFO - 2025-10-10 10:57:05 --> Session: Class initialized using 'CodeIgniter\Session\Handlers\FileHandler' driver.
INFO - 2025-10-10 10:57:20 --> Session: Class initialized using 'CodeIgniter\Session\Handlers\FileHandler' driver.
INFO - 2025-10-10 10:57:33 --> Session: Class initialized using 'CodeIgniter\Session\Handlers\FileHandler' driver.
INFO - 2025-10-10 10:57:42 --> Session: Class initialized using 'CodeIgniter\Session\Handlers\FileHandler' driver.
INFO - 2025-10-10 10:57:49 --> Session: Class initialized using 'CodeIgniter\Session\Handlers\FileHandler' driver.
INFO - 2025-10-10 10:57:55 --> Session: Class initialized using 'CodeIgniter\Session\Handlers\FileHandler' driver.
INFO - 2025-10-10 10:58:00 --> Session: Class initialized using 'CodeIgniter\Session\Handlers\FileHandler' driver.
INFO - 2025-10-10 10:58:05 --> Session: Class initialized using 'CodeIgniter\Session\Handlers\FileHandler' driver.
INFO - 2025-10-10 10:58:35 --> Session: Class initialized using 'CodeIgniter\Session\Handlers\FileHandler' driver.
INFO - 2025-10-10 10:58:43 --> Session: Class initialized using 'CodeIgniter\Session\Handlers\FileHandler' driver.
INFO - 2025-10-10 10:59:21 --> Session: Class initialized using 'CodeIgniter\Session\Handlers\FileHandler' driver.
INFO - 2025-10-10 10:59:32 --> Session: Class initialized using 'CodeIgniter\Session\Handlers\FileHandler' driver.
INFO - 2025-10-10 10:59:38 --> Session: Class initialized using 'CodeIgniter\Session\Handlers\FileHandler' driver.
INFO - 2025-10-10 11:00:11 --> Session: Class initialized using 'CodeIgniter\Session\Handlers\FileHandler' driver.
INFO - 2025-10-10 11:00:57 --> Session: Class initialized using 'CodeIgniter\Session\Handlers\FileHandler' driver.
INFO - 2025-10-10 11:01:10 --> Session: Class initialized using 'CodeIgniter\Session\Handlers\FileHandler' driver.
INFO - 2025-10-10 11:01:56 --> Session: Class initialized using 'CodeIgniter\Session\Handlers\FileHandler' driver.
INFO - 2025-10-10 11:02:03 --> Session: Class initialized using 'CodeIgniter\Session\Handlers\FileHandler' driver.
INFO - 2025-10-10 11:02:12 --> Session: Class initialized using 'CodeIgniter\Session\Handlers\FileHandler' driver.
INFO - 2025-10-10 11:02:12 --> Session: Class initialized using 'CodeIgniter\Session\Handlers\FileHandler' driver.
INFO - 2025-10-10 11:02:12 --> Session: Class initialized using 'CodeIgniter\Session\Handlers\FileHandler' driver.
INFO - 2025-10-10 11:02:12 --> Session: Class initialized using 'CodeIgniter\Session\Handlers\FileHandler' driver.
INFO - 2025-10-10 11:02:12 --> Session: Class initialized using 'CodeIgniter\Session\Handlers\FileHandler' driver.
INFO - 2025-10-10 11:03:01 --> Session: Class initialized using 'CodeIgniter\Session\Handlers\FileHandler' driver.
INFO - 2025-10-10 11:03:07 --> Session: Class initialized using 'CodeIgniter\Session\Handlers\FileHandler' driver.
INFO - 2025-10-10 11:07:27 --> Session: Class initialized using 'CodeIgniter\Session\Handlers\FileHandler' driver.
INFO - 2025-10-10 11:09:04 --> Session: Class initialized using 'CodeIgniter\Session\Handlers\FileHandler' driver.
INFO - 2025-10-10 11:14:14 --> Session: Class initialized using 'CodeIgniter\Session\Handlers\FileHandler' driver.
INFO - 2025-10-10 11:27:49 --> Session: Class initialized using 'CodeIgniter\Session\Handlers\FileHandler' driver.
INFO - 2025-10-10 11:32:11 --> Session: Class initialized using 'CodeIgniter\Session\Handlers\FileHandler' driver.
CRITICAL - 2025-10-10 11:34:07 --> ErrorException: Undefined property: stdClass::$id
in APPPATH\Controllers\Instalaciones.php on line 74.
 1 APPPATH\Controllers\Instalaciones.php(74): CodeIgniter\Debug\Exceptions->errorHandler(2, 'Undefined property: stdClass::$id', 'C:\\Proyectos\\reservalo2.0\\app\\Controllers\\Instalaciones.php', 74)
 2 SYSTEMPATH\CodeIgniter.php(941): App\Controllers\Instalaciones->nuevaInstalacion()
 3 SYSTEMPATH\CodeIgniter.php(502): CodeIgniter\CodeIgniter->runController(Object(App\Controllers\Instalaciones))
 4 SYSTEMPATH\CodeIgniter.php(361): CodeIgniter\CodeIgniter->handleRequest(null, Object(Config\Cache), false)
 5 FCPATH\index.php(79): CodeIgniter\CodeIgniter->run()
CRITICAL - 2025-10-10 11:34:09 --> ErrorException: Undefined property: stdClass::$id
in APPPATH\Controllers\Instalaciones.php on line 74.
 1 APPPATH\Controllers\Instalaciones.php(74): CodeIgniter\Debug\Exceptions->errorHandler(2, 'Undefined property: stdClass::$id', 'C:\\Proyectos\\reservalo2.0\\app\\Controllers\\Instalaciones.php', 74)
 2 SYSTEMPATH\CodeIgniter.php(941): App\Controllers\Instalaciones->nuevaInstalacion()
 3 SYSTEMPATH\CodeIgniter.php(502): CodeIgniter\CodeIgniter->runController(Object(App\Controllers\Instalaciones))
 4 SYSTEMPATH\CodeIgniter.php(361): CodeIgniter\CodeIgniter->handleRequest(null, Object(Config\Cache), false)
 5 FCPATH\index.php(79): CodeIgniter\CodeIgniter->run()
CRITICAL - 2025-10-10 11:34:25 --> ErrorException: Undefined property: stdClass::$id
in APPPATH\Controllers\Instalaciones.php on line 74.
 1 APPPATH\Controllers\Instalaciones.php(74): CodeIgniter\Debug\Exceptions->errorHandler(2, 'Undefined property: stdClass::$id', 'C:\\Proyectos\\reservalo2.0\\app\\Controllers\\Instalaciones.php', 74)
 2 SYSTEMPATH\CodeIgniter.php(941): App\Controllers\Instalaciones->nuevaInstalacion()
 3 SYSTEMPATH\CodeIgniter.php(502): CodeIgniter\CodeIgniter->runController(Object(App\Controllers\Instalaciones))
 4 SYSTEMPATH\CodeIgniter.php(361): CodeIgniter\CodeIgniter->handleRequest(null, Object(Config\Cache), false)
 5 FCPATH\index.php(79): CodeIgniter\CodeIgniter->run()
CRITICAL - 2025-10-10 11:34:27 --> ErrorException: Undefined property: stdClass::$id
in APPPATH\Controllers\Instalaciones.php on line 74.
 1 APPPATH\Controllers\Instalaciones.php(74): CodeIgniter\Debug\Exceptions->errorHandler(2, 'Undefined property: stdClass::$id', 'C:\\Proyectos\\reservalo2.0\\app\\Controllers\\Instalaciones.php', 74)
 2 SYSTEMPATH\CodeIgniter.php(941): App\Controllers\Instalaciones->nuevaInstalacion()
 3 SYSTEMPATH\CodeIgniter.php(502): CodeIgniter\CodeIgniter->runController(Object(App\Controllers\Instalaciones))
 4 SYSTEMPATH\CodeIgniter.php(361): CodeIgniter\CodeIgniter->handleRequest(null, Object(Config\Cache), false)
 5 FCPATH\index.php(79): CodeIgniter\CodeIgniter->run()
ERROR - 2025-10-10 11:37:18 --> mysqli_sql_exception: Cannot add or update a child row: a foreign key constraint fails (`reservalo2`.`pistas`, CONSTRAINT `FK1_pistas_instalacion` FOREIGN KEY (`id_instalacion`) REFERENCES `instalaciones` (`id_instalacion`) ON DELETE NO ACTION ON UPDATE CASCADE) in C:\Proyectos\reservalo2.0\system\Database\MySQLi\Connection.php:306
Stack trace:
#0 C:\Proyectos\reservalo2.0\system\Database\MySQLi\Connection.php(306): mysqli->query('INSERT INTO `pi...', 0)
#1 C:\Proyectos\reservalo2.0\system\Database\BaseConnection.php(693): CodeIgniter\Database\MySQLi\Connection->execute('INSERT INTO `pi...')
#2 C:\Proyectos\reservalo2.0\system\Database\BaseConnection.php(607): CodeIgniter\Database\BaseConnection->simpleQuery('INSERT INTO `pi...')
#3 C:\Proyectos\reservalo2.0\system\Database\BaseBuilder.php(2307): CodeIgniter\Database\BaseConnection->query('INSERT INTO `pi...', Array, false)
#4 C:\Proyectos\reservalo2.0\app\Models\instalacionesModel.php(84): CodeIgniter\Database\BaseBuilder->insert(Array)
#5 C:\Proyectos\reservalo2.0\app\Controllers\Instalaciones.php(118): App\Models\instalacionesModel->createPistas(Array)
#6 C:\Proyectos\reservalo2.0\system\CodeIgniter.php(941): App\Controllers\Instalaciones->nuevaInstalacion()
#7 C:\Proyectos\reservalo2.0\system\CodeIgniter.php(502): CodeIgniter\CodeIgniter->runController(Object(App\Controllers\Instalaciones))
#8 C:\Proyectos\reservalo2.0\system\CodeIgniter.php(361): CodeIgniter\CodeIgniter->handleRequest(NULL, Object(Config\Cache), false)
#9 C:\Proyectos\reservalo2.0\index.php(79): CodeIgniter\CodeIgniter->run()
#10 {main}
CRITICAL - 2025-10-10 11:37:18 --> CodeIgniter\Database\Exceptions\DatabaseException: Cannot add or update a child row: a foreign key constraint fails (`reservalo2`.`pistas`, CONSTRAINT `FK1_pistas_instalacion` FOREIGN KEY (`id_instalacion`) REFERENCES `instalaciones` (`id_instalacion`) ON DELETE NO ACTION ON UPDATE CASCADE)
in SYSTEMPATH\Database\BaseConnection.php on line 647.
 1 SYSTEMPATH\Database\BaseBuilder.php(2307): CodeIgniter\Database\BaseConnection->query('INSERT INTO `pistas` (`id_instalacion`, `nombre_pista`, `capacidad_pista`, `precio_pista`, `imagen1`, `imagen2`, `imagen3`, `imagen4`, `pista_unica`) VALUES (:id_instalacion:, :nombre_pista:, :capacidad_pista:, :precio_pista:, :imagen1:, :imagen2:, :imagen3:, :imagen4:, :pista_unica:)', [...], false)
 2 APPPATH\Models\instalacionesModel.php(84): CodeIgniter\Database\BaseBuilder->insert([...])
 3 APPPATH\Controllers\Instalaciones.php(118): App\Models\instalacionesModel->createPistas([...])
 4 SYSTEMPATH\CodeIgniter.php(941): App\Controllers\Instalaciones->nuevaInstalacion()
 5 SYSTEMPATH\CodeIgniter.php(502): CodeIgniter\CodeIgniter->runController(Object(App\Controllers\Instalaciones))
 6 SYSTEMPATH\CodeIgniter.php(361): CodeIgniter\CodeIgniter->handleRequest(null, Object(Config\Cache), false)
 7 FCPATH\index.php(79): CodeIgniter\CodeIgniter->run()
CRITICAL - 2025-10-10 11:37:18 --> [Caused by] CodeIgniter\Database\Exceptions\DatabaseException: Cannot add or update a child row: a foreign key constraint fails (`reservalo2`.`pistas`, CONSTRAINT `FK1_pistas_instalacion` FOREIGN KEY (`id_instalacion`) REFERENCES `instalaciones` (`id_instalacion`) ON DELETE NO ACTION ON UPDATE CASCADE)
in SYSTEMPATH\Database\MySQLi\Connection.php on line 311.
 1 SYSTEMPATH\Database\BaseConnection.php(693): CodeIgniter\Database\MySQLi\Connection->execute('INSERT INTO `pistas` (`id_instalacion`, `nombre_pista`, `capacidad_pista`, `precio_pista`, `imagen1`, `imagen2`, `imagen3`, `imagen4`, `pista_unica`) VALUES (33, \'Pista de fútbol 7. nº1\', \'14\', \'28\', \'CampoFutbol.jpg\', \'CampoFutbol2.jpg\', \'CampoFutbol3.jpg\', \'CampoFutbol4.jpg\', 0)')
 2 SYSTEMPATH\Database\BaseConnection.php(607): CodeIgniter\Database\BaseConnection->simpleQuery('INSERT INTO `pistas` (`id_instalacion`, `nombre_pista`, `capacidad_pista`, `precio_pista`, `imagen1`, `imagen2`, `imagen3`, `imagen4`, `pista_unica`) VALUES (33, \'Pista de fútbol 7. nº1\', \'14\', \'28\', \'CampoFutbol.jpg\', \'CampoFutbol2.jpg\', \'CampoFutbol3.jpg\', \'CampoFutbol4.jpg\', 0)')
 3 SYSTEMPATH\Database\BaseBuilder.php(2307): CodeIgniter\Database\BaseConnection->query('INSERT INTO `pistas` (`id_instalacion`, `nombre_pista`, `capacidad_pista`, `precio_pista`, `imagen1`, `imagen2`, `imagen3`, `imagen4`, `pista_unica`) VALUES (:id_instalacion:, :nombre_pista:, :capacidad_pista:, :precio_pista:, :imagen1:, :imagen2:, :imagen3:, :imagen4:, :pista_unica:)', [...], false)
 4 APPPATH\Models\instalacionesModel.php(84): CodeIgniter\Database\BaseBuilder->insert([...])
 5 APPPATH\Controllers\Instalaciones.php(118): App\Models\instalacionesModel->createPistas([...])
 6 SYSTEMPATH\CodeIgniter.php(941): App\Controllers\Instalaciones->nuevaInstalacion()
 7 SYSTEMPATH\CodeIgniter.php(502): CodeIgniter\CodeIgniter->runController(Object(App\Controllers\Instalaciones))
 8 SYSTEMPATH\CodeIgniter.php(361): CodeIgniter\CodeIgniter->handleRequest(null, Object(Config\Cache), false)
 9 FCPATH\index.php(79): CodeIgniter\CodeIgniter->run()
CRITICAL - 2025-10-10 11:37:18 --> [Caused by] mysqli_sql_exception: Cannot add or update a child row: a foreign key constraint fails (`reservalo2`.`pistas`, CONSTRAINT `FK1_pistas_instalacion` FOREIGN KEY (`id_instalacion`) REFERENCES `instalaciones` (`id_instalacion`) ON DELETE NO ACTION ON UPDATE CASCADE)
in SYSTEMPATH\Database\MySQLi\Connection.php on line 306.
 1 SYSTEMPATH\Database\MySQLi\Connection.php(306): mysqli->query('INSERT INTO `pistas` (`id_instalacion`, `nombre_pista`, `capacidad_pista`, `precio_pista`, `imagen1`, `imagen2`, `imagen3`, `imagen4`, `pista_unica`) VALUES (33, \'Pista de fútbol 7. nº1\', \'14\', \'28\', \'CampoFutbol.jpg\', \'CampoFutbol2.jpg\', \'CampoFutbol3.jpg\', \'CampoFutbol4.jpg\', 0)', 0)
 2 SYSTEMPATH\Database\BaseConnection.php(693): CodeIgniter\Database\MySQLi\Connection->execute('INSERT INTO `pistas` (`id_instalacion`, `nombre_pista`, `capacidad_pista`, `precio_pista`, `imagen1`, `imagen2`, `imagen3`, `imagen4`, `pista_unica`) VALUES (33, \'Pista de fútbol 7. nº1\', \'14\', \'28\', \'CampoFutbol.jpg\', \'CampoFutbol2.jpg\', \'CampoFutbol3.jpg\', \'CampoFutbol4.jpg\', 0)')
 3 SYSTEMPATH\Database\BaseConnection.php(607): CodeIgniter\Database\BaseConnection->simpleQuery('INSERT INTO `pistas` (`id_instalacion`, `nombre_pista`, `capacidad_pista`, `precio_pista`, `imagen1`, `imagen2`, `imagen3`, `imagen4`, `pista_unica`) VALUES (33, \'Pista de fútbol 7. nº1\', \'14\', \'28\', \'CampoFutbol.jpg\', \'CampoFutbol2.jpg\', \'CampoFutbol3.jpg\', \'CampoFutbol4.jpg\', 0)')
 4 SYSTEMPATH\Database\BaseBuilder.php(2307): CodeIgniter\Database\BaseConnection->query('INSERT INTO `pistas` (`id_instalacion`, `nombre_pista`, `capacidad_pista`, `precio_pista`, `imagen1`, `imagen2`, `imagen3`, `imagen4`, `pista_unica`) VALUES (:id_instalacion:, :nombre_pista:, :capacidad_pista:, :precio_pista:, :imagen1:, :imagen2:, :imagen3:, :imagen4:, :pista_unica:)', [...], false)
 5 APPPATH\Models\instalacionesModel.php(84): CodeIgniter\Database\BaseBuilder->insert([...])
 6 APPPATH\Controllers\Instalaciones.php(118): App\Models\instalacionesModel->createPistas([...])
 7 SYSTEMPATH\CodeIgniter.php(941): App\Controllers\Instalaciones->nuevaInstalacion()
 8 SYSTEMPATH\CodeIgniter.php(502): CodeIgniter\CodeIgniter->runController(Object(App\Controllers\Instalaciones))
 9 SYSTEMPATH\CodeIgniter.php(361): CodeIgniter\CodeIgniter->handleRequest(null, Object(Config\Cache), false)
10 FCPATH\index.php(79): CodeIgniter\CodeIgniter->run()
INFO - 2025-10-10 11:37:24 --> Session: Class initialized using 'CodeIgniter\Session\Handlers\FileHandler' driver.
INFO - 2025-10-10 11:39:56 --> Session: Class initialized using 'CodeIgniter\Session\Handlers\FileHandler' driver.
INFO - 2025-10-10 11:42:25 --> Session: Class initialized using 'CodeIgniter\Session\Handlers\FileHandler' driver.
CRITICAL - 2025-10-10 11:45:19 --> ErrorException: Undefined property: stdClass::$id
in APPPATH\Controllers\Instalaciones.php on line 74.
 1 APPPATH\Controllers\Instalaciones.php(74): CodeIgniter\Debug\Exceptions->errorHandler(2, 'Undefined property: stdClass::$id', 'C:\\Proyectos\\reservalo2.0\\app\\Controllers\\Instalaciones.php', 74)
 2 SYSTEMPATH\CodeIgniter.php(941): App\Controllers\Instalaciones->nuevaInstalacion()
 3 SYSTEMPATH\CodeIgniter.php(502): CodeIgniter\CodeIgniter->runController(Object(App\Controllers\Instalaciones))
 4 SYSTEMPATH\CodeIgniter.php(361): CodeIgniter\CodeIgniter->handleRequest(null, Object(Config\Cache), false)
 5 FCPATH\index.php(79): CodeIgniter\CodeIgniter->run()
INFO - 2025-10-10 11:45:23 --> Session: Class initialized using 'CodeIgniter\Session\Handlers\FileHandler' driver.
INFO - 2025-10-10 11:50:26 --> Session: Class initialized using 'CodeIgniter\Session\Handlers\FileHandler' driver.
INFO - 2025-10-10 11:52:24 --> Session: Class initialized using 'CodeIgniter\Session\Handlers\FileHandler' driver.
INFO - 2025-10-10 11:53:37 --> Session: Class initialized using 'CodeIgniter\Session\Handlers\FileHandler' driver.
INFO - 2025-10-10 11:56:25 --> Session: Class initialized using 'CodeIgniter\Session\Handlers\FileHandler' driver.
INFO - 2025-10-10 11:56:40 --> Session: Class initialized using 'CodeIgniter\Session\Handlers\FileHandler' driver.
ERROR - 2025-10-10 11:57:55 --> mysqli_sql_exception: Cannot add or update a child row: a foreign key constraint fails (`reservalo2`.`pistas`, CONSTRAINT `FK1_pistas_instalacion` FOREIGN KEY (`id_instalacion`) REFERENCES `instalaciones` (`id_instalacion`) ON DELETE NO ACTION ON UPDATE CASCADE) in C:\Proyectos\reservalo2.0\system\Database\MySQLi\Connection.php:306
Stack trace:
#0 C:\Proyectos\reservalo2.0\system\Database\MySQLi\Connection.php(306): mysqli->query('INSERT INTO `pi...', 0)
#1 C:\Proyectos\reservalo2.0\system\Database\BaseConnection.php(693): CodeIgniter\Database\MySQLi\Connection->execute('INSERT INTO `pi...')
#2 C:\Proyectos\reservalo2.0\system\Database\BaseConnection.php(607): CodeIgniter\Database\BaseConnection->simpleQuery('INSERT INTO `pi...')
#3 C:\Proyectos\reservalo2.0\system\Database\BaseBuilder.php(2307): CodeIgniter\Database\BaseConnection->query('INSERT INTO `pi...', Array, false)
#4 C:\Proyectos\reservalo2.0\app\Models\instalacionesModel.php(84): CodeIgniter\Database\BaseBuilder->insert(Array)
#5 C:\Proyectos\reservalo2.0\app\Controllers\Instalaciones.php(117): App\Models\instalacionesModel->createPistas(Array)
#6 C:\Proyectos\reservalo2.0\system\CodeIgniter.php(941): App\Controllers\Instalaciones->nuevaInstalacion()
#7 C:\Proyectos\reservalo2.0\system\CodeIgniter.php(502): CodeIgniter\CodeIgniter->runController(Object(App\Controllers\Instalaciones))
#8 C:\Proyectos\reservalo2.0\system\CodeIgniter.php(361): CodeIgniter\CodeIgniter->handleRequest(NULL, Object(Config\Cache), false)
#9 C:\Proyectos\reservalo2.0\index.php(79): CodeIgniter\CodeIgniter->run()
#10 {main}
CRITICAL - 2025-10-10 11:57:55 --> CodeIgniter\Database\Exceptions\DatabaseException: Cannot add or update a child row: a foreign key constraint fails (`reservalo2`.`pistas`, CONSTRAINT `FK1_pistas_instalacion` FOREIGN KEY (`id_instalacion`) REFERENCES `instalaciones` (`id_instalacion`) ON DELETE NO ACTION ON UPDATE CASCADE)
in SYSTEMPATH\Database\BaseConnection.php on line 647.
 1 SYSTEMPATH\Database\BaseBuilder.php(2307): CodeIgniter\Database\BaseConnection->query('INSERT INTO `pistas` (`id_instalacion`, `nombre_pista`, `capacidad_pista`, `precio_pista`, `imagen1`, `imagen2`, `imagen3`, `imagen4`, `pista_unica`) VALUES (:id_instalacion:, :nombre_pista:, :capacidad_pista:, :precio_pista:, :imagen1:, :imagen2:, :imagen3:, :imagen4:, :pista_unica:)', [...], false)
 2 APPPATH\Models\instalacionesModel.php(84): CodeIgniter\Database\BaseBuilder->insert([...])
 3 APPPATH\Controllers\Instalaciones.php(117): App\Models\instalacionesModel->createPistas([...])
 4 SYSTEMPATH\CodeIgniter.php(941): App\Controllers\Instalaciones->nuevaInstalacion()
 5 SYSTEMPATH\CodeIgniter.php(502): CodeIgniter\CodeIgniter->runController(Object(App\Controllers\Instalaciones))
 6 SYSTEMPATH\CodeIgniter.php(361): CodeIgniter\CodeIgniter->handleRequest(null, Object(Config\Cache), false)
 7 FCPATH\index.php(79): CodeIgniter\CodeIgniter->run()
CRITICAL - 2025-10-10 11:57:55 --> [Caused by] CodeIgniter\Database\Exceptions\DatabaseException: Cannot add or update a child row: a foreign key constraint fails (`reservalo2`.`pistas`, CONSTRAINT `FK1_pistas_instalacion` FOREIGN KEY (`id_instalacion`) REFERENCES `instalaciones` (`id_instalacion`) ON DELETE NO ACTION ON UPDATE CASCADE)
in SYSTEMPATH\Database\MySQLi\Connection.php on line 311.
 1 SYSTEMPATH\Database\BaseConnection.php(693): CodeIgniter\Database\MySQLi\Connection->execute('INSERT INTO `pistas` (`id_instalacion`, `nombre_pista`, `capacidad_pista`, `precio_pista`, `imagen1`, `imagen2`, `imagen3`, `imagen4`, `pista_unica`) VALUES (37, \'Instalación Campo de fútbol  completa\', 22, 44, NULL, NULL, NULL, NULL, 0)')
 2 SYSTEMPATH\Database\BaseConnection.php(607): CodeIgniter\Database\BaseConnection->simpleQuery('INSERT INTO `pistas` (`id_instalacion`, `nombre_pista`, `capacidad_pista`, `precio_pista`, `imagen1`, `imagen2`, `imagen3`, `imagen4`, `pista_unica`) VALUES (37, \'Instalación Campo de fútbol  completa\', 22, 44, NULL, NULL, NULL, NULL, 0)')
 3 SYSTEMPATH\Database\BaseBuilder.php(2307): CodeIgniter\Database\BaseConnection->query('INSERT INTO `pistas` (`id_instalacion`, `nombre_pista`, `capacidad_pista`, `precio_pista`, `imagen1`, `imagen2`, `imagen3`, `imagen4`, `pista_unica`) VALUES (:id_instalacion:, :nombre_pista:, :capacidad_pista:, :precio_pista:, :imagen1:, :imagen2:, :imagen3:, :imagen4:, :pista_unica:)', [...], false)
 4 APPPATH\Models\instalacionesModel.php(84): CodeIgniter\Database\BaseBuilder->insert([...])
 5 APPPATH\Controllers\Instalaciones.php(117): App\Models\instalacionesModel->createPistas([...])
 6 SYSTEMPATH\CodeIgniter.php(941): App\Controllers\Instalaciones->nuevaInstalacion()
 7 SYSTEMPATH\CodeIgniter.php(502): CodeIgniter\CodeIgniter->runController(Object(App\Controllers\Instalaciones))
 8 SYSTEMPATH\CodeIgniter.php(361): CodeIgniter\CodeIgniter->handleRequest(null, Object(Config\Cache), false)
 9 FCPATH\index.php(79): CodeIgniter\CodeIgniter->run()
CRITICAL - 2025-10-10 11:57:55 --> [Caused by] mysqli_sql_exception: Cannot add or update a child row: a foreign key constraint fails (`reservalo2`.`pistas`, CONSTRAINT `FK1_pistas_instalacion` FOREIGN KEY (`id_instalacion`) REFERENCES `instalaciones` (`id_instalacion`) ON DELETE NO ACTION ON UPDATE CASCADE)
in SYSTEMPATH\Database\MySQLi\Connection.php on line 306.
 1 SYSTEMPATH\Database\MySQLi\Connection.php(306): mysqli->query('INSERT INTO `pistas` (`id_instalacion`, `nombre_pista`, `capacidad_pista`, `precio_pista`, `imagen1`, `imagen2`, `imagen3`, `imagen4`, `pista_unica`) VALUES (37, \'Instalación Campo de fútbol  completa\', 22, 44, NULL, NULL, NULL, NULL, 0)', 0)
 2 SYSTEMPATH\Database\BaseConnection.php(693): CodeIgniter\Database\MySQLi\Connection->execute('INSERT INTO `pistas` (`id_instalacion`, `nombre_pista`, `capacidad_pista`, `precio_pista`, `imagen1`, `imagen2`, `imagen3`, `imagen4`, `pista_unica`) VALUES (37, \'Instalación Campo de fútbol  completa\', 22, 44, NULL, NULL, NULL, NULL, 0)')
 3 SYSTEMPATH\Database\BaseConnection.php(607): CodeIgniter\Database\BaseConnection->simpleQuery('INSERT INTO `pistas` (`id_instalacion`, `nombre_pista`, `capacidad_pista`, `precio_pista`, `imagen1`, `imagen2`, `imagen3`, `imagen4`, `pista_unica`) VALUES (37, \'Instalación Campo de fútbol  completa\', 22, 44, NULL, NULL, NULL, NULL, 0)')
 4 SYSTEMPATH\Database\BaseBuilder.php(2307): CodeIgniter\Database\BaseConnection->query('INSERT INTO `pistas` (`id_instalacion`, `nombre_pista`, `capacidad_pista`, `precio_pista`, `imagen1`, `imagen2`, `imagen3`, `imagen4`, `pista_unica`) VALUES (:id_instalacion:, :nombre_pista:, :capacidad_pista:, :precio_pista:, :imagen1:, :imagen2:, :imagen3:, :imagen4:, :pista_unica:)', [...], false)
 5 APPPATH\Models\instalacionesModel.php(84): CodeIgniter\Database\BaseBuilder->insert([...])
 6 APPPATH\Controllers\Instalaciones.php(117): App\Models\instalacionesModel->createPistas([...])
 7 SYSTEMPATH\CodeIgniter.php(941): App\Controllers\Instalaciones->nuevaInstalacion()
 8 SYSTEMPATH\CodeIgniter.php(502): CodeIgniter\CodeIgniter->runController(Object(App\Controllers\Instalaciones))
 9 SYSTEMPATH\CodeIgniter.php(361): CodeIgniter\CodeIgniter->handleRequest(null, Object(Config\Cache), false)
10 FCPATH\index.php(79): CodeIgniter\CodeIgniter->run()
INFO - 2025-10-10 11:57:58 --> Session: Class initialized using 'CodeIgniter\Session\Handlers\FileHandler' driver.
INFO - 2025-10-10 11:58:04 --> Session: Class initialized using 'CodeIgniter\Session\Handlers\FileHandler' driver.
