INFO - 2025-11-05 08:44:57 --> Session: Class initialized using 'CodeIgniter\Session\Handlers\FileHandler' driver.
INFO - 2025-11-05 08:49:10 --> Session: Class initialized using 'CodeIgniter\Session\Handlers\FileHandler' driver.
INFO - 2025-11-05 08:49:11 --> Session: Class initialized using 'CodeIgniter\Session\Handlers\FileHandler' driver.
INFO - 2025-11-05 08:49:29 --> Session: Class initialized using 'CodeIgniter\Session\Handlers\FileHandler' driver.
CRITICAL - 2025-11-05 08:50:40 --> ParseError: syntax error, unexpected token "}"
in APPPATH\Controllers\Horarios.php on line 204.
 1 SYSTEMPATH\Autoloader\Autoloader.php(290): CodeIgniter\Autoloader\Autoloader->includeFile('C:\\Proyectos\\reservalo2.0\\app\\Controllers\\Horarios.php')
 2 SYSTEMPATH\Autoloader\Autoloader.php(266): CodeIgniter\Autoloader\Autoloader->loadInNamespace('App\\Controllers\\Horarios')
 3 [internal function]: CodeIgniter\Autoloader\Autoloader->loadClass('App\\Controllers\\Horarios')
 4 SYSTEMPATH\CodeIgniter.php(899): class_exists('\\App\\Controllers\\Horarios', true)
 5 SYSTEMPATH\CodeIgniter.php(489): CodeIgniter\CodeIgniter->startController()
 6 SYSTEMPATH\CodeIgniter.php(361): CodeIgniter\CodeIgniter->handleRequest(null, Object(Config\Cache), false)
 7 FCPATH\index.php(79): CodeIgniter\CodeIgniter->run()
INFO - 2025-11-05 10:25:50 --> Session: Class initialized using 'CodeIgniter\Session\Handlers\FileHandler' driver.
INFO - 2025-11-05 11:24:41 --> Session: Class initialized using 'CodeIgniter\Session\Handlers\FileHandler' driver.
INFO - 2025-11-05 11:25:26 --> Session: Class initialized using 'CodeIgniter\Session\Handlers\FileHandler' driver.
INFO - 2025-11-05 11:26:17 --> Session: Class initialized using 'CodeIgniter\Session\Handlers\FileHandler' driver.
CRITICAL - 2025-11-05 11:26:38 --> ErrorException: Undefined array key "franja_unica"
in APPPATH\Controllers\Horarios.php on line 207.
 1 APPPATH\Controllers\Horarios.php(207): CodeIgniter\Debug\Exceptions->errorHandler(2, 'Undefined array key "franja_unica"', 'C:\\Proyectos\\reservalo2.0\\app\\Controllers\\Horarios.php', 207)
 2 SYSTEMPATH\CodeIgniter.php(941): App\Controllers\Horarios->editarHorario()
 3 SYSTEMPATH\CodeIgniter.php(502): CodeIgniter\CodeIgniter->runController(Object(App\Controllers\Horarios))
 4 SYSTEMPATH\CodeIgniter.php(361): CodeIgniter\CodeIgniter->handleRequest(null, Object(Config\Cache), false)
 5 FCPATH\index.php(79): CodeIgniter\CodeIgniter->run()
CRITICAL - 2025-11-05 11:28:05 --> ErrorException: Undefined array key "franja_unica"
in APPPATH\Controllers\Horarios.php on line 207.
 1 APPPATH\Controllers\Horarios.php(207): CodeIgniter\Debug\Exceptions->errorHandler(2, 'Undefined array key "franja_unica"', 'C:\\Proyectos\\reservalo2.0\\app\\Controllers\\Horarios.php', 207)
 2 SYSTEMPATH\CodeIgniter.php(941): App\Controllers\Horarios->editarHorario()
 3 SYSTEMPATH\CodeIgniter.php(502): CodeIgniter\CodeIgniter->runController(Object(App\Controllers\Horarios))
 4 SYSTEMPATH\CodeIgniter.php(361): CodeIgniter\CodeIgniter->handleRequest(null, Object(Config\Cache), false)
 5 FCPATH\index.php(79): CodeIgniter\CodeIgniter->run()
INFO - 2025-11-05 11:28:14 --> Session: Class initialized using 'CodeIgniter\Session\Handlers\FileHandler' driver.
CRITICAL - 2025-11-05 11:28:38 --> ErrorException: Undefined array key "franja_unica"
in APPPATH\Controllers\Horarios.php on line 207.
 1 APPPATH\Controllers\Horarios.php(207): CodeIgniter\Debug\Exceptions->errorHandler(2, 'Undefined array key "franja_unica"', 'C:\\Proyectos\\reservalo2.0\\app\\Controllers\\Horarios.php', 207)
 2 SYSTEMPATH\CodeIgniter.php(941): App\Controllers\Horarios->editarHorario()
 3 SYSTEMPATH\CodeIgniter.php(502): CodeIgniter\CodeIgniter->runController(Object(App\Controllers\Horarios))
 4 SYSTEMPATH\CodeIgniter.php(361): CodeIgniter\CodeIgniter->handleRequest(null, Object(Config\Cache), false)
 5 FCPATH\index.php(79): CodeIgniter\CodeIgniter->run()
INFO - 2025-11-05 11:28:51 --> Session: Class initialized using 'CodeIgniter\Session\Handlers\FileHandler' driver.
INFO - 2025-11-05 11:38:10 --> Session: Class initialized using 'CodeIgniter\Session\Handlers\FileHandler' driver.
INFO - 2025-11-05 11:38:58 --> Session: Class initialized using 'CodeIgniter\Session\Handlers\FileHandler' driver.
INFO - 2025-11-05 11:40:45 --> Session: Class initialized using 'CodeIgniter\Session\Handlers\FileHandler' driver.
CRITICAL - 2025-11-05 11:43:56 --> ErrorException: Undefined array key "franja_unica"
in APPPATH\Controllers\Horarios.php on line 207.
 1 APPPATH\Controllers\Horarios.php(207): CodeIgniter\Debug\Exceptions->errorHandler(2, 'Undefined array key "franja_unica"', 'C:\\Proyectos\\reservalo2.0\\app\\Controllers\\Horarios.php', 207)
 2 SYSTEMPATH\CodeIgniter.php(941): App\Controllers\Horarios->editarHorario()
 3 SYSTEMPATH\CodeIgniter.php(502): CodeIgniter\CodeIgniter->runController(Object(App\Controllers\Horarios))
 4 SYSTEMPATH\CodeIgniter.php(361): CodeIgniter\CodeIgniter->handleRequest(null, Object(Config\Cache), false)
 5 FCPATH\index.php(79): CodeIgniter\CodeIgniter->run()
INFO - 2025-11-05 11:45:47 --> Session: Class initialized using 'CodeIgniter\Session\Handlers\FileHandler' driver.
INFO - 2025-11-05 11:51:02 --> Session: Class initialized using 'CodeIgniter\Session\Handlers\FileHandler' driver.
INFO - 2025-11-05 11:53:31 --> Session: Class initialized using 'CodeIgniter\Session\Handlers\FileHandler' driver.
INFO - 2025-11-05 11:54:47 --> Session: Class initialized using 'CodeIgniter\Session\Handlers\FileHandler' driver.
INFO - 2025-11-05 11:57:20 --> Session: Class initialized using 'CodeIgniter\Session\Handlers\FileHandler' driver.
INFO - 2025-11-05 11:57:51 --> Session: Class initialized using 'CodeIgniter\Session\Handlers\FileHandler' driver.
INFO - 2025-11-05 11:57:52 --> Session: Class initialized using 'CodeIgniter\Session\Handlers\FileHandler' driver.
INFO - 2025-11-05 11:57:52 --> Session: Class initialized using 'CodeIgniter\Session\Handlers\FileHandler' driver.
INFO - 2025-11-05 12:42:04 --> Session: Class initialized using 'CodeIgniter\Session\Handlers\FileHandler' driver.
INFO - 2025-11-05 15:11:01 --> Session: Class initialized using 'CodeIgniter\Session\Handlers\FileHandler' driver.
CRITICAL - 2025-11-05 15:12:17 --> ErrorException: Undefined array key "manana"
in APPPATH\Controllers\Horarios.php on line 279.
 1 APPPATH\Controllers\Horarios.php(279): CodeIgniter\Debug\Exceptions->errorHandler(2, 'Undefined array key "manana"', 'C:\\Proyectos\\reservalo2.0\\app\\Controllers\\Horarios.php', 279)
 2 SYSTEMPATH\CodeIgniter.php(941): App\Controllers\Horarios->editarHorario()
 3 SYSTEMPATH\CodeIgniter.php(502): CodeIgniter\CodeIgniter->runController(Object(App\Controllers\Horarios))
 4 SYSTEMPATH\CodeIgniter.php(361): CodeIgniter\CodeIgniter->handleRequest(null, Object(Config\Cache), false)
 5 FCPATH\index.php(79): CodeIgniter\CodeIgniter->run()
CRITICAL - 2025-11-05 15:13:06 --> ErrorException: Undefined array key "manana"
in APPPATH\Controllers\Horarios.php on line 279.
 1 APPPATH\Controllers\Horarios.php(279): CodeIgniter\Debug\Exceptions->errorHandler(2, 'Undefined array key "manana"', 'C:\\Proyectos\\reservalo2.0\\app\\Controllers\\Horarios.php', 279)
 2 SYSTEMPATH\CodeIgniter.php(941): App\Controllers\Horarios->editarHorario()
 3 SYSTEMPATH\CodeIgniter.php(502): CodeIgniter\CodeIgniter->runController(Object(App\Controllers\Horarios))
 4 SYSTEMPATH\CodeIgniter.php(361): CodeIgniter\CodeIgniter->handleRequest(null, Object(Config\Cache), false)
 5 FCPATH\index.php(79): CodeIgniter\CodeIgniter->run()
CRITICAL - 2025-11-05 15:13:53 --> ErrorException: Undefined array key "inicio"
in APPPATH\Controllers\Horarios.php on line 279.
 1 APPPATH\Controllers\Horarios.php(279): CodeIgniter\Debug\Exceptions->errorHandler(2, 'Undefined array key "inicio"', 'C:\\Proyectos\\reservalo2.0\\app\\Controllers\\Horarios.php', 279)
 2 SYSTEMPATH\CodeIgniter.php(941): App\Controllers\Horarios->editarHorario()
 3 SYSTEMPATH\CodeIgniter.php(502): CodeIgniter\CodeIgniter->runController(Object(App\Controllers\Horarios))
 4 SYSTEMPATH\CodeIgniter.php(361): CodeIgniter\CodeIgniter->handleRequest(null, Object(Config\Cache), false)
 5 FCPATH\index.php(79): CodeIgniter\CodeIgniter->run()
INFO - 2025-11-05 15:22:52 --> Session: Class initialized using 'CodeIgniter\Session\Handlers\FileHandler' driver.
INFO - 2025-11-05 15:30:52 --> Session: Class initialized using 'CodeIgniter\Session\Handlers\FileHandler' driver.
INFO - 2025-11-05 15:52:22 --> Session: Class initialized using 'CodeIgniter\Session\Handlers\FileHandler' driver.
INFO - 2025-11-05 15:59:18 --> Session: Class initialized using 'CodeIgniter\Session\Handlers\FileHandler' driver.
INFO - 2025-11-05 16:00:49 --> Session: Class initialized using 'CodeIgniter\Session\Handlers\FileHandler' driver.
INFO - 2025-11-05 16:03:59 --> Session: Class initialized using 'CodeIgniter\Session\Handlers\FileHandler' driver.
INFO - 2025-11-05 16:07:52 --> Session: Class initialized using 'CodeIgniter\Session\Handlers\FileHandler' driver.
INFO - 2025-11-05 16:11:15 --> Session: Class initialized using 'CodeIgniter\Session\Handlers\FileHandler' driver.
CRITICAL - 2025-11-05 16:13:49 --> ErrorException: Undefined array key "inicio"
in APPPATH\Controllers\Horarios.php on line 284.
 1 APPPATH\Controllers\Horarios.php(284): CodeIgniter\Debug\Exceptions->errorHandler(2, 'Undefined array key "inicio"', 'C:\\Proyectos\\reservalo2.0\\app\\Controllers\\Horarios.php', 284)
 2 SYSTEMPATH\CodeIgniter.php(941): App\Controllers\Horarios->editarHorario()
 3 SYSTEMPATH\CodeIgniter.php(502): CodeIgniter\CodeIgniter->runController(Object(App\Controllers\Horarios))
 4 SYSTEMPATH\CodeIgniter.php(361): CodeIgniter\CodeIgniter->handleRequest(null, Object(Config\Cache), false)
 5 FCPATH\index.php(79): CodeIgniter\CodeIgniter->run()
INFO - 2025-11-05 16:15:58 --> Session: Class initialized using 'CodeIgniter\Session\Handlers\FileHandler' driver.
ERROR - 2025-11-05 16:16:54 --> mysqli_sql_exception: Table 'reservalo2.franja_dia' doesn't exist in C:\Proyectos\reservalo2.0\system\Database\MySQLi\Connection.php:306
Stack trace:
#0 C:\Proyectos\reservalo2.0\system\Database\MySQLi\Connection.php(306): mysqli->query('SELECT `fd`.`id...', 0)
#1 C:\Proyectos\reservalo2.0\system\Database\BaseConnection.php(693): CodeIgniter\Database\MySQLi\Connection->execute('SELECT `fd`.`id...')
#2 C:\Proyectos\reservalo2.0\system\Database\BaseConnection.php(607): CodeIgniter\Database\BaseConnection->simpleQuery('SELECT `fd`.`id...')
#3 C:\Proyectos\reservalo2.0\system\Database\BaseBuilder.php(1616): CodeIgniter\Database\BaseConnection->query('SELECT `fd`.`id...', Array, false)
#4 C:\Proyectos\reservalo2.0\app\Models\horariosModel.php(205): CodeIgniter\Database\BaseBuilder->get()
#5 C:\Proyectos\reservalo2.0\app\Controllers\Horarios.php(296): App\Models\horariosModel->updateFranjaHoraria(Array, 8, 1)
#6 C:\Proyectos\reservalo2.0\system\CodeIgniter.php(941): App\Controllers\Horarios->editarHorario()
#7 C:\Proyectos\reservalo2.0\system\CodeIgniter.php(502): CodeIgniter\CodeIgniter->runController(Object(App\Controllers\Horarios))
#8 C:\Proyectos\reservalo2.0\system\CodeIgniter.php(361): CodeIgniter\CodeIgniter->handleRequest(NULL, Object(Config\Cache), false)
#9 C:\Proyectos\reservalo2.0\index.php(79): CodeIgniter\CodeIgniter->run()
#10 {main}
INFO - 2025-11-05 16:18:14 --> Session: Class initialized using 'CodeIgniter\Session\Handlers\FileHandler' driver.
CRITICAL - 2025-11-05 16:18:15 --> CodeIgniter\Database\Exceptions\DatabaseException: Table 'reservalo2.franja_dia' doesn't exist
in SYSTEMPATH\Database\BaseConnection.php on line 647.
 1 SYSTEMPATH\Database\BaseBuilder.php(1616): CodeIgniter\Database\BaseConnection->query('SELECT `fd`.`id_franja_horaria`
FROM `franja_dia` `fd`
JOIN `franja_horaria` `fh` ON `fd`.`id_franja_horaria` = `fh`.`id_franja_horaria`
WHERE `fd`.`id_dia_semana` = :fd.id_dia_semana:
AND `fh`.`id_tipo_horario` = :fh.id_tipo_horario:', [...], false)
 2 APPPATH\Models\horariosModel.php(205): CodeIgniter\Database\BaseBuilder->get()
 3 APPPATH\Controllers\Horarios.php(296): App\Models\horariosModel->updateFranjaHoraria([...], 8, 1)
 4 SYSTEMPATH\CodeIgniter.php(941): App\Controllers\Horarios->editarHorario()
 5 SYSTEMPATH\CodeIgniter.php(502): CodeIgniter\CodeIgniter->runController(Object(App\Controllers\Horarios))
 6 SYSTEMPATH\CodeIgniter.php(361): CodeIgniter\CodeIgniter->handleRequest(null, Object(Config\Cache), false)
 7 FCPATH\index.php(79): CodeIgniter\CodeIgniter->run()
CRITICAL - 2025-11-05 16:18:15 --> [Caused by] CodeIgniter\Database\Exceptions\DatabaseException: Table 'reservalo2.franja_dia' doesn't exist
in SYSTEMPATH\Database\MySQLi\Connection.php on line 311.
 1 SYSTEMPATH\Database\BaseConnection.php(693): CodeIgniter\Database\MySQLi\Connection->execute('SELECT `fd`.`id_franja_horaria`
FROM `franja_dia` `fd`
JOIN `franja_horaria` `fh` ON `fd`.`id_franja_horaria` = `fh`.`id_franja_horaria`
WHERE `fd`.`id_dia_semana` = 1
AND `fh`.`id_tipo_horario` = 8')
 2 SYSTEMPATH\Database\BaseConnection.php(607): CodeIgniter\Database\BaseConnection->simpleQuery('SELECT `fd`.`id_franja_horaria`
FROM `franja_dia` `fd`
JOIN `franja_horaria` `fh` ON `fd`.`id_franja_horaria` = `fh`.`id_franja_horaria`
WHERE `fd`.`id_dia_semana` = 1
AND `fh`.`id_tipo_horario` = 8')
 3 SYSTEMPATH\Database\BaseBuilder.php(1616): CodeIgniter\Database\BaseConnection->query('SELECT `fd`.`id_franja_horaria`
FROM `franja_dia` `fd`
JOIN `franja_horaria` `fh` ON `fd`.`id_franja_horaria` = `fh`.`id_franja_horaria`
WHERE `fd`.`id_dia_semana` = :fd.id_dia_semana:
AND `fh`.`id_tipo_horario` = :fh.id_tipo_horario:', [...], false)
 4 APPPATH\Models\horariosModel.php(205): CodeIgniter\Database\BaseBuilder->get()
 5 APPPATH\Controllers\Horarios.php(296): App\Models\horariosModel->updateFranjaHoraria([...], 8, 1)
 6 SYSTEMPATH\CodeIgniter.php(941): App\Controllers\Horarios->editarHorario()
 7 SYSTEMPATH\CodeIgniter.php(502): CodeIgniter\CodeIgniter->runController(Object(App\Controllers\Horarios))
 8 SYSTEMPATH\CodeIgniter.php(361): CodeIgniter\CodeIgniter->handleRequest(null, Object(Config\Cache), false)
 9 FCPATH\index.php(79): CodeIgniter\CodeIgniter->run()
CRITICAL - 2025-11-05 16:18:15 --> [Caused by] mysqli_sql_exception: Table 'reservalo2.franja_dia' doesn't exist
in SYSTEMPATH\Database\MySQLi\Connection.php on line 306.
 1 SYSTEMPATH\Database\MySQLi\Connection.php(306): mysqli->query('SELECT `fd`.`id_franja_horaria`
FROM `franja_dia` `fd`
JOIN `franja_horaria` `fh` ON `fd`.`id_franja_horaria` = `fh`.`id_franja_horaria`
WHERE `fd`.`id_dia_semana` = 1
AND `fh`.`id_tipo_horario` = 8', 0)
 2 SYSTEMPATH\Database\BaseConnection.php(693): CodeIgniter\Database\MySQLi\Connection->execute('SELECT `fd`.`id_franja_horaria`
FROM `franja_dia` `fd`
JOIN `franja_horaria` `fh` ON `fd`.`id_franja_horaria` = `fh`.`id_franja_horaria`
WHERE `fd`.`id_dia_semana` = 1
AND `fh`.`id_tipo_horario` = 8')
 3 SYSTEMPATH\Database\BaseConnection.php(607): CodeIgniter\Database\BaseConnection->simpleQuery('SELECT `fd`.`id_franja_horaria`
FROM `franja_dia` `fd`
JOIN `franja_horaria` `fh` ON `fd`.`id_franja_horaria` = `fh`.`id_franja_horaria`
WHERE `fd`.`id_dia_semana` = 1
AND `fh`.`id_tipo_horario` = 8')
 4 SYSTEMPATH\Database\BaseBuilder.php(1616): CodeIgniter\Database\BaseConnection->query('SELECT `fd`.`id_franja_horaria`
FROM `franja_dia` `fd`
JOIN `franja_horaria` `fh` ON `fd`.`id_franja_horaria` = `fh`.`id_franja_horaria`
WHERE `fd`.`id_dia_semana` = :fd.id_dia_semana:
AND `fh`.`id_tipo_horario` = :fh.id_tipo_horario:', [...], false)
 5 APPPATH\Models\horariosModel.php(205): CodeIgniter\Database\BaseBuilder->get()
 6 APPPATH\Controllers\Horarios.php(296): App\Models\horariosModel->updateFranjaHoraria([...], 8, 1)
 7 SYSTEMPATH\CodeIgniter.php(941): App\Controllers\Horarios->editarHorario()
 8 SYSTEMPATH\CodeIgniter.php(502): CodeIgniter\CodeIgniter->runController(Object(App\Controllers\Horarios))
 9 SYSTEMPATH\CodeIgniter.php(361): CodeIgniter\CodeIgniter->handleRequest(null, Object(Config\Cache), false)
10 FCPATH\index.php(79): CodeIgniter\CodeIgniter->run()
ERROR - 2025-11-05 16:19:24 --> mysqli_sql_exception: Table 'reservalo2.franja_horaria' doesn't exist in C:\Proyectos\reservalo2.0\system\Database\MySQLi\Connection.php:306
Stack trace:
#0 C:\Proyectos\reservalo2.0\system\Database\MySQLi\Connection.php(306): mysqli->query('SELECT `fd`.`id...', 0)
#1 C:\Proyectos\reservalo2.0\system\Database\BaseConnection.php(693): CodeIgniter\Database\MySQLi\Connection->execute('SELECT `fd`.`id...')
#2 C:\Proyectos\reservalo2.0\system\Database\BaseConnection.php(607): CodeIgniter\Database\BaseConnection->simpleQuery('SELECT `fd`.`id...')
#3 C:\Proyectos\reservalo2.0\system\Database\BaseBuilder.php(1616): CodeIgniter\Database\BaseConnection->query('SELECT `fd`.`id...', Array, false)
#4 C:\Proyectos\reservalo2.0\app\Models\horariosModel.php(205): CodeIgniter\Database\BaseBuilder->get()
#5 C:\Proyectos\reservalo2.0\app\Controllers\Horarios.php(296): App\Models\horariosModel->updateFranjaHoraria(Array, 8, 1)
#6 C:\Proyectos\reservalo2.0\system\CodeIgniter.php(941): App\Controllers\Horarios->editarHorario()
#7 C:\Proyectos\reservalo2.0\system\CodeIgniter.php(502): CodeIgniter\CodeIgniter->runController(Object(App\Controllers\Horarios))
#8 C:\Proyectos\reservalo2.0\system\CodeIgniter.php(361): CodeIgniter\CodeIgniter->handleRequest(NULL, Object(Config\Cache), false)
#9 C:\Proyectos\reservalo2.0\index.php(79): CodeIgniter\CodeIgniter->run()
#10 {main}
CRITICAL - 2025-11-05 16:20:05 --> CodeIgniter\Database\Exceptions\DatabaseException: Table 'reservalo2.franja_horaria' doesn't exist
in SYSTEMPATH\Database\BaseConnection.php on line 647.
 1 SYSTEMPATH\Database\BaseBuilder.php(1616): CodeIgniter\Database\BaseConnection->query('SELECT `fd`.`id_franja_horaria`
FROM `franjas_dias` `fd`
JOIN `franja_horaria` `fh` ON `fd`.`id_franja_horaria` = `fh`.`id_franja_horaria`
WHERE `fd`.`id_dia_semana` = :fd.id_dia_semana:
AND `fh`.`id_tipo_horario` = :fh.id_tipo_horario:', [...], false)
 2 APPPATH\Models\horariosModel.php(205): CodeIgniter\Database\BaseBuilder->get()
 3 APPPATH\Controllers\Horarios.php(296): App\Models\horariosModel->updateFranjaHoraria([...], 8, 1)
 4 SYSTEMPATH\CodeIgniter.php(941): App\Controllers\Horarios->editarHorario()
 5 SYSTEMPATH\CodeIgniter.php(502): CodeIgniter\CodeIgniter->runController(Object(App\Controllers\Horarios))
 6 SYSTEMPATH\CodeIgniter.php(361): CodeIgniter\CodeIgniter->handleRequest(null, Object(Config\Cache), false)
 7 FCPATH\index.php(79): CodeIgniter\CodeIgniter->run()
CRITICAL - 2025-11-05 16:20:05 --> [Caused by] CodeIgniter\Database\Exceptions\DatabaseException: Table 'reservalo2.franja_horaria' doesn't exist
in SYSTEMPATH\Database\MySQLi\Connection.php on line 311.
 1 SYSTEMPATH\Database\BaseConnection.php(693): CodeIgniter\Database\MySQLi\Connection->execute('SELECT `fd`.`id_franja_horaria`
FROM `franjas_dias` `fd`
JOIN `franja_horaria` `fh` ON `fd`.`id_franja_horaria` = `fh`.`id_franja_horaria`
WHERE `fd`.`id_dia_semana` = 1
AND `fh`.`id_tipo_horario` = 8')
 2 SYSTEMPATH\Database\BaseConnection.php(607): CodeIgniter\Database\BaseConnection->simpleQuery('SELECT `fd`.`id_franja_horaria`
FROM `franjas_dias` `fd`
JOIN `franja_horaria` `fh` ON `fd`.`id_franja_horaria` = `fh`.`id_franja_horaria`
WHERE `fd`.`id_dia_semana` = 1
AND `fh`.`id_tipo_horario` = 8')
 3 SYSTEMPATH\Database\BaseBuilder.php(1616): CodeIgniter\Database\BaseConnection->query('SELECT `fd`.`id_franja_horaria`
FROM `franjas_dias` `fd`
JOIN `franja_horaria` `fh` ON `fd`.`id_franja_horaria` = `fh`.`id_franja_horaria`
WHERE `fd`.`id_dia_semana` = :fd.id_dia_semana:
AND `fh`.`id_tipo_horario` = :fh.id_tipo_horario:', [...], false)
 4 APPPATH\Models\horariosModel.php(205): CodeIgniter\Database\BaseBuilder->get()
 5 APPPATH\Controllers\Horarios.php(296): App\Models\horariosModel->updateFranjaHoraria([...], 8, 1)
 6 SYSTEMPATH\CodeIgniter.php(941): App\Controllers\Horarios->editarHorario()
 7 SYSTEMPATH\CodeIgniter.php(502): CodeIgniter\CodeIgniter->runController(Object(App\Controllers\Horarios))
 8 SYSTEMPATH\CodeIgniter.php(361): CodeIgniter\CodeIgniter->handleRequest(null, Object(Config\Cache), false)
 9 FCPATH\index.php(79): CodeIgniter\CodeIgniter->run()
CRITICAL - 2025-11-05 16:20:05 --> [Caused by] mysqli_sql_exception: Table 'reservalo2.franja_horaria' doesn't exist
in SYSTEMPATH\Database\MySQLi\Connection.php on line 306.
 1 SYSTEMPATH\Database\MySQLi\Connection.php(306): mysqli->query('SELECT `fd`.`id_franja_horaria`
FROM `franjas_dias` `fd`
JOIN `franja_horaria` `fh` ON `fd`.`id_franja_horaria` = `fh`.`id_franja_horaria`
WHERE `fd`.`id_dia_semana` = 1
AND `fh`.`id_tipo_horario` = 8', 0)
 2 SYSTEMPATH\Database\BaseConnection.php(693): CodeIgniter\Database\MySQLi\Connection->execute('SELECT `fd`.`id_franja_horaria`
FROM `franjas_dias` `fd`
JOIN `franja_horaria` `fh` ON `fd`.`id_franja_horaria` = `fh`.`id_franja_horaria`
WHERE `fd`.`id_dia_semana` = 1
AND `fh`.`id_tipo_horario` = 8')
 3 SYSTEMPATH\Database\BaseConnection.php(607): CodeIgniter\Database\BaseConnection->simpleQuery('SELECT `fd`.`id_franja_horaria`
FROM `franjas_dias` `fd`
JOIN `franja_horaria` `fh` ON `fd`.`id_franja_horaria` = `fh`.`id_franja_horaria`
WHERE `fd`.`id_dia_semana` = 1
AND `fh`.`id_tipo_horario` = 8')
 4 SYSTEMPATH\Database\BaseBuilder.php(1616): CodeIgniter\Database\BaseConnection->query('SELECT `fd`.`id_franja_horaria`
FROM `franjas_dias` `fd`
JOIN `franja_horaria` `fh` ON `fd`.`id_franja_horaria` = `fh`.`id_franja_horaria`
WHERE `fd`.`id_dia_semana` = :fd.id_dia_semana:
AND `fh`.`id_tipo_horario` = :fh.id_tipo_horario:', [...], false)
 5 APPPATH\Models\horariosModel.php(205): CodeIgniter\Database\BaseBuilder->get()
 6 APPPATH\Controllers\Horarios.php(296): App\Models\horariosModel->updateFranjaHoraria([...], 8, 1)
 7 SYSTEMPATH\CodeIgniter.php(941): App\Controllers\Horarios->editarHorario()
 8 SYSTEMPATH\CodeIgniter.php(502): CodeIgniter\CodeIgniter->runController(Object(App\Controllers\Horarios))
 9 SYSTEMPATH\CodeIgniter.php(361): CodeIgniter\CodeIgniter->handleRequest(null, Object(Config\Cache), false)
10 FCPATH\index.php(79): CodeIgniter\CodeIgniter->run()
INFO - 2025-11-05 16:20:10 --> Session: Class initialized using 'CodeIgniter\Session\Handlers\FileHandler' driver.
ERROR - 2025-11-05 16:21:00 --> mysqli_sql_exception: Table 'reservalo2.franja_horaria' doesn't exist in C:\Proyectos\reservalo2.0\system\Database\MySQLi\Connection.php:306
Stack trace:
#0 C:\Proyectos\reservalo2.0\system\Database\MySQLi\Connection.php(306): mysqli->query('SELECT `fd`.`id...', 0)
#1 C:\Proyectos\reservalo2.0\system\Database\BaseConnection.php(693): CodeIgniter\Database\MySQLi\Connection->execute('SELECT `fd`.`id...')
#2 C:\Proyectos\reservalo2.0\system\Database\BaseConnection.php(607): CodeIgniter\Database\BaseConnection->simpleQuery('SELECT `fd`.`id...')
#3 C:\Proyectos\reservalo2.0\system\Database\BaseBuilder.php(1616): CodeIgniter\Database\BaseConnection->query('SELECT `fd`.`id...', Array, false)
#4 C:\Proyectos\reservalo2.0\app\Models\horariosModel.php(205): CodeIgniter\Database\BaseBuilder->get()
#5 C:\Proyectos\reservalo2.0\app\Controllers\Horarios.php(296): App\Models\horariosModel->updateFranjaHoraria(Array, 8, 1)
#6 C:\Proyectos\reservalo2.0\system\CodeIgniter.php(941): App\Controllers\Horarios->editarHorario()
#7 C:\Proyectos\reservalo2.0\system\CodeIgniter.php(502): CodeIgniter\CodeIgniter->runController(Object(App\Controllers\Horarios))
#8 C:\Proyectos\reservalo2.0\system\CodeIgniter.php(361): CodeIgniter\CodeIgniter->handleRequest(NULL, Object(Config\Cache), false)
#9 C:\Proyectos\reservalo2.0\index.php(79): CodeIgniter\CodeIgniter->run()
#10 {main}
CRITICAL - 2025-11-05 16:22:38 --> CodeIgniter\Database\Exceptions\DatabaseException: Table 'reservalo2.franja_horaria' doesn't exist
in SYSTEMPATH\Database\BaseConnection.php on line 647.
 1 SYSTEMPATH\Database\BaseBuilder.php(1616): CodeIgniter\Database\BaseConnection->query('SELECT `fd`.`id_franja_horaria`
FROM `franjas_dias` `fd`
JOIN `franja_horaria` `fh` ON `fd`.`id_franja_horaria` = `fh`.`id_franja_horaria`
WHERE `fd`.`id_dia_semana` = :fd.id_dia_semana:
AND `fh`.`id_tipo_horario` = :fh.id_tipo_horario:', [...], false)
 2 APPPATH\Models\horariosModel.php(205): CodeIgniter\Database\BaseBuilder->get()
 3 APPPATH\Controllers\Horarios.php(296): App\Models\horariosModel->updateFranjaHoraria([...], 8, 1)
 4 SYSTEMPATH\CodeIgniter.php(941): App\Controllers\Horarios->editarHorario()
 5 SYSTEMPATH\CodeIgniter.php(502): CodeIgniter\CodeIgniter->runController(Object(App\Controllers\Horarios))
 6 SYSTEMPATH\CodeIgniter.php(361): CodeIgniter\CodeIgniter->handleRequest(null, Object(Config\Cache), false)
 7 FCPATH\index.php(79): CodeIgniter\CodeIgniter->run()
CRITICAL - 2025-11-05 16:22:38 --> [Caused by] CodeIgniter\Database\Exceptions\DatabaseException: Table 'reservalo2.franja_horaria' doesn't exist
in SYSTEMPATH\Database\MySQLi\Connection.php on line 311.
 1 SYSTEMPATH\Database\BaseConnection.php(693): CodeIgniter\Database\MySQLi\Connection->execute('SELECT `fd`.`id_franja_horaria`
FROM `franjas_dias` `fd`
JOIN `franja_horaria` `fh` ON `fd`.`id_franja_horaria` = `fh`.`id_franja_horaria`
WHERE `fd`.`id_dia_semana` = 1
AND `fh`.`id_tipo_horario` = 8')
 2 SYSTEMPATH\Database\BaseConnection.php(607): CodeIgniter\Database\BaseConnection->simpleQuery('SELECT `fd`.`id_franja_horaria`
FROM `franjas_dias` `fd`
JOIN `franja_horaria` `fh` ON `fd`.`id_franja_horaria` = `fh`.`id_franja_horaria`
WHERE `fd`.`id_dia_semana` = 1
AND `fh`.`id_tipo_horario` = 8')
 3 SYSTEMPATH\Database\BaseBuilder.php(1616): CodeIgniter\Database\BaseConnection->query('SELECT `fd`.`id_franja_horaria`
FROM `franjas_dias` `fd`
JOIN `franja_horaria` `fh` ON `fd`.`id_franja_horaria` = `fh`.`id_franja_horaria`
WHERE `fd`.`id_dia_semana` = :fd.id_dia_semana:
AND `fh`.`id_tipo_horario` = :fh.id_tipo_horario:', [...], false)
 4 APPPATH\Models\horariosModel.php(205): CodeIgniter\Database\BaseBuilder->get()
 5 APPPATH\Controllers\Horarios.php(296): App\Models\horariosModel->updateFranjaHoraria([...], 8, 1)
 6 SYSTEMPATH\CodeIgniter.php(941): App\Controllers\Horarios->editarHorario()
 7 SYSTEMPATH\CodeIgniter.php(502): CodeIgniter\CodeIgniter->runController(Object(App\Controllers\Horarios))
 8 SYSTEMPATH\CodeIgniter.php(361): CodeIgniter\CodeIgniter->handleRequest(null, Object(Config\Cache), false)
 9 FCPATH\index.php(79): CodeIgniter\CodeIgniter->run()
CRITICAL - 2025-11-05 16:22:38 --> [Caused by] mysqli_sql_exception: Table 'reservalo2.franja_horaria' doesn't exist
in SYSTEMPATH\Database\MySQLi\Connection.php on line 306.
 1 SYSTEMPATH\Database\MySQLi\Connection.php(306): mysqli->query('SELECT `fd`.`id_franja_horaria`
FROM `franjas_dias` `fd`
JOIN `franja_horaria` `fh` ON `fd`.`id_franja_horaria` = `fh`.`id_franja_horaria`
WHERE `fd`.`id_dia_semana` = 1
AND `fh`.`id_tipo_horario` = 8', 0)
 2 SYSTEMPATH\Database\BaseConnection.php(693): CodeIgniter\Database\MySQLi\Connection->execute('SELECT `fd`.`id_franja_horaria`
FROM `franjas_dias` `fd`
JOIN `franja_horaria` `fh` ON `fd`.`id_franja_horaria` = `fh`.`id_franja_horaria`
WHERE `fd`.`id_dia_semana` = 1
AND `fh`.`id_tipo_horario` = 8')
 3 SYSTEMPATH\Database\BaseConnection.php(607): CodeIgniter\Database\BaseConnection->simpleQuery('SELECT `fd`.`id_franja_horaria`
FROM `franjas_dias` `fd`
JOIN `franja_horaria` `fh` ON `fd`.`id_franja_horaria` = `fh`.`id_franja_horaria`
WHERE `fd`.`id_dia_semana` = 1
AND `fh`.`id_tipo_horario` = 8')
 4 SYSTEMPATH\Database\BaseBuilder.php(1616): CodeIgniter\Database\BaseConnection->query('SELECT `fd`.`id_franja_horaria`
FROM `franjas_dias` `fd`
JOIN `franja_horaria` `fh` ON `fd`.`id_franja_horaria` = `fh`.`id_franja_horaria`
WHERE `fd`.`id_dia_semana` = :fd.id_dia_semana:
AND `fh`.`id_tipo_horario` = :fh.id_tipo_horario:', [...], false)
 5 APPPATH\Models\horariosModel.php(205): CodeIgniter\Database\BaseBuilder->get()
 6 APPPATH\Controllers\Horarios.php(296): App\Models\horariosModel->updateFranjaHoraria([...], 8, 1)
 7 SYSTEMPATH\CodeIgniter.php(941): App\Controllers\Horarios->editarHorario()
 8 SYSTEMPATH\CodeIgniter.php(502): CodeIgniter\CodeIgniter->runController(Object(App\Controllers\Horarios))
 9 SYSTEMPATH\CodeIgniter.php(361): CodeIgniter\CodeIgniter->handleRequest(null, Object(Config\Cache), false)
10 FCPATH\index.php(79): CodeIgniter\CodeIgniter->run()
INFO - 2025-11-05 16:22:46 --> Session: Class initialized using 'CodeIgniter\Session\Handlers\FileHandler' driver.
INFO - 2025-11-05 16:27:01 --> Session: Class initialized using 'CodeIgniter\Session\Handlers\FileHandler' driver.
