ERROR - 2026-06-05 10:17:54 --> mysqli_sql_exception: Cannot delete or update a parent row: a foreign key constraint fails (`reservalo2`.`franjas_horarias`, CONSTRAINT `FK__tipo_horario` FOREIGN KEY (`id_tipo_horario`) REFERENCES `tipo_horario` (`id_tipo_horario`) ON DELETE NO ACTION ON UPDATE CASCADE) in D:\proyectos\reservalo2.0\system\Database\MySQLi\Connection.php:306
Stack trace:
#0 D:\proyectos\reservalo2.0\system\Database\MySQLi\Connection.php(306): mysqli->query('DELETE FROM `ti...', 0)
#1 D:\proyectos\reservalo2.0\system\Database\BaseConnection.php(693): CodeIgniter\Database\MySQLi\Connection->execute('DELETE FROM `ti...')
#2 D:\proyectos\reservalo2.0\system\Database\BaseConnection.php(607): CodeIgniter\Database\BaseConnection->simpleQuery('DELETE FROM `ti...')
#3 D:\proyectos\reservalo2.0\system\Database\BaseBuilder.php(2787): CodeIgniter\Database\BaseConnection->query('DELETE FROM `ti...', Array, false)
#4 D:\proyectos\reservalo2.0\app\Models\horariosModel.php(321): CodeIgniter\Database\BaseBuilder->delete()
#5 D:\proyectos\reservalo2.0\app\Controllers\Horarios.php(427): App\Models\horariosModel->borrarHorario(86)
#6 D:\proyectos\reservalo2.0\system\CodeIgniter.php(941): App\Controllers\Horarios->borrarHorario()
#7 D:\proyectos\reservalo2.0\system\CodeIgniter.php(502): CodeIgniter\CodeIgniter->runController(Object(App\Controllers\Horarios))
#8 D:\proyectos\reservalo2.0\system\CodeIgniter.php(361): CodeIgniter\CodeIgniter->handleRequest(NULL, Object(Config\Cache), false)
#9 D:\proyectos\reservalo2.0\index.php(79): CodeIgniter\CodeIgniter->run()
#10 {main}
CRITICAL - 2026-06-05 10:17:54 --> CodeIgniter\Database\Exceptions\DatabaseException: Cannot delete or update a parent row: a foreign key constraint fails (`reservalo2`.`franjas_horarias`, CONSTRAINT `FK__tipo_horario` FOREIGN KEY (`id_tipo_horario`) REFERENCES `tipo_horario` (`id_tipo_horario`) ON DELETE NO ACTION ON UPDATE CASCADE)
in SYSTEMPATH\Database\BaseConnection.php on line 647.
 1 SYSTEMPATH\Database\BaseBuilder.php(2787): CodeIgniter\Database\BaseConnection->query('DELETE FROM `tipo_horario`
WHERE `id_tipo_horario` = :id_tipo_horario:', [...], false)
 2 APPPATH\Models\horariosModel.php(321): CodeIgniter\Database\BaseBuilder->delete()
 3 APPPATH\Controllers\Horarios.php(427): App\Models\horariosModel->borrarHorario(86)
 4 SYSTEMPATH\CodeIgniter.php(941): App\Controllers\Horarios->borrarHorario()
 5 SYSTEMPATH\CodeIgniter.php(502): CodeIgniter\CodeIgniter->runController(Object(App\Controllers\Horarios))
 6 SYSTEMPATH\CodeIgniter.php(361): CodeIgniter\CodeIgniter->handleRequest(null, Object(Config\Cache), false)
 7 FCPATH\index.php(79): CodeIgniter\CodeIgniter->run()
CRITICAL - 2026-06-05 10:17:54 --> [Caused by] CodeIgniter\Database\Exceptions\DatabaseException: Cannot delete or update a parent row: a foreign key constraint fails (`reservalo2`.`franjas_horarias`, CONSTRAINT `FK__tipo_horario` FOREIGN KEY (`id_tipo_horario`) REFERENCES `tipo_horario` (`id_tipo_horario`) ON DELETE NO ACTION ON UPDATE CASCADE)
in SYSTEMPATH\Database\MySQLi\Connection.php on line 311.
 1 SYSTEMPATH\Database\BaseConnection.php(693): CodeIgniter\Database\MySQLi\Connection->execute('DELETE FROM `tipo_horario`
WHERE `id_tipo_horario` = 86')
 2 SYSTEMPATH\Database\BaseConnection.php(607): CodeIgniter\Database\BaseConnection->simpleQuery('DELETE FROM `tipo_horario`
WHERE `id_tipo_horario` = 86')
 3 SYSTEMPATH\Database\BaseBuilder.php(2787): CodeIgniter\Database\BaseConnection->query('DELETE FROM `tipo_horario`
WHERE `id_tipo_horario` = :id_tipo_horario:', [...], false)
 4 APPPATH\Models\horariosModel.php(321): CodeIgniter\Database\BaseBuilder->delete()
 5 APPPATH\Controllers\Horarios.php(427): App\Models\horariosModel->borrarHorario(86)
 6 SYSTEMPATH\CodeIgniter.php(941): App\Controllers\Horarios->borrarHorario()
 7 SYSTEMPATH\CodeIgniter.php(502): CodeIgniter\CodeIgniter->runController(Object(App\Controllers\Horarios))
 8 SYSTEMPATH\CodeIgniter.php(361): CodeIgniter\CodeIgniter->handleRequest(null, Object(Config\Cache), false)
 9 FCPATH\index.php(79): CodeIgniter\CodeIgniter->run()
CRITICAL - 2026-06-05 10:17:54 --> [Caused by] mysqli_sql_exception: Cannot delete or update a parent row: a foreign key constraint fails (`reservalo2`.`franjas_horarias`, CONSTRAINT `FK__tipo_horario` FOREIGN KEY (`id_tipo_horario`) REFERENCES `tipo_horario` (`id_tipo_horario`) ON DELETE NO ACTION ON UPDATE CASCADE)
in SYSTEMPATH\Database\MySQLi\Connection.php on line 306.
 1 SYSTEMPATH\Database\MySQLi\Connection.php(306): mysqli->query('DELETE FROM `tipo_horario`
WHERE `id_tipo_horario` = 86', 0)
 2 SYSTEMPATH\Database\BaseConnection.php(693): CodeIgniter\Database\MySQLi\Connection->execute('DELETE FROM `tipo_horario`
WHERE `id_tipo_horario` = 86')
 3 SYSTEMPATH\Database\BaseConnection.php(607): CodeIgniter\Database\BaseConnection->simpleQuery('DELETE FROM `tipo_horario`
WHERE `id_tipo_horario` = 86')
 4 SYSTEMPATH\Database\BaseBuilder.php(2787): CodeIgniter\Database\BaseConnection->query('DELETE FROM `tipo_horario`
WHERE `id_tipo_horario` = :id_tipo_horario:', [...], false)
 5 APPPATH\Models\horariosModel.php(321): CodeIgniter\Database\BaseBuilder->delete()
 6 APPPATH\Controllers\Horarios.php(427): App\Models\horariosModel->borrarHorario(86)
 7 SYSTEMPATH\CodeIgniter.php(941): App\Controllers\Horarios->borrarHorario()
 8 SYSTEMPATH\CodeIgniter.php(502): CodeIgniter\CodeIgniter->runController(Object(App\Controllers\Horarios))
 9 SYSTEMPATH\CodeIgniter.php(361): CodeIgniter\CodeIgniter->handleRequest(null, Object(Config\Cache), false)
10 FCPATH\index.php(79): CodeIgniter\CodeIgniter->run()
ERROR - 2026-06-05 10:23:40 --> mysqli_sql_exception: Cannot delete or update a parent row: a foreign key constraint fails (`reservalo2`.`franjas_horarias`, CONSTRAINT `FK__tipo_horario` FOREIGN KEY (`id_tipo_horario`) REFERENCES `tipo_horario` (`id_tipo_horario`) ON DELETE NO ACTION ON UPDATE CASCADE) in D:\proyectos\reservalo2.0\system\Database\MySQLi\Connection.php:306
Stack trace:
#0 D:\proyectos\reservalo2.0\system\Database\MySQLi\Connection.php(306): mysqli->query('DELETE FROM `ti...', 0)
#1 D:\proyectos\reservalo2.0\system\Database\BaseConnection.php(693): CodeIgniter\Database\MySQLi\Connection->execute('DELETE FROM `ti...')
#2 D:\proyectos\reservalo2.0\system\Database\BaseConnection.php(607): CodeIgniter\Database\BaseConnection->simpleQuery('DELETE FROM `ti...')
#3 D:\proyectos\reservalo2.0\system\Database\BaseBuilder.php(2787): CodeIgniter\Database\BaseConnection->query('DELETE FROM `ti...', Array, false)
#4 D:\proyectos\reservalo2.0\app\Models\horariosModel.php(321): CodeIgniter\Database\BaseBuilder->delete()
#5 D:\proyectos\reservalo2.0\app\Controllers\Horarios.php(427): App\Models\horariosModel->borrarHorario(100)
#6 D:\proyectos\reservalo2.0\system\CodeIgniter.php(941): App\Controllers\Horarios->borrarHorario()
#7 D:\proyectos\reservalo2.0\system\CodeIgniter.php(502): CodeIgniter\CodeIgniter->runController(Object(App\Controllers\Horarios))
#8 D:\proyectos\reservalo2.0\system\CodeIgniter.php(361): CodeIgniter\CodeIgniter->handleRequest(NULL, Object(Config\Cache), false)
#9 D:\proyectos\reservalo2.0\index.php(79): CodeIgniter\CodeIgniter->run()
#10 {main}
CRITICAL - 2026-06-05 10:23:59 --> CodeIgniter\Database\Exceptions\DatabaseException: Cannot delete or update a parent row: a foreign key constraint fails (`reservalo2`.`franjas_horarias`, CONSTRAINT `FK__tipo_horario` FOREIGN KEY (`id_tipo_horario`) REFERENCES `tipo_horario` (`id_tipo_horario`) ON DELETE NO ACTION ON UPDATE CASCADE)
in SYSTEMPATH\Database\BaseConnection.php on line 647.
 1 SYSTEMPATH\Database\BaseBuilder.php(2787): CodeIgniter\Database\BaseConnection->query('DELETE FROM `tipo_horario`
WHERE `id_tipo_horario` = :id_tipo_horario:', [...], false)
 2 APPPATH\Models\horariosModel.php(321): CodeIgniter\Database\BaseBuilder->delete()
 3 APPPATH\Controllers\Horarios.php(427): App\Models\horariosModel->borrarHorario(100)
 4 SYSTEMPATH\CodeIgniter.php(941): App\Controllers\Horarios->borrarHorario()
 5 SYSTEMPATH\CodeIgniter.php(502): CodeIgniter\CodeIgniter->runController(Object(App\Controllers\Horarios))
 6 SYSTEMPATH\CodeIgniter.php(361): CodeIgniter\CodeIgniter->handleRequest(null, Object(Config\Cache), false)
 7 FCPATH\index.php(79): CodeIgniter\CodeIgniter->run()
CRITICAL - 2026-06-05 10:23:59 --> [Caused by] CodeIgniter\Database\Exceptions\DatabaseException: Cannot delete or update a parent row: a foreign key constraint fails (`reservalo2`.`franjas_horarias`, CONSTRAINT `FK__tipo_horario` FOREIGN KEY (`id_tipo_horario`) REFERENCES `tipo_horario` (`id_tipo_horario`) ON DELETE NO ACTION ON UPDATE CASCADE)
in SYSTEMPATH\Database\MySQLi\Connection.php on line 311.
 1 SYSTEMPATH\Database\BaseConnection.php(693): CodeIgniter\Database\MySQLi\Connection->execute('DELETE FROM `tipo_horario`
WHERE `id_tipo_horario` = 100')
 2 SYSTEMPATH\Database\BaseConnection.php(607): CodeIgniter\Database\BaseConnection->simpleQuery('DELETE FROM `tipo_horario`
WHERE `id_tipo_horario` = 100')
 3 SYSTEMPATH\Database\BaseBuilder.php(2787): CodeIgniter\Database\BaseConnection->query('DELETE FROM `tipo_horario`
WHERE `id_tipo_horario` = :id_tipo_horario:', [...], false)
 4 APPPATH\Models\horariosModel.php(321): CodeIgniter\Database\BaseBuilder->delete()
 5 APPPATH\Controllers\Horarios.php(427): App\Models\horariosModel->borrarHorario(100)
 6 SYSTEMPATH\CodeIgniter.php(941): App\Controllers\Horarios->borrarHorario()
 7 SYSTEMPATH\CodeIgniter.php(502): CodeIgniter\CodeIgniter->runController(Object(App\Controllers\Horarios))
 8 SYSTEMPATH\CodeIgniter.php(361): CodeIgniter\CodeIgniter->handleRequest(null, Object(Config\Cache), false)
 9 FCPATH\index.php(79): CodeIgniter\CodeIgniter->run()
CRITICAL - 2026-06-05 10:23:59 --> [Caused by] mysqli_sql_exception: Cannot delete or update a parent row: a foreign key constraint fails (`reservalo2`.`franjas_horarias`, CONSTRAINT `FK__tipo_horario` FOREIGN KEY (`id_tipo_horario`) REFERENCES `tipo_horario` (`id_tipo_horario`) ON DELETE NO ACTION ON UPDATE CASCADE)
in SYSTEMPATH\Database\MySQLi\Connection.php on line 306.
 1 SYSTEMPATH\Database\MySQLi\Connection.php(306): mysqli->query('DELETE FROM `tipo_horario`
WHERE `id_tipo_horario` = 100', 0)
 2 SYSTEMPATH\Database\BaseConnection.php(693): CodeIgniter\Database\MySQLi\Connection->execute('DELETE FROM `tipo_horario`
WHERE `id_tipo_horario` = 100')
 3 SYSTEMPATH\Database\BaseConnection.php(607): CodeIgniter\Database\BaseConnection->simpleQuery('DELETE FROM `tipo_horario`
WHERE `id_tipo_horario` = 100')
 4 SYSTEMPATH\Database\BaseBuilder.php(2787): CodeIgniter\Database\BaseConnection->query('DELETE FROM `tipo_horario`
WHERE `id_tipo_horario` = :id_tipo_horario:', [...], false)
 5 APPPATH\Models\horariosModel.php(321): CodeIgniter\Database\BaseBuilder->delete()
 6 APPPATH\Controllers\Horarios.php(427): App\Models\horariosModel->borrarHorario(100)
 7 SYSTEMPATH\CodeIgniter.php(941): App\Controllers\Horarios->borrarHorario()
 8 SYSTEMPATH\CodeIgniter.php(502): CodeIgniter\CodeIgniter->runController(Object(App\Controllers\Horarios))
 9 SYSTEMPATH\CodeIgniter.php(361): CodeIgniter\CodeIgniter->handleRequest(null, Object(Config\Cache), false)
10 FCPATH\index.php(79): CodeIgniter\CodeIgniter->run()
ERROR - 2026-06-05 10:33:53 --> mysqli_sql_exception: Cannot delete or update a parent row: a foreign key constraint fails (`reservalo2`.`franjas_horarias`, CONSTRAINT `FK__tipo_horario` FOREIGN KEY (`id_tipo_horario`) REFERENCES `tipo_horario` (`id_tipo_horario`) ON DELETE NO ACTION ON UPDATE CASCADE) in D:\proyectos\reservalo2.0\system\Database\MySQLi\Connection.php:306
Stack trace:
#0 D:\proyectos\reservalo2.0\system\Database\MySQLi\Connection.php(306): mysqli->query('DELETE FROM `ti...', 0)
#1 D:\proyectos\reservalo2.0\system\Database\BaseConnection.php(693): CodeIgniter\Database\MySQLi\Connection->execute('DELETE FROM `ti...')
#2 D:\proyectos\reservalo2.0\system\Database\BaseConnection.php(607): CodeIgniter\Database\BaseConnection->simpleQuery('DELETE FROM `ti...')
#3 D:\proyectos\reservalo2.0\system\Database\BaseBuilder.php(2787): CodeIgniter\Database\BaseConnection->query('DELETE FROM `ti...', Array, false)
#4 D:\proyectos\reservalo2.0\app\Models\horariosModel.php(321): CodeIgniter\Database\BaseBuilder->delete()
#5 D:\proyectos\reservalo2.0\app\Controllers\Horarios.php(427): App\Models\horariosModel->borrarHorario(101)
#6 D:\proyectos\reservalo2.0\system\CodeIgniter.php(941): App\Controllers\Horarios->borrarHorario()
#7 D:\proyectos\reservalo2.0\system\CodeIgniter.php(502): CodeIgniter\CodeIgniter->runController(Object(App\Controllers\Horarios))
#8 D:\proyectos\reservalo2.0\system\CodeIgniter.php(361): CodeIgniter\CodeIgniter->handleRequest(NULL, Object(Config\Cache), false)
#9 D:\proyectos\reservalo2.0\index.php(79): CodeIgniter\CodeIgniter->run()
#10 {main}
CRITICAL - 2026-06-05 10:33:56 --> CodeIgniter\Database\Exceptions\DatabaseException: Cannot delete or update a parent row: a foreign key constraint fails (`reservalo2`.`franjas_horarias`, CONSTRAINT `FK__tipo_horario` FOREIGN KEY (`id_tipo_horario`) REFERENCES `tipo_horario` (`id_tipo_horario`) ON DELETE NO ACTION ON UPDATE CASCADE)
in SYSTEMPATH\Database\BaseConnection.php on line 647.
 1 SYSTEMPATH\Database\BaseBuilder.php(2787): CodeIgniter\Database\BaseConnection->query('DELETE FROM `tipo_horario`
WHERE `id_tipo_horario` = :id_tipo_horario:', [...], false)
 2 APPPATH\Models\horariosModel.php(321): CodeIgniter\Database\BaseBuilder->delete()
 3 APPPATH\Controllers\Horarios.php(427): App\Models\horariosModel->borrarHorario(101)
 4 SYSTEMPATH\CodeIgniter.php(941): App\Controllers\Horarios->borrarHorario()
 5 SYSTEMPATH\CodeIgniter.php(502): CodeIgniter\CodeIgniter->runController(Object(App\Controllers\Horarios))
 6 SYSTEMPATH\CodeIgniter.php(361): CodeIgniter\CodeIgniter->handleRequest(null, Object(Config\Cache), false)
 7 FCPATH\index.php(79): CodeIgniter\CodeIgniter->run()
CRITICAL - 2026-06-05 10:33:56 --> [Caused by] CodeIgniter\Database\Exceptions\DatabaseException: Cannot delete or update a parent row: a foreign key constraint fails (`reservalo2`.`franjas_horarias`, CONSTRAINT `FK__tipo_horario` FOREIGN KEY (`id_tipo_horario`) REFERENCES `tipo_horario` (`id_tipo_horario`) ON DELETE NO ACTION ON UPDATE CASCADE)
in SYSTEMPATH\Database\MySQLi\Connection.php on line 311.
 1 SYSTEMPATH\Database\BaseConnection.php(693): CodeIgniter\Database\MySQLi\Connection->execute('DELETE FROM `tipo_horario`
WHERE `id_tipo_horario` = 101')
 2 SYSTEMPATH\Database\BaseConnection.php(607): CodeIgniter\Database\BaseConnection->simpleQuery('DELETE FROM `tipo_horario`
WHERE `id_tipo_horario` = 101')
 3 SYSTEMPATH\Database\BaseBuilder.php(2787): CodeIgniter\Database\BaseConnection->query('DELETE FROM `tipo_horario`
WHERE `id_tipo_horario` = :id_tipo_horario:', [...], false)
 4 APPPATH\Models\horariosModel.php(321): CodeIgniter\Database\BaseBuilder->delete()
 5 APPPATH\Controllers\Horarios.php(427): App\Models\horariosModel->borrarHorario(101)
 6 SYSTEMPATH\CodeIgniter.php(941): App\Controllers\Horarios->borrarHorario()
 7 SYSTEMPATH\CodeIgniter.php(502): CodeIgniter\CodeIgniter->runController(Object(App\Controllers\Horarios))
 8 SYSTEMPATH\CodeIgniter.php(361): CodeIgniter\CodeIgniter->handleRequest(null, Object(Config\Cache), false)
 9 FCPATH\index.php(79): CodeIgniter\CodeIgniter->run()
CRITICAL - 2026-06-05 10:33:56 --> [Caused by] mysqli_sql_exception: Cannot delete or update a parent row: a foreign key constraint fails (`reservalo2`.`franjas_horarias`, CONSTRAINT `FK__tipo_horario` FOREIGN KEY (`id_tipo_horario`) REFERENCES `tipo_horario` (`id_tipo_horario`) ON DELETE NO ACTION ON UPDATE CASCADE)
in SYSTEMPATH\Database\MySQLi\Connection.php on line 306.
 1 SYSTEMPATH\Database\MySQLi\Connection.php(306): mysqli->query('DELETE FROM `tipo_horario`
WHERE `id_tipo_horario` = 101', 0)
 2 SYSTEMPATH\Database\BaseConnection.php(693): CodeIgniter\Database\MySQLi\Connection->execute('DELETE FROM `tipo_horario`
WHERE `id_tipo_horario` = 101')
 3 SYSTEMPATH\Database\BaseConnection.php(607): CodeIgniter\Database\BaseConnection->simpleQuery('DELETE FROM `tipo_horario`
WHERE `id_tipo_horario` = 101')
 4 SYSTEMPATH\Database\BaseBuilder.php(2787): CodeIgniter\Database\BaseConnection->query('DELETE FROM `tipo_horario`
WHERE `id_tipo_horario` = :id_tipo_horario:', [...], false)
 5 APPPATH\Models\horariosModel.php(321): CodeIgniter\Database\BaseBuilder->delete()
 6 APPPATH\Controllers\Horarios.php(427): App\Models\horariosModel->borrarHorario(101)
 7 SYSTEMPATH\CodeIgniter.php(941): App\Controllers\Horarios->borrarHorario()
 8 SYSTEMPATH\CodeIgniter.php(502): CodeIgniter\CodeIgniter->runController(Object(App\Controllers\Horarios))
 9 SYSTEMPATH\CodeIgniter.php(361): CodeIgniter\CodeIgniter->handleRequest(null, Object(Config\Cache), false)
10 FCPATH\index.php(79): CodeIgniter\CodeIgniter->run()
ERROR - 2026-06-05 10:42:24 --> mysqli_sql_exception: Cannot delete or update a parent row: a foreign key constraint fails (`reservalo2`.`franjas_horarias`, CONSTRAINT `FK__tipo_horario` FOREIGN KEY (`id_tipo_horario`) REFERENCES `tipo_horario` (`id_tipo_horario`) ON DELETE NO ACTION ON UPDATE CASCADE) in D:\proyectos\reservalo2.0\system\Database\MySQLi\Connection.php:306
Stack trace:
#0 D:\proyectos\reservalo2.0\system\Database\MySQLi\Connection.php(306): mysqli->query('DELETE FROM `ti...', 0)
#1 D:\proyectos\reservalo2.0\system\Database\BaseConnection.php(693): CodeIgniter\Database\MySQLi\Connection->execute('DELETE FROM `ti...')
#2 D:\proyectos\reservalo2.0\system\Database\BaseConnection.php(607): CodeIgniter\Database\BaseConnection->simpleQuery('DELETE FROM `ti...')
#3 D:\proyectos\reservalo2.0\system\Database\BaseBuilder.php(2787): CodeIgniter\Database\BaseConnection->query('DELETE FROM `ti...', Array, false)
#4 D:\proyectos\reservalo2.0\app\Models\horariosModel.php(321): CodeIgniter\Database\BaseBuilder->delete()
#5 D:\proyectos\reservalo2.0\app\Controllers\Horarios.php(427): App\Models\horariosModel->borrarHorario(102)
#6 D:\proyectos\reservalo2.0\system\CodeIgniter.php(941): App\Controllers\Horarios->borrarHorario()
#7 D:\proyectos\reservalo2.0\system\CodeIgniter.php(502): CodeIgniter\CodeIgniter->runController(Object(App\Controllers\Horarios))
#8 D:\proyectos\reservalo2.0\system\CodeIgniter.php(361): CodeIgniter\CodeIgniter->handleRequest(NULL, Object(Config\Cache), false)
#9 D:\proyectos\reservalo2.0\index.php(79): CodeIgniter\CodeIgniter->run()
#10 {main}
CRITICAL - 2026-06-05 10:42:27 --> CodeIgniter\Database\Exceptions\DatabaseException: Cannot delete or update a parent row: a foreign key constraint fails (`reservalo2`.`franjas_horarias`, CONSTRAINT `FK__tipo_horario` FOREIGN KEY (`id_tipo_horario`) REFERENCES `tipo_horario` (`id_tipo_horario`) ON DELETE NO ACTION ON UPDATE CASCADE)
in SYSTEMPATH\Database\BaseConnection.php on line 647.
 1 SYSTEMPATH\Database\BaseBuilder.php(2787): CodeIgniter\Database\BaseConnection->query('DELETE FROM `tipo_horario`
WHERE `id_tipo_horario` = :id_tipo_horario:', [...], false)
 2 APPPATH\Models\horariosModel.php(321): CodeIgniter\Database\BaseBuilder->delete()
 3 APPPATH\Controllers\Horarios.php(427): App\Models\horariosModel->borrarHorario(102)
 4 SYSTEMPATH\CodeIgniter.php(941): App\Controllers\Horarios->borrarHorario()
 5 SYSTEMPATH\CodeIgniter.php(502): CodeIgniter\CodeIgniter->runController(Object(App\Controllers\Horarios))
 6 SYSTEMPATH\CodeIgniter.php(361): CodeIgniter\CodeIgniter->handleRequest(null, Object(Config\Cache), false)
 7 FCPATH\index.php(79): CodeIgniter\CodeIgniter->run()
CRITICAL - 2026-06-05 10:42:27 --> [Caused by] CodeIgniter\Database\Exceptions\DatabaseException: Cannot delete or update a parent row: a foreign key constraint fails (`reservalo2`.`franjas_horarias`, CONSTRAINT `FK__tipo_horario` FOREIGN KEY (`id_tipo_horario`) REFERENCES `tipo_horario` (`id_tipo_horario`) ON DELETE NO ACTION ON UPDATE CASCADE)
in SYSTEMPATH\Database\MySQLi\Connection.php on line 311.
 1 SYSTEMPATH\Database\BaseConnection.php(693): CodeIgniter\Database\MySQLi\Connection->execute('DELETE FROM `tipo_horario`
WHERE `id_tipo_horario` = 102')
 2 SYSTEMPATH\Database\BaseConnection.php(607): CodeIgniter\Database\BaseConnection->simpleQuery('DELETE FROM `tipo_horario`
WHERE `id_tipo_horario` = 102')
 3 SYSTEMPATH\Database\BaseBuilder.php(2787): CodeIgniter\Database\BaseConnection->query('DELETE FROM `tipo_horario`
WHERE `id_tipo_horario` = :id_tipo_horario:', [...], false)
 4 APPPATH\Models\horariosModel.php(321): CodeIgniter\Database\BaseBuilder->delete()
 5 APPPATH\Controllers\Horarios.php(427): App\Models\horariosModel->borrarHorario(102)
 6 SYSTEMPATH\CodeIgniter.php(941): App\Controllers\Horarios->borrarHorario()
 7 SYSTEMPATH\CodeIgniter.php(502): CodeIgniter\CodeIgniter->runController(Object(App\Controllers\Horarios))
 8 SYSTEMPATH\CodeIgniter.php(361): CodeIgniter\CodeIgniter->handleRequest(null, Object(Config\Cache), false)
 9 FCPATH\index.php(79): CodeIgniter\CodeIgniter->run()
CRITICAL - 2026-06-05 10:42:27 --> [Caused by] mysqli_sql_exception: Cannot delete or update a parent row: a foreign key constraint fails (`reservalo2`.`franjas_horarias`, CONSTRAINT `FK__tipo_horario` FOREIGN KEY (`id_tipo_horario`) REFERENCES `tipo_horario` (`id_tipo_horario`) ON DELETE NO ACTION ON UPDATE CASCADE)
in SYSTEMPATH\Database\MySQLi\Connection.php on line 306.
 1 SYSTEMPATH\Database\MySQLi\Connection.php(306): mysqli->query('DELETE FROM `tipo_horario`
WHERE `id_tipo_horario` = 102', 0)
 2 SYSTEMPATH\Database\BaseConnection.php(693): CodeIgniter\Database\MySQLi\Connection->execute('DELETE FROM `tipo_horario`
WHERE `id_tipo_horario` = 102')
 3 SYSTEMPATH\Database\BaseConnection.php(607): CodeIgniter\Database\BaseConnection->simpleQuery('DELETE FROM `tipo_horario`
WHERE `id_tipo_horario` = 102')
 4 SYSTEMPATH\Database\BaseBuilder.php(2787): CodeIgniter\Database\BaseConnection->query('DELETE FROM `tipo_horario`
WHERE `id_tipo_horario` = :id_tipo_horario:', [...], false)
 5 APPPATH\Models\horariosModel.php(321): CodeIgniter\Database\BaseBuilder->delete()
 6 APPPATH\Controllers\Horarios.php(427): App\Models\horariosModel->borrarHorario(102)
 7 SYSTEMPATH\CodeIgniter.php(941): App\Controllers\Horarios->borrarHorario()
 8 SYSTEMPATH\CodeIgniter.php(502): CodeIgniter\CodeIgniter->runController(Object(App\Controllers\Horarios))
 9 SYSTEMPATH\CodeIgniter.php(361): CodeIgniter\CodeIgniter->handleRequest(null, Object(Config\Cache), false)
10 FCPATH\index.php(79): CodeIgniter\CodeIgniter->run()
ERROR - 2026-06-05 12:03:57 --> mysqli_sql_exception: Unknown column 'tipo_horario.nombre' in 'field list' in D:\proyectos\reservalo2.0\system\Database\MySQLi\Connection.php:306
Stack trace:
#0 D:\proyectos\reservalo2.0\system\Database\MySQLi\Connection.php(306): mysqli->query('SELECT `excepci...', 0)
#1 D:\proyectos\reservalo2.0\system\Database\BaseConnection.php(693): CodeIgniter\Database\MySQLi\Connection->execute('SELECT `excepci...')
#2 D:\proyectos\reservalo2.0\system\Database\BaseConnection.php(607): CodeIgniter\Database\BaseConnection->simpleQuery('SELECT `excepci...')
#3 D:\proyectos\reservalo2.0\system\Database\BaseBuilder.php(1616): CodeIgniter\Database\BaseConnection->query('SELECT `excepci...', Array, false)
#4 D:\proyectos\reservalo2.0\app\Models\horariosModel.php(518): CodeIgniter\Database\BaseBuilder->get()
#5 D:\proyectos\reservalo2.0\app\Controllers\Horarios.php(254): App\Models\horariosModel->comprobarExcepciones(45)
#6 D:\proyectos\reservalo2.0\system\CodeIgniter.php(941): App\Controllers\Horarios->comprobarHorarios()
#7 D:\proyectos\reservalo2.0\system\CodeIgniter.php(502): CodeIgniter\CodeIgniter->runController(Object(App\Controllers\Horarios))
#8 D:\proyectos\reservalo2.0\system\CodeIgniter.php(361): CodeIgniter\CodeIgniter->handleRequest(NULL, Object(Config\Cache), false)
#9 D:\proyectos\reservalo2.0\index.php(79): CodeIgniter\CodeIgniter->run()
#10 {main}
CRITICAL - 2026-06-05 12:04:10 --> ErrorException: Undefined property: CodeIgniter\Database\MySQLi\Result::$resultID
in SYSTEMPATH\Database\BaseResult.php on line 492.
 1 SYSTEMPATH\Database\BaseResult.php(492): CodeIgniter\Debug\Exceptions->errorHandler(2, 'Undefined property: CodeIgniter\\Database\\MySQLi\\Result::$resultID', 'D:\\proyectos\\reservalo2.0\\system\\Database\\BaseResult.php', 492)
 2 SYSTEMPATH\Database\BaseResult.php(184): CodeIgniter\Database\BaseResult->isValidResultId()
 3 APPPATH\Models\horariosModel.php(520): CodeIgniter\Database\BaseResult->getResultArray()
 4 APPPATH\Controllers\Horarios.php(254): App\Models\horariosModel->comprobarExcepciones(45)
 5 SYSTEMPATH\CodeIgniter.php(941): App\Controllers\Horarios->comprobarHorarios()
 6 SYSTEMPATH\CodeIgniter.php(502): CodeIgniter\CodeIgniter->runController(Object(App\Controllers\Horarios))
 7 SYSTEMPATH\CodeIgniter.php(361): CodeIgniter\CodeIgniter->handleRequest(null, Object(Config\Cache), false)
 8 FCPATH\index.php(79): CodeIgniter\CodeIgniter->run()
ERROR - 2026-06-05 12:04:15 --> mysqli_sql_exception: Unknown column 'tipo_horario.nombre' in 'field list' in D:\proyectos\reservalo2.0\system\Database\MySQLi\Connection.php:306
Stack trace:
#0 D:\proyectos\reservalo2.0\system\Database\MySQLi\Connection.php(306): mysqli->query('SELECT `excepci...', 0)
#1 D:\proyectos\reservalo2.0\system\Database\BaseConnection.php(693): CodeIgniter\Database\MySQLi\Connection->execute('SELECT `excepci...')
#2 D:\proyectos\reservalo2.0\system\Database\BaseConnection.php(607): CodeIgniter\Database\BaseConnection->simpleQuery('SELECT `excepci...')
#3 D:\proyectos\reservalo2.0\system\Database\BaseBuilder.php(1616): CodeIgniter\Database\BaseConnection->query('SELECT `excepci...', Array, false)
#4 D:\proyectos\reservalo2.0\app\Models\horariosModel.php(518): CodeIgniter\Database\BaseBuilder->get()
#5 D:\proyectos\reservalo2.0\app\Controllers\Horarios.php(254): App\Models\horariosModel->comprobarExcepciones(45)
#6 D:\proyectos\reservalo2.0\system\CodeIgniter.php(941): App\Controllers\Horarios->comprobarHorarios()
#7 D:\proyectos\reservalo2.0\system\CodeIgniter.php(502): CodeIgniter\CodeIgniter->runController(Object(App\Controllers\Horarios))
#8 D:\proyectos\reservalo2.0\system\CodeIgniter.php(361): CodeIgniter\CodeIgniter->handleRequest(NULL, Object(Config\Cache), false)
#9 D:\proyectos\reservalo2.0\index.php(79): CodeIgniter\CodeIgniter->run()
#10 {main}
CRITICAL - 2026-06-05 12:04:20 --> CodeIgniter\Database\Exceptions\DatabaseException: Unknown column 'tipo_horario.nombre' in 'field list'
in SYSTEMPATH\Database\BaseConnection.php on line 647.
 1 SYSTEMPATH\Database\BaseBuilder.php(1616): CodeIgniter\Database\BaseConnection->query('SELECT `excepciones_horario`.*, `tipo_horario`.`nombre`, `tipo_horario`.`color`
FROM `excepciones_horario`
WHERE `id_instalacion` = :id_instalacion:', [...], false)
 2 APPPATH\Models\horariosModel.php(518): CodeIgniter\Database\BaseBuilder->get()
 3 APPPATH\Controllers\Horarios.php(254): App\Models\horariosModel->comprobarExcepciones(45)
 4 SYSTEMPATH\CodeIgniter.php(941): App\Controllers\Horarios->comprobarHorarios()
 5 SYSTEMPATH\CodeIgniter.php(502): CodeIgniter\CodeIgniter->runController(Object(App\Controllers\Horarios))
 6 SYSTEMPATH\CodeIgniter.php(361): CodeIgniter\CodeIgniter->handleRequest(null, Object(Config\Cache), false)
 7 FCPATH\index.php(79): CodeIgniter\CodeIgniter->run()
CRITICAL - 2026-06-05 12:04:20 --> [Caused by] CodeIgniter\Database\Exceptions\DatabaseException: Unknown column 'tipo_horario.nombre' in 'field list'
in SYSTEMPATH\Database\MySQLi\Connection.php on line 311.
 1 SYSTEMPATH\Database\BaseConnection.php(693): CodeIgniter\Database\MySQLi\Connection->execute('SELECT `excepciones_horario`.*, `tipo_horario`.`nombre`, `tipo_horario`.`color`
FROM `excepciones_horario`
WHERE `id_instalacion` = 45')
 2 SYSTEMPATH\Database\BaseConnection.php(607): CodeIgniter\Database\BaseConnection->simpleQuery('SELECT `excepciones_horario`.*, `tipo_horario`.`nombre`, `tipo_horario`.`color`
FROM `excepciones_horario`
WHERE `id_instalacion` = 45')
 3 SYSTEMPATH\Database\BaseBuilder.php(1616): CodeIgniter\Database\BaseConnection->query('SELECT `excepciones_horario`.*, `tipo_horario`.`nombre`, `tipo_horario`.`color`
FROM `excepciones_horario`
WHERE `id_instalacion` = :id_instalacion:', [...], false)
 4 APPPATH\Models\horariosModel.php(518): CodeIgniter\Database\BaseBuilder->get()
 5 APPPATH\Controllers\Horarios.php(254): App\Models\horariosModel->comprobarExcepciones(45)
 6 SYSTEMPATH\CodeIgniter.php(941): App\Controllers\Horarios->comprobarHorarios()
 7 SYSTEMPATH\CodeIgniter.php(502): CodeIgniter\CodeIgniter->runController(Object(App\Controllers\Horarios))
 8 SYSTEMPATH\CodeIgniter.php(361): CodeIgniter\CodeIgniter->handleRequest(null, Object(Config\Cache), false)
 9 FCPATH\index.php(79): CodeIgniter\CodeIgniter->run()
CRITICAL - 2026-06-05 12:04:20 --> [Caused by] mysqli_sql_exception: Unknown column 'tipo_horario.nombre' in 'field list'
in SYSTEMPATH\Database\MySQLi\Connection.php on line 306.
 1 SYSTEMPATH\Database\MySQLi\Connection.php(306): mysqli->query('SELECT `excepciones_horario`.*, `tipo_horario`.`nombre`, `tipo_horario`.`color`
FROM `excepciones_horario`
WHERE `id_instalacion` = 45', 0)
 2 SYSTEMPATH\Database\BaseConnection.php(693): CodeIgniter\Database\MySQLi\Connection->execute('SELECT `excepciones_horario`.*, `tipo_horario`.`nombre`, `tipo_horario`.`color`
FROM `excepciones_horario`
WHERE `id_instalacion` = 45')
 3 SYSTEMPATH\Database\BaseConnection.php(607): CodeIgniter\Database\BaseConnection->simpleQuery('SELECT `excepciones_horario`.*, `tipo_horario`.`nombre`, `tipo_horario`.`color`
FROM `excepciones_horario`
WHERE `id_instalacion` = 45')
 4 SYSTEMPATH\Database\BaseBuilder.php(1616): CodeIgniter\Database\BaseConnection->query('SELECT `excepciones_horario`.*, `tipo_horario`.`nombre`, `tipo_horario`.`color`
FROM `excepciones_horario`
WHERE `id_instalacion` = :id_instalacion:', [...], false)
 5 APPPATH\Models\horariosModel.php(518): CodeIgniter\Database\BaseBuilder->get()
 6 APPPATH\Controllers\Horarios.php(254): App\Models\horariosModel->comprobarExcepciones(45)
 7 SYSTEMPATH\CodeIgniter.php(941): App\Controllers\Horarios->comprobarHorarios()
 8 SYSTEMPATH\CodeIgniter.php(502): CodeIgniter\CodeIgniter->runController(Object(App\Controllers\Horarios))
 9 SYSTEMPATH\CodeIgniter.php(361): CodeIgniter\CodeIgniter->handleRequest(null, Object(Config\Cache), false)
10 FCPATH\index.php(79): CodeIgniter\CodeIgniter->run()
ERROR - 2026-06-05 12:05:03 --> mysqli_sql_exception: Unknown column 'tipo_horario.nombre' in 'field list' in D:\proyectos\reservalo2.0\system\Database\MySQLi\Connection.php:306
Stack trace:
#0 D:\proyectos\reservalo2.0\system\Database\MySQLi\Connection.php(306): mysqli->query('SELECT `excepci...', 0)
#1 D:\proyectos\reservalo2.0\system\Database\BaseConnection.php(693): CodeIgniter\Database\MySQLi\Connection->execute('SELECT `excepci...')
#2 D:\proyectos\reservalo2.0\system\Database\BaseConnection.php(607): CodeIgniter\Database\BaseConnection->simpleQuery('SELECT `excepci...')
#3 D:\proyectos\reservalo2.0\system\Database\BaseBuilder.php(1616): CodeIgniter\Database\BaseConnection->query('SELECT `excepci...', Array, false)
#4 D:\proyectos\reservalo2.0\app\Models\horariosModel.php(518): CodeIgniter\Database\BaseBuilder->get()
#5 D:\proyectos\reservalo2.0\app\Controllers\Horarios.php(254): App\Models\horariosModel->comprobarExcepciones(45)
#6 D:\proyectos\reservalo2.0\system\CodeIgniter.php(941): App\Controllers\Horarios->comprobarHorarios()
#7 D:\proyectos\reservalo2.0\system\CodeIgniter.php(502): CodeIgniter\CodeIgniter->runController(Object(App\Controllers\Horarios))
#8 D:\proyectos\reservalo2.0\system\CodeIgniter.php(361): CodeIgniter\CodeIgniter->handleRequest(NULL, Object(Config\Cache), false)
#9 D:\proyectos\reservalo2.0\index.php(79): CodeIgniter\CodeIgniter->run()
#10 {main}
CRITICAL - 2026-06-05 12:11:53 --> CodeIgniter\Database\Exceptions\DatabaseException: Unknown column 'tipo_horario.nombre' in 'field list'
in SYSTEMPATH\Database\BaseConnection.php on line 647.
 1 SYSTEMPATH\Database\BaseBuilder.php(1616): CodeIgniter\Database\BaseConnection->query('SELECT `excepciones_horario`.*, `tipo_horario`.`nombre`, `tipo_horario`.`color`
FROM `excepciones_horario`
WHERE `id_instalacion` = :id_instalacion:', [...], false)
 2 APPPATH\Models\horariosModel.php(518): CodeIgniter\Database\BaseBuilder->get()
 3 APPPATH\Controllers\Horarios.php(254): App\Models\horariosModel->comprobarExcepciones(45)
 4 SYSTEMPATH\CodeIgniter.php(941): App\Controllers\Horarios->comprobarHorarios()
 5 SYSTEMPATH\CodeIgniter.php(502): CodeIgniter\CodeIgniter->runController(Object(App\Controllers\Horarios))
 6 SYSTEMPATH\CodeIgniter.php(361): CodeIgniter\CodeIgniter->handleRequest(null, Object(Config\Cache), false)
 7 FCPATH\index.php(79): CodeIgniter\CodeIgniter->run()
CRITICAL - 2026-06-05 12:11:53 --> [Caused by] CodeIgniter\Database\Exceptions\DatabaseException: Unknown column 'tipo_horario.nombre' in 'field list'
in SYSTEMPATH\Database\MySQLi\Connection.php on line 311.
 1 SYSTEMPATH\Database\BaseConnection.php(693): CodeIgniter\Database\MySQLi\Connection->execute('SELECT `excepciones_horario`.*, `tipo_horario`.`nombre`, `tipo_horario`.`color`
FROM `excepciones_horario`
WHERE `id_instalacion` = 45')
 2 SYSTEMPATH\Database\BaseConnection.php(607): CodeIgniter\Database\BaseConnection->simpleQuery('SELECT `excepciones_horario`.*, `tipo_horario`.`nombre`, `tipo_horario`.`color`
FROM `excepciones_horario`
WHERE `id_instalacion` = 45')
 3 SYSTEMPATH\Database\BaseBuilder.php(1616): CodeIgniter\Database\BaseConnection->query('SELECT `excepciones_horario`.*, `tipo_horario`.`nombre`, `tipo_horario`.`color`
FROM `excepciones_horario`
WHERE `id_instalacion` = :id_instalacion:', [...], false)
 4 APPPATH\Models\horariosModel.php(518): CodeIgniter\Database\BaseBuilder->get()
 5 APPPATH\Controllers\Horarios.php(254): App\Models\horariosModel->comprobarExcepciones(45)
 6 SYSTEMPATH\CodeIgniter.php(941): App\Controllers\Horarios->comprobarHorarios()
 7 SYSTEMPATH\CodeIgniter.php(502): CodeIgniter\CodeIgniter->runController(Object(App\Controllers\Horarios))
 8 SYSTEMPATH\CodeIgniter.php(361): CodeIgniter\CodeIgniter->handleRequest(null, Object(Config\Cache), false)
 9 FCPATH\index.php(79): CodeIgniter\CodeIgniter->run()
CRITICAL - 2026-06-05 12:11:53 --> [Caused by] mysqli_sql_exception: Unknown column 'tipo_horario.nombre' in 'field list'
in SYSTEMPATH\Database\MySQLi\Connection.php on line 306.
 1 SYSTEMPATH\Database\MySQLi\Connection.php(306): mysqli->query('SELECT `excepciones_horario`.*, `tipo_horario`.`nombre`, `tipo_horario`.`color`
FROM `excepciones_horario`
WHERE `id_instalacion` = 45', 0)
 2 SYSTEMPATH\Database\BaseConnection.php(693): CodeIgniter\Database\MySQLi\Connection->execute('SELECT `excepciones_horario`.*, `tipo_horario`.`nombre`, `tipo_horario`.`color`
FROM `excepciones_horario`
WHERE `id_instalacion` = 45')
 3 SYSTEMPATH\Database\BaseConnection.php(607): CodeIgniter\Database\BaseConnection->simpleQuery('SELECT `excepciones_horario`.*, `tipo_horario`.`nombre`, `tipo_horario`.`color`
FROM `excepciones_horario`
WHERE `id_instalacion` = 45')
 4 SYSTEMPATH\Database\BaseBuilder.php(1616): CodeIgniter\Database\BaseConnection->query('SELECT `excepciones_horario`.*, `tipo_horario`.`nombre`, `tipo_horario`.`color`
FROM `excepciones_horario`
WHERE `id_instalacion` = :id_instalacion:', [...], false)
 5 APPPATH\Models\horariosModel.php(518): CodeIgniter\Database\BaseBuilder->get()
 6 APPPATH\Controllers\Horarios.php(254): App\Models\horariosModel->comprobarExcepciones(45)
 7 SYSTEMPATH\CodeIgniter.php(941): App\Controllers\Horarios->comprobarHorarios()
 8 SYSTEMPATH\CodeIgniter.php(502): CodeIgniter\CodeIgniter->runController(Object(App\Controllers\Horarios))
 9 SYSTEMPATH\CodeIgniter.php(361): CodeIgniter\CodeIgniter->handleRequest(null, Object(Config\Cache), false)
10 FCPATH\index.php(79): CodeIgniter\CodeIgniter->run()
