CRITICAL - 2026-06-22 16:40:36 --> ErrorException: Trying to access array offset on value of type null
in APPPATH\Controllers\Horarios.php on line 133.
 1 APPPATH\Controllers\Horarios.php(133): CodeIgniter\Debug\Exceptions->errorHandler(2, 'Trying to access array offset on value of type null', 'C:\\Proyectos\\reservalo2.0\\app\\Controllers\\Horarios.php', 133)
 2 SYSTEMPATH\CodeIgniter.php(941): App\Controllers\Horarios->crearHorario()
 3 SYSTEMPATH\CodeIgniter.php(502): CodeIgniter\CodeIgniter->runController(Object(App\Controllers\Horarios))
 4 SYSTEMPATH\CodeIgniter.php(361): CodeIgniter\CodeIgniter->handleRequest(null, Object(Config\Cache), false)
 5 FCPATH\index.php(79): CodeIgniter\CodeIgniter->run()
CRITICAL - 2026-06-22 16:44:37 --> ErrorException: Undefined array key "id_instalacion"
in APPPATH\Controllers\Horarios.php on line 148.
 1 APPPATH\Controllers\Horarios.php(148): CodeIgniter\Debug\Exceptions->errorHandler(2, 'Undefined array key "id_instalacion"', 'C:\\Proyectos\\reservalo2.0\\app\\Controllers\\Horarios.php', 148)
 2 SYSTEMPATH\CodeIgniter.php(941): App\Controllers\Horarios->crearHorario()
 3 SYSTEMPATH\CodeIgniter.php(502): CodeIgniter\CodeIgniter->runController(Object(App\Controllers\Horarios))
 4 SYSTEMPATH\CodeIgniter.php(361): CodeIgniter\CodeIgniter->handleRequest(null, Object(Config\Cache), false)
 5 FCPATH\index.php(79): CodeIgniter\CodeIgniter->run()
CRITICAL - 2026-06-22 16:49:55 --> ErrorException: Undefined array key "id_instalacion"
in APPPATH\Controllers\Horarios.php on line 148.
 1 APPPATH\Controllers\Horarios.php(148): CodeIgniter\Debug\Exceptions->errorHandler(2, 'Undefined array key "id_instalacion"', 'C:\\Proyectos\\reservalo2.0\\app\\Controllers\\Horarios.php', 148)
 2 SYSTEMPATH\CodeIgniter.php(941): App\Controllers\Horarios->crearHorario()
 3 SYSTEMPATH\CodeIgniter.php(502): CodeIgniter\CodeIgniter->runController(Object(App\Controllers\Horarios))
 4 SYSTEMPATH\CodeIgniter.php(361): CodeIgniter\CodeIgniter->handleRequest(null, Object(Config\Cache), false)
 5 FCPATH\index.php(79): CodeIgniter\CodeIgniter->run()
CRITICAL - 2026-06-22 17:47:05 --> ErrorException: Undefined array key "id_tipo_horario_base"
in APPPATH\Controllers\Horarios.php on line 398.
 1 APPPATH\Controllers\Horarios.php(398): CodeIgniter\Debug\Exceptions->errorHandler(2, 'Undefined array key "id_tipo_horario_base"', 'C:\\Proyectos\\reservalo2.0\\app\\Controllers\\Horarios.php', 398)
 2 SYSTEMPATH\CodeIgniter.php(941): App\Controllers\Horarios->editarHorario()
 3 SYSTEMPATH\CodeIgniter.php(502): CodeIgniter\CodeIgniter->runController(Object(App\Controllers\Horarios))
 4 SYSTEMPATH\CodeIgniter.php(361): CodeIgniter\CodeIgniter->handleRequest(null, Object(Config\Cache), false)
 5 FCPATH\index.php(79): CodeIgniter\CodeIgniter->run()
CRITICAL - 2026-06-22 17:49:32 --> ErrorException: Undefined array key "id_tipo_horario_base"
in APPPATH\Controllers\Horarios.php on line 398.
 1 APPPATH\Controllers\Horarios.php(398): CodeIgniter\Debug\Exceptions->errorHandler(2, 'Undefined array key "id_tipo_horario_base"', 'C:\\Proyectos\\reservalo2.0\\app\\Controllers\\Horarios.php', 398)
 2 SYSTEMPATH\CodeIgniter.php(941): App\Controllers\Horarios->editarHorario()
 3 SYSTEMPATH\CodeIgniter.php(502): CodeIgniter\CodeIgniter->runController(Object(App\Controllers\Horarios))
 4 SYSTEMPATH\CodeIgniter.php(361): CodeIgniter\CodeIgniter->handleRequest(null, Object(Config\Cache), false)
 5 FCPATH\index.php(79): CodeIgniter\CodeIgniter->run()
CRITICAL - 2026-06-22 17:49:35 --> ErrorException: Undefined array key "id_tipo_horario_base"
in APPPATH\Controllers\Horarios.php on line 398.
 1 APPPATH\Controllers\Horarios.php(398): CodeIgniter\Debug\Exceptions->errorHandler(2, 'Undefined array key "id_tipo_horario_base"', 'C:\\Proyectos\\reservalo2.0\\app\\Controllers\\Horarios.php', 398)
 2 SYSTEMPATH\CodeIgniter.php(941): App\Controllers\Horarios->editarHorario()
 3 SYSTEMPATH\CodeIgniter.php(502): CodeIgniter\CodeIgniter->runController(Object(App\Controllers\Horarios))
 4 SYSTEMPATH\CodeIgniter.php(361): CodeIgniter\CodeIgniter->handleRequest(null, Object(Config\Cache), false)
 5 FCPATH\index.php(79): CodeIgniter\CodeIgniter->run()
CRITICAL - 2026-06-22 17:54:32 --> ErrorException: Undefined array key "id_tipo_horario_base"
in APPPATH\Controllers\Horarios.php on line 398.
 1 APPPATH\Controllers\Horarios.php(398): CodeIgniter\Debug\Exceptions->errorHandler(2, 'Undefined array key "id_tipo_horario_base"', 'C:\\Proyectos\\reservalo2.0\\app\\Controllers\\Horarios.php', 398)
 2 SYSTEMPATH\CodeIgniter.php(941): App\Controllers\Horarios->editarHorario()
 3 SYSTEMPATH\CodeIgniter.php(502): CodeIgniter\CodeIgniter->runController(Object(App\Controllers\Horarios))
 4 SYSTEMPATH\CodeIgniter.php(361): CodeIgniter\CodeIgniter->handleRequest(null, Object(Config\Cache), false)
 5 FCPATH\index.php(79): CodeIgniter\CodeIgniter->run()
CRITICAL - 2026-06-22 22:11:01 --> ErrorException: Undefined array key "id_tipo_horario_base"
in APPPATH\Controllers\Horarios.php on line 398.
 1 APPPATH\Controllers\Horarios.php(398): CodeIgniter\Debug\Exceptions->errorHandler(2, 'Undefined array key "id_tipo_horario_base"', 'C:\\Proyectos\\reservalo2.0\\app\\Controllers\\Horarios.php', 398)
 2 SYSTEMPATH\CodeIgniter.php(941): App\Controllers\Horarios->editarHorario()
 3 SYSTEMPATH\CodeIgniter.php(502): CodeIgniter\CodeIgniter->runController(Object(App\Controllers\Horarios))
 4 SYSTEMPATH\CodeIgniter.php(361): CodeIgniter\CodeIgniter->handleRequest(null, Object(Config\Cache), false)
 5 FCPATH\index.php(79): CodeIgniter\CodeIgniter->run()
CRITICAL - 2026-06-22 22:22:16 --> ErrorException: Undefined array key "fecha_inicio"
in APPPATH\Controllers\Horarios.php on line 400.
 1 APPPATH\Controllers\Horarios.php(400): CodeIgniter\Debug\Exceptions->errorHandler(2, 'Undefined array key "fecha_inicio"', 'C:\\Proyectos\\reservalo2.0\\app\\Controllers\\Horarios.php', 400)
 2 SYSTEMPATH\CodeIgniter.php(941): App\Controllers\Horarios->editarHorario()
 3 SYSTEMPATH\CodeIgniter.php(502): CodeIgniter\CodeIgniter->runController(Object(App\Controllers\Horarios))
 4 SYSTEMPATH\CodeIgniter.php(361): CodeIgniter\CodeIgniter->handleRequest(null, Object(Config\Cache), false)
 5 FCPATH\index.php(79): CodeIgniter\CodeIgniter->run()
ERROR - 2026-06-22 23:10:04 --> mysqli_sql_exception: Column 'id_tipo_horario' in where clause is ambiguous in C:\Proyectos\reservalo2.0\system\Database\MySQLi\Connection.php:306
Stack trace:
#0 C:\Proyectos\reservalo2.0\system\Database\MySQLi\Connection.php(306): mysqli->query('SELECT *\nFROM `...', 0)
#1 C:\Proyectos\reservalo2.0\system\Database\BaseConnection.php(693): CodeIgniter\Database\MySQLi\Connection->execute('SELECT *\nFROM `...')
#2 C:\Proyectos\reservalo2.0\system\Database\BaseConnection.php(607): CodeIgniter\Database\BaseConnection->simpleQuery('SELECT *\nFROM `...')
#3 C:\Proyectos\reservalo2.0\system\Database\BaseBuilder.php(1616): CodeIgniter\Database\BaseConnection->query('SELECT *\nFROM `...', Array, false)
#4 C:\Proyectos\reservalo2.0\app\Models\horariosModel.php(184): CodeIgniter\Database\BaseBuilder->get()
#5 C:\Proyectos\reservalo2.0\app\Controllers\Horarios.php(308): App\Models\horariosModel->getHorario(109)
#6 C:\Proyectos\reservalo2.0\system\CodeIgniter.php(941): App\Controllers\Horarios->getHorario()
#7 C:\Proyectos\reservalo2.0\system\CodeIgniter.php(502): CodeIgniter\CodeIgniter->runController(Object(App\Controllers\Horarios))
#8 C:\Proyectos\reservalo2.0\system\CodeIgniter.php(361): CodeIgniter\CodeIgniter->handleRequest(NULL, Object(Config\Cache), false)
#9 C:\Proyectos\reservalo2.0\index.php(79): CodeIgniter\CodeIgniter->run()
#10 {main}
CRITICAL - 2026-06-22 23:10:04 --> CodeIgniter\Database\Exceptions\DatabaseException: Column 'id_tipo_horario' in where clause is ambiguous
in SYSTEMPATH\Database\BaseConnection.php on line 647.
 1 SYSTEMPATH\Database\BaseBuilder.php(1616): CodeIgniter\Database\BaseConnection->query('SELECT *
FROM `tipo_horario`
INNER JOIN `franjas_horarias` ON `franjas_horarias`.`id_tipo_horario` = `tipo_horario`.`id_tipo_horario`
WHERE `id_tipo_horario` = :id_tipo_horario:', [...], false)
 2 APPPATH\Models\horariosModel.php(184): CodeIgniter\Database\BaseBuilder->get()
 3 APPPATH\Controllers\Horarios.php(308): App\Models\horariosModel->getHorario(109)
 4 SYSTEMPATH\CodeIgniter.php(941): App\Controllers\Horarios->getHorario()
 5 SYSTEMPATH\CodeIgniter.php(502): CodeIgniter\CodeIgniter->runController(Object(App\Controllers\Horarios))
 6 SYSTEMPATH\CodeIgniter.php(361): CodeIgniter\CodeIgniter->handleRequest(null, Object(Config\Cache), false)
 7 FCPATH\index.php(79): CodeIgniter\CodeIgniter->run()
CRITICAL - 2026-06-22 23:10:04 --> [Caused by] CodeIgniter\Database\Exceptions\DatabaseException: Column 'id_tipo_horario' in where clause is ambiguous
in SYSTEMPATH\Database\MySQLi\Connection.php on line 311.
 1 SYSTEMPATH\Database\BaseConnection.php(693): CodeIgniter\Database\MySQLi\Connection->execute('SELECT *
FROM `tipo_horario`
INNER JOIN `franjas_horarias` ON `franjas_horarias`.`id_tipo_horario` = `tipo_horario`.`id_tipo_horario`
WHERE `id_tipo_horario` = 109')
 2 SYSTEMPATH\Database\BaseConnection.php(607): CodeIgniter\Database\BaseConnection->simpleQuery('SELECT *
FROM `tipo_horario`
INNER JOIN `franjas_horarias` ON `franjas_horarias`.`id_tipo_horario` = `tipo_horario`.`id_tipo_horario`
WHERE `id_tipo_horario` = 109')
 3 SYSTEMPATH\Database\BaseBuilder.php(1616): CodeIgniter\Database\BaseConnection->query('SELECT *
FROM `tipo_horario`
INNER JOIN `franjas_horarias` ON `franjas_horarias`.`id_tipo_horario` = `tipo_horario`.`id_tipo_horario`
WHERE `id_tipo_horario` = :id_tipo_horario:', [...], false)
 4 APPPATH\Models\horariosModel.php(184): CodeIgniter\Database\BaseBuilder->get()
 5 APPPATH\Controllers\Horarios.php(308): App\Models\horariosModel->getHorario(109)
 6 SYSTEMPATH\CodeIgniter.php(941): App\Controllers\Horarios->getHorario()
 7 SYSTEMPATH\CodeIgniter.php(502): CodeIgniter\CodeIgniter->runController(Object(App\Controllers\Horarios))
 8 SYSTEMPATH\CodeIgniter.php(361): CodeIgniter\CodeIgniter->handleRequest(null, Object(Config\Cache), false)
 9 FCPATH\index.php(79): CodeIgniter\CodeIgniter->run()
CRITICAL - 2026-06-22 23:10:04 --> [Caused by] mysqli_sql_exception: Column 'id_tipo_horario' in where clause is ambiguous
in SYSTEMPATH\Database\MySQLi\Connection.php on line 306.
 1 SYSTEMPATH\Database\MySQLi\Connection.php(306): mysqli->query('SELECT *
FROM `tipo_horario`
INNER JOIN `franjas_horarias` ON `franjas_horarias`.`id_tipo_horario` = `tipo_horario`.`id_tipo_horario`
WHERE `id_tipo_horario` = 109', 0)
 2 SYSTEMPATH\Database\BaseConnection.php(693): CodeIgniter\Database\MySQLi\Connection->execute('SELECT *
FROM `tipo_horario`
INNER JOIN `franjas_horarias` ON `franjas_horarias`.`id_tipo_horario` = `tipo_horario`.`id_tipo_horario`
WHERE `id_tipo_horario` = 109')
 3 SYSTEMPATH\Database\BaseConnection.php(607): CodeIgniter\Database\BaseConnection->simpleQuery('SELECT *
FROM `tipo_horario`
INNER JOIN `franjas_horarias` ON `franjas_horarias`.`id_tipo_horario` = `tipo_horario`.`id_tipo_horario`
WHERE `id_tipo_horario` = 109')
 4 SYSTEMPATH\Database\BaseBuilder.php(1616): CodeIgniter\Database\BaseConnection->query('SELECT *
FROM `tipo_horario`
INNER JOIN `franjas_horarias` ON `franjas_horarias`.`id_tipo_horario` = `tipo_horario`.`id_tipo_horario`
WHERE `id_tipo_horario` = :id_tipo_horario:', [...], false)
 5 APPPATH\Models\horariosModel.php(184): CodeIgniter\Database\BaseBuilder->get()
 6 APPPATH\Controllers\Horarios.php(308): App\Models\horariosModel->getHorario(109)
 7 SYSTEMPATH\CodeIgniter.php(941): App\Controllers\Horarios->getHorario()
 8 SYSTEMPATH\CodeIgniter.php(502): CodeIgniter\CodeIgniter->runController(Object(App\Controllers\Horarios))
 9 SYSTEMPATH\CodeIgniter.php(361): CodeIgniter\CodeIgniter->handleRequest(null, Object(Config\Cache), false)
10 FCPATH\index.php(79): CodeIgniter\CodeIgniter->run()
ERROR - 2026-06-22 23:10:07 --> mysqli_sql_exception: Column 'id_tipo_horario' in where clause is ambiguous in C:\Proyectos\reservalo2.0\system\Database\MySQLi\Connection.php:306
Stack trace:
#0 C:\Proyectos\reservalo2.0\system\Database\MySQLi\Connection.php(306): mysqli->query('SELECT *\nFROM `...', 0)
#1 C:\Proyectos\reservalo2.0\system\Database\BaseConnection.php(693): CodeIgniter\Database\MySQLi\Connection->execute('SELECT *\nFROM `...')
#2 C:\Proyectos\reservalo2.0\system\Database\BaseConnection.php(607): CodeIgniter\Database\BaseConnection->simpleQuery('SELECT *\nFROM `...')
#3 C:\Proyectos\reservalo2.0\system\Database\BaseBuilder.php(1616): CodeIgniter\Database\BaseConnection->query('SELECT *\nFROM `...', Array, false)
#4 C:\Proyectos\reservalo2.0\app\Models\horariosModel.php(184): CodeIgniter\Database\BaseBuilder->get()
#5 C:\Proyectos\reservalo2.0\app\Controllers\Horarios.php(308): App\Models\horariosModel->getHorario(109)
#6 C:\Proyectos\reservalo2.0\system\CodeIgniter.php(941): App\Controllers\Horarios->getHorario()
#7 C:\Proyectos\reservalo2.0\system\CodeIgniter.php(502): CodeIgniter\CodeIgniter->runController(Object(App\Controllers\Horarios))
#8 C:\Proyectos\reservalo2.0\system\CodeIgniter.php(361): CodeIgniter\CodeIgniter->handleRequest(NULL, Object(Config\Cache), false)
#9 C:\Proyectos\reservalo2.0\index.php(79): CodeIgniter\CodeIgniter->run()
#10 {main}
CRITICAL - 2026-06-22 23:10:07 --> CodeIgniter\Database\Exceptions\DatabaseException: Column 'id_tipo_horario' in where clause is ambiguous
in SYSTEMPATH\Database\BaseConnection.php on line 647.
 1 SYSTEMPATH\Database\BaseBuilder.php(1616): CodeIgniter\Database\BaseConnection->query('SELECT *
FROM `tipo_horario`
INNER JOIN `franjas_horarias` ON `franjas_horarias`.`id_tipo_horario` = `tipo_horario`.`id_tipo_horario`
WHERE `id_tipo_horario` = :id_tipo_horario:', [...], false)
 2 APPPATH\Models\horariosModel.php(184): CodeIgniter\Database\BaseBuilder->get()
 3 APPPATH\Controllers\Horarios.php(308): App\Models\horariosModel->getHorario(109)
 4 SYSTEMPATH\CodeIgniter.php(941): App\Controllers\Horarios->getHorario()
 5 SYSTEMPATH\CodeIgniter.php(502): CodeIgniter\CodeIgniter->runController(Object(App\Controllers\Horarios))
 6 SYSTEMPATH\CodeIgniter.php(361): CodeIgniter\CodeIgniter->handleRequest(null, Object(Config\Cache), false)
 7 FCPATH\index.php(79): CodeIgniter\CodeIgniter->run()
CRITICAL - 2026-06-22 23:10:07 --> [Caused by] CodeIgniter\Database\Exceptions\DatabaseException: Column 'id_tipo_horario' in where clause is ambiguous
in SYSTEMPATH\Database\MySQLi\Connection.php on line 311.
 1 SYSTEMPATH\Database\BaseConnection.php(693): CodeIgniter\Database\MySQLi\Connection->execute('SELECT *
FROM `tipo_horario`
INNER JOIN `franjas_horarias` ON `franjas_horarias`.`id_tipo_horario` = `tipo_horario`.`id_tipo_horario`
WHERE `id_tipo_horario` = 109')
 2 SYSTEMPATH\Database\BaseConnection.php(607): CodeIgniter\Database\BaseConnection->simpleQuery('SELECT *
FROM `tipo_horario`
INNER JOIN `franjas_horarias` ON `franjas_horarias`.`id_tipo_horario` = `tipo_horario`.`id_tipo_horario`
WHERE `id_tipo_horario` = 109')
 3 SYSTEMPATH\Database\BaseBuilder.php(1616): CodeIgniter\Database\BaseConnection->query('SELECT *
FROM `tipo_horario`
INNER JOIN `franjas_horarias` ON `franjas_horarias`.`id_tipo_horario` = `tipo_horario`.`id_tipo_horario`
WHERE `id_tipo_horario` = :id_tipo_horario:', [...], false)
 4 APPPATH\Models\horariosModel.php(184): CodeIgniter\Database\BaseBuilder->get()
 5 APPPATH\Controllers\Horarios.php(308): App\Models\horariosModel->getHorario(109)
 6 SYSTEMPATH\CodeIgniter.php(941): App\Controllers\Horarios->getHorario()
 7 SYSTEMPATH\CodeIgniter.php(502): CodeIgniter\CodeIgniter->runController(Object(App\Controllers\Horarios))
 8 SYSTEMPATH\CodeIgniter.php(361): CodeIgniter\CodeIgniter->handleRequest(null, Object(Config\Cache), false)
 9 FCPATH\index.php(79): CodeIgniter\CodeIgniter->run()
CRITICAL - 2026-06-22 23:10:07 --> [Caused by] mysqli_sql_exception: Column 'id_tipo_horario' in where clause is ambiguous
in SYSTEMPATH\Database\MySQLi\Connection.php on line 306.
 1 SYSTEMPATH\Database\MySQLi\Connection.php(306): mysqli->query('SELECT *
FROM `tipo_horario`
INNER JOIN `franjas_horarias` ON `franjas_horarias`.`id_tipo_horario` = `tipo_horario`.`id_tipo_horario`
WHERE `id_tipo_horario` = 109', 0)
 2 SYSTEMPATH\Database\BaseConnection.php(693): CodeIgniter\Database\MySQLi\Connection->execute('SELECT *
FROM `tipo_horario`
INNER JOIN `franjas_horarias` ON `franjas_horarias`.`id_tipo_horario` = `tipo_horario`.`id_tipo_horario`
WHERE `id_tipo_horario` = 109')
 3 SYSTEMPATH\Database\BaseConnection.php(607): CodeIgniter\Database\BaseConnection->simpleQuery('SELECT *
FROM `tipo_horario`
INNER JOIN `franjas_horarias` ON `franjas_horarias`.`id_tipo_horario` = `tipo_horario`.`id_tipo_horario`
WHERE `id_tipo_horario` = 109')
 4 SYSTEMPATH\Database\BaseBuilder.php(1616): CodeIgniter\Database\BaseConnection->query('SELECT *
FROM `tipo_horario`
INNER JOIN `franjas_horarias` ON `franjas_horarias`.`id_tipo_horario` = `tipo_horario`.`id_tipo_horario`
WHERE `id_tipo_horario` = :id_tipo_horario:', [...], false)
 5 APPPATH\Models\horariosModel.php(184): CodeIgniter\Database\BaseBuilder->get()
 6 APPPATH\Controllers\Horarios.php(308): App\Models\horariosModel->getHorario(109)
 7 SYSTEMPATH\CodeIgniter.php(941): App\Controllers\Horarios->getHorario()
 8 SYSTEMPATH\CodeIgniter.php(502): CodeIgniter\CodeIgniter->runController(Object(App\Controllers\Horarios))
 9 SYSTEMPATH\CodeIgniter.php(361): CodeIgniter\CodeIgniter->handleRequest(null, Object(Config\Cache), false)
10 FCPATH\index.php(79): CodeIgniter\CodeIgniter->run()
ERROR - 2026-06-22 23:10:16 --> mysqli_sql_exception: Column 'id_tipo_horario' in where clause is ambiguous in C:\Proyectos\reservalo2.0\system\Database\MySQLi\Connection.php:306
Stack trace:
#0 C:\Proyectos\reservalo2.0\system\Database\MySQLi\Connection.php(306): mysqli->query('SELECT *\nFROM `...', 0)
#1 C:\Proyectos\reservalo2.0\system\Database\BaseConnection.php(693): CodeIgniter\Database\MySQLi\Connection->execute('SELECT *\nFROM `...')
#2 C:\Proyectos\reservalo2.0\system\Database\BaseConnection.php(607): CodeIgniter\Database\BaseConnection->simpleQuery('SELECT *\nFROM `...')
#3 C:\Proyectos\reservalo2.0\system\Database\BaseBuilder.php(1616): CodeIgniter\Database\BaseConnection->query('SELECT *\nFROM `...', Array, false)
#4 C:\Proyectos\reservalo2.0\app\Models\horariosModel.php(184): CodeIgniter\Database\BaseBuilder->get()
#5 C:\Proyectos\reservalo2.0\app\Controllers\Horarios.php(308): App\Models\horariosModel->getHorario(109)
#6 C:\Proyectos\reservalo2.0\system\CodeIgniter.php(941): App\Controllers\Horarios->getHorario()
#7 C:\Proyectos\reservalo2.0\system\CodeIgniter.php(502): CodeIgniter\CodeIgniter->runController(Object(App\Controllers\Horarios))
#8 C:\Proyectos\reservalo2.0\system\CodeIgniter.php(361): CodeIgniter\CodeIgniter->handleRequest(NULL, Object(Config\Cache), false)
#9 C:\Proyectos\reservalo2.0\index.php(79): CodeIgniter\CodeIgniter->run()
#10 {main}
CRITICAL - 2026-06-22 23:10:16 --> CodeIgniter\Database\Exceptions\DatabaseException: Column 'id_tipo_horario' in where clause is ambiguous
in SYSTEMPATH\Database\BaseConnection.php on line 647.
 1 SYSTEMPATH\Database\BaseBuilder.php(1616): CodeIgniter\Database\BaseConnection->query('SELECT *
FROM `tipo_horario`
INNER JOIN `franjas_horarias` ON `franjas_horarias`.`id_tipo_horario` = `tipo_horario`.`id_tipo_horario`
WHERE `id_tipo_horario` = :id_tipo_horario:', [...], false)
 2 APPPATH\Models\horariosModel.php(184): CodeIgniter\Database\BaseBuilder->get()
 3 APPPATH\Controllers\Horarios.php(308): App\Models\horariosModel->getHorario(109)
 4 SYSTEMPATH\CodeIgniter.php(941): App\Controllers\Horarios->getHorario()
 5 SYSTEMPATH\CodeIgniter.php(502): CodeIgniter\CodeIgniter->runController(Object(App\Controllers\Horarios))
 6 SYSTEMPATH\CodeIgniter.php(361): CodeIgniter\CodeIgniter->handleRequest(null, Object(Config\Cache), false)
 7 FCPATH\index.php(79): CodeIgniter\CodeIgniter->run()
CRITICAL - 2026-06-22 23:10:16 --> [Caused by] CodeIgniter\Database\Exceptions\DatabaseException: Column 'id_tipo_horario' in where clause is ambiguous
in SYSTEMPATH\Database\MySQLi\Connection.php on line 311.
 1 SYSTEMPATH\Database\BaseConnection.php(693): CodeIgniter\Database\MySQLi\Connection->execute('SELECT *
FROM `tipo_horario`
INNER JOIN `franjas_horarias` ON `franjas_horarias`.`id_tipo_horario` = `tipo_horario`.`id_tipo_horario`
WHERE `id_tipo_horario` = 109')
 2 SYSTEMPATH\Database\BaseConnection.php(607): CodeIgniter\Database\BaseConnection->simpleQuery('SELECT *
FROM `tipo_horario`
INNER JOIN `franjas_horarias` ON `franjas_horarias`.`id_tipo_horario` = `tipo_horario`.`id_tipo_horario`
WHERE `id_tipo_horario` = 109')
 3 SYSTEMPATH\Database\BaseBuilder.php(1616): CodeIgniter\Database\BaseConnection->query('SELECT *
FROM `tipo_horario`
INNER JOIN `franjas_horarias` ON `franjas_horarias`.`id_tipo_horario` = `tipo_horario`.`id_tipo_horario`
WHERE `id_tipo_horario` = :id_tipo_horario:', [...], false)
 4 APPPATH\Models\horariosModel.php(184): CodeIgniter\Database\BaseBuilder->get()
 5 APPPATH\Controllers\Horarios.php(308): App\Models\horariosModel->getHorario(109)
 6 SYSTEMPATH\CodeIgniter.php(941): App\Controllers\Horarios->getHorario()
 7 SYSTEMPATH\CodeIgniter.php(502): CodeIgniter\CodeIgniter->runController(Object(App\Controllers\Horarios))
 8 SYSTEMPATH\CodeIgniter.php(361): CodeIgniter\CodeIgniter->handleRequest(null, Object(Config\Cache), false)
 9 FCPATH\index.php(79): CodeIgniter\CodeIgniter->run()
CRITICAL - 2026-06-22 23:10:16 --> [Caused by] mysqli_sql_exception: Column 'id_tipo_horario' in where clause is ambiguous
in SYSTEMPATH\Database\MySQLi\Connection.php on line 306.
 1 SYSTEMPATH\Database\MySQLi\Connection.php(306): mysqli->query('SELECT *
FROM `tipo_horario`
INNER JOIN `franjas_horarias` ON `franjas_horarias`.`id_tipo_horario` = `tipo_horario`.`id_tipo_horario`
WHERE `id_tipo_horario` = 109', 0)
 2 SYSTEMPATH\Database\BaseConnection.php(693): CodeIgniter\Database\MySQLi\Connection->execute('SELECT *
FROM `tipo_horario`
INNER JOIN `franjas_horarias` ON `franjas_horarias`.`id_tipo_horario` = `tipo_horario`.`id_tipo_horario`
WHERE `id_tipo_horario` = 109')
 3 SYSTEMPATH\Database\BaseConnection.php(607): CodeIgniter\Database\BaseConnection->simpleQuery('SELECT *
FROM `tipo_horario`
INNER JOIN `franjas_horarias` ON `franjas_horarias`.`id_tipo_horario` = `tipo_horario`.`id_tipo_horario`
WHERE `id_tipo_horario` = 109')
 4 SYSTEMPATH\Database\BaseBuilder.php(1616): CodeIgniter\Database\BaseConnection->query('SELECT *
FROM `tipo_horario`
INNER JOIN `franjas_horarias` ON `franjas_horarias`.`id_tipo_horario` = `tipo_horario`.`id_tipo_horario`
WHERE `id_tipo_horario` = :id_tipo_horario:', [...], false)
 5 APPPATH\Models\horariosModel.php(184): CodeIgniter\Database\BaseBuilder->get()
 6 APPPATH\Controllers\Horarios.php(308): App\Models\horariosModel->getHorario(109)
 7 SYSTEMPATH\CodeIgniter.php(941): App\Controllers\Horarios->getHorario()
 8 SYSTEMPATH\CodeIgniter.php(502): CodeIgniter\CodeIgniter->runController(Object(App\Controllers\Horarios))
 9 SYSTEMPATH\CodeIgniter.php(361): CodeIgniter\CodeIgniter->handleRequest(null, Object(Config\Cache), false)
10 FCPATH\index.php(79): CodeIgniter\CodeIgniter->run()
ERROR - 2026-06-22 23:11:40 --> mysqli_sql_exception: Column 'id_tipo_horario' in where clause is ambiguous in C:\Proyectos\reservalo2.0\system\Database\MySQLi\Connection.php:306
Stack trace:
#0 C:\Proyectos\reservalo2.0\system\Database\MySQLi\Connection.php(306): mysqli->query('SELECT *\nFROM `...', 0)
#1 C:\Proyectos\reservalo2.0\system\Database\BaseConnection.php(693): CodeIgniter\Database\MySQLi\Connection->execute('SELECT *\nFROM `...')
#2 C:\Proyectos\reservalo2.0\system\Database\BaseConnection.php(607): CodeIgniter\Database\BaseConnection->simpleQuery('SELECT *\nFROM `...')
#3 C:\Proyectos\reservalo2.0\system\Database\BaseBuilder.php(1616): CodeIgniter\Database\BaseConnection->query('SELECT *\nFROM `...', Array, false)
#4 C:\Proyectos\reservalo2.0\app\Models\horariosModel.php(184): CodeIgniter\Database\BaseBuilder->get()
#5 C:\Proyectos\reservalo2.0\app\Controllers\Horarios.php(308): App\Models\horariosModel->getHorario(109)
#6 C:\Proyectos\reservalo2.0\system\CodeIgniter.php(941): App\Controllers\Horarios->getHorario()
#7 C:\Proyectos\reservalo2.0\system\CodeIgniter.php(502): CodeIgniter\CodeIgniter->runController(Object(App\Controllers\Horarios))
#8 C:\Proyectos\reservalo2.0\system\CodeIgniter.php(361): CodeIgniter\CodeIgniter->handleRequest(NULL, Object(Config\Cache), false)
#9 C:\Proyectos\reservalo2.0\index.php(79): CodeIgniter\CodeIgniter->run()
#10 {main}
CRITICAL - 2026-06-22 23:11:41 --> CodeIgniter\Database\Exceptions\DatabaseException: Column 'id_tipo_horario' in where clause is ambiguous
in SYSTEMPATH\Database\BaseConnection.php on line 647.
 1 SYSTEMPATH\Database\BaseBuilder.php(1616): CodeIgniter\Database\BaseConnection->query('SELECT *
FROM `tipo_horario`
INNER JOIN `franjas_horarias` ON `franjas_horarias`.`id_tipo_horario` = `tipo_horario`.`id_tipo_horario`
WHERE `id_tipo_horario` = :id_tipo_horario:', [...], false)
 2 APPPATH\Models\horariosModel.php(184): CodeIgniter\Database\BaseBuilder->get()
 3 APPPATH\Controllers\Horarios.php(308): App\Models\horariosModel->getHorario(109)
 4 SYSTEMPATH\CodeIgniter.php(941): App\Controllers\Horarios->getHorario()
 5 SYSTEMPATH\CodeIgniter.php(502): CodeIgniter\CodeIgniter->runController(Object(App\Controllers\Horarios))
 6 SYSTEMPATH\CodeIgniter.php(361): CodeIgniter\CodeIgniter->handleRequest(null, Object(Config\Cache), false)
 7 FCPATH\index.php(79): CodeIgniter\CodeIgniter->run()
CRITICAL - 2026-06-22 23:11:41 --> [Caused by] CodeIgniter\Database\Exceptions\DatabaseException: Column 'id_tipo_horario' in where clause is ambiguous
in SYSTEMPATH\Database\MySQLi\Connection.php on line 311.
 1 SYSTEMPATH\Database\BaseConnection.php(693): CodeIgniter\Database\MySQLi\Connection->execute('SELECT *
FROM `tipo_horario`
INNER JOIN `franjas_horarias` ON `franjas_horarias`.`id_tipo_horario` = `tipo_horario`.`id_tipo_horario`
WHERE `id_tipo_horario` = 109')
 2 SYSTEMPATH\Database\BaseConnection.php(607): CodeIgniter\Database\BaseConnection->simpleQuery('SELECT *
FROM `tipo_horario`
INNER JOIN `franjas_horarias` ON `franjas_horarias`.`id_tipo_horario` = `tipo_horario`.`id_tipo_horario`
WHERE `id_tipo_horario` = 109')
 3 SYSTEMPATH\Database\BaseBuilder.php(1616): CodeIgniter\Database\BaseConnection->query('SELECT *
FROM `tipo_horario`
INNER JOIN `franjas_horarias` ON `franjas_horarias`.`id_tipo_horario` = `tipo_horario`.`id_tipo_horario`
WHERE `id_tipo_horario` = :id_tipo_horario:', [...], false)
 4 APPPATH\Models\horariosModel.php(184): CodeIgniter\Database\BaseBuilder->get()
 5 APPPATH\Controllers\Horarios.php(308): App\Models\horariosModel->getHorario(109)
 6 SYSTEMPATH\CodeIgniter.php(941): App\Controllers\Horarios->getHorario()
 7 SYSTEMPATH\CodeIgniter.php(502): CodeIgniter\CodeIgniter->runController(Object(App\Controllers\Horarios))
 8 SYSTEMPATH\CodeIgniter.php(361): CodeIgniter\CodeIgniter->handleRequest(null, Object(Config\Cache), false)
 9 FCPATH\index.php(79): CodeIgniter\CodeIgniter->run()
CRITICAL - 2026-06-22 23:11:41 --> [Caused by] mysqli_sql_exception: Column 'id_tipo_horario' in where clause is ambiguous
in SYSTEMPATH\Database\MySQLi\Connection.php on line 306.
 1 SYSTEMPATH\Database\MySQLi\Connection.php(306): mysqli->query('SELECT *
FROM `tipo_horario`
INNER JOIN `franjas_horarias` ON `franjas_horarias`.`id_tipo_horario` = `tipo_horario`.`id_tipo_horario`
WHERE `id_tipo_horario` = 109', 0)
 2 SYSTEMPATH\Database\BaseConnection.php(693): CodeIgniter\Database\MySQLi\Connection->execute('SELECT *
FROM `tipo_horario`
INNER JOIN `franjas_horarias` ON `franjas_horarias`.`id_tipo_horario` = `tipo_horario`.`id_tipo_horario`
WHERE `id_tipo_horario` = 109')
 3 SYSTEMPATH\Database\BaseConnection.php(607): CodeIgniter\Database\BaseConnection->simpleQuery('SELECT *
FROM `tipo_horario`
INNER JOIN `franjas_horarias` ON `franjas_horarias`.`id_tipo_horario` = `tipo_horario`.`id_tipo_horario`
WHERE `id_tipo_horario` = 109')
 4 SYSTEMPATH\Database\BaseBuilder.php(1616): CodeIgniter\Database\BaseConnection->query('SELECT *
FROM `tipo_horario`
INNER JOIN `franjas_horarias` ON `franjas_horarias`.`id_tipo_horario` = `tipo_horario`.`id_tipo_horario`
WHERE `id_tipo_horario` = :id_tipo_horario:', [...], false)
 5 APPPATH\Models\horariosModel.php(184): CodeIgniter\Database\BaseBuilder->get()
 6 APPPATH\Controllers\Horarios.php(308): App\Models\horariosModel->getHorario(109)
 7 SYSTEMPATH\CodeIgniter.php(941): App\Controllers\Horarios->getHorario()
 8 SYSTEMPATH\CodeIgniter.php(502): CodeIgniter\CodeIgniter->runController(Object(App\Controllers\Horarios))
 9 SYSTEMPATH\CodeIgniter.php(361): CodeIgniter\CodeIgniter->handleRequest(null, Object(Config\Cache), false)
10 FCPATH\index.php(79): CodeIgniter\CodeIgniter->run()
ERROR - 2026-06-22 23:12:38 --> mysqli_sql_exception: Column 'id_tipo_horario' in where clause is ambiguous in C:\Proyectos\reservalo2.0\system\Database\MySQLi\Connection.php:306
Stack trace:
#0 C:\Proyectos\reservalo2.0\system\Database\MySQLi\Connection.php(306): mysqli->query('SELECT *\nFROM `...', 0)
#1 C:\Proyectos\reservalo2.0\system\Database\BaseConnection.php(693): CodeIgniter\Database\MySQLi\Connection->execute('SELECT *\nFROM `...')
#2 C:\Proyectos\reservalo2.0\system\Database\BaseConnection.php(607): CodeIgniter\Database\BaseConnection->simpleQuery('SELECT *\nFROM `...')
#3 C:\Proyectos\reservalo2.0\system\Database\BaseBuilder.php(1616): CodeIgniter\Database\BaseConnection->query('SELECT *\nFROM `...', Array, false)
#4 C:\Proyectos\reservalo2.0\app\Models\horariosModel.php(184): CodeIgniter\Database\BaseBuilder->get()
#5 C:\Proyectos\reservalo2.0\app\Controllers\Horarios.php(308): App\Models\horariosModel->getHorario(109)
#6 C:\Proyectos\reservalo2.0\system\CodeIgniter.php(941): App\Controllers\Horarios->getHorario()
#7 C:\Proyectos\reservalo2.0\system\CodeIgniter.php(502): CodeIgniter\CodeIgniter->runController(Object(App\Controllers\Horarios))
#8 C:\Proyectos\reservalo2.0\system\CodeIgniter.php(361): CodeIgniter\CodeIgniter->handleRequest(NULL, Object(Config\Cache), false)
#9 C:\Proyectos\reservalo2.0\index.php(79): CodeIgniter\CodeIgniter->run()
#10 {main}
CRITICAL - 2026-06-22 23:16:32 --> CodeIgniter\Database\Exceptions\DatabaseException: Column 'id_tipo_horario' in where clause is ambiguous
in SYSTEMPATH\Database\BaseConnection.php on line 647.
 1 SYSTEMPATH\Database\BaseBuilder.php(1616): CodeIgniter\Database\BaseConnection->query('SELECT *
FROM `tipo_horario`
INNER JOIN `franjas_horarias` ON `franjas_horarias`.`id_tipo_horario` = `tipo_horario`.`id_tipo_horario`
WHERE `id_tipo_horario` = :id_tipo_horario:', [...], false)
 2 APPPATH\Models\horariosModel.php(184): CodeIgniter\Database\BaseBuilder->get()
 3 APPPATH\Controllers\Horarios.php(308): App\Models\horariosModel->getHorario(109)
 4 SYSTEMPATH\CodeIgniter.php(941): App\Controllers\Horarios->getHorario()
 5 SYSTEMPATH\CodeIgniter.php(502): CodeIgniter\CodeIgniter->runController(Object(App\Controllers\Horarios))
 6 SYSTEMPATH\CodeIgniter.php(361): CodeIgniter\CodeIgniter->handleRequest(null, Object(Config\Cache), false)
 7 FCPATH\index.php(79): CodeIgniter\CodeIgniter->run()
CRITICAL - 2026-06-22 23:16:32 --> [Caused by] CodeIgniter\Database\Exceptions\DatabaseException: Column 'id_tipo_horario' in where clause is ambiguous
in SYSTEMPATH\Database\MySQLi\Connection.php on line 311.
 1 SYSTEMPATH\Database\BaseConnection.php(693): CodeIgniter\Database\MySQLi\Connection->execute('SELECT *
FROM `tipo_horario`
INNER JOIN `franjas_horarias` ON `franjas_horarias`.`id_tipo_horario` = `tipo_horario`.`id_tipo_horario`
WHERE `id_tipo_horario` = 109')
 2 SYSTEMPATH\Database\BaseConnection.php(607): CodeIgniter\Database\BaseConnection->simpleQuery('SELECT *
FROM `tipo_horario`
INNER JOIN `franjas_horarias` ON `franjas_horarias`.`id_tipo_horario` = `tipo_horario`.`id_tipo_horario`
WHERE `id_tipo_horario` = 109')
 3 SYSTEMPATH\Database\BaseBuilder.php(1616): CodeIgniter\Database\BaseConnection->query('SELECT *
FROM `tipo_horario`
INNER JOIN `franjas_horarias` ON `franjas_horarias`.`id_tipo_horario` = `tipo_horario`.`id_tipo_horario`
WHERE `id_tipo_horario` = :id_tipo_horario:', [...], false)
 4 APPPATH\Models\horariosModel.php(184): CodeIgniter\Database\BaseBuilder->get()
 5 APPPATH\Controllers\Horarios.php(308): App\Models\horariosModel->getHorario(109)
 6 SYSTEMPATH\CodeIgniter.php(941): App\Controllers\Horarios->getHorario()
 7 SYSTEMPATH\CodeIgniter.php(502): CodeIgniter\CodeIgniter->runController(Object(App\Controllers\Horarios))
 8 SYSTEMPATH\CodeIgniter.php(361): CodeIgniter\CodeIgniter->handleRequest(null, Object(Config\Cache), false)
 9 FCPATH\index.php(79): CodeIgniter\CodeIgniter->run()
CRITICAL - 2026-06-22 23:16:32 --> [Caused by] mysqli_sql_exception: Column 'id_tipo_horario' in where clause is ambiguous
in SYSTEMPATH\Database\MySQLi\Connection.php on line 306.
 1 SYSTEMPATH\Database\MySQLi\Connection.php(306): mysqli->query('SELECT *
FROM `tipo_horario`
INNER JOIN `franjas_horarias` ON `franjas_horarias`.`id_tipo_horario` = `tipo_horario`.`id_tipo_horario`
WHERE `id_tipo_horario` = 109', 0)
 2 SYSTEMPATH\Database\BaseConnection.php(693): CodeIgniter\Database\MySQLi\Connection->execute('SELECT *
FROM `tipo_horario`
INNER JOIN `franjas_horarias` ON `franjas_horarias`.`id_tipo_horario` = `tipo_horario`.`id_tipo_horario`
WHERE `id_tipo_horario` = 109')
 3 SYSTEMPATH\Database\BaseConnection.php(607): CodeIgniter\Database\BaseConnection->simpleQuery('SELECT *
FROM `tipo_horario`
INNER JOIN `franjas_horarias` ON `franjas_horarias`.`id_tipo_horario` = `tipo_horario`.`id_tipo_horario`
WHERE `id_tipo_horario` = 109')
 4 SYSTEMPATH\Database\BaseBuilder.php(1616): CodeIgniter\Database\BaseConnection->query('SELECT *
FROM `tipo_horario`
INNER JOIN `franjas_horarias` ON `franjas_horarias`.`id_tipo_horario` = `tipo_horario`.`id_tipo_horario`
WHERE `id_tipo_horario` = :id_tipo_horario:', [...], false)
 5 APPPATH\Models\horariosModel.php(184): CodeIgniter\Database\BaseBuilder->get()
 6 APPPATH\Controllers\Horarios.php(308): App\Models\horariosModel->getHorario(109)
 7 SYSTEMPATH\CodeIgniter.php(941): App\Controllers\Horarios->getHorario()
 8 SYSTEMPATH\CodeIgniter.php(502): CodeIgniter\CodeIgniter->runController(Object(App\Controllers\Horarios))
 9 SYSTEMPATH\CodeIgniter.php(361): CodeIgniter\CodeIgniter->handleRequest(null, Object(Config\Cache), false)
10 FCPATH\index.php(79): CodeIgniter\CodeIgniter->run()
ERROR - 2026-06-22 23:17:10 --> mysqli_sql_exception: Column 'id_tipo_horario' in where clause is ambiguous in C:\Proyectos\reservalo2.0\system\Database\MySQLi\Connection.php:306
Stack trace:
#0 C:\Proyectos\reservalo2.0\system\Database\MySQLi\Connection.php(306): mysqli->query('SELECT `tipo_ho...', 0)
#1 C:\Proyectos\reservalo2.0\system\Database\BaseConnection.php(693): CodeIgniter\Database\MySQLi\Connection->execute('SELECT `tipo_ho...')
#2 C:\Proyectos\reservalo2.0\system\Database\BaseConnection.php(607): CodeIgniter\Database\BaseConnection->simpleQuery('SELECT `tipo_ho...')
#3 C:\Proyectos\reservalo2.0\system\Database\BaseBuilder.php(1616): CodeIgniter\Database\BaseConnection->query('SELECT `tipo_ho...', Array, false)
#4 C:\Proyectos\reservalo2.0\app\Models\horariosModel.php(184): CodeIgniter\Database\BaseBuilder->get()
#5 C:\Proyectos\reservalo2.0\app\Controllers\Horarios.php(308): App\Models\horariosModel->getHorario(109)
#6 C:\Proyectos\reservalo2.0\system\CodeIgniter.php(941): App\Controllers\Horarios->getHorario()
#7 C:\Proyectos\reservalo2.0\system\CodeIgniter.php(502): CodeIgniter\CodeIgniter->runController(Object(App\Controllers\Horarios))
#8 C:\Proyectos\reservalo2.0\system\CodeIgniter.php(361): CodeIgniter\CodeIgniter->handleRequest(NULL, Object(Config\Cache), false)
#9 C:\Proyectos\reservalo2.0\index.php(79): CodeIgniter\CodeIgniter->run()
#10 {main}
CRITICAL - 2026-06-22 23:18:22 --> CodeIgniter\Database\Exceptions\DatabaseException: Column 'id_tipo_horario' in where clause is ambiguous
in SYSTEMPATH\Database\BaseConnection.php on line 647.
 1 SYSTEMPATH\Database\BaseBuilder.php(1616): CodeIgniter\Database\BaseConnection->query('SELECT `tipo_horario`.*, `franjas_horarias`.`hora_inicio_manana`, `franjas_horarias`.`hora_fin_manana`, `franjas_horarias`.`hora_inicio_tarde`, `franjas_horarias`.`hora_fin_tarde`
FROM `tipo_horario`
INNER JOIN `franjas_horarias` ON `franjas_horarias`.`id_tipo_horario` = `tipo_horario`.`id_tipo_horario`
WHERE `id_tipo_horario` = :id_tipo_horario:', [...], false)
 2 APPPATH\Models\horariosModel.php(184): CodeIgniter\Database\BaseBuilder->get()
 3 APPPATH\Controllers\Horarios.php(308): App\Models\horariosModel->getHorario(109)
 4 SYSTEMPATH\CodeIgniter.php(941): App\Controllers\Horarios->getHorario()
 5 SYSTEMPATH\CodeIgniter.php(502): CodeIgniter\CodeIgniter->runController(Object(App\Controllers\Horarios))
 6 SYSTEMPATH\CodeIgniter.php(361): CodeIgniter\CodeIgniter->handleRequest(null, Object(Config\Cache), false)
 7 FCPATH\index.php(79): CodeIgniter\CodeIgniter->run()
CRITICAL - 2026-06-22 23:18:22 --> [Caused by] CodeIgniter\Database\Exceptions\DatabaseException: Column 'id_tipo_horario' in where clause is ambiguous
in SYSTEMPATH\Database\MySQLi\Connection.php on line 311.
 1 SYSTEMPATH\Database\BaseConnection.php(693): CodeIgniter\Database\MySQLi\Connection->execute('SELECT `tipo_horario`.*, `franjas_horarias`.`hora_inicio_manana`, `franjas_horarias`.`hora_fin_manana`, `franjas_horarias`.`hora_inicio_tarde`, `franjas_horarias`.`hora_fin_tarde`
FROM `tipo_horario`
INNER JOIN `franjas_horarias` ON `franjas_horarias`.`id_tipo_horario` = `tipo_horario`.`id_tipo_horario`
WHERE `id_tipo_horario` = 109')
 2 SYSTEMPATH\Database\BaseConnection.php(607): CodeIgniter\Database\BaseConnection->simpleQuery('SELECT `tipo_horario`.*, `franjas_horarias`.`hora_inicio_manana`, `franjas_horarias`.`hora_fin_manana`, `franjas_horarias`.`hora_inicio_tarde`, `franjas_horarias`.`hora_fin_tarde`
FROM `tipo_horario`
INNER JOIN `franjas_horarias` ON `franjas_horarias`.`id_tipo_horario` = `tipo_horario`.`id_tipo_horario`
WHERE `id_tipo_horario` = 109')
 3 SYSTEMPATH\Database\BaseBuilder.php(1616): CodeIgniter\Database\BaseConnection->query('SELECT `tipo_horario`.*, `franjas_horarias`.`hora_inicio_manana`, `franjas_horarias`.`hora_fin_manana`, `franjas_horarias`.`hora_inicio_tarde`, `franjas_horarias`.`hora_fin_tarde`
FROM `tipo_horario`
INNER JOIN `franjas_horarias` ON `franjas_horarias`.`id_tipo_horario` = `tipo_horario`.`id_tipo_horario`
WHERE `id_tipo_horario` = :id_tipo_horario:', [...], false)
 4 APPPATH\Models\horariosModel.php(184): CodeIgniter\Database\BaseBuilder->get()
 5 APPPATH\Controllers\Horarios.php(308): App\Models\horariosModel->getHorario(109)
 6 SYSTEMPATH\CodeIgniter.php(941): App\Controllers\Horarios->getHorario()
 7 SYSTEMPATH\CodeIgniter.php(502): CodeIgniter\CodeIgniter->runController(Object(App\Controllers\Horarios))
 8 SYSTEMPATH\CodeIgniter.php(361): CodeIgniter\CodeIgniter->handleRequest(null, Object(Config\Cache), false)
 9 FCPATH\index.php(79): CodeIgniter\CodeIgniter->run()
CRITICAL - 2026-06-22 23:18:22 --> [Caused by] mysqli_sql_exception: Column 'id_tipo_horario' in where clause is ambiguous
in SYSTEMPATH\Database\MySQLi\Connection.php on line 306.
 1 SYSTEMPATH\Database\MySQLi\Connection.php(306): mysqli->query('SELECT `tipo_horario`.*, `franjas_horarias`.`hora_inicio_manana`, `franjas_horarias`.`hora_fin_manana`, `franjas_horarias`.`hora_inicio_tarde`, `franjas_horarias`.`hora_fin_tarde`
FROM `tipo_horario`
INNER JOIN `franjas_horarias` ON `franjas_horarias`.`id_tipo_horario` = `tipo_horario`.`id_tipo_horario`
WHERE `id_tipo_horario` = 109', 0)
 2 SYSTEMPATH\Database\BaseConnection.php(693): CodeIgniter\Database\MySQLi\Connection->execute('SELECT `tipo_horario`.*, `franjas_horarias`.`hora_inicio_manana`, `franjas_horarias`.`hora_fin_manana`, `franjas_horarias`.`hora_inicio_tarde`, `franjas_horarias`.`hora_fin_tarde`
FROM `tipo_horario`
INNER JOIN `franjas_horarias` ON `franjas_horarias`.`id_tipo_horario` = `tipo_horario`.`id_tipo_horario`
WHERE `id_tipo_horario` = 109')
 3 SYSTEMPATH\Database\BaseConnection.php(607): CodeIgniter\Database\BaseConnection->simpleQuery('SELECT `tipo_horario`.*, `franjas_horarias`.`hora_inicio_manana`, `franjas_horarias`.`hora_fin_manana`, `franjas_horarias`.`hora_inicio_tarde`, `franjas_horarias`.`hora_fin_tarde`
FROM `tipo_horario`
INNER JOIN `franjas_horarias` ON `franjas_horarias`.`id_tipo_horario` = `tipo_horario`.`id_tipo_horario`
WHERE `id_tipo_horario` = 109')
 4 SYSTEMPATH\Database\BaseBuilder.php(1616): CodeIgniter\Database\BaseConnection->query('SELECT `tipo_horario`.*, `franjas_horarias`.`hora_inicio_manana`, `franjas_horarias`.`hora_fin_manana`, `franjas_horarias`.`hora_inicio_tarde`, `franjas_horarias`.`hora_fin_tarde`
FROM `tipo_horario`
INNER JOIN `franjas_horarias` ON `franjas_horarias`.`id_tipo_horario` = `tipo_horario`.`id_tipo_horario`
WHERE `id_tipo_horario` = :id_tipo_horario:', [...], false)
 5 APPPATH\Models\horariosModel.php(184): CodeIgniter\Database\BaseBuilder->get()
 6 APPPATH\Controllers\Horarios.php(308): App\Models\horariosModel->getHorario(109)
 7 SYSTEMPATH\CodeIgniter.php(941): App\Controllers\Horarios->getHorario()
 8 SYSTEMPATH\CodeIgniter.php(502): CodeIgniter\CodeIgniter->runController(Object(App\Controllers\Horarios))
 9 SYSTEMPATH\CodeIgniter.php(361): CodeIgniter\CodeIgniter->handleRequest(null, Object(Config\Cache), false)
10 FCPATH\index.php(79): CodeIgniter\CodeIgniter->run()
CRITICAL - 2026-06-22 23:27:16 --> ErrorException: Undefined array key "fecha_inicio"
in APPPATH\Controllers\Horarios.php on line 400.
 1 APPPATH\Controllers\Horarios.php(400): CodeIgniter\Debug\Exceptions->errorHandler(2, 'Undefined array key "fecha_inicio"', 'C:\\Proyectos\\reservalo2.0\\app\\Controllers\\Horarios.php', 400)
 2 SYSTEMPATH\CodeIgniter.php(941): App\Controllers\Horarios->editarHorario()
 3 SYSTEMPATH\CodeIgniter.php(502): CodeIgniter\CodeIgniter->runController(Object(App\Controllers\Horarios))
 4 SYSTEMPATH\CodeIgniter.php(361): CodeIgniter\CodeIgniter->handleRequest(null, Object(Config\Cache), false)
 5 FCPATH\index.php(79): CodeIgniter\CodeIgniter->run()
CRITICAL - 2026-06-22 23:28:55 --> ErrorException: Undefined array key "fecha_inicio"
in APPPATH\Controllers\Horarios.php on line 400.
 1 APPPATH\Controllers\Horarios.php(400): CodeIgniter\Debug\Exceptions->errorHandler(2, 'Undefined array key "fecha_inicio"', 'C:\\Proyectos\\reservalo2.0\\app\\Controllers\\Horarios.php', 400)
 2 SYSTEMPATH\CodeIgniter.php(941): App\Controllers\Horarios->editarHorario()
 3 SYSTEMPATH\CodeIgniter.php(502): CodeIgniter\CodeIgniter->runController(Object(App\Controllers\Horarios))
 4 SYSTEMPATH\CodeIgniter.php(361): CodeIgniter\CodeIgniter->handleRequest(null, Object(Config\Cache), false)
 5 FCPATH\index.php(79): CodeIgniter\CodeIgniter->run()
CRITICAL - 2026-06-22 23:28:57 --> ErrorException: Undefined array key "fecha_inicio"
in APPPATH\Controllers\Horarios.php on line 400.
 1 APPPATH\Controllers\Horarios.php(400): CodeIgniter\Debug\Exceptions->errorHandler(2, 'Undefined array key "fecha_inicio"', 'C:\\Proyectos\\reservalo2.0\\app\\Controllers\\Horarios.php', 400)
 2 SYSTEMPATH\CodeIgniter.php(941): App\Controllers\Horarios->editarHorario()
 3 SYSTEMPATH\CodeIgniter.php(502): CodeIgniter\CodeIgniter->runController(Object(App\Controllers\Horarios))
 4 SYSTEMPATH\CodeIgniter.php(361): CodeIgniter\CodeIgniter->handleRequest(null, Object(Config\Cache), false)
 5 FCPATH\index.php(79): CodeIgniter\CodeIgniter->run()
CRITICAL - 2026-06-22 23:32:57 --> ErrorException: Undefined array key "fecha_inicio"
in APPPATH\Controllers\Horarios.php on line 400.
 1 APPPATH\Controllers\Horarios.php(400): CodeIgniter\Debug\Exceptions->errorHandler(2, 'Undefined array key "fecha_inicio"', 'C:\\Proyectos\\reservalo2.0\\app\\Controllers\\Horarios.php', 400)
 2 SYSTEMPATH\CodeIgniter.php(941): App\Controllers\Horarios->editarHorario()
 3 SYSTEMPATH\CodeIgniter.php(502): CodeIgniter\CodeIgniter->runController(Object(App\Controllers\Horarios))
 4 SYSTEMPATH\CodeIgniter.php(361): CodeIgniter\CodeIgniter->handleRequest(null, Object(Config\Cache), false)
 5 FCPATH\index.php(79): CodeIgniter\CodeIgniter->run()
CRITICAL - 2026-06-22 23:35:25 --> ErrorException: Undefined array key "id_excepciones_horario"
in APPPATH\Controllers\Horarios.php on line 406.
 1 APPPATH\Controllers\Horarios.php(406): CodeIgniter\Debug\Exceptions->errorHandler(2, 'Undefined array key "id_excepciones_horario"', 'C:\\Proyectos\\reservalo2.0\\app\\Controllers\\Horarios.php', 406)
 2 SYSTEMPATH\CodeIgniter.php(941): App\Controllers\Horarios->editarHorario()
 3 SYSTEMPATH\CodeIgniter.php(502): CodeIgniter\CodeIgniter->runController(Object(App\Controllers\Horarios))
 4 SYSTEMPATH\CodeIgniter.php(361): CodeIgniter\CodeIgniter->handleRequest(null, Object(Config\Cache), false)
 5 FCPATH\index.php(79): CodeIgniter\CodeIgniter->run()
CRITICAL - 2026-06-22 23:39:53 --> ErrorException: Undefined array key "id_excepciones_horario"
in APPPATH\Controllers\Horarios.php on line 406.
 1 APPPATH\Controllers\Horarios.php(406): CodeIgniter\Debug\Exceptions->errorHandler(2, 'Undefined array key "id_excepciones_horario"', 'C:\\Proyectos\\reservalo2.0\\app\\Controllers\\Horarios.php', 406)
 2 SYSTEMPATH\CodeIgniter.php(941): App\Controllers\Horarios->editarHorario()
 3 SYSTEMPATH\CodeIgniter.php(502): CodeIgniter\CodeIgniter->runController(Object(App\Controllers\Horarios))
 4 SYSTEMPATH\CodeIgniter.php(361): CodeIgniter\CodeIgniter->handleRequest(null, Object(Config\Cache), false)
 5 FCPATH\index.php(79): CodeIgniter\CodeIgniter->run()
