ERROR - 2026-01-05 12:26:06 --> mysqli_sql_exception: MySQL server has gone away in D:\proyectos\reservalo2.0\system\Database\MySQLi\Connection.php:306
Stack trace:
#0 D:\proyectos\reservalo2.0\system\Database\MySQLi\Connection.php(306): mysqli->query('SELECT DISTINCT...', 0)
#1 D:\proyectos\reservalo2.0\system\Database\BaseConnection.php(693): CodeIgniter\Database\MySQLi\Connection->execute('SELECT DISTINCT...')
#2 D:\proyectos\reservalo2.0\system\Database\BaseConnection.php(607): CodeIgniter\Database\BaseConnection->simpleQuery('SELECT DISTINCT...')
#3 D:\proyectos\reservalo2.0\system\Database\BaseBuilder.php(1616): CodeIgniter\Database\BaseConnection->query('SELECT DISTINCT...', Array, false)
#4 D:\proyectos\reservalo2.0\app\Models\horariosModel.php(121): CodeIgniter\Database\BaseBuilder->get()
#5 D:\proyectos\reservalo2.0\app\Controllers\Horarios.php(24): App\Models\horariosModel->comprobarHorariosLegend(42)
#6 D:\proyectos\reservalo2.0\system\CodeIgniter.php(941): App\Controllers\Horarios->horario(42)
#7 D:\proyectos\reservalo2.0\system\CodeIgniter.php(502): CodeIgniter\CodeIgniter->runController(Object(App\Controllers\Horarios))
#8 D:\proyectos\reservalo2.0\system\CodeIgniter.php(361): CodeIgniter\CodeIgniter->handleRequest(NULL, Object(Config\Cache), false)
#9 D:\proyectos\reservalo2.0\index.php(79): CodeIgniter\CodeIgniter->run()
#10 {main}
CRITICAL - 2026-01-05 12:26:07 --> CodeIgniter\Database\Exceptions\DatabaseException: MySQL server has gone away
in SYSTEMPATH\Database\BaseConnection.php on line 647.
 1 SYSTEMPATH\Database\BaseBuilder.php(1616): CodeIgniter\Database\BaseConnection->query('SELECT DISTINCT `tipo_horario`.*
FROM `tipo_horario`
INNER JOIN `franjas_horarias` ON `franjas_horarias`.`id_tipo_horario` = `tipo_horario`.`id_tipo_horario`
WHERE `franjas_horarias`.`id_instalacion` = :franjas_horarias.id_instalacion:
AND `tipo_horario`.`fecha_inicio` >= :tipo_horario.fecha_inicio:
AND `tipo_horario`.`fecha_fin` <= :tipo_horario.fecha_fin:', [...], false)
 2 APPPATH\Models\horariosModel.php(121): CodeIgniter\Database\BaseBuilder->get()
 3 APPPATH\Controllers\Horarios.php(24): App\Models\horariosModel->comprobarHorariosLegend(42)
 4 SYSTEMPATH\CodeIgniter.php(941): App\Controllers\Horarios->horario(42)
 5 SYSTEMPATH\CodeIgniter.php(502): CodeIgniter\CodeIgniter->runController(Object(App\Controllers\Horarios))
 6 SYSTEMPATH\CodeIgniter.php(361): CodeIgniter\CodeIgniter->handleRequest(null, Object(Config\Cache), false)
 7 FCPATH\index.php(79): CodeIgniter\CodeIgniter->run()
CRITICAL - 2026-01-05 12:26:07 --> [Caused by] CodeIgniter\Database\Exceptions\DatabaseException: MySQL server has gone away
in SYSTEMPATH\Database\MySQLi\Connection.php on line 311.
 1 SYSTEMPATH\Database\BaseConnection.php(693): CodeIgniter\Database\MySQLi\Connection->execute('SELECT DISTINCT `tipo_horario`.*
FROM `tipo_horario`
INNER JOIN `franjas_horarias` ON `franjas_horarias`.`id_tipo_horario` = `tipo_horario`.`id_tipo_horario`
WHERE `franjas_horarias`.`id_instalacion` = 42
AND `tipo_horario`.`fecha_inicio` >= \'202601-01\'
AND `tipo_horario`.`fecha_fin` <= \'202612-31\'')
 2 SYSTEMPATH\Database\BaseConnection.php(607): CodeIgniter\Database\BaseConnection->simpleQuery('SELECT DISTINCT `tipo_horario`.*
FROM `tipo_horario`
INNER JOIN `franjas_horarias` ON `franjas_horarias`.`id_tipo_horario` = `tipo_horario`.`id_tipo_horario`
WHERE `franjas_horarias`.`id_instalacion` = 42
AND `tipo_horario`.`fecha_inicio` >= \'202601-01\'
AND `tipo_horario`.`fecha_fin` <= \'202612-31\'')
 3 SYSTEMPATH\Database\BaseBuilder.php(1616): CodeIgniter\Database\BaseConnection->query('SELECT DISTINCT `tipo_horario`.*
FROM `tipo_horario`
INNER JOIN `franjas_horarias` ON `franjas_horarias`.`id_tipo_horario` = `tipo_horario`.`id_tipo_horario`
WHERE `franjas_horarias`.`id_instalacion` = :franjas_horarias.id_instalacion:
AND `tipo_horario`.`fecha_inicio` >= :tipo_horario.fecha_inicio:
AND `tipo_horario`.`fecha_fin` <= :tipo_horario.fecha_fin:', [...], false)
 4 APPPATH\Models\horariosModel.php(121): CodeIgniter\Database\BaseBuilder->get()
 5 APPPATH\Controllers\Horarios.php(24): App\Models\horariosModel->comprobarHorariosLegend(42)
 6 SYSTEMPATH\CodeIgniter.php(941): App\Controllers\Horarios->horario(42)
 7 SYSTEMPATH\CodeIgniter.php(502): CodeIgniter\CodeIgniter->runController(Object(App\Controllers\Horarios))
 8 SYSTEMPATH\CodeIgniter.php(361): CodeIgniter\CodeIgniter->handleRequest(null, Object(Config\Cache), false)
 9 FCPATH\index.php(79): CodeIgniter\CodeIgniter->run()
CRITICAL - 2026-01-05 12:26:07 --> [Caused by] mysqli_sql_exception: MySQL server has gone away
in SYSTEMPATH\Database\MySQLi\Connection.php on line 306.
 1 SYSTEMPATH\Database\MySQLi\Connection.php(306): mysqli->query('SELECT DISTINCT `tipo_horario`.*
FROM `tipo_horario`
INNER JOIN `franjas_horarias` ON `franjas_horarias`.`id_tipo_horario` = `tipo_horario`.`id_tipo_horario`
WHERE `franjas_horarias`.`id_instalacion` = 42
AND `tipo_horario`.`fecha_inicio` >= \'202601-01\'
AND `tipo_horario`.`fecha_fin` <= \'202612-31\'', 0)
 2 SYSTEMPATH\Database\BaseConnection.php(693): CodeIgniter\Database\MySQLi\Connection->execute('SELECT DISTINCT `tipo_horario`.*
FROM `tipo_horario`
INNER JOIN `franjas_horarias` ON `franjas_horarias`.`id_tipo_horario` = `tipo_horario`.`id_tipo_horario`
WHERE `franjas_horarias`.`id_instalacion` = 42
AND `tipo_horario`.`fecha_inicio` >= \'202601-01\'
AND `tipo_horario`.`fecha_fin` <= \'202612-31\'')
 3 SYSTEMPATH\Database\BaseConnection.php(607): CodeIgniter\Database\BaseConnection->simpleQuery('SELECT DISTINCT `tipo_horario`.*
FROM `tipo_horario`
INNER JOIN `franjas_horarias` ON `franjas_horarias`.`id_tipo_horario` = `tipo_horario`.`id_tipo_horario`
WHERE `franjas_horarias`.`id_instalacion` = 42
AND `tipo_horario`.`fecha_inicio` >= \'202601-01\'
AND `tipo_horario`.`fecha_fin` <= \'202612-31\'')
 4 SYSTEMPATH\Database\BaseBuilder.php(1616): CodeIgniter\Database\BaseConnection->query('SELECT DISTINCT `tipo_horario`.*
FROM `tipo_horario`
INNER JOIN `franjas_horarias` ON `franjas_horarias`.`id_tipo_horario` = `tipo_horario`.`id_tipo_horario`
WHERE `franjas_horarias`.`id_instalacion` = :franjas_horarias.id_instalacion:
AND `tipo_horario`.`fecha_inicio` >= :tipo_horario.fecha_inicio:
AND `tipo_horario`.`fecha_fin` <= :tipo_horario.fecha_fin:', [...], false)
 5 APPPATH\Models\horariosModel.php(121): CodeIgniter\Database\BaseBuilder->get()
 6 APPPATH\Controllers\Horarios.php(24): App\Models\horariosModel->comprobarHorariosLegend(42)
 7 SYSTEMPATH\CodeIgniter.php(941): App\Controllers\Horarios->horario(42)
 8 SYSTEMPATH\CodeIgniter.php(502): CodeIgniter\CodeIgniter->runController(Object(App\Controllers\Horarios))
 9 SYSTEMPATH\CodeIgniter.php(361): CodeIgniter\CodeIgniter->handleRequest(null, Object(Config\Cache), false)
10 FCPATH\index.php(79): CodeIgniter\CodeIgniter->run()
INFO - 2026-01-05 12:26:24 --> Session: Class initialized using 'CodeIgniter\Session\Handlers\FileHandler' driver.
INFO - 2026-01-05 12:38:33 --> Session: Class initialized using 'CodeIgniter\Session\Handlers\FileHandler' driver.
INFO - 2026-01-05 12:39:39 --> Session: Class initialized using 'CodeIgniter\Session\Handlers\FileHandler' driver.
INFO - 2026-01-05 12:41:13 --> Session: Class initialized using 'CodeIgniter\Session\Handlers\FileHandler' driver.
INFO - 2026-01-05 12:42:31 --> Session: Class initialized using 'CodeIgniter\Session\Handlers\FileHandler' driver.
INFO - 2026-01-05 12:48:42 --> Session: Class initialized using 'CodeIgniter\Session\Handlers\FileHandler' driver.
INFO - 2026-01-05 12:53:47 --> Session: Class initialized using 'CodeIgniter\Session\Handlers\FileHandler' driver.
INFO - 2026-01-05 13:12:38 --> Session: Class initialized using 'CodeIgniter\Session\Handlers\FileHandler' driver.
INFO - 2026-01-05 13:13:31 --> Session: Class initialized using 'CodeIgniter\Session\Handlers\FileHandler' driver.
