CRITICAL - 2026-07-13 22:37:50 --> ErrorException: Trying to access array offset on value of type null
in APPPATH\Views\actividades\actividades.php on line 2.
 1 APPPATH\Views\actividades\actividades.php(2): CodeIgniter\Debug\Exceptions->errorHandler(2, 'Trying to access array offset on value of type null', 'C:\\Proyectos\\reservalo2.0\\app\\Views\\actividades\\actividades.php', 2)
 2 SYSTEMPATH\View\View.php(228): include('C:\\Proyectos\\reservalo2.0\\app\\Views\\actividades\\actividades.php')
 3 SYSTEMPATH\View\View.php(231): CodeIgniter\View\View->CodeIgniter\View\{closure}()
 4 SYSTEMPATH\Common.php(1178): CodeIgniter\View\View->render('actividades/actividades', [], true)
 5 APPPATH\Controllers\Actividades.php(53): view('actividades/actividades', [...])
 6 SYSTEMPATH\CodeIgniter.php(941): App\Controllers\Actividades->actividades()
 7 SYSTEMPATH\CodeIgniter.php(502): CodeIgniter\CodeIgniter->runController(Object(App\Controllers\Actividades))
 8 SYSTEMPATH\CodeIgniter.php(361): CodeIgniter\CodeIgniter->handleRequest(null, Object(Config\Cache), false)
 9 FCPATH\index.php(79): CodeIgniter\CodeIgniter->run()
CRITICAL - 2026-07-13 22:39:51 --> ErrorException: Trying to access array offset on value of type null
in APPPATH\Views\actividades\actividades.php on line 2.
 1 APPPATH\Views\actividades\actividades.php(2): CodeIgniter\Debug\Exceptions->errorHandler(2, 'Trying to access array offset on value of type null', 'C:\\Proyectos\\reservalo2.0\\app\\Views\\actividades\\actividades.php', 2)
 2 SYSTEMPATH\View\View.php(228): include('C:\\Proyectos\\reservalo2.0\\app\\Views\\actividades\\actividades.php')
 3 SYSTEMPATH\View\View.php(231): CodeIgniter\View\View->CodeIgniter\View\{closure}()
 4 SYSTEMPATH\Common.php(1178): CodeIgniter\View\View->render('actividades/actividades', [], true)
 5 APPPATH\Controllers\Actividades.php(53): view('actividades/actividades', [...])
 6 SYSTEMPATH\CodeIgniter.php(941): App\Controllers\Actividades->actividades()
 7 SYSTEMPATH\CodeIgniter.php(502): CodeIgniter\CodeIgniter->runController(Object(App\Controllers\Actividades))
 8 SYSTEMPATH\CodeIgniter.php(361): CodeIgniter\CodeIgniter->handleRequest(null, Object(Config\Cache), false)
 9 FCPATH\index.php(79): CodeIgniter\CodeIgniter->run()
CRITICAL - 2026-07-13 23:08:40 --> ErrorException: Trying to access array offset on value of type null
in APPPATH\Views\actividades\actividades.php on line 2.
 1 APPPATH\Views\actividades\actividades.php(2): CodeIgniter\Debug\Exceptions->errorHandler(2, 'Trying to access array offset on value of type null', 'C:\\Proyectos\\reservalo2.0\\app\\Views\\actividades\\actividades.php', 2)
 2 SYSTEMPATH\View\View.php(228): include('C:\\Proyectos\\reservalo2.0\\app\\Views\\actividades\\actividades.php')
 3 SYSTEMPATH\View\View.php(231): CodeIgniter\View\View->CodeIgniter\View\{closure}()
 4 SYSTEMPATH\Common.php(1178): CodeIgniter\View\View->render('actividades/actividades', [], true)
 5 APPPATH\Controllers\Actividades.php(53): view('actividades/actividades', [...])
 6 SYSTEMPATH\CodeIgniter.php(941): App\Controllers\Actividades->actividades()
 7 SYSTEMPATH\CodeIgniter.php(502): CodeIgniter\CodeIgniter->runController(Object(App\Controllers\Actividades))
 8 SYSTEMPATH\CodeIgniter.php(361): CodeIgniter\CodeIgniter->handleRequest(null, Object(Config\Cache), false)
 9 FCPATH\index.php(79): CodeIgniter\CodeIgniter->run()
CRITICAL - 2026-07-13 23:08:56 --> ErrorException: Trying to access array offset on value of type null
in APPPATH\Views\actividades\actividades.php on line 2.
 1 APPPATH\Views\actividades\actividades.php(2): CodeIgniter\Debug\Exceptions->errorHandler(2, 'Trying to access array offset on value of type null', 'C:\\Proyectos\\reservalo2.0\\app\\Views\\actividades\\actividades.php', 2)
 2 SYSTEMPATH\View\View.php(228): include('C:\\Proyectos\\reservalo2.0\\app\\Views\\actividades\\actividades.php')
 3 SYSTEMPATH\View\View.php(231): CodeIgniter\View\View->CodeIgniter\View\{closure}()
 4 SYSTEMPATH\Common.php(1178): CodeIgniter\View\View->render('actividades/actividades', [], true)
 5 APPPATH\Controllers\Actividades.php(53): view('actividades/actividades', [...])
 6 SYSTEMPATH\CodeIgniter.php(941): App\Controllers\Actividades->actividades()
 7 SYSTEMPATH\CodeIgniter.php(502): CodeIgniter\CodeIgniter->runController(Object(App\Controllers\Actividades))
 8 SYSTEMPATH\CodeIgniter.php(361): CodeIgniter\CodeIgniter->handleRequest(null, Object(Config\Cache), false)
 9 FCPATH\index.php(79): CodeIgniter\CodeIgniter->run()
CRITICAL - 2026-07-13 23:09:11 --> ErrorException: Trying to access array offset on value of type null
in APPPATH\Views\actividades\actividades.php on line 2.
 1 APPPATH\Views\actividades\actividades.php(2): CodeIgniter\Debug\Exceptions->errorHandler(2, 'Trying to access array offset on value of type null', 'C:\\Proyectos\\reservalo2.0\\app\\Views\\actividades\\actividades.php', 2)
 2 SYSTEMPATH\View\View.php(228): include('C:\\Proyectos\\reservalo2.0\\app\\Views\\actividades\\actividades.php')
 3 SYSTEMPATH\View\View.php(231): CodeIgniter\View\View->CodeIgniter\View\{closure}()
 4 SYSTEMPATH\Common.php(1178): CodeIgniter\View\View->render('actividades/actividades', [], true)
 5 APPPATH\Controllers\Actividades.php(53): view('actividades/actividades', [...])
 6 SYSTEMPATH\CodeIgniter.php(941): App\Controllers\Actividades->actividades()
 7 SYSTEMPATH\CodeIgniter.php(502): CodeIgniter\CodeIgniter->runController(Object(App\Controllers\Actividades))
 8 SYSTEMPATH\CodeIgniter.php(361): CodeIgniter\CodeIgniter->handleRequest(null, Object(Config\Cache), false)
 9 FCPATH\index.php(79): CodeIgniter\CodeIgniter->run()
CRITICAL - 2026-07-13 23:09:26 --> ErrorException: Trying to access array offset on value of type null
in APPPATH\Views\actividades\actividades.php on line 2.
 1 APPPATH\Views\actividades\actividades.php(2): CodeIgniter\Debug\Exceptions->errorHandler(2, 'Trying to access array offset on value of type null', 'C:\\Proyectos\\reservalo2.0\\app\\Views\\actividades\\actividades.php', 2)
 2 SYSTEMPATH\View\View.php(228): include('C:\\Proyectos\\reservalo2.0\\app\\Views\\actividades\\actividades.php')
 3 SYSTEMPATH\View\View.php(231): CodeIgniter\View\View->CodeIgniter\View\{closure}()
 4 SYSTEMPATH\Common.php(1178): CodeIgniter\View\View->render('actividades/actividades', [], true)
 5 APPPATH\Controllers\Actividades.php(53): view('actividades/actividades', [...])
 6 SYSTEMPATH\CodeIgniter.php(941): App\Controllers\Actividades->actividades()
 7 SYSTEMPATH\CodeIgniter.php(502): CodeIgniter\CodeIgniter->runController(Object(App\Controllers\Actividades))
 8 SYSTEMPATH\CodeIgniter.php(361): CodeIgniter\CodeIgniter->handleRequest(null, Object(Config\Cache), false)
 9 FCPATH\index.php(79): CodeIgniter\CodeIgniter->run()
CRITICAL - 2026-07-13 23:10:13 --> ErrorException: Trying to access array offset on value of type null
in APPPATH\Views\actividades\actividades.php on line 2.
 1 APPPATH\Views\actividades\actividades.php(2): CodeIgniter\Debug\Exceptions->errorHandler(2, 'Trying to access array offset on value of type null', 'C:\\Proyectos\\reservalo2.0\\app\\Views\\actividades\\actividades.php', 2)
 2 SYSTEMPATH\View\View.php(228): include('C:\\Proyectos\\reservalo2.0\\app\\Views\\actividades\\actividades.php')
 3 SYSTEMPATH\View\View.php(231): CodeIgniter\View\View->CodeIgniter\View\{closure}()
 4 SYSTEMPATH\Common.php(1178): CodeIgniter\View\View->render('actividades/actividades', [], true)
 5 APPPATH\Controllers\Actividades.php(53): view('actividades/actividades', [...])
 6 SYSTEMPATH\CodeIgniter.php(941): App\Controllers\Actividades->actividades()
 7 SYSTEMPATH\CodeIgniter.php(502): CodeIgniter\CodeIgniter->runController(Object(App\Controllers\Actividades))
 8 SYSTEMPATH\CodeIgniter.php(361): CodeIgniter\CodeIgniter->handleRequest(null, Object(Config\Cache), false)
 9 FCPATH\index.php(79): CodeIgniter\CodeIgniter->run()
CRITICAL - 2026-07-13 23:11:06 --> ErrorException: Trying to access array offset on value of type null
in APPPATH\Views\actividades\actividades.php on line 2.
 1 APPPATH\Views\actividades\actividades.php(2): CodeIgniter\Debug\Exceptions->errorHandler(2, 'Trying to access array offset on value of type null', 'C:\\Proyectos\\reservalo2.0\\app\\Views\\actividades\\actividades.php', 2)
 2 SYSTEMPATH\View\View.php(228): include('C:\\Proyectos\\reservalo2.0\\app\\Views\\actividades\\actividades.php')
 3 SYSTEMPATH\View\View.php(231): CodeIgniter\View\View->CodeIgniter\View\{closure}()
 4 SYSTEMPATH\Common.php(1178): CodeIgniter\View\View->render('actividades/actividades', [], true)
 5 APPPATH\Controllers\Actividades.php(53): view('actividades/actividades', [...])
 6 SYSTEMPATH\CodeIgniter.php(941): App\Controllers\Actividades->actividades()
 7 SYSTEMPATH\CodeIgniter.php(502): CodeIgniter\CodeIgniter->runController(Object(App\Controllers\Actividades))
 8 SYSTEMPATH\CodeIgniter.php(361): CodeIgniter\CodeIgniter->handleRequest(null, Object(Config\Cache), false)
 9 FCPATH\index.php(79): CodeIgniter\CodeIgniter->run()
CRITICAL - 2026-07-13 23:13:11 --> ErrorException: Trying to access array offset on value of type null
in APPPATH\Views\actividades\actividades.php on line 2.
 1 APPPATH\Views\actividades\actividades.php(2): CodeIgniter\Debug\Exceptions->errorHandler(2, 'Trying to access array offset on value of type null', 'C:\\Proyectos\\reservalo2.0\\app\\Views\\actividades\\actividades.php', 2)
 2 SYSTEMPATH\View\View.php(228): include('C:\\Proyectos\\reservalo2.0\\app\\Views\\actividades\\actividades.php')
 3 SYSTEMPATH\View\View.php(231): CodeIgniter\View\View->CodeIgniter\View\{closure}()
 4 SYSTEMPATH\Common.php(1178): CodeIgniter\View\View->render('actividades/actividades', [], true)
 5 APPPATH\Controllers\Actividades.php(53): view('actividades/actividades', [...])
 6 SYSTEMPATH\CodeIgniter.php(941): App\Controllers\Actividades->actividades()
 7 SYSTEMPATH\CodeIgniter.php(502): CodeIgniter\CodeIgniter->runController(Object(App\Controllers\Actividades))
 8 SYSTEMPATH\CodeIgniter.php(361): CodeIgniter\CodeIgniter->handleRequest(null, Object(Config\Cache), false)
 9 FCPATH\index.php(79): CodeIgniter\CodeIgniter->run()
