INFO - 2026-03-18 12:24:16 --> Session: Class initialized using 'CodeIgniter\Session\Handlers\FileHandler' driver.
INFO - 2026-03-18 12:41:12 --> Session: Class initialized using 'CodeIgniter\Session\Handlers\FileHandler' driver.
INFO - 2026-03-18 12:41:27 --> Session: Class initialized using 'CodeIgniter\Session\Handlers\FileHandler' driver.
INFO - 2026-03-18 12:41:29 --> Session: Class initialized using 'CodeIgniter\Session\Handlers\FileHandler' driver.
INFO - 2026-03-18 12:46:07 --> Session: Class initialized using 'CodeIgniter\Session\Handlers\FileHandler' driver.
INFO - 2026-03-18 12:48:49 --> Session: Class initialized using 'CodeIgniter\Session\Handlers\FileHandler' driver.
INFO - 2026-03-18 12:48:55 --> Session: Class initialized using 'CodeIgniter\Session\Handlers\FileHandler' driver.
INFO - 2026-03-18 12:49:00 --> Session: Class initialized using 'CodeIgniter\Session\Handlers\FileHandler' driver.
INFO - 2026-03-18 12:49:11 --> Session: Class initialized using 'CodeIgniter\Session\Handlers\FileHandler' driver.
INFO - 2026-03-18 12:49:20 --> Session: Class initialized using 'CodeIgniter\Session\Handlers\FileHandler' driver.
INFO - 2026-03-18 12:49:33 --> Session: Class initialized using 'CodeIgniter\Session\Handlers\FileHandler' driver.
ERROR - 2026-03-18 12:49:33 --> mysqli_sql_exception: Unknown column 'id_instalacion' in 'where clause' in D:\proyectos\reservalo2.0\system\Database\MySQLi\Connection.php:306
Stack trace:
#0 D:\proyectos\reservalo2.0\system\Database\MySQLi\Connection.php(306): mysqli->query('SELECT *\nFROM `...', 0)
#1 D:\proyectos\reservalo2.0\system\Database\BaseConnection.php(693): CodeIgniter\Database\MySQLi\Connection->execute('SELECT *\nFROM `...')
#2 D:\proyectos\reservalo2.0\system\Database\BaseConnection.php(607): CodeIgniter\Database\BaseConnection->simpleQuery('SELECT *\nFROM `...')
#3 D:\proyectos\reservalo2.0\system\Database\BaseBuilder.php(1616): CodeIgniter\Database\BaseConnection->query('SELECT *\nFROM `...', Array, false)
#4 D:\proyectos\reservalo2.0\app\Models\horariosModel.php(574): CodeIgniter\Database\BaseBuilder->get()
#5 D:\proyectos\reservalo2.0\app\Controllers\Instalaciones.php(763): App\Models\horariosModel->getHorarioByInstalacion(70)
#6 D:\proyectos\reservalo2.0\system\CodeIgniter.php(941): App\Controllers\Instalaciones->borrarInstalacion()
#7 D:\proyectos\reservalo2.0\system\CodeIgniter.php(502): CodeIgniter\CodeIgniter->runController(Object(App\Controllers\Instalaciones))
#8 D:\proyectos\reservalo2.0\system\CodeIgniter.php(361): CodeIgniter\CodeIgniter->handleRequest(NULL, Object(Config\Cache), false)
#9 D:\proyectos\reservalo2.0\index.php(79): CodeIgniter\CodeIgniter->run()
#10 {main}
CRITICAL - 2026-03-18 12:49:33 --> CodeIgniter\Database\Exceptions\DatabaseException: Unknown column 'id_instalacion' in 'where clause'
in SYSTEMPATH\Database\BaseConnection.php on line 647.
 1 SYSTEMPATH\Database\BaseBuilder.php(1616): CodeIgniter\Database\BaseConnection->query('SELECT *
FROM `tipo_horario`
WHERE `id_instalacion` = :id_instalacion:', [...], false)
 2 APPPATH\Models\horariosModel.php(574): CodeIgniter\Database\BaseBuilder->get()
 3 APPPATH\Controllers\Instalaciones.php(763): App\Models\horariosModel->getHorarioByInstalacion(70)
 4 SYSTEMPATH\CodeIgniter.php(941): App\Controllers\Instalaciones->borrarInstalacion()
 5 SYSTEMPATH\CodeIgniter.php(502): CodeIgniter\CodeIgniter->runController(Object(App\Controllers\Instalaciones))
 6 SYSTEMPATH\CodeIgniter.php(361): CodeIgniter\CodeIgniter->handleRequest(null, Object(Config\Cache), false)
 7 FCPATH\index.php(79): CodeIgniter\CodeIgniter->run()
CRITICAL - 2026-03-18 12:49:33 --> [Caused by] CodeIgniter\Database\Exceptions\DatabaseException: Unknown column 'id_instalacion' in 'where clause'
in SYSTEMPATH\Database\MySQLi\Connection.php on line 311.
 1 SYSTEMPATH\Database\BaseConnection.php(693): CodeIgniter\Database\MySQLi\Connection->execute('SELECT *
FROM `tipo_horario`
WHERE `id_instalacion` = 70')
 2 SYSTEMPATH\Database\BaseConnection.php(607): CodeIgniter\Database\BaseConnection->simpleQuery('SELECT *
FROM `tipo_horario`
WHERE `id_instalacion` = 70')
 3 SYSTEMPATH\Database\BaseBuilder.php(1616): CodeIgniter\Database\BaseConnection->query('SELECT *
FROM `tipo_horario`
WHERE `id_instalacion` = :id_instalacion:', [...], false)
 4 APPPATH\Models\horariosModel.php(574): CodeIgniter\Database\BaseBuilder->get()
 5 APPPATH\Controllers\Instalaciones.php(763): App\Models\horariosModel->getHorarioByInstalacion(70)
 6 SYSTEMPATH\CodeIgniter.php(941): App\Controllers\Instalaciones->borrarInstalacion()
 7 SYSTEMPATH\CodeIgniter.php(502): CodeIgniter\CodeIgniter->runController(Object(App\Controllers\Instalaciones))
 8 SYSTEMPATH\CodeIgniter.php(361): CodeIgniter\CodeIgniter->handleRequest(null, Object(Config\Cache), false)
 9 FCPATH\index.php(79): CodeIgniter\CodeIgniter->run()
CRITICAL - 2026-03-18 12:49:33 --> [Caused by] mysqli_sql_exception: Unknown column 'id_instalacion' in 'where clause'
in SYSTEMPATH\Database\MySQLi\Connection.php on line 306.
 1 SYSTEMPATH\Database\MySQLi\Connection.php(306): mysqli->query('SELECT *
FROM `tipo_horario`
WHERE `id_instalacion` = 70', 0)
 2 SYSTEMPATH\Database\BaseConnection.php(693): CodeIgniter\Database\MySQLi\Connection->execute('SELECT *
FROM `tipo_horario`
WHERE `id_instalacion` = 70')
 3 SYSTEMPATH\Database\BaseConnection.php(607): CodeIgniter\Database\BaseConnection->simpleQuery('SELECT *
FROM `tipo_horario`
WHERE `id_instalacion` = 70')
 4 SYSTEMPATH\Database\BaseBuilder.php(1616): CodeIgniter\Database\BaseConnection->query('SELECT *
FROM `tipo_horario`
WHERE `id_instalacion` = :id_instalacion:', [...], false)
 5 APPPATH\Models\horariosModel.php(574): CodeIgniter\Database\BaseBuilder->get()
 6 APPPATH\Controllers\Instalaciones.php(763): App\Models\horariosModel->getHorarioByInstalacion(70)
 7 SYSTEMPATH\CodeIgniter.php(941): App\Controllers\Instalaciones->borrarInstalacion()
 8 SYSTEMPATH\CodeIgniter.php(502): CodeIgniter\CodeIgniter->runController(Object(App\Controllers\Instalaciones))
 9 SYSTEMPATH\CodeIgniter.php(361): CodeIgniter\CodeIgniter->handleRequest(null, Object(Config\Cache), false)
10 FCPATH\index.php(79): CodeIgniter\CodeIgniter->run()
INFO - 2026-03-18 12:49:50 --> Session: Class initialized using 'CodeIgniter\Session\Handlers\FileHandler' driver.
ERROR - 2026-03-18 12:49:59 --> mysqli_sql_exception: Unknown column 'id_instalacion' in 'where clause' in D:\proyectos\reservalo2.0\system\Database\MySQLi\Connection.php:306
Stack trace:
#0 D:\proyectos\reservalo2.0\system\Database\MySQLi\Connection.php(306): mysqli->query('SELECT *\nFROM `...', 0)
#1 D:\proyectos\reservalo2.0\system\Database\BaseConnection.php(693): CodeIgniter\Database\MySQLi\Connection->execute('SELECT *\nFROM `...')
#2 D:\proyectos\reservalo2.0\system\Database\BaseConnection.php(607): CodeIgniter\Database\BaseConnection->simpleQuery('SELECT *\nFROM `...')
#3 D:\proyectos\reservalo2.0\system\Database\BaseBuilder.php(1616): CodeIgniter\Database\BaseConnection->query('SELECT *\nFROM `...', Array, false)
#4 D:\proyectos\reservalo2.0\app\Models\horariosModel.php(574): CodeIgniter\Database\BaseBuilder->get()
#5 D:\proyectos\reservalo2.0\app\Controllers\Instalaciones.php(763): App\Models\horariosModel->getHorarioByInstalacion(70)
#6 D:\proyectos\reservalo2.0\system\CodeIgniter.php(941): App\Controllers\Instalaciones->borrarInstalacion()
#7 D:\proyectos\reservalo2.0\system\CodeIgniter.php(502): CodeIgniter\CodeIgniter->runController(Object(App\Controllers\Instalaciones))
#8 D:\proyectos\reservalo2.0\system\CodeIgniter.php(361): CodeIgniter\CodeIgniter->handleRequest(NULL, Object(Config\Cache), false)
#9 D:\proyectos\reservalo2.0\index.php(79): CodeIgniter\CodeIgniter->run()
#10 {main}
CRITICAL - 2026-03-18 12:50:10 --> CodeIgniter\Database\Exceptions\DatabaseException: Unknown column 'id_instalacion' in 'where clause'
in SYSTEMPATH\Database\BaseConnection.php on line 647.
 1 SYSTEMPATH\Database\BaseBuilder.php(1616): CodeIgniter\Database\BaseConnection->query('SELECT *
FROM `tipo_horario`
WHERE `id_instalacion` = :id_instalacion:', [...], false)
 2 APPPATH\Models\horariosModel.php(574): CodeIgniter\Database\BaseBuilder->get()
 3 APPPATH\Controllers\Instalaciones.php(763): App\Models\horariosModel->getHorarioByInstalacion(70)
 4 SYSTEMPATH\CodeIgniter.php(941): App\Controllers\Instalaciones->borrarInstalacion()
 5 SYSTEMPATH\CodeIgniter.php(502): CodeIgniter\CodeIgniter->runController(Object(App\Controllers\Instalaciones))
 6 SYSTEMPATH\CodeIgniter.php(361): CodeIgniter\CodeIgniter->handleRequest(null, Object(Config\Cache), false)
 7 FCPATH\index.php(79): CodeIgniter\CodeIgniter->run()
CRITICAL - 2026-03-18 12:50:10 --> [Caused by] CodeIgniter\Database\Exceptions\DatabaseException: Unknown column 'id_instalacion' in 'where clause'
in SYSTEMPATH\Database\MySQLi\Connection.php on line 311.
 1 SYSTEMPATH\Database\BaseConnection.php(693): CodeIgniter\Database\MySQLi\Connection->execute('SELECT *
FROM `tipo_horario`
WHERE `id_instalacion` = 70')
 2 SYSTEMPATH\Database\BaseConnection.php(607): CodeIgniter\Database\BaseConnection->simpleQuery('SELECT *
FROM `tipo_horario`
WHERE `id_instalacion` = 70')
 3 SYSTEMPATH\Database\BaseBuilder.php(1616): CodeIgniter\Database\BaseConnection->query('SELECT *
FROM `tipo_horario`
WHERE `id_instalacion` = :id_instalacion:', [...], false)
 4 APPPATH\Models\horariosModel.php(574): CodeIgniter\Database\BaseBuilder->get()
 5 APPPATH\Controllers\Instalaciones.php(763): App\Models\horariosModel->getHorarioByInstalacion(70)
 6 SYSTEMPATH\CodeIgniter.php(941): App\Controllers\Instalaciones->borrarInstalacion()
 7 SYSTEMPATH\CodeIgniter.php(502): CodeIgniter\CodeIgniter->runController(Object(App\Controllers\Instalaciones))
 8 SYSTEMPATH\CodeIgniter.php(361): CodeIgniter\CodeIgniter->handleRequest(null, Object(Config\Cache), false)
 9 FCPATH\index.php(79): CodeIgniter\CodeIgniter->run()
CRITICAL - 2026-03-18 12:50:10 --> [Caused by] mysqli_sql_exception: Unknown column 'id_instalacion' in 'where clause'
in SYSTEMPATH\Database\MySQLi\Connection.php on line 306.
 1 SYSTEMPATH\Database\MySQLi\Connection.php(306): mysqli->query('SELECT *
FROM `tipo_horario`
WHERE `id_instalacion` = 70', 0)
 2 SYSTEMPATH\Database\BaseConnection.php(693): CodeIgniter\Database\MySQLi\Connection->execute('SELECT *
FROM `tipo_horario`
WHERE `id_instalacion` = 70')
 3 SYSTEMPATH\Database\BaseConnection.php(607): CodeIgniter\Database\BaseConnection->simpleQuery('SELECT *
FROM `tipo_horario`
WHERE `id_instalacion` = 70')
 4 SYSTEMPATH\Database\BaseBuilder.php(1616): CodeIgniter\Database\BaseConnection->query('SELECT *
FROM `tipo_horario`
WHERE `id_instalacion` = :id_instalacion:', [...], false)
 5 APPPATH\Models\horariosModel.php(574): CodeIgniter\Database\BaseBuilder->get()
 6 APPPATH\Controllers\Instalaciones.php(763): App\Models\horariosModel->getHorarioByInstalacion(70)
 7 SYSTEMPATH\CodeIgniter.php(941): App\Controllers\Instalaciones->borrarInstalacion()
 8 SYSTEMPATH\CodeIgniter.php(502): CodeIgniter\CodeIgniter->runController(Object(App\Controllers\Instalaciones))
 9 SYSTEMPATH\CodeIgniter.php(361): CodeIgniter\CodeIgniter->handleRequest(null, Object(Config\Cache), false)
10 FCPATH\index.php(79): CodeIgniter\CodeIgniter->run()
INFO - 2026-03-18 12:50:14 --> Session: Class initialized using 'CodeIgniter\Session\Handlers\FileHandler' driver.
INFO - 2026-03-18 13:08:15 --> Session: Class initialized using 'CodeIgniter\Session\Handlers\FileHandler' driver.
INFO - 2026-03-18 13:08:34 --> Session: Class initialized using 'CodeIgniter\Session\Handlers\FileHandler' driver.
INFO - 2026-03-18 13:11:08 --> Session: Class initialized using 'CodeIgniter\Session\Handlers\FileHandler' driver.
INFO - 2026-03-18 13:11:12 --> Session: Class initialized using 'CodeIgniter\Session\Handlers\FileHandler' driver.
INFO - 2026-03-18 13:11:56 --> Session: Class initialized using 'CodeIgniter\Session\Handlers\FileHandler' driver.
INFO - 2026-03-18 13:12:11 --> Session: Class initialized using 'CodeIgniter\Session\Handlers\FileHandler' driver.
INFO - 2026-03-18 13:12:24 --> Session: Class initialized using 'CodeIgniter\Session\Handlers\FileHandler' driver.
CRITICAL - 2026-03-18 13:12:57 --> ErrorException: Undefined array key "id_franja_horaria"
in APPPATH\Controllers\Instalaciones.php on line 773.
 1 APPPATH\Controllers\Instalaciones.php(773): CodeIgniter\Debug\Exceptions->errorHandler(2, 'Undefined array key "id_franja_horaria"', 'D:\\proyectos\\reservalo2.0\\app\\Controllers\\Instalaciones.php', 773)
 2 SYSTEMPATH\CodeIgniter.php(941): App\Controllers\Instalaciones->borrarInstalacion()
 3 SYSTEMPATH\CodeIgniter.php(502): CodeIgniter\CodeIgniter->runController(Object(App\Controllers\Instalaciones))
 4 SYSTEMPATH\CodeIgniter.php(361): CodeIgniter\CodeIgniter->handleRequest(null, Object(Config\Cache), false)
 5 FCPATH\index.php(79): CodeIgniter\CodeIgniter->run()
INFO - 2026-03-18 13:14:51 --> Session: Class initialized using 'CodeIgniter\Session\Handlers\FileHandler' driver.
INFO - 2026-03-18 13:15:07 --> Session: Class initialized using 'CodeIgniter\Session\Handlers\FileHandler' driver.
CRITICAL - 2026-03-18 13:15:53 --> ErrorException: Undefined array key "id_franja_horaria"
in APPPATH\Controllers\Instalaciones.php on line 773.
 1 APPPATH\Controllers\Instalaciones.php(773): CodeIgniter\Debug\Exceptions->errorHandler(2, 'Undefined array key "id_franja_horaria"', 'D:\\proyectos\\reservalo2.0\\app\\Controllers\\Instalaciones.php', 773)
 2 SYSTEMPATH\CodeIgniter.php(941): App\Controllers\Instalaciones->borrarInstalacion()
 3 SYSTEMPATH\CodeIgniter.php(502): CodeIgniter\CodeIgniter->runController(Object(App\Controllers\Instalaciones))
 4 SYSTEMPATH\CodeIgniter.php(361): CodeIgniter\CodeIgniter->handleRequest(null, Object(Config\Cache), false)
 5 FCPATH\index.php(79): CodeIgniter\CodeIgniter->run()
INFO - 2026-03-18 13:16:48 --> Session: Class initialized using 'CodeIgniter\Session\Handlers\FileHandler' driver.
INFO - 2026-03-18 13:18:18 --> Session: Class initialized using 'CodeIgniter\Session\Handlers\FileHandler' driver.
ERROR - 2026-03-18 13:18:50 --> mysqli_sql_exception: Unknown column 'reservas.id_pista' in 'where clause' in D:\proyectos\reservalo2.0\system\Database\MySQLi\Connection.php:306
Stack trace:
#0 D:\proyectos\reservalo2.0\system\Database\MySQLi\Connection.php(306): mysqli->query('DELETE FROM `pe...', 0)
#1 D:\proyectos\reservalo2.0\system\Database\BaseConnection.php(693): CodeIgniter\Database\MySQLi\Connection->execute('DELETE FROM `pe...')
#2 D:\proyectos\reservalo2.0\system\Database\BaseConnection.php(607): CodeIgniter\Database\BaseConnection->simpleQuery('DELETE FROM `pe...')
#3 D:\proyectos\reservalo2.0\system\Database\BaseBuilder.php(2787): CodeIgniter\Database\BaseConnection->query('DELETE FROM `pe...', Array, false)
#4 D:\proyectos\reservalo2.0\app\Models\reservasModel.php(780): CodeIgniter\Database\BaseBuilder->delete()
#5 D:\proyectos\reservalo2.0\app\Controllers\Instalaciones.php(785): App\Models\reservasModel->deletePedidoByPista(122)
#6 D:\proyectos\reservalo2.0\system\CodeIgniter.php(941): App\Controllers\Instalaciones->borrarInstalacion()
#7 D:\proyectos\reservalo2.0\system\CodeIgniter.php(502): CodeIgniter\CodeIgniter->runController(Object(App\Controllers\Instalaciones))
#8 D:\proyectos\reservalo2.0\system\CodeIgniter.php(361): CodeIgniter\CodeIgniter->handleRequest(NULL, Object(Config\Cache), false)
#9 D:\proyectos\reservalo2.0\index.php(79): CodeIgniter\CodeIgniter->run()
#10 {main}
CRITICAL - 2026-03-18 13:19:07 --> CodeIgniter\Database\Exceptions\DatabaseException: Unknown column 'reservas.id_pista' in 'where clause'
in SYSTEMPATH\Database\BaseConnection.php on line 647.
 1 SYSTEMPATH\Database\BaseBuilder.php(2787): CodeIgniter\Database\BaseConnection->query('DELETE FROM `pedido`
WHERE `reservas`.`id_pista` = :reservas.id_pista:', [...], false)
 2 APPPATH\Models\reservasModel.php(780): CodeIgniter\Database\BaseBuilder->delete()
 3 APPPATH\Controllers\Instalaciones.php(785): App\Models\reservasModel->deletePedidoByPista(122)
 4 SYSTEMPATH\CodeIgniter.php(941): App\Controllers\Instalaciones->borrarInstalacion()
 5 SYSTEMPATH\CodeIgniter.php(502): CodeIgniter\CodeIgniter->runController(Object(App\Controllers\Instalaciones))
 6 SYSTEMPATH\CodeIgniter.php(361): CodeIgniter\CodeIgniter->handleRequest(null, Object(Config\Cache), false)
 7 FCPATH\index.php(79): CodeIgniter\CodeIgniter->run()
CRITICAL - 2026-03-18 13:19:07 --> [Caused by] CodeIgniter\Database\Exceptions\DatabaseException: Unknown column 'reservas.id_pista' in 'where clause'
in SYSTEMPATH\Database\MySQLi\Connection.php on line 311.
 1 SYSTEMPATH\Database\BaseConnection.php(693): CodeIgniter\Database\MySQLi\Connection->execute('DELETE FROM `pedido`
WHERE `reservas`.`id_pista` = 122')
 2 SYSTEMPATH\Database\BaseConnection.php(607): CodeIgniter\Database\BaseConnection->simpleQuery('DELETE FROM `pedido`
WHERE `reservas`.`id_pista` = 122')
 3 SYSTEMPATH\Database\BaseBuilder.php(2787): CodeIgniter\Database\BaseConnection->query('DELETE FROM `pedido`
WHERE `reservas`.`id_pista` = :reservas.id_pista:', [...], false)
 4 APPPATH\Models\reservasModel.php(780): CodeIgniter\Database\BaseBuilder->delete()
 5 APPPATH\Controllers\Instalaciones.php(785): App\Models\reservasModel->deletePedidoByPista(122)
 6 SYSTEMPATH\CodeIgniter.php(941): App\Controllers\Instalaciones->borrarInstalacion()
 7 SYSTEMPATH\CodeIgniter.php(502): CodeIgniter\CodeIgniter->runController(Object(App\Controllers\Instalaciones))
 8 SYSTEMPATH\CodeIgniter.php(361): CodeIgniter\CodeIgniter->handleRequest(null, Object(Config\Cache), false)
 9 FCPATH\index.php(79): CodeIgniter\CodeIgniter->run()
CRITICAL - 2026-03-18 13:19:07 --> [Caused by] mysqli_sql_exception: Unknown column 'reservas.id_pista' in 'where clause'
in SYSTEMPATH\Database\MySQLi\Connection.php on line 306.
 1 SYSTEMPATH\Database\MySQLi\Connection.php(306): mysqli->query('DELETE FROM `pedido`
WHERE `reservas`.`id_pista` = 122', 0)
 2 SYSTEMPATH\Database\BaseConnection.php(693): CodeIgniter\Database\MySQLi\Connection->execute('DELETE FROM `pedido`
WHERE `reservas`.`id_pista` = 122')
 3 SYSTEMPATH\Database\BaseConnection.php(607): CodeIgniter\Database\BaseConnection->simpleQuery('DELETE FROM `pedido`
WHERE `reservas`.`id_pista` = 122')
 4 SYSTEMPATH\Database\BaseBuilder.php(2787): CodeIgniter\Database\BaseConnection->query('DELETE FROM `pedido`
WHERE `reservas`.`id_pista` = :reservas.id_pista:', [...], false)
 5 APPPATH\Models\reservasModel.php(780): CodeIgniter\Database\BaseBuilder->delete()
 6 APPPATH\Controllers\Instalaciones.php(785): App\Models\reservasModel->deletePedidoByPista(122)
 7 SYSTEMPATH\CodeIgniter.php(941): App\Controllers\Instalaciones->borrarInstalacion()
 8 SYSTEMPATH\CodeIgniter.php(502): CodeIgniter\CodeIgniter->runController(Object(App\Controllers\Instalaciones))
 9 SYSTEMPATH\CodeIgniter.php(361): CodeIgniter\CodeIgniter->handleRequest(null, Object(Config\Cache), false)
10 FCPATH\index.php(79): CodeIgniter\CodeIgniter->run()
INFO - 2026-03-18 13:23:12 --> Session: Class initialized using 'CodeIgniter\Session\Handlers\FileHandler' driver.
INFO - 2026-03-18 13:23:24 --> Session: Class initialized using 'CodeIgniter\Session\Handlers\FileHandler' driver.
INFO - 2026-03-18 13:24:34 --> Session: Class initialized using 'CodeIgniter\Session\Handlers\FileHandler' driver.
INFO - 2026-03-18 13:25:29 --> Session: Class initialized using 'CodeIgniter\Session\Handlers\FileHandler' driver.
INFO - 2026-03-18 13:27:11 --> Session: Class initialized using 'CodeIgniter\Session\Handlers\FileHandler' driver.
INFO - 2026-03-18 13:29:11 --> Session: Class initialized using 'CodeIgniter\Session\Handlers\FileHandler' driver.
INFO - 2026-03-18 13:29:26 --> Session: Class initialized using 'CodeIgniter\Session\Handlers\FileHandler' driver.
ERROR - 2026-03-18 13:31:07 --> mysqli_sql_exception: Unknown column 'reservas.id_pista' in 'where clause' in D:\proyectos\reservalo2.0\system\Database\MySQLi\Connection.php:306
Stack trace:
#0 D:\proyectos\reservalo2.0\system\Database\MySQLi\Connection.php(306): mysqli->query('DELETE FROM `pe...', 0)
#1 D:\proyectos\reservalo2.0\system\Database\BaseConnection.php(693): CodeIgniter\Database\MySQLi\Connection->execute('DELETE FROM `pe...')
#2 D:\proyectos\reservalo2.0\system\Database\BaseConnection.php(607): CodeIgniter\Database\BaseConnection->simpleQuery('DELETE FROM `pe...')
#3 D:\proyectos\reservalo2.0\system\Database\BaseBuilder.php(2787): CodeIgniter\Database\BaseConnection->query('DELETE FROM `pe...', Array, false)
#4 D:\proyectos\reservalo2.0\app\Models\reservasModel.php(781): CodeIgniter\Database\BaseBuilder->delete()
#5 D:\proyectos\reservalo2.0\app\Controllers\Instalaciones.php(785): App\Models\reservasModel->deletePedidoByPista(124)
#6 D:\proyectos\reservalo2.0\system\CodeIgniter.php(941): App\Controllers\Instalaciones->borrarInstalacion()
#7 D:\proyectos\reservalo2.0\system\CodeIgniter.php(502): CodeIgniter\CodeIgniter->runController(Object(App\Controllers\Instalaciones))
#8 D:\proyectos\reservalo2.0\system\CodeIgniter.php(361): CodeIgniter\CodeIgniter->handleRequest(NULL, Object(Config\Cache), false)
#9 D:\proyectos\reservalo2.0\index.php(79): CodeIgniter\CodeIgniter->run()
#10 {main}
CRITICAL - 2026-03-18 13:31:28 --> CodeIgniter\Database\Exceptions\DatabaseException: Unknown column 'reservas.id_pista' in 'where clause'
in SYSTEMPATH\Database\BaseConnection.php on line 647.
 1 SYSTEMPATH\Database\BaseBuilder.php(2787): CodeIgniter\Database\BaseConnection->query('DELETE FROM `pedido`
WHERE `reservas`.`id_pista` = :reservas.id_pista:', [...], false)
 2 APPPATH\Models\reservasModel.php(781): CodeIgniter\Database\BaseBuilder->delete()
 3 APPPATH\Controllers\Instalaciones.php(785): App\Models\reservasModel->deletePedidoByPista(124)
 4 SYSTEMPATH\CodeIgniter.php(941): App\Controllers\Instalaciones->borrarInstalacion()
 5 SYSTEMPATH\CodeIgniter.php(502): CodeIgniter\CodeIgniter->runController(Object(App\Controllers\Instalaciones))
 6 SYSTEMPATH\CodeIgniter.php(361): CodeIgniter\CodeIgniter->handleRequest(null, Object(Config\Cache), false)
 7 FCPATH\index.php(79): CodeIgniter\CodeIgniter->run()
CRITICAL - 2026-03-18 13:31:28 --> [Caused by] CodeIgniter\Database\Exceptions\DatabaseException: Unknown column 'reservas.id_pista' in 'where clause'
in SYSTEMPATH\Database\MySQLi\Connection.php on line 311.
 1 SYSTEMPATH\Database\BaseConnection.php(693): CodeIgniter\Database\MySQLi\Connection->execute('DELETE FROM `pedido`
WHERE `reservas`.`id_pista` = 124')
 2 SYSTEMPATH\Database\BaseConnection.php(607): CodeIgniter\Database\BaseConnection->simpleQuery('DELETE FROM `pedido`
WHERE `reservas`.`id_pista` = 124')
 3 SYSTEMPATH\Database\BaseBuilder.php(2787): CodeIgniter\Database\BaseConnection->query('DELETE FROM `pedido`
WHERE `reservas`.`id_pista` = :reservas.id_pista:', [...], false)
 4 APPPATH\Models\reservasModel.php(781): CodeIgniter\Database\BaseBuilder->delete()
 5 APPPATH\Controllers\Instalaciones.php(785): App\Models\reservasModel->deletePedidoByPista(124)
 6 SYSTEMPATH\CodeIgniter.php(941): App\Controllers\Instalaciones->borrarInstalacion()
 7 SYSTEMPATH\CodeIgniter.php(502): CodeIgniter\CodeIgniter->runController(Object(App\Controllers\Instalaciones))
 8 SYSTEMPATH\CodeIgniter.php(361): CodeIgniter\CodeIgniter->handleRequest(null, Object(Config\Cache), false)
 9 FCPATH\index.php(79): CodeIgniter\CodeIgniter->run()
CRITICAL - 2026-03-18 13:31:28 --> [Caused by] mysqli_sql_exception: Unknown column 'reservas.id_pista' in 'where clause'
in SYSTEMPATH\Database\MySQLi\Connection.php on line 306.
 1 SYSTEMPATH\Database\MySQLi\Connection.php(306): mysqli->query('DELETE FROM `pedido`
WHERE `reservas`.`id_pista` = 124', 0)
 2 SYSTEMPATH\Database\BaseConnection.php(693): CodeIgniter\Database\MySQLi\Connection->execute('DELETE FROM `pedido`
WHERE `reservas`.`id_pista` = 124')
 3 SYSTEMPATH\Database\BaseConnection.php(607): CodeIgniter\Database\BaseConnection->simpleQuery('DELETE FROM `pedido`
WHERE `reservas`.`id_pista` = 124')
 4 SYSTEMPATH\Database\BaseBuilder.php(2787): CodeIgniter\Database\BaseConnection->query('DELETE FROM `pedido`
WHERE `reservas`.`id_pista` = :reservas.id_pista:', [...], false)
 5 APPPATH\Models\reservasModel.php(781): CodeIgniter\Database\BaseBuilder->delete()
 6 APPPATH\Controllers\Instalaciones.php(785): App\Models\reservasModel->deletePedidoByPista(124)
 7 SYSTEMPATH\CodeIgniter.php(941): App\Controllers\Instalaciones->borrarInstalacion()
 8 SYSTEMPATH\CodeIgniter.php(502): CodeIgniter\CodeIgniter->runController(Object(App\Controllers\Instalaciones))
 9 SYSTEMPATH\CodeIgniter.php(361): CodeIgniter\CodeIgniter->handleRequest(null, Object(Config\Cache), false)
10 FCPATH\index.php(79): CodeIgniter\CodeIgniter->run()
INFO - 2026-03-18 13:31:32 --> Session: Class initialized using 'CodeIgniter\Session\Handlers\FileHandler' driver.
INFO - 2026-03-18 13:31:44 --> Session: Class initialized using 'CodeIgniter\Session\Handlers\FileHandler' driver.
INFO - 2026-03-18 13:37:15 --> Session: Class initialized using 'CodeIgniter\Session\Handlers\FileHandler' driver.
INFO - 2026-03-18 13:37:20 --> Session: Class initialized using 'CodeIgniter\Session\Handlers\FileHandler' driver.
INFO - 2026-03-18 13:38:57 --> Session: Class initialized using 'CodeIgniter\Session\Handlers\FileHandler' driver.
INFO - 2026-03-18 13:39:59 --> Session: Class initialized using 'CodeIgniter\Session\Handlers\FileHandler' driver.
INFO - 2026-03-18 13:40:15 --> Session: Class initialized using 'CodeIgniter\Session\Handlers\FileHandler' driver.
INFO - 2026-03-18 13:41:46 --> Session: Class initialized using 'CodeIgniter\Session\Handlers\FileHandler' driver.
INFO - 2026-03-18 13:41:54 --> Session: Class initialized using 'CodeIgniter\Session\Handlers\FileHandler' driver.
INFO - 2026-03-18 13:42:32 --> Session: Class initialized using 'CodeIgniter\Session\Handlers\FileHandler' driver.
INFO - 2026-03-18 13:42:47 --> Session: Class initialized using 'CodeIgniter\Session\Handlers\FileHandler' driver.
INFO - 2026-03-18 13:42:50 --> Session: Class initialized using 'CodeIgniter\Session\Handlers\FileHandler' driver.
CRITICAL - 2026-03-18 13:43:09 --> ErrorException: Undefined array key "tipo_reserva"
in APPPATH\Controllers\Reservas.php on line 29.
 1 APPPATH\Controllers\Reservas.php(29): CodeIgniter\Debug\Exceptions->errorHandler(2, 'Undefined array key "tipo_reserva"', 'D:\\proyectos\\reservalo2.0\\app\\Controllers\\Reservas.php', 29)
 2 SYSTEMPATH\CodeIgniter.php(941): App\Controllers\Reservas->getInfoPistasReserva()
 3 SYSTEMPATH\CodeIgniter.php(502): CodeIgniter\CodeIgniter->runController(Object(App\Controllers\Reservas))
 4 SYSTEMPATH\CodeIgniter.php(361): CodeIgniter\CodeIgniter->handleRequest(null, Object(Config\Cache), false)
 5 FCPATH\index.php(79): CodeIgniter\CodeIgniter->run()
CRITICAL - 2026-03-18 13:43:10 --> ErrorException: Undefined array key "tipo_reserva"
in APPPATH\Controllers\Reservas.php on line 29.
 1 APPPATH\Controllers\Reservas.php(29): CodeIgniter\Debug\Exceptions->errorHandler(2, 'Undefined array key "tipo_reserva"', 'D:\\proyectos\\reservalo2.0\\app\\Controllers\\Reservas.php', 29)
 2 SYSTEMPATH\CodeIgniter.php(941): App\Controllers\Reservas->getInfoPistasReserva()
 3 SYSTEMPATH\CodeIgniter.php(502): CodeIgniter\CodeIgniter->runController(Object(App\Controllers\Reservas))
 4 SYSTEMPATH\CodeIgniter.php(361): CodeIgniter\CodeIgniter->handleRequest(null, Object(Config\Cache), false)
 5 FCPATH\index.php(79): CodeIgniter\CodeIgniter->run()
CRITICAL - 2026-03-18 13:43:11 --> ErrorException: Undefined array key "tipo_reserva"
in APPPATH\Controllers\Reservas.php on line 29.
 1 APPPATH\Controllers\Reservas.php(29): CodeIgniter\Debug\Exceptions->errorHandler(2, 'Undefined array key "tipo_reserva"', 'D:\\proyectos\\reservalo2.0\\app\\Controllers\\Reservas.php', 29)
 2 SYSTEMPATH\CodeIgniter.php(941): App\Controllers\Reservas->getInfoPistasReserva()
 3 SYSTEMPATH\CodeIgniter.php(502): CodeIgniter\CodeIgniter->runController(Object(App\Controllers\Reservas))
 4 SYSTEMPATH\CodeIgniter.php(361): CodeIgniter\CodeIgniter->handleRequest(null, Object(Config\Cache), false)
 5 FCPATH\index.php(79): CodeIgniter\CodeIgniter->run()
CRITICAL - 2026-03-18 13:43:18 --> ErrorException: Undefined array key "tipo_reserva"
in APPPATH\Controllers\Reservas.php on line 29.
 1 APPPATH\Controllers\Reservas.php(29): CodeIgniter\Debug\Exceptions->errorHandler(2, 'Undefined array key "tipo_reserva"', 'D:\\proyectos\\reservalo2.0\\app\\Controllers\\Reservas.php', 29)
 2 SYSTEMPATH\CodeIgniter.php(941): App\Controllers\Reservas->getInfoPistasReserva()
 3 SYSTEMPATH\CodeIgniter.php(502): CodeIgniter\CodeIgniter->runController(Object(App\Controllers\Reservas))
 4 SYSTEMPATH\CodeIgniter.php(361): CodeIgniter\CodeIgniter->handleRequest(null, Object(Config\Cache), false)
 5 FCPATH\index.php(79): CodeIgniter\CodeIgniter->run()
INFO - 2026-03-18 13:43:52 --> Session: Class initialized using 'CodeIgniter\Session\Handlers\FileHandler' driver.
INFO - 2026-03-18 13:43:59 --> Session: Class initialized using 'CodeIgniter\Session\Handlers\FileHandler' driver.
INFO - 2026-03-18 13:44:00 --> Session: Class initialized using 'CodeIgniter\Session\Handlers\FileHandler' driver.
INFO - 2026-03-18 13:44:00 --> Session: Class initialized using 'CodeIgniter\Session\Handlers\FileHandler' driver.
INFO - 2026-03-18 13:44:01 --> Session: Class initialized using 'CodeIgniter\Session\Handlers\FileHandler' driver.
INFO - 2026-03-18 13:44:14 --> Session: Class initialized using 'CodeIgniter\Session\Handlers\FileHandler' driver.
ERROR - 2026-03-18 13:44:21 --> ❌ Error enviando email: {"statusCode":403,"name":"validation_error","message":"You can only send testing emails to your own email address (danielruizdeveloper@gmail.com). To send emails to other recipients, please verify a domain at resend.com/domains, and change the `from` address to an email using this domain."}
INFO - 2026-03-18 13:44:26 --> Session: Class initialized using 'CodeIgniter\Session\Handlers\FileHandler' driver.
ERROR - 2026-03-18 13:44:32 --> mysqli_sql_exception: Cannot delete or update a parent row: a foreign key constraint fails (`reservalo2`.`reservas`, CONSTRAINT `FK_reservas_pedido` FOREIGN KEY (`id_pedido`) REFERENCES `pedido` (`id_pedido`) ON DELETE NO ACTION ON UPDATE CASCADE) in D:\proyectos\reservalo2.0\system\Database\MySQLi\Connection.php:306
Stack trace:
#0 D:\proyectos\reservalo2.0\system\Database\MySQLi\Connection.php(306): mysqli->query('DELETE FROM `pe...', 0)
#1 D:\proyectos\reservalo2.0\system\Database\BaseConnection.php(693): CodeIgniter\Database\MySQLi\Connection->execute('DELETE FROM `pe...')
#2 D:\proyectos\reservalo2.0\system\Database\BaseConnection.php(607): CodeIgniter\Database\BaseConnection->simpleQuery('DELETE FROM `pe...')
#3 D:\proyectos\reservalo2.0\system\Database\BaseBuilder.php(2787): CodeIgniter\Database\BaseConnection->query('DELETE FROM `pe...', Array, false)
#4 D:\proyectos\reservalo2.0\app\Models\reservasModel.php(782): CodeIgniter\Database\BaseBuilder->delete()
#5 D:\proyectos\reservalo2.0\app\Controllers\Instalaciones.php(785): App\Models\reservasModel->deletePedidoByPista(128)
#6 D:\proyectos\reservalo2.0\system\CodeIgniter.php(941): App\Controllers\Instalaciones->borrarInstalacion()
#7 D:\proyectos\reservalo2.0\system\CodeIgniter.php(502): CodeIgniter\CodeIgniter->runController(Object(App\Controllers\Instalaciones))
#8 D:\proyectos\reservalo2.0\system\CodeIgniter.php(361): CodeIgniter\CodeIgniter->handleRequest(NULL, Object(Config\Cache), false)
#9 D:\proyectos\reservalo2.0\index.php(79): CodeIgniter\CodeIgniter->run()
#10 {main}
CRITICAL - 2026-03-18 13:44:57 --> CodeIgniter\Database\Exceptions\DatabaseException: Cannot delete or update a parent row: a foreign key constraint fails (`reservalo2`.`reservas`, CONSTRAINT `FK_reservas_pedido` FOREIGN KEY (`id_pedido`) REFERENCES `pedido` (`id_pedido`) ON DELETE NO ACTION ON UPDATE CASCADE)
in SYSTEMPATH\Database\BaseConnection.php on line 647.
 1 SYSTEMPATH\Database\BaseBuilder.php(2787): CodeIgniter\Database\BaseConnection->query('DELETE FROM `pedido`
WHERE `id_pedido` IN :id_pedido:', [...], false)
 2 APPPATH\Models\reservasModel.php(782): CodeIgniter\Database\BaseBuilder->delete()
 3 APPPATH\Controllers\Instalaciones.php(785): App\Models\reservasModel->deletePedidoByPista(128)
 4 SYSTEMPATH\CodeIgniter.php(941): App\Controllers\Instalaciones->borrarInstalacion()
 5 SYSTEMPATH\CodeIgniter.php(502): CodeIgniter\CodeIgniter->runController(Object(App\Controllers\Instalaciones))
 6 SYSTEMPATH\CodeIgniter.php(361): CodeIgniter\CodeIgniter->handleRequest(null, Object(Config\Cache), false)
 7 FCPATH\index.php(79): CodeIgniter\CodeIgniter->run()
CRITICAL - 2026-03-18 13:44:57 --> [Caused by] CodeIgniter\Database\Exceptions\DatabaseException: Cannot delete or update a parent row: a foreign key constraint fails (`reservalo2`.`reservas`, CONSTRAINT `FK_reservas_pedido` FOREIGN KEY (`id_pedido`) REFERENCES `pedido` (`id_pedido`) ON DELETE NO ACTION ON UPDATE CASCADE)
in SYSTEMPATH\Database\MySQLi\Connection.php on line 311.
 1 SYSTEMPATH\Database\BaseConnection.php(693): CodeIgniter\Database\MySQLi\Connection->execute('DELETE FROM `pedido`
WHERE `id_pedido` IN (\'104\',\'104\')')
 2 SYSTEMPATH\Database\BaseConnection.php(607): CodeIgniter\Database\BaseConnection->simpleQuery('DELETE FROM `pedido`
WHERE `id_pedido` IN (\'104\',\'104\')')
 3 SYSTEMPATH\Database\BaseBuilder.php(2787): CodeIgniter\Database\BaseConnection->query('DELETE FROM `pedido`
WHERE `id_pedido` IN :id_pedido:', [...], false)
 4 APPPATH\Models\reservasModel.php(782): CodeIgniter\Database\BaseBuilder->delete()
 5 APPPATH\Controllers\Instalaciones.php(785): App\Models\reservasModel->deletePedidoByPista(128)
 6 SYSTEMPATH\CodeIgniter.php(941): App\Controllers\Instalaciones->borrarInstalacion()
 7 SYSTEMPATH\CodeIgniter.php(502): CodeIgniter\CodeIgniter->runController(Object(App\Controllers\Instalaciones))
 8 SYSTEMPATH\CodeIgniter.php(361): CodeIgniter\CodeIgniter->handleRequest(null, Object(Config\Cache), false)
 9 FCPATH\index.php(79): CodeIgniter\CodeIgniter->run()
CRITICAL - 2026-03-18 13:44:57 --> [Caused by] mysqli_sql_exception: Cannot delete or update a parent row: a foreign key constraint fails (`reservalo2`.`reservas`, CONSTRAINT `FK_reservas_pedido` FOREIGN KEY (`id_pedido`) REFERENCES `pedido` (`id_pedido`) ON DELETE NO ACTION ON UPDATE CASCADE)
in SYSTEMPATH\Database\MySQLi\Connection.php on line 306.
 1 SYSTEMPATH\Database\MySQLi\Connection.php(306): mysqli->query('DELETE FROM `pedido`
WHERE `id_pedido` IN (\'104\',\'104\')', 0)
 2 SYSTEMPATH\Database\BaseConnection.php(693): CodeIgniter\Database\MySQLi\Connection->execute('DELETE FROM `pedido`
WHERE `id_pedido` IN (\'104\',\'104\')')
 3 SYSTEMPATH\Database\BaseConnection.php(607): CodeIgniter\Database\BaseConnection->simpleQuery('DELETE FROM `pedido`
WHERE `id_pedido` IN (\'104\',\'104\')')
 4 SYSTEMPATH\Database\BaseBuilder.php(2787): CodeIgniter\Database\BaseConnection->query('DELETE FROM `pedido`
WHERE `id_pedido` IN :id_pedido:', [...], false)
 5 APPPATH\Models\reservasModel.php(782): CodeIgniter\Database\BaseBuilder->delete()
 6 APPPATH\Controllers\Instalaciones.php(785): App\Models\reservasModel->deletePedidoByPista(128)
 7 SYSTEMPATH\CodeIgniter.php(941): App\Controllers\Instalaciones->borrarInstalacion()
 8 SYSTEMPATH\CodeIgniter.php(502): CodeIgniter\CodeIgniter->runController(Object(App\Controllers\Instalaciones))
 9 SYSTEMPATH\CodeIgniter.php(361): CodeIgniter\CodeIgniter->handleRequest(null, Object(Config\Cache), false)
10 FCPATH\index.php(79): CodeIgniter\CodeIgniter->run()
INFO - 2026-03-18 13:45:06 --> Session: Class initialized using 'CodeIgniter\Session\Handlers\FileHandler' driver.
ERROR - 2026-03-18 13:45:08 --> mysqli_sql_exception: Cannot delete or update a parent row: a foreign key constraint fails (`reservalo2`.`reservas`, CONSTRAINT `FK_reservas_pistas` FOREIGN KEY (`id_pista`) REFERENCES `pistas` (`id_pista`) ON DELETE NO ACTION ON UPDATE CASCADE) in D:\proyectos\reservalo2.0\system\Database\MySQLi\Connection.php:306
Stack trace:
#0 D:\proyectos\reservalo2.0\system\Database\MySQLi\Connection.php(306): mysqli->query('DELETE FROM `pi...', 0)
#1 D:\proyectos\reservalo2.0\system\Database\BaseConnection.php(693): CodeIgniter\Database\MySQLi\Connection->execute('DELETE FROM `pi...')
#2 D:\proyectos\reservalo2.0\system\Database\BaseConnection.php(607): CodeIgniter\Database\BaseConnection->simpleQuery('DELETE FROM `pi...')
#3 D:\proyectos\reservalo2.0\system\Database\BaseBuilder.php(2787): CodeIgniter\Database\BaseConnection->query('DELETE FROM `pi...', Array, false)
#4 D:\proyectos\reservalo2.0\app\Models\instalacionesModel.php(258): CodeIgniter\Database\BaseBuilder->delete()
#5 D:\proyectos\reservalo2.0\app\Controllers\Instalaciones.php(791): App\Models\instalacionesModel->borrarPistas(74)
#6 D:\proyectos\reservalo2.0\system\CodeIgniter.php(941): App\Controllers\Instalaciones->borrarInstalacion()
#7 D:\proyectos\reservalo2.0\system\CodeIgniter.php(502): CodeIgniter\CodeIgniter->runController(Object(App\Controllers\Instalaciones))
#8 D:\proyectos\reservalo2.0\system\CodeIgniter.php(361): CodeIgniter\CodeIgniter->handleRequest(NULL, Object(Config\Cache), false)
#9 D:\proyectos\reservalo2.0\index.php(79): CodeIgniter\CodeIgniter->run()
#10 {main}
CRITICAL - 2026-03-18 13:45:11 --> CodeIgniter\Database\Exceptions\DatabaseException: Cannot delete or update a parent row: a foreign key constraint fails (`reservalo2`.`reservas`, CONSTRAINT `FK_reservas_pistas` FOREIGN KEY (`id_pista`) REFERENCES `pistas` (`id_pista`) ON DELETE NO ACTION ON UPDATE CASCADE)
in SYSTEMPATH\Database\BaseConnection.php on line 647.
 1 SYSTEMPATH\Database\BaseBuilder.php(2787): CodeIgniter\Database\BaseConnection->query('DELETE FROM `pistas`
WHERE `id_instalacion` = :id_instalacion:', [...], false)
 2 APPPATH\Models\instalacionesModel.php(258): CodeIgniter\Database\BaseBuilder->delete()
 3 APPPATH\Controllers\Instalaciones.php(791): App\Models\instalacionesModel->borrarPistas(74)
 4 SYSTEMPATH\CodeIgniter.php(941): App\Controllers\Instalaciones->borrarInstalacion()
 5 SYSTEMPATH\CodeIgniter.php(502): CodeIgniter\CodeIgniter->runController(Object(App\Controllers\Instalaciones))
 6 SYSTEMPATH\CodeIgniter.php(361): CodeIgniter\CodeIgniter->handleRequest(null, Object(Config\Cache), false)
 7 FCPATH\index.php(79): CodeIgniter\CodeIgniter->run()
CRITICAL - 2026-03-18 13:45:11 --> [Caused by] CodeIgniter\Database\Exceptions\DatabaseException: Cannot delete or update a parent row: a foreign key constraint fails (`reservalo2`.`reservas`, CONSTRAINT `FK_reservas_pistas` FOREIGN KEY (`id_pista`) REFERENCES `pistas` (`id_pista`) ON DELETE NO ACTION ON UPDATE CASCADE)
in SYSTEMPATH\Database\MySQLi\Connection.php on line 311.
 1 SYSTEMPATH\Database\BaseConnection.php(693): CodeIgniter\Database\MySQLi\Connection->execute('DELETE FROM `pistas`
WHERE `id_instalacion` = 74')
 2 SYSTEMPATH\Database\BaseConnection.php(607): CodeIgniter\Database\BaseConnection->simpleQuery('DELETE FROM `pistas`
WHERE `id_instalacion` = 74')
 3 SYSTEMPATH\Database\BaseBuilder.php(2787): CodeIgniter\Database\BaseConnection->query('DELETE FROM `pistas`
WHERE `id_instalacion` = :id_instalacion:', [...], false)
 4 APPPATH\Models\instalacionesModel.php(258): CodeIgniter\Database\BaseBuilder->delete()
 5 APPPATH\Controllers\Instalaciones.php(791): App\Models\instalacionesModel->borrarPistas(74)
 6 SYSTEMPATH\CodeIgniter.php(941): App\Controllers\Instalaciones->borrarInstalacion()
 7 SYSTEMPATH\CodeIgniter.php(502): CodeIgniter\CodeIgniter->runController(Object(App\Controllers\Instalaciones))
 8 SYSTEMPATH\CodeIgniter.php(361): CodeIgniter\CodeIgniter->handleRequest(null, Object(Config\Cache), false)
 9 FCPATH\index.php(79): CodeIgniter\CodeIgniter->run()
CRITICAL - 2026-03-18 13:45:11 --> [Caused by] mysqli_sql_exception: Cannot delete or update a parent row: a foreign key constraint fails (`reservalo2`.`reservas`, CONSTRAINT `FK_reservas_pistas` FOREIGN KEY (`id_pista`) REFERENCES `pistas` (`id_pista`) ON DELETE NO ACTION ON UPDATE CASCADE)
in SYSTEMPATH\Database\MySQLi\Connection.php on line 306.
 1 SYSTEMPATH\Database\MySQLi\Connection.php(306): mysqli->query('DELETE FROM `pistas`
WHERE `id_instalacion` = 74', 0)
 2 SYSTEMPATH\Database\BaseConnection.php(693): CodeIgniter\Database\MySQLi\Connection->execute('DELETE FROM `pistas`
WHERE `id_instalacion` = 74')
 3 SYSTEMPATH\Database\BaseConnection.php(607): CodeIgniter\Database\BaseConnection->simpleQuery('DELETE FROM `pistas`
WHERE `id_instalacion` = 74')
 4 SYSTEMPATH\Database\BaseBuilder.php(2787): CodeIgniter\Database\BaseConnection->query('DELETE FROM `pistas`
WHERE `id_instalacion` = :id_instalacion:', [...], false)
 5 APPPATH\Models\instalacionesModel.php(258): CodeIgniter\Database\BaseBuilder->delete()
 6 APPPATH\Controllers\Instalaciones.php(791): App\Models\instalacionesModel->borrarPistas(74)
 7 SYSTEMPATH\CodeIgniter.php(941): App\Controllers\Instalaciones->borrarInstalacion()
 8 SYSTEMPATH\CodeIgniter.php(502): CodeIgniter\CodeIgniter->runController(Object(App\Controllers\Instalaciones))
 9 SYSTEMPATH\CodeIgniter.php(361): CodeIgniter\CodeIgniter->handleRequest(null, Object(Config\Cache), false)
10 FCPATH\index.php(79): CodeIgniter\CodeIgniter->run()
INFO - 2026-03-18 13:45:13 --> Session: Class initialized using 'CodeIgniter\Session\Handlers\FileHandler' driver.
ERROR - 2026-03-18 13:45:18 --> mysqli_sql_exception: Cannot delete or update a parent row: a foreign key constraint fails (`reservalo2`.`reservas`, CONSTRAINT `FK_reservas_pistas` FOREIGN KEY (`id_pista`) REFERENCES `pistas` (`id_pista`) ON DELETE NO ACTION ON UPDATE CASCADE) in D:\proyectos\reservalo2.0\system\Database\MySQLi\Connection.php:306
Stack trace:
#0 D:\proyectos\reservalo2.0\system\Database\MySQLi\Connection.php(306): mysqli->query('DELETE FROM `pi...', 0)
#1 D:\proyectos\reservalo2.0\system\Database\BaseConnection.php(693): CodeIgniter\Database\MySQLi\Connection->execute('DELETE FROM `pi...')
#2 D:\proyectos\reservalo2.0\system\Database\BaseConnection.php(607): CodeIgniter\Database\BaseConnection->simpleQuery('DELETE FROM `pi...')
#3 D:\proyectos\reservalo2.0\system\Database\BaseBuilder.php(2787): CodeIgniter\Database\BaseConnection->query('DELETE FROM `pi...', Array, false)
#4 D:\proyectos\reservalo2.0\app\Models\instalacionesModel.php(258): CodeIgniter\Database\BaseBuilder->delete()
#5 D:\proyectos\reservalo2.0\app\Controllers\Instalaciones.php(791): App\Models\instalacionesModel->borrarPistas(74)
#6 D:\proyectos\reservalo2.0\system\CodeIgniter.php(941): App\Controllers\Instalaciones->borrarInstalacion()
#7 D:\proyectos\reservalo2.0\system\CodeIgniter.php(502): CodeIgniter\CodeIgniter->runController(Object(App\Controllers\Instalaciones))
#8 D:\proyectos\reservalo2.0\system\CodeIgniter.php(361): CodeIgniter\CodeIgniter->handleRequest(NULL, Object(Config\Cache), false)
#9 D:\proyectos\reservalo2.0\index.php(79): CodeIgniter\CodeIgniter->run()
#10 {main}
CRITICAL - 2026-03-18 13:45:23 --> CodeIgniter\Database\Exceptions\DatabaseException: Cannot delete or update a parent row: a foreign key constraint fails (`reservalo2`.`reservas`, CONSTRAINT `FK_reservas_pistas` FOREIGN KEY (`id_pista`) REFERENCES `pistas` (`id_pista`) ON DELETE NO ACTION ON UPDATE CASCADE)
in SYSTEMPATH\Database\BaseConnection.php on line 647.
 1 SYSTEMPATH\Database\BaseBuilder.php(2787): CodeIgniter\Database\BaseConnection->query('DELETE FROM `pistas`
WHERE `id_instalacion` = :id_instalacion:', [...], false)
 2 APPPATH\Models\instalacionesModel.php(258): CodeIgniter\Database\BaseBuilder->delete()
 3 APPPATH\Controllers\Instalaciones.php(791): App\Models\instalacionesModel->borrarPistas(74)
 4 SYSTEMPATH\CodeIgniter.php(941): App\Controllers\Instalaciones->borrarInstalacion()
 5 SYSTEMPATH\CodeIgniter.php(502): CodeIgniter\CodeIgniter->runController(Object(App\Controllers\Instalaciones))
 6 SYSTEMPATH\CodeIgniter.php(361): CodeIgniter\CodeIgniter->handleRequest(null, Object(Config\Cache), false)
 7 FCPATH\index.php(79): CodeIgniter\CodeIgniter->run()
CRITICAL - 2026-03-18 13:45:23 --> [Caused by] CodeIgniter\Database\Exceptions\DatabaseException: Cannot delete or update a parent row: a foreign key constraint fails (`reservalo2`.`reservas`, CONSTRAINT `FK_reservas_pistas` FOREIGN KEY (`id_pista`) REFERENCES `pistas` (`id_pista`) ON DELETE NO ACTION ON UPDATE CASCADE)
in SYSTEMPATH\Database\MySQLi\Connection.php on line 311.
 1 SYSTEMPATH\Database\BaseConnection.php(693): CodeIgniter\Database\MySQLi\Connection->execute('DELETE FROM `pistas`
WHERE `id_instalacion` = 74')
 2 SYSTEMPATH\Database\BaseConnection.php(607): CodeIgniter\Database\BaseConnection->simpleQuery('DELETE FROM `pistas`
WHERE `id_instalacion` = 74')
 3 SYSTEMPATH\Database\BaseBuilder.php(2787): CodeIgniter\Database\BaseConnection->query('DELETE FROM `pistas`
WHERE `id_instalacion` = :id_instalacion:', [...], false)
 4 APPPATH\Models\instalacionesModel.php(258): CodeIgniter\Database\BaseBuilder->delete()
 5 APPPATH\Controllers\Instalaciones.php(791): App\Models\instalacionesModel->borrarPistas(74)
 6 SYSTEMPATH\CodeIgniter.php(941): App\Controllers\Instalaciones->borrarInstalacion()
 7 SYSTEMPATH\CodeIgniter.php(502): CodeIgniter\CodeIgniter->runController(Object(App\Controllers\Instalaciones))
 8 SYSTEMPATH\CodeIgniter.php(361): CodeIgniter\CodeIgniter->handleRequest(null, Object(Config\Cache), false)
 9 FCPATH\index.php(79): CodeIgniter\CodeIgniter->run()
CRITICAL - 2026-03-18 13:45:23 --> [Caused by] mysqli_sql_exception: Cannot delete or update a parent row: a foreign key constraint fails (`reservalo2`.`reservas`, CONSTRAINT `FK_reservas_pistas` FOREIGN KEY (`id_pista`) REFERENCES `pistas` (`id_pista`) ON DELETE NO ACTION ON UPDATE CASCADE)
in SYSTEMPATH\Database\MySQLi\Connection.php on line 306.
 1 SYSTEMPATH\Database\MySQLi\Connection.php(306): mysqli->query('DELETE FROM `pistas`
WHERE `id_instalacion` = 74', 0)
 2 SYSTEMPATH\Database\BaseConnection.php(693): CodeIgniter\Database\MySQLi\Connection->execute('DELETE FROM `pistas`
WHERE `id_instalacion` = 74')
 3 SYSTEMPATH\Database\BaseConnection.php(607): CodeIgniter\Database\BaseConnection->simpleQuery('DELETE FROM `pistas`
WHERE `id_instalacion` = 74')
 4 SYSTEMPATH\Database\BaseBuilder.php(2787): CodeIgniter\Database\BaseConnection->query('DELETE FROM `pistas`
WHERE `id_instalacion` = :id_instalacion:', [...], false)
 5 APPPATH\Models\instalacionesModel.php(258): CodeIgniter\Database\BaseBuilder->delete()
 6 APPPATH\Controllers\Instalaciones.php(791): App\Models\instalacionesModel->borrarPistas(74)
 7 SYSTEMPATH\CodeIgniter.php(941): App\Controllers\Instalaciones->borrarInstalacion()
 8 SYSTEMPATH\CodeIgniter.php(502): CodeIgniter\CodeIgniter->runController(Object(App\Controllers\Instalaciones))
 9 SYSTEMPATH\CodeIgniter.php(361): CodeIgniter\CodeIgniter->handleRequest(null, Object(Config\Cache), false)
10 FCPATH\index.php(79): CodeIgniter\CodeIgniter->run()
INFO - 2026-03-18 13:45:25 --> Session: Class initialized using 'CodeIgniter\Session\Handlers\FileHandler' driver.
ERROR - 2026-03-18 13:45:34 --> mysqli_sql_exception: Cannot delete or update a parent row: a foreign key constraint fails (`reservalo2`.`reservas`, CONSTRAINT `FK_reservas_pistas` FOREIGN KEY (`id_pista`) REFERENCES `pistas` (`id_pista`) ON DELETE NO ACTION ON UPDATE CASCADE) in D:\proyectos\reservalo2.0\system\Database\MySQLi\Connection.php:306
Stack trace:
#0 D:\proyectos\reservalo2.0\system\Database\MySQLi\Connection.php(306): mysqli->query('DELETE FROM `pi...', 0)
#1 D:\proyectos\reservalo2.0\system\Database\BaseConnection.php(693): CodeIgniter\Database\MySQLi\Connection->execute('DELETE FROM `pi...')
#2 D:\proyectos\reservalo2.0\system\Database\BaseConnection.php(607): CodeIgniter\Database\BaseConnection->simpleQuery('DELETE FROM `pi...')
#3 D:\proyectos\reservalo2.0\system\Database\BaseBuilder.php(2787): CodeIgniter\Database\BaseConnection->query('DELETE FROM `pi...', Array, false)
#4 D:\proyectos\reservalo2.0\app\Models\instalacionesModel.php(258): CodeIgniter\Database\BaseBuilder->delete()
#5 D:\proyectos\reservalo2.0\app\Controllers\Instalaciones.php(791): App\Models\instalacionesModel->borrarPistas(74)
#6 D:\proyectos\reservalo2.0\system\CodeIgniter.php(941): App\Controllers\Instalaciones->borrarInstalacion()
#7 D:\proyectos\reservalo2.0\system\CodeIgniter.php(502): CodeIgniter\CodeIgniter->runController(Object(App\Controllers\Instalaciones))
#8 D:\proyectos\reservalo2.0\system\CodeIgniter.php(361): CodeIgniter\CodeIgniter->handleRequest(NULL, Object(Config\Cache), false)
#9 D:\proyectos\reservalo2.0\index.php(79): CodeIgniter\CodeIgniter->run()
#10 {main}
CRITICAL - 2026-03-18 13:45:37 --> CodeIgniter\Database\Exceptions\DatabaseException: Cannot delete or update a parent row: a foreign key constraint fails (`reservalo2`.`reservas`, CONSTRAINT `FK_reservas_pistas` FOREIGN KEY (`id_pista`) REFERENCES `pistas` (`id_pista`) ON DELETE NO ACTION ON UPDATE CASCADE)
in SYSTEMPATH\Database\BaseConnection.php on line 647.
 1 SYSTEMPATH\Database\BaseBuilder.php(2787): CodeIgniter\Database\BaseConnection->query('DELETE FROM `pistas`
WHERE `id_instalacion` = :id_instalacion:', [...], false)
 2 APPPATH\Models\instalacionesModel.php(258): CodeIgniter\Database\BaseBuilder->delete()
 3 APPPATH\Controllers\Instalaciones.php(791): App\Models\instalacionesModel->borrarPistas(74)
 4 SYSTEMPATH\CodeIgniter.php(941): App\Controllers\Instalaciones->borrarInstalacion()
 5 SYSTEMPATH\CodeIgniter.php(502): CodeIgniter\CodeIgniter->runController(Object(App\Controllers\Instalaciones))
 6 SYSTEMPATH\CodeIgniter.php(361): CodeIgniter\CodeIgniter->handleRequest(null, Object(Config\Cache), false)
 7 FCPATH\index.php(79): CodeIgniter\CodeIgniter->run()
CRITICAL - 2026-03-18 13:45:37 --> [Caused by] CodeIgniter\Database\Exceptions\DatabaseException: Cannot delete or update a parent row: a foreign key constraint fails (`reservalo2`.`reservas`, CONSTRAINT `FK_reservas_pistas` FOREIGN KEY (`id_pista`) REFERENCES `pistas` (`id_pista`) ON DELETE NO ACTION ON UPDATE CASCADE)
in SYSTEMPATH\Database\MySQLi\Connection.php on line 311.
 1 SYSTEMPATH\Database\BaseConnection.php(693): CodeIgniter\Database\MySQLi\Connection->execute('DELETE FROM `pistas`
WHERE `id_instalacion` = 74')
 2 SYSTEMPATH\Database\BaseConnection.php(607): CodeIgniter\Database\BaseConnection->simpleQuery('DELETE FROM `pistas`
WHERE `id_instalacion` = 74')
 3 SYSTEMPATH\Database\BaseBuilder.php(2787): CodeIgniter\Database\BaseConnection->query('DELETE FROM `pistas`
WHERE `id_instalacion` = :id_instalacion:', [...], false)
 4 APPPATH\Models\instalacionesModel.php(258): CodeIgniter\Database\BaseBuilder->delete()
 5 APPPATH\Controllers\Instalaciones.php(791): App\Models\instalacionesModel->borrarPistas(74)
 6 SYSTEMPATH\CodeIgniter.php(941): App\Controllers\Instalaciones->borrarInstalacion()
 7 SYSTEMPATH\CodeIgniter.php(502): CodeIgniter\CodeIgniter->runController(Object(App\Controllers\Instalaciones))
 8 SYSTEMPATH\CodeIgniter.php(361): CodeIgniter\CodeIgniter->handleRequest(null, Object(Config\Cache), false)
 9 FCPATH\index.php(79): CodeIgniter\CodeIgniter->run()
CRITICAL - 2026-03-18 13:45:37 --> [Caused by] mysqli_sql_exception: Cannot delete or update a parent row: a foreign key constraint fails (`reservalo2`.`reservas`, CONSTRAINT `FK_reservas_pistas` FOREIGN KEY (`id_pista`) REFERENCES `pistas` (`id_pista`) ON DELETE NO ACTION ON UPDATE CASCADE)
in SYSTEMPATH\Database\MySQLi\Connection.php on line 306.
 1 SYSTEMPATH\Database\MySQLi\Connection.php(306): mysqli->query('DELETE FROM `pistas`
WHERE `id_instalacion` = 74', 0)
 2 SYSTEMPATH\Database\BaseConnection.php(693): CodeIgniter\Database\MySQLi\Connection->execute('DELETE FROM `pistas`
WHERE `id_instalacion` = 74')
 3 SYSTEMPATH\Database\BaseConnection.php(607): CodeIgniter\Database\BaseConnection->simpleQuery('DELETE FROM `pistas`
WHERE `id_instalacion` = 74')
 4 SYSTEMPATH\Database\BaseBuilder.php(2787): CodeIgniter\Database\BaseConnection->query('DELETE FROM `pistas`
WHERE `id_instalacion` = :id_instalacion:', [...], false)
 5 APPPATH\Models\instalacionesModel.php(258): CodeIgniter\Database\BaseBuilder->delete()
 6 APPPATH\Controllers\Instalaciones.php(791): App\Models\instalacionesModel->borrarPistas(74)
 7 SYSTEMPATH\CodeIgniter.php(941): App\Controllers\Instalaciones->borrarInstalacion()
 8 SYSTEMPATH\CodeIgniter.php(502): CodeIgniter\CodeIgniter->runController(Object(App\Controllers\Instalaciones))
 9 SYSTEMPATH\CodeIgniter.php(361): CodeIgniter\CodeIgniter->handleRequest(null, Object(Config\Cache), false)
10 FCPATH\index.php(79): CodeIgniter\CodeIgniter->run()
INFO - 2026-03-18 13:45:41 --> Session: Class initialized using 'CodeIgniter\Session\Handlers\FileHandler' driver.
INFO - 2026-03-18 13:47:28 --> Session: Class initialized using 'CodeIgniter\Session\Handlers\FileHandler' driver.
INFO - 2026-03-18 13:48:32 --> Session: Class initialized using 'CodeIgniter\Session\Handlers\FileHandler' driver.
INFO - 2026-03-18 13:48:37 --> Session: Class initialized using 'CodeIgniter\Session\Handlers\FileHandler' driver.
INFO - 2026-03-18 13:49:21 --> Session: Class initialized using 'CodeIgniter\Session\Handlers\FileHandler' driver.
INFO - 2026-03-18 13:49:34 --> Session: Class initialized using 'CodeIgniter\Session\Handlers\FileHandler' driver.
INFO - 2026-03-18 13:49:46 --> Session: Class initialized using 'CodeIgniter\Session\Handlers\FileHandler' driver.
INFO - 2026-03-18 13:50:00 --> Session: Class initialized using 'CodeIgniter\Session\Handlers\FileHandler' driver.
INFO - 2026-03-18 13:50:11 --> Session: Class initialized using 'CodeIgniter\Session\Handlers\FileHandler' driver.
INFO - 2026-03-18 13:50:28 --> Session: Class initialized using 'CodeIgniter\Session\Handlers\FileHandler' driver.
INFO - 2026-03-18 13:50:32 --> Session: Class initialized using 'CodeIgniter\Session\Handlers\FileHandler' driver.
CRITICAL - 2026-03-18 13:50:53 --> ErrorException: Undefined array key "tipo_reserva"
in APPPATH\Controllers\Reservas.php on line 29.
 1 APPPATH\Controllers\Reservas.php(29): CodeIgniter\Debug\Exceptions->errorHandler(2, 'Undefined array key "tipo_reserva"', 'D:\\proyectos\\reservalo2.0\\app\\Controllers\\Reservas.php', 29)
 2 SYSTEMPATH\CodeIgniter.php(941): App\Controllers\Reservas->getInfoPistasReserva()
 3 SYSTEMPATH\CodeIgniter.php(502): CodeIgniter\CodeIgniter->runController(Object(App\Controllers\Reservas))
 4 SYSTEMPATH\CodeIgniter.php(361): CodeIgniter\CodeIgniter->handleRequest(null, Object(Config\Cache), false)
 5 FCPATH\index.php(79): CodeIgniter\CodeIgniter->run()
INFO - 2026-03-18 13:51:00 --> Session: Class initialized using 'CodeIgniter\Session\Handlers\FileHandler' driver.
INFO - 2026-03-18 13:51:04 --> Session: Class initialized using 'CodeIgniter\Session\Handlers\FileHandler' driver.
ERROR - 2026-03-18 13:51:11 --> ❌ Error enviando email: {"statusCode":403,"name":"validation_error","message":"You can only send testing emails to your own email address (danielruizdeveloper@gmail.com). To send emails to other recipients, please verify a domain at resend.com/domains, and change the `from` address to an email using this domain."}
INFO - 2026-03-18 13:51:16 --> Session: Class initialized using 'CodeIgniter\Session\Handlers\FileHandler' driver.
ERROR - 2026-03-18 13:51:48 --> mysqli_sql_exception: Cannot delete or update a parent row: a foreign key constraint fails (`reservalo2`.`reservas`, CONSTRAINT `FK_reservas_pedido` FOREIGN KEY (`id_pedido`) REFERENCES `pedido` (`id_pedido`) ON DELETE NO ACTION ON UPDATE CASCADE) in D:\proyectos\reservalo2.0\system\Database\MySQLi\Connection.php:306
Stack trace:
#0 D:\proyectos\reservalo2.0\system\Database\MySQLi\Connection.php(306): mysqli->query('DELETE FROM `pe...', 0)
#1 D:\proyectos\reservalo2.0\system\Database\BaseConnection.php(693): CodeIgniter\Database\MySQLi\Connection->execute('DELETE FROM `pe...')
#2 D:\proyectos\reservalo2.0\system\Database\BaseConnection.php(607): CodeIgniter\Database\BaseConnection->simpleQuery('DELETE FROM `pe...')
#3 D:\proyectos\reservalo2.0\system\Database\BaseBuilder.php(2787): CodeIgniter\Database\BaseConnection->query('DELETE FROM `pe...', Array, false)
#4 D:\proyectos\reservalo2.0\app\Models\reservasModel.php(782): CodeIgniter\Database\BaseBuilder->delete()
#5 D:\proyectos\reservalo2.0\app\Controllers\Instalaciones.php(785): App\Models\reservasModel->deletePedidoByPista(130)
#6 D:\proyectos\reservalo2.0\system\CodeIgniter.php(941): App\Controllers\Instalaciones->borrarInstalacion()
#7 D:\proyectos\reservalo2.0\system\CodeIgniter.php(502): CodeIgniter\CodeIgniter->runController(Object(App\Controllers\Instalaciones))
#8 D:\proyectos\reservalo2.0\system\CodeIgniter.php(361): CodeIgniter\CodeIgniter->handleRequest(NULL, Object(Config\Cache), false)
#9 D:\proyectos\reservalo2.0\index.php(79): CodeIgniter\CodeIgniter->run()
#10 {main}
CRITICAL - 2026-03-18 13:52:15 --> CodeIgniter\Database\Exceptions\DatabaseException: Cannot delete or update a parent row: a foreign key constraint fails (`reservalo2`.`reservas`, CONSTRAINT `FK_reservas_pedido` FOREIGN KEY (`id_pedido`) REFERENCES `pedido` (`id_pedido`) ON DELETE NO ACTION ON UPDATE CASCADE)
in SYSTEMPATH\Database\BaseConnection.php on line 647.
 1 SYSTEMPATH\Database\BaseBuilder.php(2787): CodeIgniter\Database\BaseConnection->query('DELETE FROM `pedido`
WHERE `id_pedido` IN :id_pedido:', [...], false)
 2 APPPATH\Models\reservasModel.php(782): CodeIgniter\Database\BaseBuilder->delete()
 3 APPPATH\Controllers\Instalaciones.php(785): App\Models\reservasModel->deletePedidoByPista(130)
 4 SYSTEMPATH\CodeIgniter.php(941): App\Controllers\Instalaciones->borrarInstalacion()
 5 SYSTEMPATH\CodeIgniter.php(502): CodeIgniter\CodeIgniter->runController(Object(App\Controllers\Instalaciones))
 6 SYSTEMPATH\CodeIgniter.php(361): CodeIgniter\CodeIgniter->handleRequest(null, Object(Config\Cache), false)
 7 FCPATH\index.php(79): CodeIgniter\CodeIgniter->run()
CRITICAL - 2026-03-18 13:52:15 --> [Caused by] CodeIgniter\Database\Exceptions\DatabaseException: Cannot delete or update a parent row: a foreign key constraint fails (`reservalo2`.`reservas`, CONSTRAINT `FK_reservas_pedido` FOREIGN KEY (`id_pedido`) REFERENCES `pedido` (`id_pedido`) ON DELETE NO ACTION ON UPDATE CASCADE)
in SYSTEMPATH\Database\MySQLi\Connection.php on line 311.
 1 SYSTEMPATH\Database\BaseConnection.php(693): CodeIgniter\Database\MySQLi\Connection->execute('DELETE FROM `pedido`
WHERE `id_pedido` IN (\'105\',\'105\')')
 2 SYSTEMPATH\Database\BaseConnection.php(607): CodeIgniter\Database\BaseConnection->simpleQuery('DELETE FROM `pedido`
WHERE `id_pedido` IN (\'105\',\'105\')')
 3 SYSTEMPATH\Database\BaseBuilder.php(2787): CodeIgniter\Database\BaseConnection->query('DELETE FROM `pedido`
WHERE `id_pedido` IN :id_pedido:', [...], false)
 4 APPPATH\Models\reservasModel.php(782): CodeIgniter\Database\BaseBuilder->delete()
 5 APPPATH\Controllers\Instalaciones.php(785): App\Models\reservasModel->deletePedidoByPista(130)
 6 SYSTEMPATH\CodeIgniter.php(941): App\Controllers\Instalaciones->borrarInstalacion()
 7 SYSTEMPATH\CodeIgniter.php(502): CodeIgniter\CodeIgniter->runController(Object(App\Controllers\Instalaciones))
 8 SYSTEMPATH\CodeIgniter.php(361): CodeIgniter\CodeIgniter->handleRequest(null, Object(Config\Cache), false)
 9 FCPATH\index.php(79): CodeIgniter\CodeIgniter->run()
CRITICAL - 2026-03-18 13:52:15 --> [Caused by] mysqli_sql_exception: Cannot delete or update a parent row: a foreign key constraint fails (`reservalo2`.`reservas`, CONSTRAINT `FK_reservas_pedido` FOREIGN KEY (`id_pedido`) REFERENCES `pedido` (`id_pedido`) ON DELETE NO ACTION ON UPDATE CASCADE)
in SYSTEMPATH\Database\MySQLi\Connection.php on line 306.
 1 SYSTEMPATH\Database\MySQLi\Connection.php(306): mysqli->query('DELETE FROM `pedido`
WHERE `id_pedido` IN (\'105\',\'105\')', 0)
 2 SYSTEMPATH\Database\BaseConnection.php(693): CodeIgniter\Database\MySQLi\Connection->execute('DELETE FROM `pedido`
WHERE `id_pedido` IN (\'105\',\'105\')')
 3 SYSTEMPATH\Database\BaseConnection.php(607): CodeIgniter\Database\BaseConnection->simpleQuery('DELETE FROM `pedido`
WHERE `id_pedido` IN (\'105\',\'105\')')
 4 SYSTEMPATH\Database\BaseBuilder.php(2787): CodeIgniter\Database\BaseConnection->query('DELETE FROM `pedido`
WHERE `id_pedido` IN :id_pedido:', [...], false)
 5 APPPATH\Models\reservasModel.php(782): CodeIgniter\Database\BaseBuilder->delete()
 6 APPPATH\Controllers\Instalaciones.php(785): App\Models\reservasModel->deletePedidoByPista(130)
 7 SYSTEMPATH\CodeIgniter.php(941): App\Controllers\Instalaciones->borrarInstalacion()
 8 SYSTEMPATH\CodeIgniter.php(502): CodeIgniter\CodeIgniter->runController(Object(App\Controllers\Instalaciones))
 9 SYSTEMPATH\CodeIgniter.php(361): CodeIgniter\CodeIgniter->handleRequest(null, Object(Config\Cache), false)
10 FCPATH\index.php(79): CodeIgniter\CodeIgniter->run()
INFO - 2026-03-18 13:54:53 --> Session: Class initialized using 'CodeIgniter\Session\Handlers\FileHandler' driver.
INFO - 2026-03-18 13:54:59 --> Session: Class initialized using 'CodeIgniter\Session\Handlers\FileHandler' driver.
INFO - 2026-03-18 13:55:03 --> Session: Class initialized using 'CodeIgniter\Session\Handlers\FileHandler' driver.
INFO - 2026-03-18 13:55:14 --> Session: Class initialized using 'CodeIgniter\Session\Handlers\FileHandler' driver.
INFO - 2026-03-18 13:55:55 --> Session: Class initialized using 'CodeIgniter\Session\Handlers\FileHandler' driver.
INFO - 2026-03-18 13:56:05 --> Session: Class initialized using 'CodeIgniter\Session\Handlers\FileHandler' driver.
INFO - 2026-03-18 13:56:09 --> Session: Class initialized using 'CodeIgniter\Session\Handlers\FileHandler' driver.
INFO - 2026-03-18 13:56:27 --> Session: Class initialized using 'CodeIgniter\Session\Handlers\FileHandler' driver.
ERROR - 2026-03-18 13:56:37 --> ❌ Error enviando email: {"statusCode":403,"name":"validation_error","message":"You can only send testing emails to your own email address (danielruizdeveloper@gmail.com). To send emails to other recipients, please verify a domain at resend.com/domains, and change the `from` address to an email using this domain."}
INFO - 2026-03-18 13:56:40 --> Session: Class initialized using 'CodeIgniter\Session\Handlers\FileHandler' driver.
INFO - 2026-03-18 13:56:48 --> Session: Class initialized using 'CodeIgniter\Session\Handlers\FileHandler' driver.
ERROR - 2026-03-18 13:57:43 --> mysqli_sql_exception: Cannot delete or update a parent row: a foreign key constraint fails (`reservalo2`.`reservas`, CONSTRAINT `FK_reservas_pedido` FOREIGN KEY (`id_pedido`) REFERENCES `pedido` (`id_pedido`) ON DELETE NO ACTION ON UPDATE CASCADE) in D:\proyectos\reservalo2.0\system\Database\MySQLi\Connection.php:306
Stack trace:
#0 D:\proyectos\reservalo2.0\system\Database\MySQLi\Connection.php(306): mysqli->query('DELETE FROM `pe...', 0)
#1 D:\proyectos\reservalo2.0\system\Database\BaseConnection.php(693): CodeIgniter\Database\MySQLi\Connection->execute('DELETE FROM `pe...')
#2 D:\proyectos\reservalo2.0\system\Database\BaseConnection.php(607): CodeIgniter\Database\BaseConnection->simpleQuery('DELETE FROM `pe...')
#3 D:\proyectos\reservalo2.0\system\Database\BaseBuilder.php(2787): CodeIgniter\Database\BaseConnection->query('DELETE FROM `pe...', Array, false)
#4 D:\proyectos\reservalo2.0\app\Models\reservasModel.php(782): CodeIgniter\Database\BaseBuilder->delete()
#5 D:\proyectos\reservalo2.0\app\Controllers\Instalaciones.php(785): App\Models\reservasModel->deletePedidoByPista(130)
#6 D:\proyectos\reservalo2.0\system\CodeIgniter.php(941): App\Controllers\Instalaciones->borrarInstalacion()
#7 D:\proyectos\reservalo2.0\system\CodeIgniter.php(502): CodeIgniter\CodeIgniter->runController(Object(App\Controllers\Instalaciones))
#8 D:\proyectos\reservalo2.0\system\CodeIgniter.php(361): CodeIgniter\CodeIgniter->handleRequest(NULL, Object(Config\Cache), false)
#9 D:\proyectos\reservalo2.0\index.php(79): CodeIgniter\CodeIgniter->run()
#10 {main}
CRITICAL - 2026-03-18 13:57:46 --> CodeIgniter\Database\Exceptions\DatabaseException: Cannot delete or update a parent row: a foreign key constraint fails (`reservalo2`.`reservas`, CONSTRAINT `FK_reservas_pedido` FOREIGN KEY (`id_pedido`) REFERENCES `pedido` (`id_pedido`) ON DELETE NO ACTION ON UPDATE CASCADE)
in SYSTEMPATH\Database\BaseConnection.php on line 647.
 1 SYSTEMPATH\Database\BaseBuilder.php(2787): CodeIgniter\Database\BaseConnection->query('DELETE FROM `pedido`
WHERE `id_pedido` IN :id_pedido:', [...], false)
 2 APPPATH\Models\reservasModel.php(782): CodeIgniter\Database\BaseBuilder->delete()
 3 APPPATH\Controllers\Instalaciones.php(785): App\Models\reservasModel->deletePedidoByPista(130)
 4 SYSTEMPATH\CodeIgniter.php(941): App\Controllers\Instalaciones->borrarInstalacion()
 5 SYSTEMPATH\CodeIgniter.php(502): CodeIgniter\CodeIgniter->runController(Object(App\Controllers\Instalaciones))
 6 SYSTEMPATH\CodeIgniter.php(361): CodeIgniter\CodeIgniter->handleRequest(null, Object(Config\Cache), false)
 7 FCPATH\index.php(79): CodeIgniter\CodeIgniter->run()
CRITICAL - 2026-03-18 13:57:46 --> [Caused by] CodeIgniter\Database\Exceptions\DatabaseException: Cannot delete or update a parent row: a foreign key constraint fails (`reservalo2`.`reservas`, CONSTRAINT `FK_reservas_pedido` FOREIGN KEY (`id_pedido`) REFERENCES `pedido` (`id_pedido`) ON DELETE NO ACTION ON UPDATE CASCADE)
in SYSTEMPATH\Database\MySQLi\Connection.php on line 311.
 1 SYSTEMPATH\Database\BaseConnection.php(693): CodeIgniter\Database\MySQLi\Connection->execute('DELETE FROM `pedido`
WHERE `id_pedido` IN (\'106\',\'106\',\'106\')')
 2 SYSTEMPATH\Database\BaseConnection.php(607): CodeIgniter\Database\BaseConnection->simpleQuery('DELETE FROM `pedido`
WHERE `id_pedido` IN (\'106\',\'106\',\'106\')')
 3 SYSTEMPATH\Database\BaseBuilder.php(2787): CodeIgniter\Database\BaseConnection->query('DELETE FROM `pedido`
WHERE `id_pedido` IN :id_pedido:', [...], false)
 4 APPPATH\Models\reservasModel.php(782): CodeIgniter\Database\BaseBuilder->delete()
 5 APPPATH\Controllers\Instalaciones.php(785): App\Models\reservasModel->deletePedidoByPista(130)
 6 SYSTEMPATH\CodeIgniter.php(941): App\Controllers\Instalaciones->borrarInstalacion()
 7 SYSTEMPATH\CodeIgniter.php(502): CodeIgniter\CodeIgniter->runController(Object(App\Controllers\Instalaciones))
 8 SYSTEMPATH\CodeIgniter.php(361): CodeIgniter\CodeIgniter->handleRequest(null, Object(Config\Cache), false)
 9 FCPATH\index.php(79): CodeIgniter\CodeIgniter->run()
CRITICAL - 2026-03-18 13:57:46 --> [Caused by] mysqli_sql_exception: Cannot delete or update a parent row: a foreign key constraint fails (`reservalo2`.`reservas`, CONSTRAINT `FK_reservas_pedido` FOREIGN KEY (`id_pedido`) REFERENCES `pedido` (`id_pedido`) ON DELETE NO ACTION ON UPDATE CASCADE)
in SYSTEMPATH\Database\MySQLi\Connection.php on line 306.
 1 SYSTEMPATH\Database\MySQLi\Connection.php(306): mysqli->query('DELETE FROM `pedido`
WHERE `id_pedido` IN (\'106\',\'106\',\'106\')', 0)
 2 SYSTEMPATH\Database\BaseConnection.php(693): CodeIgniter\Database\MySQLi\Connection->execute('DELETE FROM `pedido`
WHERE `id_pedido` IN (\'106\',\'106\',\'106\')')
 3 SYSTEMPATH\Database\BaseConnection.php(607): CodeIgniter\Database\BaseConnection->simpleQuery('DELETE FROM `pedido`
WHERE `id_pedido` IN (\'106\',\'106\',\'106\')')
 4 SYSTEMPATH\Database\BaseBuilder.php(2787): CodeIgniter\Database\BaseConnection->query('DELETE FROM `pedido`
WHERE `id_pedido` IN :id_pedido:', [...], false)
 5 APPPATH\Models\reservasModel.php(782): CodeIgniter\Database\BaseBuilder->delete()
 6 APPPATH\Controllers\Instalaciones.php(785): App\Models\reservasModel->deletePedidoByPista(130)
 7 SYSTEMPATH\CodeIgniter.php(941): App\Controllers\Instalaciones->borrarInstalacion()
 8 SYSTEMPATH\CodeIgniter.php(502): CodeIgniter\CodeIgniter->runController(Object(App\Controllers\Instalaciones))
 9 SYSTEMPATH\CodeIgniter.php(361): CodeIgniter\CodeIgniter->handleRequest(null, Object(Config\Cache), false)
10 FCPATH\index.php(79): CodeIgniter\CodeIgniter->run()
INFO - 2026-03-18 13:58:06 --> Session: Class initialized using 'CodeIgniter\Session\Handlers\FileHandler' driver.
INFO - 2026-03-18 13:58:14 --> Session: Class initialized using 'CodeIgniter\Session\Handlers\FileHandler' driver.
INFO - 2026-03-18 13:59:13 --> Session: Class initialized using 'CodeIgniter\Session\Handlers\FileHandler' driver.
INFO - 2026-03-18 13:59:46 --> Session: Class initialized using 'CodeIgniter\Session\Handlers\FileHandler' driver.
INFO - 2026-03-18 13:59:48 --> Session: Class initialized using 'CodeIgniter\Session\Handlers\FileHandler' driver.
INFO - 2026-03-18 13:59:51 --> Session: Class initialized using 'CodeIgniter\Session\Handlers\FileHandler' driver.
CRITICAL - 2026-03-18 14:00:04 --> ErrorException: Undefined array key "tipo_reserva"
in APPPATH\Controllers\Reservas.php on line 29.
 1 APPPATH\Controllers\Reservas.php(29): CodeIgniter\Debug\Exceptions->errorHandler(2, 'Undefined array key "tipo_reserva"', 'D:\\proyectos\\reservalo2.0\\app\\Controllers\\Reservas.php', 29)
 2 SYSTEMPATH\CodeIgniter.php(941): App\Controllers\Reservas->getInfoPistasReserva()
 3 SYSTEMPATH\CodeIgniter.php(502): CodeIgniter\CodeIgniter->runController(Object(App\Controllers\Reservas))
 4 SYSTEMPATH\CodeIgniter.php(361): CodeIgniter\CodeIgniter->handleRequest(null, Object(Config\Cache), false)
 5 FCPATH\index.php(79): CodeIgniter\CodeIgniter->run()
CRITICAL - 2026-03-18 14:00:10 --> ErrorException: Undefined array key "tipo_reserva"
in APPPATH\Controllers\Reservas.php on line 29.
 1 APPPATH\Controllers\Reservas.php(29): CodeIgniter\Debug\Exceptions->errorHandler(2, 'Undefined array key "tipo_reserva"', 'D:\\proyectos\\reservalo2.0\\app\\Controllers\\Reservas.php', 29)
 2 SYSTEMPATH\CodeIgniter.php(941): App\Controllers\Reservas->getInfoPistasReserva()
 3 SYSTEMPATH\CodeIgniter.php(502): CodeIgniter\CodeIgniter->runController(Object(App\Controllers\Reservas))
 4 SYSTEMPATH\CodeIgniter.php(361): CodeIgniter\CodeIgniter->handleRequest(null, Object(Config\Cache), false)
 5 FCPATH\index.php(79): CodeIgniter\CodeIgniter->run()
INFO - 2026-03-18 14:00:15 --> Session: Class initialized using 'CodeIgniter\Session\Handlers\FileHandler' driver.
ERROR - 2026-03-18 14:00:26 --> ❌ Error enviando email: {"statusCode":403,"name":"validation_error","message":"You can only send testing emails to your own email address (danielruizdeveloper@gmail.com). To send emails to other recipients, please verify a domain at resend.com/domains, and change the `from` address to an email using this domain."}
INFO - 2026-03-18 14:00:28 --> Session: Class initialized using 'CodeIgniter\Session\Handlers\FileHandler' driver.
INFO - 2026-03-18 14:00:37 --> Session: Class initialized using 'CodeIgniter\Session\Handlers\FileHandler' driver.
INFO - 2026-03-18 14:01:31 --> Session: Class initialized using 'CodeIgniter\Session\Handlers\FileHandler' driver.
INFO - 2026-03-18 14:01:33 --> Session: Class initialized using 'CodeIgniter\Session\Handlers\FileHandler' driver.
CRITICAL - 2026-03-18 14:01:48 --> ErrorException: Undefined array key "tipo_reserva"
in APPPATH\Controllers\Reservas.php on line 29.
 1 APPPATH\Controllers\Reservas.php(29): CodeIgniter\Debug\Exceptions->errorHandler(2, 'Undefined array key "tipo_reserva"', 'D:\\proyectos\\reservalo2.0\\app\\Controllers\\Reservas.php', 29)
 2 SYSTEMPATH\CodeIgniter.php(941): App\Controllers\Reservas->getInfoPistasReserva()
 3 SYSTEMPATH\CodeIgniter.php(502): CodeIgniter\CodeIgniter->runController(Object(App\Controllers\Reservas))
 4 SYSTEMPATH\CodeIgniter.php(361): CodeIgniter\CodeIgniter->handleRequest(null, Object(Config\Cache), false)
 5 FCPATH\index.php(79): CodeIgniter\CodeIgniter->run()
CRITICAL - 2026-03-18 14:05:14 --> ErrorException: Undefined array key "tipo_reserva"
in APPPATH\Controllers\Reservas.php on line 29.
 1 APPPATH\Controllers\Reservas.php(29): CodeIgniter\Debug\Exceptions->errorHandler(2, 'Undefined array key "tipo_reserva"', 'D:\\proyectos\\reservalo2.0\\app\\Controllers\\Reservas.php', 29)
 2 SYSTEMPATH\CodeIgniter.php(941): App\Controllers\Reservas->getInfoPistasReserva()
 3 SYSTEMPATH\CodeIgniter.php(502): CodeIgniter\CodeIgniter->runController(Object(App\Controllers\Reservas))
 4 SYSTEMPATH\CodeIgniter.php(361): CodeIgniter\CodeIgniter->handleRequest(null, Object(Config\Cache), false)
 5 FCPATH\index.php(79): CodeIgniter\CodeIgniter->run()
CRITICAL - 2026-03-18 14:05:14 --> ErrorException: Undefined array key "tipo_reserva"
in APPPATH\Controllers\Reservas.php on line 29.
 1 APPPATH\Controllers\Reservas.php(29): CodeIgniter\Debug\Exceptions->errorHandler(2, 'Undefined array key "tipo_reserva"', 'D:\\proyectos\\reservalo2.0\\app\\Controllers\\Reservas.php', 29)
 2 SYSTEMPATH\CodeIgniter.php(941): App\Controllers\Reservas->getInfoPistasReserva()
 3 SYSTEMPATH\CodeIgniter.php(502): CodeIgniter\CodeIgniter->runController(Object(App\Controllers\Reservas))
 4 SYSTEMPATH\CodeIgniter.php(361): CodeIgniter\CodeIgniter->handleRequest(null, Object(Config\Cache), false)
 5 FCPATH\index.php(79): CodeIgniter\CodeIgniter->run()
CRITICAL - 2026-03-18 14:05:15 --> ErrorException: Undefined array key "tipo_reserva"
in APPPATH\Controllers\Reservas.php on line 29.
 1 APPPATH\Controllers\Reservas.php(29): CodeIgniter\Debug\Exceptions->errorHandler(2, 'Undefined array key "tipo_reserva"', 'D:\\proyectos\\reservalo2.0\\app\\Controllers\\Reservas.php', 29)
 2 SYSTEMPATH\CodeIgniter.php(941): App\Controllers\Reservas->getInfoPistasReserva()
 3 SYSTEMPATH\CodeIgniter.php(502): CodeIgniter\CodeIgniter->runController(Object(App\Controllers\Reservas))
 4 SYSTEMPATH\CodeIgniter.php(361): CodeIgniter\CodeIgniter->handleRequest(null, Object(Config\Cache), false)
 5 FCPATH\index.php(79): CodeIgniter\CodeIgniter->run()
CRITICAL - 2026-03-18 14:05:47 --> ErrorException: Undefined array key "tipo_reserva"
in APPPATH\Controllers\Reservas.php on line 29.
 1 APPPATH\Controllers\Reservas.php(29): CodeIgniter\Debug\Exceptions->errorHandler(2, 'Undefined array key "tipo_reserva"', 'D:\\proyectos\\reservalo2.0\\app\\Controllers\\Reservas.php', 29)
 2 SYSTEMPATH\CodeIgniter.php(941): App\Controllers\Reservas->getInfoPistasReserva()
 3 SYSTEMPATH\CodeIgniter.php(502): CodeIgniter\CodeIgniter->runController(Object(App\Controllers\Reservas))
 4 SYSTEMPATH\CodeIgniter.php(361): CodeIgniter\CodeIgniter->handleRequest(null, Object(Config\Cache), false)
 5 FCPATH\index.php(79): CodeIgniter\CodeIgniter->run()
INFO - 2026-03-18 14:09:25 --> Session: Class initialized using 'CodeIgniter\Session\Handlers\FileHandler' driver.
INFO - 2026-03-18 14:09:28 --> Session: Class initialized using 'CodeIgniter\Session\Handlers\FileHandler' driver.
INFO - 2026-03-18 14:09:31 --> Session: Class initialized using 'CodeIgniter\Session\Handlers\FileHandler' driver.
INFO - 2026-03-18 17:25:59 --> Session: Class initialized using 'CodeIgniter\Session\Handlers\FileHandler' driver.
INFO - 2026-03-18 17:26:09 --> Session: Class initialized using 'CodeIgniter\Session\Handlers\FileHandler' driver.
INFO - 2026-03-18 17:26:10 --> Session: Class initialized using 'CodeIgniter\Session\Handlers\FileHandler' driver.
INFO - 2026-03-18 17:27:43 --> Session: Class initialized using 'CodeIgniter\Session\Handlers\FileHandler' driver.
INFO - 2026-03-18 17:27:49 --> Session: Class initialized using 'CodeIgniter\Session\Handlers\FileHandler' driver.
INFO - 2026-03-18 17:28:40 --> Session: Class initialized using 'CodeIgniter\Session\Handlers\FileHandler' driver.
ERROR - 2026-03-18 17:28:44 --> ❌ Error enviando email: {"statusCode":403,"name":"validation_error","message":"You can only send testing emails to your own email address (danielruizdeveloper@gmail.com). To send emails to other recipients, please verify a domain at resend.com/domains, and change the `from` address to an email using this domain."}
INFO - 2026-03-18 17:29:45 --> Session: Class initialized using 'CodeIgniter\Session\Handlers\FileHandler' driver.
INFO - 2026-03-18 17:29:53 --> Session: Class initialized using 'CodeIgniter\Session\Handlers\FileHandler' driver.
INFO - 2026-03-18 17:30:00 --> Session: Class initialized using 'CodeIgniter\Session\Handlers\FileHandler' driver.
CRITICAL - 2026-03-18 17:30:03 --> ErrorException: Undefined array key 0
in APPPATH\Controllers\Reservas.php on line 490.
 1 APPPATH\Controllers\Reservas.php(490): CodeIgniter\Debug\Exceptions->errorHandler(2, 'Undefined array key 0', 'D:\\proyectos\\reservalo2.0\\app\\Controllers\\Reservas.php', 490)
 2 SYSTEMPATH\CodeIgniter.php(941): App\Controllers\Reservas->anularReservasById()
 3 SYSTEMPATH\CodeIgniter.php(502): CodeIgniter\CodeIgniter->runController(Object(App\Controllers\Reservas))
 4 SYSTEMPATH\CodeIgniter.php(361): CodeIgniter\CodeIgniter->handleRequest(null, Object(Config\Cache), false)
 5 FCPATH\index.php(79): CodeIgniter\CodeIgniter->run()
INFO - 2026-03-18 17:30:12 --> Session: Class initialized using 'CodeIgniter\Session\Handlers\FileHandler' driver.
INFO - 2026-03-18 17:30:20 --> Session: Class initialized using 'CodeIgniter\Session\Handlers\FileHandler' driver.
INFO - 2026-03-18 17:30:24 --> Session: Class initialized using 'CodeIgniter\Session\Handlers\FileHandler' driver.
INFO - 2026-03-18 17:30:47 --> Session: Class initialized using 'CodeIgniter\Session\Handlers\FileHandler' driver.
ERROR - 2026-03-18 17:30:52 --> ❌ Error enviando email: {"statusCode":403,"name":"validation_error","message":"You can only send testing emails to your own email address (danielruizdeveloper@gmail.com). To send emails to other recipients, please verify a domain at resend.com/domains, and change the `from` address to an email using this domain."}
INFO - 2026-03-18 17:33:06 --> Session: Class initialized using 'CodeIgniter\Session\Handlers\FileHandler' driver.
INFO - 2026-03-18 17:35:14 --> Session: Class initialized using 'CodeIgniter\Session\Handlers\FileHandler' driver.
INFO - 2026-03-18 17:35:32 --> Session: Class initialized using 'CodeIgniter\Session\Handlers\FileHandler' driver.
CRITICAL - 2026-03-18 17:36:04 --> ErrorException: Undefined array key 0
in APPPATH\Controllers\Reservas.php on line 490.
 1 APPPATH\Controllers\Reservas.php(490): CodeIgniter\Debug\Exceptions->errorHandler(2, 'Undefined array key 0', 'D:\\proyectos\\reservalo2.0\\app\\Controllers\\Reservas.php', 490)
 2 SYSTEMPATH\CodeIgniter.php(941): App\Controllers\Reservas->anularReservasById()
 3 SYSTEMPATH\CodeIgniter.php(502): CodeIgniter\CodeIgniter->runController(Object(App\Controllers\Reservas))
 4 SYSTEMPATH\CodeIgniter.php(361): CodeIgniter\CodeIgniter->handleRequest(null, Object(Config\Cache), false)
 5 FCPATH\index.php(79): CodeIgniter\CodeIgniter->run()
INFO - 2026-03-18 17:36:47 --> Session: Class initialized using 'CodeIgniter\Session\Handlers\FileHandler' driver.
INFO - 2026-03-18 17:37:08 --> Session: Class initialized using 'CodeIgniter\Session\Handlers\FileHandler' driver.
INFO - 2026-03-18 17:37:13 --> Session: Class initialized using 'CodeIgniter\Session\Handlers\FileHandler' driver.
INFO - 2026-03-18 17:37:32 --> Session: Class initialized using 'CodeIgniter\Session\Handlers\FileHandler' driver.
INFO - 2026-03-18 17:37:41 --> Session: Class initialized using 'CodeIgniter\Session\Handlers\FileHandler' driver.
ERROR - 2026-03-18 17:37:43 --> ❌ Error enviando email: {"statusCode":403,"name":"validation_error","message":"You can only send testing emails to your own email address (danielruizdeveloper@gmail.com). To send emails to other recipients, please verify a domain at resend.com/domains, and change the `from` address to an email using this domain."}
INFO - 2026-03-18 17:37:58 --> Session: Class initialized using 'CodeIgniter\Session\Handlers\FileHandler' driver.
INFO - 2026-03-18 17:38:05 --> Session: Class initialized using 'CodeIgniter\Session\Handlers\FileHandler' driver.
INFO - 2026-03-18 17:38:10 --> Session: Class initialized using 'CodeIgniter\Session\Handlers\FileHandler' driver.
INFO - 2026-03-18 17:38:34 --> Session: Class initialized using 'CodeIgniter\Session\Handlers\FileHandler' driver.
INFO - 2026-03-18 17:38:44 --> Session: Class initialized using 'CodeIgniter\Session\Handlers\FileHandler' driver.
INFO - 2026-03-18 17:38:55 --> Session: Class initialized using 'CodeIgniter\Session\Handlers\FileHandler' driver.
INFO - 2026-03-18 17:38:58 --> Session: Class initialized using 'CodeIgniter\Session\Handlers\FileHandler' driver.
INFO - 2026-03-18 17:39:02 --> Session: Class initialized using 'CodeIgniter\Session\Handlers\FileHandler' driver.
INFO - 2026-03-18 17:39:06 --> Session: Class initialized using 'CodeIgniter\Session\Handlers\FileHandler' driver.
INFO - 2026-03-18 17:39:17 --> Session: Class initialized using 'CodeIgniter\Session\Handlers\FileHandler' driver.
INFO - 2026-03-18 17:39:21 --> Session: Class initialized using 'CodeIgniter\Session\Handlers\FileHandler' driver.
INFO - 2026-03-18 17:39:48 --> Session: Class initialized using 'CodeIgniter\Session\Handlers\FileHandler' driver.
INFO - 2026-03-18 17:39:50 --> Session: Class initialized using 'CodeIgniter\Session\Handlers\FileHandler' driver.
INFO - 2026-03-18 17:39:55 --> Session: Class initialized using 'CodeIgniter\Session\Handlers\FileHandler' driver.
INFO - 2026-03-18 17:52:00 --> Session: Class initialized using 'CodeIgniter\Session\Handlers\FileHandler' driver.
INFO - 2026-03-18 17:52:06 --> Session: Class initialized using 'CodeIgniter\Session\Handlers\FileHandler' driver.
INFO - 2026-03-18 17:52:25 --> Session: Class initialized using 'CodeIgniter\Session\Handlers\FileHandler' driver.
INFO - 2026-03-18 17:52:33 --> Session: Class initialized using 'CodeIgniter\Session\Handlers\FileHandler' driver.
INFO - 2026-03-18 17:52:38 --> Session: Class initialized using 'CodeIgniter\Session\Handlers\FileHandler' driver.
INFO - 2026-03-18 17:53:07 --> Session: Class initialized using 'CodeIgniter\Session\Handlers\FileHandler' driver.
INFO - 2026-03-18 17:53:12 --> Session: Class initialized using 'CodeIgniter\Session\Handlers\FileHandler' driver.
INFO - 2026-03-18 17:53:19 --> Session: Class initialized using 'CodeIgniter\Session\Handlers\FileHandler' driver.
INFO - 2026-03-18 17:54:30 --> Session: Class initialized using 'CodeIgniter\Session\Handlers\FileHandler' driver.
INFO - 2026-03-18 17:59:34 --> Session: Class initialized using 'CodeIgniter\Session\Handlers\FileHandler' driver.
INFO - 2026-03-18 17:59:36 --> Session: Class initialized using 'CodeIgniter\Session\Handlers\FileHandler' driver.
INFO - 2026-03-18 17:59:51 --> Session: Class initialized using 'CodeIgniter\Session\Handlers\FileHandler' driver.
INFO - 2026-03-18 17:59:52 --> Session: Class initialized using 'CodeIgniter\Session\Handlers\FileHandler' driver.
INFO - 2026-03-18 18:00:23 --> Session: Class initialized using 'CodeIgniter\Session\Handlers\FileHandler' driver.
INFO - 2026-03-18 18:00:25 --> Session: Class initialized using 'CodeIgniter\Session\Handlers\FileHandler' driver.
INFO - 2026-03-18 18:01:28 --> Session: Class initialized using 'CodeIgniter\Session\Handlers\FileHandler' driver.
INFO - 2026-03-18 18:01:43 --> Session: Class initialized using 'CodeIgniter\Session\Handlers\FileHandler' driver.
INFO - 2026-03-18 18:01:44 --> Session: Class initialized using 'CodeIgniter\Session\Handlers\FileHandler' driver.
INFO - 2026-03-18 18:01:48 --> Session: Class initialized using 'CodeIgniter\Session\Handlers\FileHandler' driver.
INFO - 2026-03-18 18:01:55 --> Session: Class initialized using 'CodeIgniter\Session\Handlers\FileHandler' driver.
INFO - 2026-03-18 18:01:56 --> Session: Class initialized using 'CodeIgniter\Session\Handlers\FileHandler' driver.
INFO - 2026-03-18 18:02:28 --> Session: Class initialized using 'CodeIgniter\Session\Handlers\FileHandler' driver.
INFO - 2026-03-18 18:05:47 --> Session: Class initialized using 'CodeIgniter\Session\Handlers\FileHandler' driver.
INFO - 2026-03-18 18:05:51 --> Session: Class initialized using 'CodeIgniter\Session\Handlers\FileHandler' driver.
INFO - 2026-03-18 18:06:03 --> Session: Class initialized using 'CodeIgniter\Session\Handlers\FileHandler' driver.
INFO - 2026-03-18 18:06:03 --> Session: Class initialized using 'CodeIgniter\Session\Handlers\FileHandler' driver.
INFO - 2026-03-18 18:06:33 --> Session: Class initialized using 'CodeIgniter\Session\Handlers\FileHandler' driver.
INFO - 2026-03-18 18:06:37 --> Session: Class initialized using 'CodeIgniter\Session\Handlers\FileHandler' driver.
INFO - 2026-03-18 18:06:42 --> Session: Class initialized using 'CodeIgniter\Session\Handlers\FileHandler' driver.
INFO - 2026-03-18 18:06:42 --> Session: Class initialized using 'CodeIgniter\Session\Handlers\FileHandler' driver.
INFO - 2026-03-18 18:06:53 --> Session: Class initialized using 'CodeIgniter\Session\Handlers\FileHandler' driver.
INFO - 2026-03-18 18:07:00 --> Session: Class initialized using 'CodeIgniter\Session\Handlers\FileHandler' driver.
INFO - 2026-03-18 18:07:07 --> Session: Class initialized using 'CodeIgniter\Session\Handlers\FileHandler' driver.
INFO - 2026-03-18 18:07:07 --> Session: Class initialized using 'CodeIgniter\Session\Handlers\FileHandler' driver.
INFO - 2026-03-18 18:07:14 --> Session: Class initialized using 'CodeIgniter\Session\Handlers\FileHandler' driver.
INFO - 2026-03-18 18:07:34 --> Session: Class initialized using 'CodeIgniter\Session\Handlers\FileHandler' driver.
INFO - 2026-03-18 18:07:35 --> Session: Class initialized using 'CodeIgniter\Session\Handlers\FileHandler' driver.
INFO - 2026-03-18 18:08:37 --> Session: Class initialized using 'CodeIgniter\Session\Handlers\FileHandler' driver.
INFO - 2026-03-18 18:08:39 --> Session: Class initialized using 'CodeIgniter\Session\Handlers\FileHandler' driver.
INFO - 2026-03-18 18:08:46 --> Session: Class initialized using 'CodeIgniter\Session\Handlers\FileHandler' driver.
INFO - 2026-03-18 18:09:16 --> Session: Class initialized using 'CodeIgniter\Session\Handlers\FileHandler' driver.
INFO - 2026-03-18 18:11:24 --> Session: Class initialized using 'CodeIgniter\Session\Handlers\FileHandler' driver.
INFO - 2026-03-18 18:12:08 --> Session: Class initialized using 'CodeIgniter\Session\Handlers\FileHandler' driver.
INFO - 2026-03-18 18:12:20 --> Session: Class initialized using 'CodeIgniter\Session\Handlers\FileHandler' driver.
INFO - 2026-03-18 18:12:25 --> Session: Class initialized using 'CodeIgniter\Session\Handlers\FileHandler' driver.
INFO - 2026-03-18 18:12:32 --> Session: Class initialized using 'CodeIgniter\Session\Handlers\FileHandler' driver.
INFO - 2026-03-18 18:20:06 --> Session: Class initialized using 'CodeIgniter\Session\Handlers\FileHandler' driver.
INFO - 2026-03-18 18:20:13 --> Session: Class initialized using 'CodeIgniter\Session\Handlers\FileHandler' driver.
INFO - 2026-03-18 18:20:32 --> Session: Class initialized using 'CodeIgniter\Session\Handlers\FileHandler' driver.
INFO - 2026-03-18 18:20:59 --> Session: Class initialized using 'CodeIgniter\Session\Handlers\FileHandler' driver.
INFO - 2026-03-18 18:21:06 --> Session: Class initialized using 'CodeIgniter\Session\Handlers\FileHandler' driver.
INFO - 2026-03-18 18:21:14 --> Session: Class initialized using 'CodeIgniter\Session\Handlers\FileHandler' driver.
INFO - 2026-03-18 18:22:37 --> Session: Class initialized using 'CodeIgniter\Session\Handlers\FileHandler' driver.
CRITICAL - 2026-03-18 18:24:58 --> ErrorException: Undefined variable $view
in APPPATH\Controllers\Home.php on line 22.
 1 APPPATH\Controllers\Home.php(22): CodeIgniter\Debug\Exceptions->errorHandler(2, 'Undefined variable $view', 'D:\\proyectos\\reservalo2.0\\app\\Controllers\\Home.php', 22)
 2 SYSTEMPATH\CodeIgniter.php(941): App\Controllers\Home->index()
 3 SYSTEMPATH\CodeIgniter.php(502): CodeIgniter\CodeIgniter->runController(Object(App\Controllers\Home))
 4 SYSTEMPATH\CodeIgniter.php(361): CodeIgniter\CodeIgniter->handleRequest(null, Object(Config\Cache), false)
 5 FCPATH\index.php(79): CodeIgniter\CodeIgniter->run()
INFO - 2026-03-18 18:25:33 --> Session: Class initialized using 'CodeIgniter\Session\Handlers\FileHandler' driver.
INFO - 2026-03-18 18:27:27 --> Session: Class initialized using 'CodeIgniter\Session\Handlers\FileHandler' driver.
INFO - 2026-03-18 18:28:40 --> Session: Class initialized using 'CodeIgniter\Session\Handlers\FileHandler' driver.
INFO - 2026-03-18 18:28:56 --> Session: Class initialized using 'CodeIgniter\Session\Handlers\FileHandler' driver.
ERROR - 2026-03-18 18:38:50 --> Error connecting to the database: mysqli_sql_exception: No se puede establecer una conexión ya que el equipo de destino denegó expresamente dicha conexión in D:\proyectos\reservalo2.0\system\Database\MySQLi\Connection.php:184
Stack trace:
#0 D:\proyectos\reservalo2.0\system\Database\MySQLi\Connection.php(184): mysqli->real_connect('localhost', 'root', Object(SensitiveParameterValue), 'reservalo2', 3306, '', 0)
#1 D:\proyectos\reservalo2.0\system\Database\BaseConnection.php(392): CodeIgniter\Database\MySQLi\Connection->connect(false)
#2 D:\proyectos\reservalo2.0\system\Database\BaseConnection.php(575): CodeIgniter\Database\BaseConnection->initialize()
#3 D:\proyectos\reservalo2.0\system\Database\BaseBuilder.php(1616): CodeIgniter\Database\BaseConnection->query('SELECT `instala...', Array, false)
#4 D:\proyectos\reservalo2.0\app\Models\instalacionesModel.php(173): CodeIgniter\Database\BaseBuilder->get()
#5 D:\proyectos\reservalo2.0\app\Controllers\Home.php(20): App\Models\instalacionesModel->getInstalacionesHome()
#6 D:\proyectos\reservalo2.0\system\CodeIgniter.php(941): App\Controllers\Home->index()
#7 D:\proyectos\reservalo2.0\system\CodeIgniter.php(502): CodeIgniter\CodeIgniter->runController(Object(App\Controllers\Home))
#8 D:\proyectos\reservalo2.0\system\CodeIgniter.php(361): CodeIgniter\CodeIgniter->handleRequest(NULL, Object(Config\Cache), false)
#9 D:\proyectos\reservalo2.0\index.php(79): CodeIgniter\CodeIgniter->run()
#10 {main}

Next CodeIgniter\Database\Exceptions\DatabaseException: No se puede establecer una conexión ya que el equipo de destino denegó expresamente dicha conexión in D:\proyectos\reservalo2.0\system\Database\MySQLi\Connection.php:229
Stack trace:
#0 D:\proyectos\reservalo2.0\system\Database\BaseConnection.php(392): CodeIgniter\Database\MySQLi\Connection->connect(false)
#1 D:\proyectos\reservalo2.0\system\Database\BaseConnection.php(575): CodeIgniter\Database\BaseConnection->initialize()
#2 D:\proyectos\reservalo2.0\system\Database\BaseBuilder.php(1616): CodeIgniter\Database\BaseConnection->query('SELECT `instala...', Array, false)
#3 D:\proyectos\reservalo2.0\app\Models\instalacionesModel.php(173): CodeIgniter\Database\BaseBuilder->get()
#4 D:\proyectos\reservalo2.0\app\Controllers\Home.php(20): App\Models\instalacionesModel->getInstalacionesHome()
#5 D:\proyectos\reservalo2.0\system\CodeIgniter.php(941): App\Controllers\Home->index()
#6 D:\proyectos\reservalo2.0\system\CodeIgniter.php(502): CodeIgniter\CodeIgniter->runController(Object(App\Controllers\Home))
#7 D:\proyectos\reservalo2.0\system\CodeIgniter.php(361): CodeIgniter\CodeIgniter->handleRequest(NULL, Object(Config\Cache), false)
#8 D:\proyectos\reservalo2.0\index.php(79): CodeIgniter\CodeIgniter->run()
#9 {main}
CRITICAL - 2026-03-18 18:38:50 --> CodeIgniter\Database\Exceptions\DatabaseException: Unable to connect to the database.
Main connection [MySQLi]: No se puede establecer una conexión ya que el equipo de destino denegó expresamente dicha conexión
in SYSTEMPATH\Database\BaseConnection.php on line 428.
 1 SYSTEMPATH\Database\BaseConnection.php(575): CodeIgniter\Database\BaseConnection->initialize()
 2 SYSTEMPATH\Database\BaseBuilder.php(1616): CodeIgniter\Database\BaseConnection->query('SELECT `instalaciones`.*, `categorias1`.`nombre` as `categoria_name`, `categorias2`.`nombre` as `categoria_opc_name`, (SELECT imagen1 FROM pistas
                            WHERE pistas.id_instalacion = instalaciones.id_instalacion
                            ORDER BY id_pista ASC LIMIT 1) as imagen1
FROM `instalaciones`
LEFT JOIN `categorias` as `categorias1` ON `instalaciones`.`categoria_principal` = `categorias1`.`id_categoria`
LEFT JOIN `categorias` as `categorias2` ON `instalaciones`.`categoria_opcional1` = `categorias2`.`id_categoria`
 LIMIT 3', [], false)
 3 APPPATH\Models\instalacionesModel.php(173): CodeIgniter\Database\BaseBuilder->get()
 4 APPPATH\Controllers\Home.php(20): App\Models\instalacionesModel->getInstalacionesHome()
 5 SYSTEMPATH\CodeIgniter.php(941): App\Controllers\Home->index()
 6 SYSTEMPATH\CodeIgniter.php(502): CodeIgniter\CodeIgniter->runController(Object(App\Controllers\Home))
 7 SYSTEMPATH\CodeIgniter.php(361): CodeIgniter\CodeIgniter->handleRequest(null, Object(Config\Cache), false)
 8 FCPATH\index.php(79): CodeIgniter\CodeIgniter->run()
INFO - 2026-03-18 18:39:31 --> Session: Class initialized using 'CodeIgniter\Session\Handlers\FileHandler' driver.
INFO - 2026-03-18 18:40:25 --> Session: Class initialized using 'CodeIgniter\Session\Handlers\FileHandler' driver.
INFO - 2026-03-18 18:41:01 --> Session: Class initialized using 'CodeIgniter\Session\Handlers\FileHandler' driver.
INFO - 2026-03-18 18:41:06 --> Session: Class initialized using 'CodeIgniter\Session\Handlers\FileHandler' driver.
INFO - 2026-03-18 18:41:30 --> Session: Class initialized using 'CodeIgniter\Session\Handlers\FileHandler' driver.
INFO - 2026-03-18 18:42:30 --> Session: Class initialized using 'CodeIgniter\Session\Handlers\FileHandler' driver.
INFO - 2026-03-18 18:44:54 --> Session: Class initialized using 'CodeIgniter\Session\Handlers\FileHandler' driver.
INFO - 2026-03-18 18:44:58 --> Session: Class initialized using 'CodeIgniter\Session\Handlers\FileHandler' driver.
