CRITICAL - 2026-04-30 11:45:56 --> ErrorException: Undefined array key "instalacion"
in APPPATH\Controllers\Horarios.php on line 233.
 1 APPPATH\Controllers\Horarios.php(233): CodeIgniter\Debug\Exceptions->errorHandler(2, 'Undefined array key "instalacion"', 'C:\\Proyectos\\reservalo2.0\\app\\Controllers\\Horarios.php', 233)
 2 SYSTEMPATH\CodeIgniter.php(941): App\Controllers\Horarios->comprobarHorarios()
 3 SYSTEMPATH\CodeIgniter.php(502): CodeIgniter\CodeIgniter->runController(Object(App\Controllers\Horarios))
 4 SYSTEMPATH\CodeIgniter.php(361): CodeIgniter\CodeIgniter->handleRequest(null, Object(Config\Cache), false)
 5 FCPATH\index.php(79): CodeIgniter\CodeIgniter->run()
ERROR - 2026-04-30 11:47:17 --> Error connecting to the database: mysqli_sql_exception: No se puede establecer una conexión ya que el equipo de destino denegó expresamente dicha conexión in C:\Proyectos\reservalo2.0\system\Database\MySQLi\Connection.php:184
Stack trace:
#0 C:\Proyectos\reservalo2.0\system\Database\MySQLi\Connection.php(184): mysqli->real_connect('localhost', 'root', Object(SensitiveParameterValue), 'reservalo2', 3306, '', 0)
#1 C:\Proyectos\reservalo2.0\system\Database\BaseConnection.php(392): CodeIgniter\Database\MySQLi\Connection->connect(false)
#2 C:\Proyectos\reservalo2.0\system\Database\BaseConnection.php(575): CodeIgniter\Database\BaseConnection->initialize()
#3 C:\Proyectos\reservalo2.0\system\Database\BaseBuilder.php(1616): CodeIgniter\Database\BaseConnection->query('SELECT `instala...', Array, false)
#4 C:\Proyectos\reservalo2.0\app\Models\instalacionesModel.php(60): CodeIgniter\Database\BaseBuilder->get()
#5 C:\Proyectos\reservalo2.0\app\Controllers\Instalaciones.php(831): App\Models\instalacionesModel->getInstalaciones(NULL)
#6 C:\Proyectos\reservalo2.0\system\CodeIgniter.php(941): App\Controllers\Instalaciones->instalaciones()
#7 C:\Proyectos\reservalo2.0\system\CodeIgniter.php(502): CodeIgniter\CodeIgniter->runController(Object(App\Controllers\Instalaciones))
#8 C:\Proyectos\reservalo2.0\system\CodeIgniter.php(361): CodeIgniter\CodeIgniter->handleRequest(NULL, Object(Config\Cache), false)
#9 C:\Proyectos\reservalo2.0\index.php(79): CodeIgniter\CodeIgniter->run()
#10 {main}

Next CodeIgniter\Database\Exceptions\DatabaseException: No se puede establecer una conexión ya que el equipo de destino denegó expresamente dicha conexión in C:\Proyectos\reservalo2.0\system\Database\MySQLi\Connection.php:229
Stack trace:
#0 C:\Proyectos\reservalo2.0\system\Database\BaseConnection.php(392): CodeIgniter\Database\MySQLi\Connection->connect(false)
#1 C:\Proyectos\reservalo2.0\system\Database\BaseConnection.php(575): CodeIgniter\Database\BaseConnection->initialize()
#2 C:\Proyectos\reservalo2.0\system\Database\BaseBuilder.php(1616): CodeIgniter\Database\BaseConnection->query('SELECT `instala...', Array, false)
#3 C:\Proyectos\reservalo2.0\app\Models\instalacionesModel.php(60): CodeIgniter\Database\BaseBuilder->get()
#4 C:\Proyectos\reservalo2.0\app\Controllers\Instalaciones.php(831): App\Models\instalacionesModel->getInstalaciones(NULL)
#5 C:\Proyectos\reservalo2.0\system\CodeIgniter.php(941): App\Controllers\Instalaciones->instalaciones()
#6 C:\Proyectos\reservalo2.0\system\CodeIgniter.php(502): CodeIgniter\CodeIgniter->runController(Object(App\Controllers\Instalaciones))
#7 C:\Proyectos\reservalo2.0\system\CodeIgniter.php(361): CodeIgniter\CodeIgniter->handleRequest(NULL, Object(Config\Cache), false)
#8 C:\Proyectos\reservalo2.0\index.php(79): CodeIgniter\CodeIgniter->run()
#9 {main}
CRITICAL - 2026-04-30 11:47:17 --> CodeIgniter\Database\Exceptions\DatabaseException: Unable to connect to the database.
Main connection [MySQLi]: No se puede establecer una conexión ya que el equipo de destino denegó expresamente dicha conexión
in SYSTEMPATH\Database\BaseConnection.php on line 428.
 1 SYSTEMPATH\Database\BaseConnection.php(575): CodeIgniter\Database\BaseConnection->initialize()
 2 SYSTEMPATH\Database\BaseBuilder.php(1616): CodeIgniter\Database\BaseConnection->query('SELECT `instalaciones`.*, `categorias1`.`nombre` as `categoria_name`, `categorias2`.`nombre` as `categoria_opc_name`, (SELECT imagen1 FROM pistas
                            WHERE pistas.id_instalacion = instalaciones.id_instalacion
                            ORDER BY id_pista ASC LIMIT 1) as imagen1
FROM `instalaciones`
LEFT JOIN `categorias` as `categorias1` ON `instalaciones`.`categoria_principal` = `categorias1`.`id_categoria`
LEFT JOIN `categorias` as `categorias2` ON `instalaciones`.`categoria_opcional1` = `categorias2`.`id_categoria`', [], false)
 3 APPPATH\Models\instalacionesModel.php(60): CodeIgniter\Database\BaseBuilder->get()
 4 APPPATH\Controllers\Instalaciones.php(831): App\Models\instalacionesModel->getInstalaciones(null)
 5 SYSTEMPATH\CodeIgniter.php(941): App\Controllers\Instalaciones->instalaciones()
 6 SYSTEMPATH\CodeIgniter.php(502): CodeIgniter\CodeIgniter->runController(Object(App\Controllers\Instalaciones))
 7 SYSTEMPATH\CodeIgniter.php(361): CodeIgniter\CodeIgniter->handleRequest(null, Object(Config\Cache), false)
 8 FCPATH\index.php(79): CodeIgniter\CodeIgniter->run()
CRITICAL - 2026-04-30 18:27:10 --> ErrorException: Undefined array key "instalacion"
in APPPATH\Controllers\Horarios.php on line 233.
 1 APPPATH\Controllers\Horarios.php(233): CodeIgniter\Debug\Exceptions->errorHandler(2, 'Undefined array key "instalacion"', 'C:\\Proyectos\\reservalo2.0\\app\\Controllers\\Horarios.php', 233)
 2 SYSTEMPATH\CodeIgniter.php(941): App\Controllers\Horarios->comprobarHorarios()
 3 SYSTEMPATH\CodeIgniter.php(502): CodeIgniter\CodeIgniter->runController(Object(App\Controllers\Horarios))
 4 SYSTEMPATH\CodeIgniter.php(361): CodeIgniter\CodeIgniter->handleRequest(null, Object(Config\Cache), false)
 5 FCPATH\index.php(79): CodeIgniter\CodeIgniter->run()
ERROR - 2026-04-30 21:20:48 --> mysqli_sql_exception: MySQL server has gone away in C:\Proyectos\reservalo2.0\system\Database\MySQLi\Connection.php:306
Stack trace:
#0 C:\Proyectos\reservalo2.0\system\Database\MySQLi\Connection.php(306): mysqli->query('UPDATE `usuario...', 0)
#1 C:\Proyectos\reservalo2.0\system\Database\BaseConnection.php(693): CodeIgniter\Database\MySQLi\Connection->execute('UPDATE `usuario...')
#2 C:\Proyectos\reservalo2.0\system\Database\BaseConnection.php(607): CodeIgniter\Database\BaseConnection->simpleQuery('UPDATE `usuario...')
#3 C:\Proyectos\reservalo2.0\system\Database\BaseBuilder.php(2474): CodeIgniter\Database\BaseConnection->query('UPDATE `usuario...', Array, false)
#4 C:\Proyectos\reservalo2.0\app\Models\loginModel.php(245): CodeIgniter\Database\BaseBuilder->update()
#5 C:\Proyectos\reservalo2.0\app\Controllers\Login.php(382): App\Models\loginModel->setUltimoAcceso(16)
#6 C:\Proyectos\reservalo2.0\app\Controllers\Login.php(60): App\Controllers\Login->accesoUsuario(Array)
#7 C:\Proyectos\reservalo2.0\system\CodeIgniter.php(941): App\Controllers\Login->login()
#8 C:\Proyectos\reservalo2.0\system\CodeIgniter.php(502): CodeIgniter\CodeIgniter->runController(Object(App\Controllers\Login))
#9 C:\Proyectos\reservalo2.0\system\CodeIgniter.php(361): CodeIgniter\CodeIgniter->handleRequest(NULL, Object(Config\Cache), false)
#10 C:\Proyectos\reservalo2.0\index.php(79): CodeIgniter\CodeIgniter->run()
#11 {main}
CRITICAL - 2026-04-30 21:20:49 --> CodeIgniter\Database\Exceptions\DatabaseException: MySQL server has gone away
in SYSTEMPATH\Database\BaseConnection.php on line 647.
 1 SYSTEMPATH\Database\BaseBuilder.php(2474): CodeIgniter\Database\BaseConnection->query('UPDATE `usuarios` SET `ultimo_inicio` = :ultimo_inicio:
WHERE `id_usuario` = :id_usuario:', [...], false)
 2 APPPATH\Models\loginModel.php(245): CodeIgniter\Database\BaseBuilder->update()
 3 APPPATH\Controllers\Login.php(382): App\Models\loginModel->setUltimoAcceso(16)
 4 APPPATH\Controllers\Login.php(60): App\Controllers\Login->accesoUsuario([...])
 5 SYSTEMPATH\CodeIgniter.php(941): App\Controllers\Login->login()
 6 SYSTEMPATH\CodeIgniter.php(502): CodeIgniter\CodeIgniter->runController(Object(App\Controllers\Login))
 7 SYSTEMPATH\CodeIgniter.php(361): CodeIgniter\CodeIgniter->handleRequest(null, Object(Config\Cache), false)
 8 FCPATH\index.php(79): CodeIgniter\CodeIgniter->run()
CRITICAL - 2026-04-30 21:20:49 --> [Caused by] CodeIgniter\Database\Exceptions\DatabaseException: MySQL server has gone away
in SYSTEMPATH\Database\MySQLi\Connection.php on line 311.
 1 SYSTEMPATH\Database\BaseConnection.php(693): CodeIgniter\Database\MySQLi\Connection->execute('UPDATE `usuarios` SET `ultimo_inicio` = \'2026-04-30 21:20:39\'
WHERE `id_usuario` = 16')
 2 SYSTEMPATH\Database\BaseConnection.php(607): CodeIgniter\Database\BaseConnection->simpleQuery('UPDATE `usuarios` SET `ultimo_inicio` = \'2026-04-30 21:20:39\'
WHERE `id_usuario` = 16')
 3 SYSTEMPATH\Database\BaseBuilder.php(2474): CodeIgniter\Database\BaseConnection->query('UPDATE `usuarios` SET `ultimo_inicio` = :ultimo_inicio:
WHERE `id_usuario` = :id_usuario:', [...], false)
 4 APPPATH\Models\loginModel.php(245): CodeIgniter\Database\BaseBuilder->update()
 5 APPPATH\Controllers\Login.php(382): App\Models\loginModel->setUltimoAcceso(16)
 6 APPPATH\Controllers\Login.php(60): App\Controllers\Login->accesoUsuario([...])
 7 SYSTEMPATH\CodeIgniter.php(941): App\Controllers\Login->login()
 8 SYSTEMPATH\CodeIgniter.php(502): CodeIgniter\CodeIgniter->runController(Object(App\Controllers\Login))
 9 SYSTEMPATH\CodeIgniter.php(361): CodeIgniter\CodeIgniter->handleRequest(null, Object(Config\Cache), false)
10 FCPATH\index.php(79): CodeIgniter\CodeIgniter->run()
CRITICAL - 2026-04-30 21:20:49 --> [Caused by] mysqli_sql_exception: MySQL server has gone away
in SYSTEMPATH\Database\MySQLi\Connection.php on line 306.
 1 SYSTEMPATH\Database\MySQLi\Connection.php(306): mysqli->query('UPDATE `usuarios` SET `ultimo_inicio` = \'2026-04-30 21:20:39\'
WHERE `id_usuario` = 16', 0)
 2 SYSTEMPATH\Database\BaseConnection.php(693): CodeIgniter\Database\MySQLi\Connection->execute('UPDATE `usuarios` SET `ultimo_inicio` = \'2026-04-30 21:20:39\'
WHERE `id_usuario` = 16')
 3 SYSTEMPATH\Database\BaseConnection.php(607): CodeIgniter\Database\BaseConnection->simpleQuery('UPDATE `usuarios` SET `ultimo_inicio` = \'2026-04-30 21:20:39\'
WHERE `id_usuario` = 16')
 4 SYSTEMPATH\Database\BaseBuilder.php(2474): CodeIgniter\Database\BaseConnection->query('UPDATE `usuarios` SET `ultimo_inicio` = :ultimo_inicio:
WHERE `id_usuario` = :id_usuario:', [...], false)
 5 APPPATH\Models\loginModel.php(245): CodeIgniter\Database\BaseBuilder->update()
 6 APPPATH\Controllers\Login.php(382): App\Models\loginModel->setUltimoAcceso(16)
 7 APPPATH\Controllers\Login.php(60): App\Controllers\Login->accesoUsuario([...])
 8 SYSTEMPATH\CodeIgniter.php(941): App\Controllers\Login->login()
 9 SYSTEMPATH\CodeIgniter.php(502): CodeIgniter\CodeIgniter->runController(Object(App\Controllers\Login))
10 SYSTEMPATH\CodeIgniter.php(361): CodeIgniter\CodeIgniter->handleRequest(null, Object(Config\Cache), false)
11 FCPATH\index.php(79): CodeIgniter\CodeIgniter->run()
