CRITICAL - 2026-05-29 00:01:31 --> ErrorException: Undefined array key 0
in APPPATH\Controllers\Reservas.php on line 559.
 1 APPPATH\Controllers\Reservas.php(559): CodeIgniter\Debug\Exceptions->errorHandler(2, 'Undefined array key 0', 'C:\\Proyectos\\reservalo2.0\\app\\Controllers\\Reservas.php', 559)
 2 SYSTEMPATH\CodeIgniter.php(941): App\Controllers\Reservas->checkIn()
 3 SYSTEMPATH\CodeIgniter.php(502): CodeIgniter\CodeIgniter->runController(Object(App\Controllers\Reservas))
 4 SYSTEMPATH\CodeIgniter.php(361): CodeIgniter\CodeIgniter->handleRequest(null, Object(Config\Cache), false)
 5 FCPATH\index.php(79): CodeIgniter\CodeIgniter->run()
CRITICAL - 2026-05-29 00:01:49 --> ErrorException: Trying to access array offset on value of type int
in APPPATH\Controllers\Reservas.php on line 596.
 1 APPPATH\Controllers\Reservas.php(596): CodeIgniter\Debug\Exceptions->errorHandler(2, 'Trying to access array offset on value of type int', 'C:\\Proyectos\\reservalo2.0\\app\\Controllers\\Reservas.php', 596)
 2 SYSTEMPATH\CodeIgniter.php(941): App\Controllers\Reservas->deshacerCheckIn()
 3 SYSTEMPATH\CodeIgniter.php(502): CodeIgniter\CodeIgniter->runController(Object(App\Controllers\Reservas))
 4 SYSTEMPATH\CodeIgniter.php(361): CodeIgniter\CodeIgniter->handleRequest(null, Object(Config\Cache), false)
 5 FCPATH\index.php(79): CodeIgniter\CodeIgniter->run()
CRITICAL - 2026-05-29 00:02:44 --> ErrorException: Undefined array key "id_pista"
in APPPATH\Controllers\Reservas.php on line 558.
 1 APPPATH\Controllers\Reservas.php(558): CodeIgniter\Debug\Exceptions->errorHandler(2, 'Undefined array key "id_pista"', 'C:\\Proyectos\\reservalo2.0\\app\\Controllers\\Reservas.php', 558)
 2 SYSTEMPATH\CodeIgniter.php(941): App\Controllers\Reservas->checkIn()
 3 SYSTEMPATH\CodeIgniter.php(502): CodeIgniter\CodeIgniter->runController(Object(App\Controllers\Reservas))
 4 SYSTEMPATH\CodeIgniter.php(361): CodeIgniter\CodeIgniter->handleRequest(null, Object(Config\Cache), false)
 5 FCPATH\index.php(79): CodeIgniter\CodeIgniter->run()
CRITICAL - 2026-05-29 00:03:03 --> ErrorException: Trying to access array offset on value of type int
in APPPATH\Controllers\Reservas.php on line 596.
 1 APPPATH\Controllers\Reservas.php(596): CodeIgniter\Debug\Exceptions->errorHandler(2, 'Trying to access array offset on value of type int', 'C:\\Proyectos\\reservalo2.0\\app\\Controllers\\Reservas.php', 596)
 2 SYSTEMPATH\CodeIgniter.php(941): App\Controllers\Reservas->deshacerCheckIn()
 3 SYSTEMPATH\CodeIgniter.php(502): CodeIgniter\CodeIgniter->runController(Object(App\Controllers\Reservas))
 4 SYSTEMPATH\CodeIgniter.php(361): CodeIgniter\CodeIgniter->handleRequest(null, Object(Config\Cache), false)
 5 FCPATH\index.php(79): CodeIgniter\CodeIgniter->run()
ERROR - 2026-05-29 00:06:38 --> mysqli_sql_exception: You have an error in your SQL syntax; check the manual that corresponds to your MariaDB server version for the right syntax to use near '.`nombre_pista`, `pistas`.`imagen1`, `pistas`.`capacidad_pista`, `pistas`.`pr...' at line 1 in C:\Proyectos\reservalo2.0\system\Database\MySQLi\Connection.php:306
Stack trace:
#0 C:\Proyectos\reservalo2.0\system\Database\MySQLi\Connection.php(306): mysqli->query('SELECT `pistas`...', 0)
#1 C:\Proyectos\reservalo2.0\system\Database\BaseConnection.php(693): CodeIgniter\Database\MySQLi\Connection->execute('SELECT `pistas`...')
#2 C:\Proyectos\reservalo2.0\system\Database\BaseConnection.php(607): CodeIgniter\Database\BaseConnection->simpleQuery('SELECT `pistas`...')
#3 C:\Proyectos\reservalo2.0\system\Database\BaseBuilder.php(1616): CodeIgniter\Database\BaseConnection->query('SELECT `pistas`...', Array, false)
#4 C:\Proyectos\reservalo2.0\app\Models\reservasModel.php(501): CodeIgniter\Database\BaseBuilder->get()
#5 C:\Proyectos\reservalo2.0\app\Controllers\Reservas.php(596): App\Models\reservasModel->getReservaById(234)
#6 C:\Proyectos\reservalo2.0\system\CodeIgniter.php(941): App\Controllers\Reservas->deshacerCheckIn()
#7 C:\Proyectos\reservalo2.0\system\CodeIgniter.php(502): CodeIgniter\CodeIgniter->runController(Object(App\Controllers\Reservas))
#8 C:\Proyectos\reservalo2.0\system\CodeIgniter.php(361): CodeIgniter\CodeIgniter->handleRequest(NULL, Object(Config\Cache), false)
#9 C:\Proyectos\reservalo2.0\index.php(79): CodeIgniter\CodeIgniter->run()
#10 {main}
CRITICAL - 2026-05-29 00:06:38 --> CodeIgniter\Database\Exceptions\DatabaseException: You have an error in your SQL syntax; check the manual that corresponds to your MariaDB server version for the right syntax to use near '.`nombre_pista`, `pistas`.`imagen1`, `pistas`.`capacidad_pista`, `pistas`.`pr...' at line 1
in SYSTEMPATH\Database\BaseConnection.php on line 647.
 1 SYSTEMPATH\Database\BaseBuilder.php(1616): CodeIgniter\Database\BaseConnection->query('SELECT `pistas`.`id_pista` `pistas`.`nombre_pista`, `pistas`.`imagen1`, `pistas`.`capacidad_pista`, `pistas`.`precio_pista`, `usuarios`.`nombre` AS `nombre_usuario`, `usuarios`.`email`, `usuarios`.`telf`, `pedido`.`id_pedido`, `pedido`.`fecha_pedido`, `pedido`.`num_pedido`, `pedido`.`precio_pedido`, `categorias`.`nombre` AS `categoria`, `instalaciones`.`nombre` as `nombre_instalacion`, `instalaciones`.`direccion`, `instalaciones`.`material`, `instalaciones`.`iluminacion`, `instalaciones`.`tipo_reserva`, `reservas`.`id_reserva`, `reservas`.`fecha`, `reservas`.`hora_inicio`, `reservas`.`hora_final`, `reservas`.`pagadas`, `reservas`.`precio_reserva`
FROM `reservas`
JOIN `pedido` ON `pedido`.`id_pedido` = `reservas`.`id_pedido`
JOIN `usuarios` ON `usuarios`.`id_usuario` = `pedido`.`id_usuario`
JOIN `pistas` ON `pistas`.`id_pista` = `reservas`.`id_pista`
JOIN `instalaciones` ON `instalaciones`.`id_instalacion` = `pistas`.`id_instalacion`
JOIN `categorias` ON `categorias`.`id_categoria` = `instalaciones`.`categoria_principal`
WHERE `reservas`.`id_reserva` = :reservas.id_reserva:', [...], false)
 2 APPPATH\Models\reservasModel.php(501): CodeIgniter\Database\BaseBuilder->get()
 3 APPPATH\Controllers\Reservas.php(596): App\Models\reservasModel->getReservaById(234)
 4 SYSTEMPATH\CodeIgniter.php(941): App\Controllers\Reservas->deshacerCheckIn()
 5 SYSTEMPATH\CodeIgniter.php(502): CodeIgniter\CodeIgniter->runController(Object(App\Controllers\Reservas))
 6 SYSTEMPATH\CodeIgniter.php(361): CodeIgniter\CodeIgniter->handleRequest(null, Object(Config\Cache), false)
 7 FCPATH\index.php(79): CodeIgniter\CodeIgniter->run()
CRITICAL - 2026-05-29 00:06:38 --> [Caused by] CodeIgniter\Database\Exceptions\DatabaseException: You have an error in your SQL syntax; check the manual that corresponds to your MariaDB server version for the right syntax to use near '.`nombre_pista`, `pistas`.`imagen1`, `pistas`.`capacidad_pista`, `pistas`.`pr...' at line 1
in SYSTEMPATH\Database\MySQLi\Connection.php on line 311.
 1 SYSTEMPATH\Database\BaseConnection.php(693): CodeIgniter\Database\MySQLi\Connection->execute('SELECT `pistas`.`id_pista` `pistas`.`nombre_pista`, `pistas`.`imagen1`, `pistas`.`capacidad_pista`, `pistas`.`precio_pista`, `usuarios`.`nombre` AS `nombre_usuario`, `usuarios`.`email`, `usuarios`.`telf`, `pedido`.`id_pedido`, `pedido`.`fecha_pedido`, `pedido`.`num_pedido`, `pedido`.`precio_pedido`, `categorias`.`nombre` AS `categoria`, `instalaciones`.`nombre` as `nombre_instalacion`, `instalaciones`.`direccion`, `instalaciones`.`material`, `instalaciones`.`iluminacion`, `instalaciones`.`tipo_reserva`, `reservas`.`id_reserva`, `reservas`.`fecha`, `reservas`.`hora_inicio`, `reservas`.`hora_final`, `reservas`.`pagadas`, `reservas`.`precio_reserva`
FROM `reservas`
JOIN `pedido` ON `pedido`.`id_pedido` = `reservas`.`id_pedido`
JOIN `usuarios` ON `usuarios`.`id_usuario` = `pedido`.`id_usuario`
JOIN `pistas` ON `pistas`.`id_pista` = `reservas`.`id_pista`
JOIN `instalaciones` ON `instalaciones`.`id_instalacion` = `pistas`.`id_instalacion`
JOIN `categorias` ON `categorias`.`id_categoria` = `instalaciones`.`categoria_principal`
WHERE `reservas`.`id_reserva` = 234')
 2 SYSTEMPATH\Database\BaseConnection.php(607): CodeIgniter\Database\BaseConnection->simpleQuery('SELECT `pistas`.`id_pista` `pistas`.`nombre_pista`, `pistas`.`imagen1`, `pistas`.`capacidad_pista`, `pistas`.`precio_pista`, `usuarios`.`nombre` AS `nombre_usuario`, `usuarios`.`email`, `usuarios`.`telf`, `pedido`.`id_pedido`, `pedido`.`fecha_pedido`, `pedido`.`num_pedido`, `pedido`.`precio_pedido`, `categorias`.`nombre` AS `categoria`, `instalaciones`.`nombre` as `nombre_instalacion`, `instalaciones`.`direccion`, `instalaciones`.`material`, `instalaciones`.`iluminacion`, `instalaciones`.`tipo_reserva`, `reservas`.`id_reserva`, `reservas`.`fecha`, `reservas`.`hora_inicio`, `reservas`.`hora_final`, `reservas`.`pagadas`, `reservas`.`precio_reserva`
FROM `reservas`
JOIN `pedido` ON `pedido`.`id_pedido` = `reservas`.`id_pedido`
JOIN `usuarios` ON `usuarios`.`id_usuario` = `pedido`.`id_usuario`
JOIN `pistas` ON `pistas`.`id_pista` = `reservas`.`id_pista`
JOIN `instalaciones` ON `instalaciones`.`id_instalacion` = `pistas`.`id_instalacion`
JOIN `categorias` ON `categorias`.`id_categoria` = `instalaciones`.`categoria_principal`
WHERE `reservas`.`id_reserva` = 234')
 3 SYSTEMPATH\Database\BaseBuilder.php(1616): CodeIgniter\Database\BaseConnection->query('SELECT `pistas`.`id_pista` `pistas`.`nombre_pista`, `pistas`.`imagen1`, `pistas`.`capacidad_pista`, `pistas`.`precio_pista`, `usuarios`.`nombre` AS `nombre_usuario`, `usuarios`.`email`, `usuarios`.`telf`, `pedido`.`id_pedido`, `pedido`.`fecha_pedido`, `pedido`.`num_pedido`, `pedido`.`precio_pedido`, `categorias`.`nombre` AS `categoria`, `instalaciones`.`nombre` as `nombre_instalacion`, `instalaciones`.`direccion`, `instalaciones`.`material`, `instalaciones`.`iluminacion`, `instalaciones`.`tipo_reserva`, `reservas`.`id_reserva`, `reservas`.`fecha`, `reservas`.`hora_inicio`, `reservas`.`hora_final`, `reservas`.`pagadas`, `reservas`.`precio_reserva`
FROM `reservas`
JOIN `pedido` ON `pedido`.`id_pedido` = `reservas`.`id_pedido`
JOIN `usuarios` ON `usuarios`.`id_usuario` = `pedido`.`id_usuario`
JOIN `pistas` ON `pistas`.`id_pista` = `reservas`.`id_pista`
JOIN `instalaciones` ON `instalaciones`.`id_instalacion` = `pistas`.`id_instalacion`
JOIN `categorias` ON `categorias`.`id_categoria` = `instalaciones`.`categoria_principal`
WHERE `reservas`.`id_reserva` = :reservas.id_reserva:', [...], false)
 4 APPPATH\Models\reservasModel.php(501): CodeIgniter\Database\BaseBuilder->get()
 5 APPPATH\Controllers\Reservas.php(596): App\Models\reservasModel->getReservaById(234)
 6 SYSTEMPATH\CodeIgniter.php(941): App\Controllers\Reservas->deshacerCheckIn()
 7 SYSTEMPATH\CodeIgniter.php(502): CodeIgniter\CodeIgniter->runController(Object(App\Controllers\Reservas))
 8 SYSTEMPATH\CodeIgniter.php(361): CodeIgniter\CodeIgniter->handleRequest(null, Object(Config\Cache), false)
 9 FCPATH\index.php(79): CodeIgniter\CodeIgniter->run()
CRITICAL - 2026-05-29 00:06:38 --> [Caused by] mysqli_sql_exception: You have an error in your SQL syntax; check the manual that corresponds to your MariaDB server version for the right syntax to use near '.`nombre_pista`, `pistas`.`imagen1`, `pistas`.`capacidad_pista`, `pistas`.`pr...' at line 1
in SYSTEMPATH\Database\MySQLi\Connection.php on line 306.
 1 SYSTEMPATH\Database\MySQLi\Connection.php(306): mysqli->query('SELECT `pistas`.`id_pista` `pistas`.`nombre_pista`, `pistas`.`imagen1`, `pistas`.`capacidad_pista`, `pistas`.`precio_pista`, `usuarios`.`nombre` AS `nombre_usuario`, `usuarios`.`email`, `usuarios`.`telf`, `pedido`.`id_pedido`, `pedido`.`fecha_pedido`, `pedido`.`num_pedido`, `pedido`.`precio_pedido`, `categorias`.`nombre` AS `categoria`, `instalaciones`.`nombre` as `nombre_instalacion`, `instalaciones`.`direccion`, `instalaciones`.`material`, `instalaciones`.`iluminacion`, `instalaciones`.`tipo_reserva`, `reservas`.`id_reserva`, `reservas`.`fecha`, `reservas`.`hora_inicio`, `reservas`.`hora_final`, `reservas`.`pagadas`, `reservas`.`precio_reserva`
FROM `reservas`
JOIN `pedido` ON `pedido`.`id_pedido` = `reservas`.`id_pedido`
JOIN `usuarios` ON `usuarios`.`id_usuario` = `pedido`.`id_usuario`
JOIN `pistas` ON `pistas`.`id_pista` = `reservas`.`id_pista`
JOIN `instalaciones` ON `instalaciones`.`id_instalacion` = `pistas`.`id_instalacion`
JOIN `categorias` ON `categorias`.`id_categoria` = `instalaciones`.`categoria_principal`
WHERE `reservas`.`id_reserva` = 234', 0)
 2 SYSTEMPATH\Database\BaseConnection.php(693): CodeIgniter\Database\MySQLi\Connection->execute('SELECT `pistas`.`id_pista` `pistas`.`nombre_pista`, `pistas`.`imagen1`, `pistas`.`capacidad_pista`, `pistas`.`precio_pista`, `usuarios`.`nombre` AS `nombre_usuario`, `usuarios`.`email`, `usuarios`.`telf`, `pedido`.`id_pedido`, `pedido`.`fecha_pedido`, `pedido`.`num_pedido`, `pedido`.`precio_pedido`, `categorias`.`nombre` AS `categoria`, `instalaciones`.`nombre` as `nombre_instalacion`, `instalaciones`.`direccion`, `instalaciones`.`material`, `instalaciones`.`iluminacion`, `instalaciones`.`tipo_reserva`, `reservas`.`id_reserva`, `reservas`.`fecha`, `reservas`.`hora_inicio`, `reservas`.`hora_final`, `reservas`.`pagadas`, `reservas`.`precio_reserva`
FROM `reservas`
JOIN `pedido` ON `pedido`.`id_pedido` = `reservas`.`id_pedido`
JOIN `usuarios` ON `usuarios`.`id_usuario` = `pedido`.`id_usuario`
JOIN `pistas` ON `pistas`.`id_pista` = `reservas`.`id_pista`
JOIN `instalaciones` ON `instalaciones`.`id_instalacion` = `pistas`.`id_instalacion`
JOIN `categorias` ON `categorias`.`id_categoria` = `instalaciones`.`categoria_principal`
WHERE `reservas`.`id_reserva` = 234')
 3 SYSTEMPATH\Database\BaseConnection.php(607): CodeIgniter\Database\BaseConnection->simpleQuery('SELECT `pistas`.`id_pista` `pistas`.`nombre_pista`, `pistas`.`imagen1`, `pistas`.`capacidad_pista`, `pistas`.`precio_pista`, `usuarios`.`nombre` AS `nombre_usuario`, `usuarios`.`email`, `usuarios`.`telf`, `pedido`.`id_pedido`, `pedido`.`fecha_pedido`, `pedido`.`num_pedido`, `pedido`.`precio_pedido`, `categorias`.`nombre` AS `categoria`, `instalaciones`.`nombre` as `nombre_instalacion`, `instalaciones`.`direccion`, `instalaciones`.`material`, `instalaciones`.`iluminacion`, `instalaciones`.`tipo_reserva`, `reservas`.`id_reserva`, `reservas`.`fecha`, `reservas`.`hora_inicio`, `reservas`.`hora_final`, `reservas`.`pagadas`, `reservas`.`precio_reserva`
FROM `reservas`
JOIN `pedido` ON `pedido`.`id_pedido` = `reservas`.`id_pedido`
JOIN `usuarios` ON `usuarios`.`id_usuario` = `pedido`.`id_usuario`
JOIN `pistas` ON `pistas`.`id_pista` = `reservas`.`id_pista`
JOIN `instalaciones` ON `instalaciones`.`id_instalacion` = `pistas`.`id_instalacion`
JOIN `categorias` ON `categorias`.`id_categoria` = `instalaciones`.`categoria_principal`
WHERE `reservas`.`id_reserva` = 234')
 4 SYSTEMPATH\Database\BaseBuilder.php(1616): CodeIgniter\Database\BaseConnection->query('SELECT `pistas`.`id_pista` `pistas`.`nombre_pista`, `pistas`.`imagen1`, `pistas`.`capacidad_pista`, `pistas`.`precio_pista`, `usuarios`.`nombre` AS `nombre_usuario`, `usuarios`.`email`, `usuarios`.`telf`, `pedido`.`id_pedido`, `pedido`.`fecha_pedido`, `pedido`.`num_pedido`, `pedido`.`precio_pedido`, `categorias`.`nombre` AS `categoria`, `instalaciones`.`nombre` as `nombre_instalacion`, `instalaciones`.`direccion`, `instalaciones`.`material`, `instalaciones`.`iluminacion`, `instalaciones`.`tipo_reserva`, `reservas`.`id_reserva`, `reservas`.`fecha`, `reservas`.`hora_inicio`, `reservas`.`hora_final`, `reservas`.`pagadas`, `reservas`.`precio_reserva`
FROM `reservas`
JOIN `pedido` ON `pedido`.`id_pedido` = `reservas`.`id_pedido`
JOIN `usuarios` ON `usuarios`.`id_usuario` = `pedido`.`id_usuario`
JOIN `pistas` ON `pistas`.`id_pista` = `reservas`.`id_pista`
JOIN `instalaciones` ON `instalaciones`.`id_instalacion` = `pistas`.`id_instalacion`
JOIN `categorias` ON `categorias`.`id_categoria` = `instalaciones`.`categoria_principal`
WHERE `reservas`.`id_reserva` = :reservas.id_reserva:', [...], false)
 5 APPPATH\Models\reservasModel.php(501): CodeIgniter\Database\BaseBuilder->get()
 6 APPPATH\Controllers\Reservas.php(596): App\Models\reservasModel->getReservaById(234)
 7 SYSTEMPATH\CodeIgniter.php(941): App\Controllers\Reservas->deshacerCheckIn()
 8 SYSTEMPATH\CodeIgniter.php(502): CodeIgniter\CodeIgniter->runController(Object(App\Controllers\Reservas))
 9 SYSTEMPATH\CodeIgniter.php(361): CodeIgniter\CodeIgniter->handleRequest(null, Object(Config\Cache), false)
10 FCPATH\index.php(79): CodeIgniter\CodeIgniter->run()
ERROR - 2026-05-29 00:07:03 --> mysqli_sql_exception: You have an error in your SQL syntax; check the manual that corresponds to your MariaDB server version for the right syntax to use near '.`nombre_pista`, `pistas`.`imagen1`, `pistas`.`capacidad_pista`, `pistas`.`pr...' at line 1 in C:\Proyectos\reservalo2.0\system\Database\MySQLi\Connection.php:306
Stack trace:
#0 C:\Proyectos\reservalo2.0\system\Database\MySQLi\Connection.php(306): mysqli->query('SELECT `pistas`...', 0)
#1 C:\Proyectos\reservalo2.0\system\Database\BaseConnection.php(693): CodeIgniter\Database\MySQLi\Connection->execute('SELECT `pistas`...')
#2 C:\Proyectos\reservalo2.0\system\Database\BaseConnection.php(607): CodeIgniter\Database\BaseConnection->simpleQuery('SELECT `pistas`...')
#3 C:\Proyectos\reservalo2.0\system\Database\BaseBuilder.php(1616): CodeIgniter\Database\BaseConnection->query('SELECT `pistas`...', Array, false)
#4 C:\Proyectos\reservalo2.0\app\Models\reservasModel.php(501): CodeIgniter\Database\BaseBuilder->get()
#5 C:\Proyectos\reservalo2.0\app\Controllers\Reservas.php(546): App\Models\reservasModel->getReservaById(234)
#6 C:\Proyectos\reservalo2.0\system\CodeIgniter.php(941): App\Controllers\Reservas->checkIn()
#7 C:\Proyectos\reservalo2.0\system\CodeIgniter.php(502): CodeIgniter\CodeIgniter->runController(Object(App\Controllers\Reservas))
#8 C:\Proyectos\reservalo2.0\system\CodeIgniter.php(361): CodeIgniter\CodeIgniter->handleRequest(NULL, Object(Config\Cache), false)
#9 C:\Proyectos\reservalo2.0\index.php(79): CodeIgniter\CodeIgniter->run()
#10 {main}
CRITICAL - 2026-05-29 00:08:28 --> CodeIgniter\Database\Exceptions\DatabaseException: You have an error in your SQL syntax; check the manual that corresponds to your MariaDB server version for the right syntax to use near '.`nombre_pista`, `pistas`.`imagen1`, `pistas`.`capacidad_pista`, `pistas`.`pr...' at line 1
in SYSTEMPATH\Database\BaseConnection.php on line 647.
 1 SYSTEMPATH\Database\BaseBuilder.php(1616): CodeIgniter\Database\BaseConnection->query('SELECT `pistas`.`id_pista` `pistas`.`nombre_pista`, `pistas`.`imagen1`, `pistas`.`capacidad_pista`, `pistas`.`precio_pista`, `usuarios`.`nombre` AS `nombre_usuario`, `usuarios`.`email`, `usuarios`.`telf`, `pedido`.`id_pedido`, `pedido`.`fecha_pedido`, `pedido`.`num_pedido`, `pedido`.`precio_pedido`, `categorias`.`nombre` AS `categoria`, `instalaciones`.`nombre` as `nombre_instalacion`, `instalaciones`.`direccion`, `instalaciones`.`material`, `instalaciones`.`iluminacion`, `instalaciones`.`tipo_reserva`, `reservas`.`id_reserva`, `reservas`.`fecha`, `reservas`.`hora_inicio`, `reservas`.`hora_final`, `reservas`.`pagadas`, `reservas`.`precio_reserva`
FROM `reservas`
JOIN `pedido` ON `pedido`.`id_pedido` = `reservas`.`id_pedido`
JOIN `usuarios` ON `usuarios`.`id_usuario` = `pedido`.`id_usuario`
JOIN `pistas` ON `pistas`.`id_pista` = `reservas`.`id_pista`
JOIN `instalaciones` ON `instalaciones`.`id_instalacion` = `pistas`.`id_instalacion`
JOIN `categorias` ON `categorias`.`id_categoria` = `instalaciones`.`categoria_principal`
WHERE `reservas`.`id_reserva` = :reservas.id_reserva:', [...], false)
 2 APPPATH\Models\reservasModel.php(501): CodeIgniter\Database\BaseBuilder->get()
 3 APPPATH\Controllers\Reservas.php(546): App\Models\reservasModel->getReservaById(234)
 4 SYSTEMPATH\CodeIgniter.php(941): App\Controllers\Reservas->checkIn()
 5 SYSTEMPATH\CodeIgniter.php(502): CodeIgniter\CodeIgniter->runController(Object(App\Controllers\Reservas))
 6 SYSTEMPATH\CodeIgniter.php(361): CodeIgniter\CodeIgniter->handleRequest(null, Object(Config\Cache), false)
 7 FCPATH\index.php(79): CodeIgniter\CodeIgniter->run()
CRITICAL - 2026-05-29 00:08:28 --> [Caused by] CodeIgniter\Database\Exceptions\DatabaseException: You have an error in your SQL syntax; check the manual that corresponds to your MariaDB server version for the right syntax to use near '.`nombre_pista`, `pistas`.`imagen1`, `pistas`.`capacidad_pista`, `pistas`.`pr...' at line 1
in SYSTEMPATH\Database\MySQLi\Connection.php on line 311.
 1 SYSTEMPATH\Database\BaseConnection.php(693): CodeIgniter\Database\MySQLi\Connection->execute('SELECT `pistas`.`id_pista` `pistas`.`nombre_pista`, `pistas`.`imagen1`, `pistas`.`capacidad_pista`, `pistas`.`precio_pista`, `usuarios`.`nombre` AS `nombre_usuario`, `usuarios`.`email`, `usuarios`.`telf`, `pedido`.`id_pedido`, `pedido`.`fecha_pedido`, `pedido`.`num_pedido`, `pedido`.`precio_pedido`, `categorias`.`nombre` AS `categoria`, `instalaciones`.`nombre` as `nombre_instalacion`, `instalaciones`.`direccion`, `instalaciones`.`material`, `instalaciones`.`iluminacion`, `instalaciones`.`tipo_reserva`, `reservas`.`id_reserva`, `reservas`.`fecha`, `reservas`.`hora_inicio`, `reservas`.`hora_final`, `reservas`.`pagadas`, `reservas`.`precio_reserva`
FROM `reservas`
JOIN `pedido` ON `pedido`.`id_pedido` = `reservas`.`id_pedido`
JOIN `usuarios` ON `usuarios`.`id_usuario` = `pedido`.`id_usuario`
JOIN `pistas` ON `pistas`.`id_pista` = `reservas`.`id_pista`
JOIN `instalaciones` ON `instalaciones`.`id_instalacion` = `pistas`.`id_instalacion`
JOIN `categorias` ON `categorias`.`id_categoria` = `instalaciones`.`categoria_principal`
WHERE `reservas`.`id_reserva` = 234')
 2 SYSTEMPATH\Database\BaseConnection.php(607): CodeIgniter\Database\BaseConnection->simpleQuery('SELECT `pistas`.`id_pista` `pistas`.`nombre_pista`, `pistas`.`imagen1`, `pistas`.`capacidad_pista`, `pistas`.`precio_pista`, `usuarios`.`nombre` AS `nombre_usuario`, `usuarios`.`email`, `usuarios`.`telf`, `pedido`.`id_pedido`, `pedido`.`fecha_pedido`, `pedido`.`num_pedido`, `pedido`.`precio_pedido`, `categorias`.`nombre` AS `categoria`, `instalaciones`.`nombre` as `nombre_instalacion`, `instalaciones`.`direccion`, `instalaciones`.`material`, `instalaciones`.`iluminacion`, `instalaciones`.`tipo_reserva`, `reservas`.`id_reserva`, `reservas`.`fecha`, `reservas`.`hora_inicio`, `reservas`.`hora_final`, `reservas`.`pagadas`, `reservas`.`precio_reserva`
FROM `reservas`
JOIN `pedido` ON `pedido`.`id_pedido` = `reservas`.`id_pedido`
JOIN `usuarios` ON `usuarios`.`id_usuario` = `pedido`.`id_usuario`
JOIN `pistas` ON `pistas`.`id_pista` = `reservas`.`id_pista`
JOIN `instalaciones` ON `instalaciones`.`id_instalacion` = `pistas`.`id_instalacion`
JOIN `categorias` ON `categorias`.`id_categoria` = `instalaciones`.`categoria_principal`
WHERE `reservas`.`id_reserva` = 234')
 3 SYSTEMPATH\Database\BaseBuilder.php(1616): CodeIgniter\Database\BaseConnection->query('SELECT `pistas`.`id_pista` `pistas`.`nombre_pista`, `pistas`.`imagen1`, `pistas`.`capacidad_pista`, `pistas`.`precio_pista`, `usuarios`.`nombre` AS `nombre_usuario`, `usuarios`.`email`, `usuarios`.`telf`, `pedido`.`id_pedido`, `pedido`.`fecha_pedido`, `pedido`.`num_pedido`, `pedido`.`precio_pedido`, `categorias`.`nombre` AS `categoria`, `instalaciones`.`nombre` as `nombre_instalacion`, `instalaciones`.`direccion`, `instalaciones`.`material`, `instalaciones`.`iluminacion`, `instalaciones`.`tipo_reserva`, `reservas`.`id_reserva`, `reservas`.`fecha`, `reservas`.`hora_inicio`, `reservas`.`hora_final`, `reservas`.`pagadas`, `reservas`.`precio_reserva`
FROM `reservas`
JOIN `pedido` ON `pedido`.`id_pedido` = `reservas`.`id_pedido`
JOIN `usuarios` ON `usuarios`.`id_usuario` = `pedido`.`id_usuario`
JOIN `pistas` ON `pistas`.`id_pista` = `reservas`.`id_pista`
JOIN `instalaciones` ON `instalaciones`.`id_instalacion` = `pistas`.`id_instalacion`
JOIN `categorias` ON `categorias`.`id_categoria` = `instalaciones`.`categoria_principal`
WHERE `reservas`.`id_reserva` = :reservas.id_reserva:', [...], false)
 4 APPPATH\Models\reservasModel.php(501): CodeIgniter\Database\BaseBuilder->get()
 5 APPPATH\Controllers\Reservas.php(546): App\Models\reservasModel->getReservaById(234)
 6 SYSTEMPATH\CodeIgniter.php(941): App\Controllers\Reservas->checkIn()
 7 SYSTEMPATH\CodeIgniter.php(502): CodeIgniter\CodeIgniter->runController(Object(App\Controllers\Reservas))
 8 SYSTEMPATH\CodeIgniter.php(361): CodeIgniter\CodeIgniter->handleRequest(null, Object(Config\Cache), false)
 9 FCPATH\index.php(79): CodeIgniter\CodeIgniter->run()
CRITICAL - 2026-05-29 00:08:28 --> [Caused by] mysqli_sql_exception: You have an error in your SQL syntax; check the manual that corresponds to your MariaDB server version for the right syntax to use near '.`nombre_pista`, `pistas`.`imagen1`, `pistas`.`capacidad_pista`, `pistas`.`pr...' at line 1
in SYSTEMPATH\Database\MySQLi\Connection.php on line 306.
 1 SYSTEMPATH\Database\MySQLi\Connection.php(306): mysqli->query('SELECT `pistas`.`id_pista` `pistas`.`nombre_pista`, `pistas`.`imagen1`, `pistas`.`capacidad_pista`, `pistas`.`precio_pista`, `usuarios`.`nombre` AS `nombre_usuario`, `usuarios`.`email`, `usuarios`.`telf`, `pedido`.`id_pedido`, `pedido`.`fecha_pedido`, `pedido`.`num_pedido`, `pedido`.`precio_pedido`, `categorias`.`nombre` AS `categoria`, `instalaciones`.`nombre` as `nombre_instalacion`, `instalaciones`.`direccion`, `instalaciones`.`material`, `instalaciones`.`iluminacion`, `instalaciones`.`tipo_reserva`, `reservas`.`id_reserva`, `reservas`.`fecha`, `reservas`.`hora_inicio`, `reservas`.`hora_final`, `reservas`.`pagadas`, `reservas`.`precio_reserva`
FROM `reservas`
JOIN `pedido` ON `pedido`.`id_pedido` = `reservas`.`id_pedido`
JOIN `usuarios` ON `usuarios`.`id_usuario` = `pedido`.`id_usuario`
JOIN `pistas` ON `pistas`.`id_pista` = `reservas`.`id_pista`
JOIN `instalaciones` ON `instalaciones`.`id_instalacion` = `pistas`.`id_instalacion`
JOIN `categorias` ON `categorias`.`id_categoria` = `instalaciones`.`categoria_principal`
WHERE `reservas`.`id_reserva` = 234', 0)
 2 SYSTEMPATH\Database\BaseConnection.php(693): CodeIgniter\Database\MySQLi\Connection->execute('SELECT `pistas`.`id_pista` `pistas`.`nombre_pista`, `pistas`.`imagen1`, `pistas`.`capacidad_pista`, `pistas`.`precio_pista`, `usuarios`.`nombre` AS `nombre_usuario`, `usuarios`.`email`, `usuarios`.`telf`, `pedido`.`id_pedido`, `pedido`.`fecha_pedido`, `pedido`.`num_pedido`, `pedido`.`precio_pedido`, `categorias`.`nombre` AS `categoria`, `instalaciones`.`nombre` as `nombre_instalacion`, `instalaciones`.`direccion`, `instalaciones`.`material`, `instalaciones`.`iluminacion`, `instalaciones`.`tipo_reserva`, `reservas`.`id_reserva`, `reservas`.`fecha`, `reservas`.`hora_inicio`, `reservas`.`hora_final`, `reservas`.`pagadas`, `reservas`.`precio_reserva`
FROM `reservas`
JOIN `pedido` ON `pedido`.`id_pedido` = `reservas`.`id_pedido`
JOIN `usuarios` ON `usuarios`.`id_usuario` = `pedido`.`id_usuario`
JOIN `pistas` ON `pistas`.`id_pista` = `reservas`.`id_pista`
JOIN `instalaciones` ON `instalaciones`.`id_instalacion` = `pistas`.`id_instalacion`
JOIN `categorias` ON `categorias`.`id_categoria` = `instalaciones`.`categoria_principal`
WHERE `reservas`.`id_reserva` = 234')
 3 SYSTEMPATH\Database\BaseConnection.php(607): CodeIgniter\Database\BaseConnection->simpleQuery('SELECT `pistas`.`id_pista` `pistas`.`nombre_pista`, `pistas`.`imagen1`, `pistas`.`capacidad_pista`, `pistas`.`precio_pista`, `usuarios`.`nombre` AS `nombre_usuario`, `usuarios`.`email`, `usuarios`.`telf`, `pedido`.`id_pedido`, `pedido`.`fecha_pedido`, `pedido`.`num_pedido`, `pedido`.`precio_pedido`, `categorias`.`nombre` AS `categoria`, `instalaciones`.`nombre` as `nombre_instalacion`, `instalaciones`.`direccion`, `instalaciones`.`material`, `instalaciones`.`iluminacion`, `instalaciones`.`tipo_reserva`, `reservas`.`id_reserva`, `reservas`.`fecha`, `reservas`.`hora_inicio`, `reservas`.`hora_final`, `reservas`.`pagadas`, `reservas`.`precio_reserva`
FROM `reservas`
JOIN `pedido` ON `pedido`.`id_pedido` = `reservas`.`id_pedido`
JOIN `usuarios` ON `usuarios`.`id_usuario` = `pedido`.`id_usuario`
JOIN `pistas` ON `pistas`.`id_pista` = `reservas`.`id_pista`
JOIN `instalaciones` ON `instalaciones`.`id_instalacion` = `pistas`.`id_instalacion`
JOIN `categorias` ON `categorias`.`id_categoria` = `instalaciones`.`categoria_principal`
WHERE `reservas`.`id_reserva` = 234')
 4 SYSTEMPATH\Database\BaseBuilder.php(1616): CodeIgniter\Database\BaseConnection->query('SELECT `pistas`.`id_pista` `pistas`.`nombre_pista`, `pistas`.`imagen1`, `pistas`.`capacidad_pista`, `pistas`.`precio_pista`, `usuarios`.`nombre` AS `nombre_usuario`, `usuarios`.`email`, `usuarios`.`telf`, `pedido`.`id_pedido`, `pedido`.`fecha_pedido`, `pedido`.`num_pedido`, `pedido`.`precio_pedido`, `categorias`.`nombre` AS `categoria`, `instalaciones`.`nombre` as `nombre_instalacion`, `instalaciones`.`direccion`, `instalaciones`.`material`, `instalaciones`.`iluminacion`, `instalaciones`.`tipo_reserva`, `reservas`.`id_reserva`, `reservas`.`fecha`, `reservas`.`hora_inicio`, `reservas`.`hora_final`, `reservas`.`pagadas`, `reservas`.`precio_reserva`
FROM `reservas`
JOIN `pedido` ON `pedido`.`id_pedido` = `reservas`.`id_pedido`
JOIN `usuarios` ON `usuarios`.`id_usuario` = `pedido`.`id_usuario`
JOIN `pistas` ON `pistas`.`id_pista` = `reservas`.`id_pista`
JOIN `instalaciones` ON `instalaciones`.`id_instalacion` = `pistas`.`id_instalacion`
JOIN `categorias` ON `categorias`.`id_categoria` = `instalaciones`.`categoria_principal`
WHERE `reservas`.`id_reserva` = :reservas.id_reserva:', [...], false)
 5 APPPATH\Models\reservasModel.php(501): CodeIgniter\Database\BaseBuilder->get()
 6 APPPATH\Controllers\Reservas.php(546): App\Models\reservasModel->getReservaById(234)
 7 SYSTEMPATH\CodeIgniter.php(941): App\Controllers\Reservas->checkIn()
 8 SYSTEMPATH\CodeIgniter.php(502): CodeIgniter\CodeIgniter->runController(Object(App\Controllers\Reservas))
 9 SYSTEMPATH\CodeIgniter.php(361): CodeIgniter\CodeIgniter->handleRequest(null, Object(Config\Cache), false)
10 FCPATH\index.php(79): CodeIgniter\CodeIgniter->run()
CRITICAL - 2026-05-29 00:08:54 --> ErrorException: Trying to access array offset on value of type int
in APPPATH\Controllers\Reservas.php on line 596.
 1 APPPATH\Controllers\Reservas.php(596): CodeIgniter\Debug\Exceptions->errorHandler(2, 'Trying to access array offset on value of type int', 'C:\\Proyectos\\reservalo2.0\\app\\Controllers\\Reservas.php', 596)
 2 SYSTEMPATH\CodeIgniter.php(941): App\Controllers\Reservas->deshacerCheckIn()
 3 SYSTEMPATH\CodeIgniter.php(502): CodeIgniter\CodeIgniter->runController(Object(App\Controllers\Reservas))
 4 SYSTEMPATH\CodeIgniter.php(361): CodeIgniter\CodeIgniter->handleRequest(null, Object(Config\Cache), false)
 5 FCPATH\index.php(79): CodeIgniter\CodeIgniter->run()
ERROR - 2026-05-29 11:47:36 --> ❌ Error enviando email: {"statusCode":403,"name":"validation_error","message":"You can only send testing emails to your own email address (danielruizdeveloper@gmail.com). To send emails to other recipients, please verify a domain at resend.com/domains, and change the `from` address to an email using this domain."}
