INFO - 2025-10-31 07:08:42 --> Session: Class initialized using 'CodeIgniter\Session\Handlers\FileHandler' driver.
INFO - 2025-10-31 07:11:05 --> Session: Class initialized using 'CodeIgniter\Session\Handlers\FileHandler' driver.
INFO - 2025-10-31 07:11:06 --> Session: Class initialized using 'CodeIgniter\Session\Handlers\FileHandler' driver.
INFO - 2025-10-31 07:11:26 --> Session: Class initialized using 'CodeIgniter\Session\Handlers\FileHandler' driver.
INFO - 2025-10-31 07:11:32 --> Session: Class initialized using 'CodeIgniter\Session\Handlers\FileHandler' driver.
INFO - 2025-10-31 08:25:21 --> Session: Class initialized using 'CodeIgniter\Session\Handlers\FileHandler' driver.
INFO - 2025-10-31 08:26:14 --> Session: Class initialized using 'CodeIgniter\Session\Handlers\FileHandler' driver.
INFO - 2025-10-31 08:29:17 --> Session: Class initialized using 'CodeIgniter\Session\Handlers\FileHandler' driver.
INFO - 2025-10-31 08:30:37 --> Session: Class initialized using 'CodeIgniter\Session\Handlers\FileHandler' driver.
ERROR - 2025-10-31 08:32:35 --> mysqli_sql_exception: Unknown column 'fecha_fin' in 'field list' in C:\Proyectos\reservalo2.0\system\Database\MySQLi\Connection.php:306
Stack trace:
#0 C:\Proyectos\reservalo2.0\system\Database\MySQLi\Connection.php(306): mysqli->query('INSERT INTO `ti...', 0)
#1 C:\Proyectos\reservalo2.0\system\Database\BaseConnection.php(693): CodeIgniter\Database\MySQLi\Connection->execute('INSERT INTO `ti...')
#2 C:\Proyectos\reservalo2.0\system\Database\BaseConnection.php(607): CodeIgniter\Database\BaseConnection->simpleQuery('INSERT INTO `ti...')
#3 C:\Proyectos\reservalo2.0\system\Database\BaseBuilder.php(2307): CodeIgniter\Database\BaseConnection->query('INSERT INTO `ti...', Array, false)
#4 C:\Proyectos\reservalo2.0\app\Models\horariosModel.php(39): CodeIgniter\Database\BaseBuilder->insert(Array)
#5 C:\Proyectos\reservalo2.0\app\Controllers\Horarios.php(63): App\Models\horariosModel->crearHorario(Array)
#6 C:\Proyectos\reservalo2.0\system\CodeIgniter.php(941): App\Controllers\Horarios->crearHorario()
#7 C:\Proyectos\reservalo2.0\system\CodeIgniter.php(502): CodeIgniter\CodeIgniter->runController(Object(App\Controllers\Horarios))
#8 C:\Proyectos\reservalo2.0\system\CodeIgniter.php(361): CodeIgniter\CodeIgniter->handleRequest(NULL, Object(Config\Cache), false)
#9 C:\Proyectos\reservalo2.0\index.php(79): CodeIgniter\CodeIgniter->run()
#10 {main}
CRITICAL - 2025-10-31 08:32:36 --> CodeIgniter\Database\Exceptions\DatabaseException: Unknown column 'fecha_fin' in 'field list'
in SYSTEMPATH\Database\BaseConnection.php on line 647.
 1 SYSTEMPATH\Database\BaseBuilder.php(2307): CodeIgniter\Database\BaseConnection->query('INSERT INTO `tipo_horario` (`nombre`, `descripcion`, `color`, `fecha_inicio`, `fecha_fin`) VALUES (:nombre:, :descripcion:, :color:, :fecha_inicio:, :fecha_fin:)', [...], false)
 2 APPPATH\Models\horariosModel.php(39): CodeIgniter\Database\BaseBuilder->insert([...])
 3 APPPATH\Controllers\Horarios.php(63): App\Models\horariosModel->crearHorario([...])
 4 SYSTEMPATH\CodeIgniter.php(941): App\Controllers\Horarios->crearHorario()
 5 SYSTEMPATH\CodeIgniter.php(502): CodeIgniter\CodeIgniter->runController(Object(App\Controllers\Horarios))
 6 SYSTEMPATH\CodeIgniter.php(361): CodeIgniter\CodeIgniter->handleRequest(null, Object(Config\Cache), false)
 7 FCPATH\index.php(79): CodeIgniter\CodeIgniter->run()
CRITICAL - 2025-10-31 08:32:36 --> [Caused by] CodeIgniter\Database\Exceptions\DatabaseException: Unknown column 'fecha_fin' in 'field list'
in SYSTEMPATH\Database\MySQLi\Connection.php on line 311.
 1 SYSTEMPATH\Database\BaseConnection.php(693): CodeIgniter\Database\MySQLi\Connection->execute('INSERT INTO `tipo_horario` (`nombre`, `descripcion`, `color`, `fecha_inicio`, `fecha_fin`) VALUES (\'Horario de verano\', \'Horario para los meses de verano\', \'#ff8040\', \'2025-06-09\', \'2025-09-15\')')
 2 SYSTEMPATH\Database\BaseConnection.php(607): CodeIgniter\Database\BaseConnection->simpleQuery('INSERT INTO `tipo_horario` (`nombre`, `descripcion`, `color`, `fecha_inicio`, `fecha_fin`) VALUES (\'Horario de verano\', \'Horario para los meses de verano\', \'#ff8040\', \'2025-06-09\', \'2025-09-15\')')
 3 SYSTEMPATH\Database\BaseBuilder.php(2307): CodeIgniter\Database\BaseConnection->query('INSERT INTO `tipo_horario` (`nombre`, `descripcion`, `color`, `fecha_inicio`, `fecha_fin`) VALUES (:nombre:, :descripcion:, :color:, :fecha_inicio:, :fecha_fin:)', [...], false)
 4 APPPATH\Models\horariosModel.php(39): CodeIgniter\Database\BaseBuilder->insert([...])
 5 APPPATH\Controllers\Horarios.php(63): App\Models\horariosModel->crearHorario([...])
 6 SYSTEMPATH\CodeIgniter.php(941): App\Controllers\Horarios->crearHorario()
 7 SYSTEMPATH\CodeIgniter.php(502): CodeIgniter\CodeIgniter->runController(Object(App\Controllers\Horarios))
 8 SYSTEMPATH\CodeIgniter.php(361): CodeIgniter\CodeIgniter->handleRequest(null, Object(Config\Cache), false)
 9 FCPATH\index.php(79): CodeIgniter\CodeIgniter->run()
CRITICAL - 2025-10-31 08:32:36 --> [Caused by] mysqli_sql_exception: Unknown column 'fecha_fin' in 'field list'
in SYSTEMPATH\Database\MySQLi\Connection.php on line 306.
 1 SYSTEMPATH\Database\MySQLi\Connection.php(306): mysqli->query('INSERT INTO `tipo_horario` (`nombre`, `descripcion`, `color`, `fecha_inicio`, `fecha_fin`) VALUES (\'Horario de verano\', \'Horario para los meses de verano\', \'#ff8040\', \'2025-06-09\', \'2025-09-15\')', 0)
 2 SYSTEMPATH\Database\BaseConnection.php(693): CodeIgniter\Database\MySQLi\Connection->execute('INSERT INTO `tipo_horario` (`nombre`, `descripcion`, `color`, `fecha_inicio`, `fecha_fin`) VALUES (\'Horario de verano\', \'Horario para los meses de verano\', \'#ff8040\', \'2025-06-09\', \'2025-09-15\')')
 3 SYSTEMPATH\Database\BaseConnection.php(607): CodeIgniter\Database\BaseConnection->simpleQuery('INSERT INTO `tipo_horario` (`nombre`, `descripcion`, `color`, `fecha_inicio`, `fecha_fin`) VALUES (\'Horario de verano\', \'Horario para los meses de verano\', \'#ff8040\', \'2025-06-09\', \'2025-09-15\')')
 4 SYSTEMPATH\Database\BaseBuilder.php(2307): CodeIgniter\Database\BaseConnection->query('INSERT INTO `tipo_horario` (`nombre`, `descripcion`, `color`, `fecha_inicio`, `fecha_fin`) VALUES (:nombre:, :descripcion:, :color:, :fecha_inicio:, :fecha_fin:)', [...], false)
 5 APPPATH\Models\horariosModel.php(39): CodeIgniter\Database\BaseBuilder->insert([...])
 6 APPPATH\Controllers\Horarios.php(63): App\Models\horariosModel->crearHorario([...])
 7 SYSTEMPATH\CodeIgniter.php(941): App\Controllers\Horarios->crearHorario()
 8 SYSTEMPATH\CodeIgniter.php(502): CodeIgniter\CodeIgniter->runController(Object(App\Controllers\Horarios))
 9 SYSTEMPATH\CodeIgniter.php(361): CodeIgniter\CodeIgniter->handleRequest(null, Object(Config\Cache), false)
10 FCPATH\index.php(79): CodeIgniter\CodeIgniter->run()
ERROR - 2025-10-31 08:33:11 --> mysqli_sql_exception: Unknown column 'fecha_fin' in 'field list' in C:\Proyectos\reservalo2.0\system\Database\MySQLi\Connection.php:306
Stack trace:
#0 C:\Proyectos\reservalo2.0\system\Database\MySQLi\Connection.php(306): mysqli->query('INSERT INTO `ti...', 0)
#1 C:\Proyectos\reservalo2.0\system\Database\BaseConnection.php(693): CodeIgniter\Database\MySQLi\Connection->execute('INSERT INTO `ti...')
#2 C:\Proyectos\reservalo2.0\system\Database\BaseConnection.php(607): CodeIgniter\Database\BaseConnection->simpleQuery('INSERT INTO `ti...')
#3 C:\Proyectos\reservalo2.0\system\Database\BaseBuilder.php(2307): CodeIgniter\Database\BaseConnection->query('INSERT INTO `ti...', Array, false)
#4 C:\Proyectos\reservalo2.0\app\Models\horariosModel.php(39): CodeIgniter\Database\BaseBuilder->insert(Array)
#5 C:\Proyectos\reservalo2.0\app\Controllers\Horarios.php(63): App\Models\horariosModel->crearHorario(Array)
#6 C:\Proyectos\reservalo2.0\system\CodeIgniter.php(941): App\Controllers\Horarios->crearHorario()
#7 C:\Proyectos\reservalo2.0\system\CodeIgniter.php(502): CodeIgniter\CodeIgniter->runController(Object(App\Controllers\Horarios))
#8 C:\Proyectos\reservalo2.0\system\CodeIgniter.php(361): CodeIgniter\CodeIgniter->handleRequest(NULL, Object(Config\Cache), false)
#9 C:\Proyectos\reservalo2.0\index.php(79): CodeIgniter\CodeIgniter->run()
#10 {main}
CRITICAL - 2025-10-31 08:33:11 --> CodeIgniter\Database\Exceptions\DatabaseException: Unknown column 'fecha_fin' in 'field list'
in SYSTEMPATH\Database\BaseConnection.php on line 647.
 1 SYSTEMPATH\Database\BaseBuilder.php(2307): CodeIgniter\Database\BaseConnection->query('INSERT INTO `tipo_horario` (`nombre`, `descripcion`, `color`, `fecha_inicio`, `fecha_fin`) VALUES (:nombre:, :descripcion:, :color:, :fecha_inicio:, :fecha_fin:)', [...], false)
 2 APPPATH\Models\horariosModel.php(39): CodeIgniter\Database\BaseBuilder->insert([...])
 3 APPPATH\Controllers\Horarios.php(63): App\Models\horariosModel->crearHorario([...])
 4 SYSTEMPATH\CodeIgniter.php(941): App\Controllers\Horarios->crearHorario()
 5 SYSTEMPATH\CodeIgniter.php(502): CodeIgniter\CodeIgniter->runController(Object(App\Controllers\Horarios))
 6 SYSTEMPATH\CodeIgniter.php(361): CodeIgniter\CodeIgniter->handleRequest(null, Object(Config\Cache), false)
 7 FCPATH\index.php(79): CodeIgniter\CodeIgniter->run()
CRITICAL - 2025-10-31 08:33:11 --> [Caused by] CodeIgniter\Database\Exceptions\DatabaseException: Unknown column 'fecha_fin' in 'field list'
in SYSTEMPATH\Database\MySQLi\Connection.php on line 311.
 1 SYSTEMPATH\Database\BaseConnection.php(693): CodeIgniter\Database\MySQLi\Connection->execute('INSERT INTO `tipo_horario` (`nombre`, `descripcion`, `color`, `fecha_inicio`, `fecha_fin`) VALUES (\'Horario de verano\', \'Horario para los meses de verano\', \'#ff8040\', \'2025-06-09\', \'2025-09-15\')')
 2 SYSTEMPATH\Database\BaseConnection.php(607): CodeIgniter\Database\BaseConnection->simpleQuery('INSERT INTO `tipo_horario` (`nombre`, `descripcion`, `color`, `fecha_inicio`, `fecha_fin`) VALUES (\'Horario de verano\', \'Horario para los meses de verano\', \'#ff8040\', \'2025-06-09\', \'2025-09-15\')')
 3 SYSTEMPATH\Database\BaseBuilder.php(2307): CodeIgniter\Database\BaseConnection->query('INSERT INTO `tipo_horario` (`nombre`, `descripcion`, `color`, `fecha_inicio`, `fecha_fin`) VALUES (:nombre:, :descripcion:, :color:, :fecha_inicio:, :fecha_fin:)', [...], false)
 4 APPPATH\Models\horariosModel.php(39): CodeIgniter\Database\BaseBuilder->insert([...])
 5 APPPATH\Controllers\Horarios.php(63): App\Models\horariosModel->crearHorario([...])
 6 SYSTEMPATH\CodeIgniter.php(941): App\Controllers\Horarios->crearHorario()
 7 SYSTEMPATH\CodeIgniter.php(502): CodeIgniter\CodeIgniter->runController(Object(App\Controllers\Horarios))
 8 SYSTEMPATH\CodeIgniter.php(361): CodeIgniter\CodeIgniter->handleRequest(null, Object(Config\Cache), false)
 9 FCPATH\index.php(79): CodeIgniter\CodeIgniter->run()
CRITICAL - 2025-10-31 08:33:11 --> [Caused by] mysqli_sql_exception: Unknown column 'fecha_fin' in 'field list'
in SYSTEMPATH\Database\MySQLi\Connection.php on line 306.
 1 SYSTEMPATH\Database\MySQLi\Connection.php(306): mysqli->query('INSERT INTO `tipo_horario` (`nombre`, `descripcion`, `color`, `fecha_inicio`, `fecha_fin`) VALUES (\'Horario de verano\', \'Horario para los meses de verano\', \'#ff8040\', \'2025-06-09\', \'2025-09-15\')', 0)
 2 SYSTEMPATH\Database\BaseConnection.php(693): CodeIgniter\Database\MySQLi\Connection->execute('INSERT INTO `tipo_horario` (`nombre`, `descripcion`, `color`, `fecha_inicio`, `fecha_fin`) VALUES (\'Horario de verano\', \'Horario para los meses de verano\', \'#ff8040\', \'2025-06-09\', \'2025-09-15\')')
 3 SYSTEMPATH\Database\BaseConnection.php(607): CodeIgniter\Database\BaseConnection->simpleQuery('INSERT INTO `tipo_horario` (`nombre`, `descripcion`, `color`, `fecha_inicio`, `fecha_fin`) VALUES (\'Horario de verano\', \'Horario para los meses de verano\', \'#ff8040\', \'2025-06-09\', \'2025-09-15\')')
 4 SYSTEMPATH\Database\BaseBuilder.php(2307): CodeIgniter\Database\BaseConnection->query('INSERT INTO `tipo_horario` (`nombre`, `descripcion`, `color`, `fecha_inicio`, `fecha_fin`) VALUES (:nombre:, :descripcion:, :color:, :fecha_inicio:, :fecha_fin:)', [...], false)
 5 APPPATH\Models\horariosModel.php(39): CodeIgniter\Database\BaseBuilder->insert([...])
 6 APPPATH\Controllers\Horarios.php(63): App\Models\horariosModel->crearHorario([...])
 7 SYSTEMPATH\CodeIgniter.php(941): App\Controllers\Horarios->crearHorario()
 8 SYSTEMPATH\CodeIgniter.php(502): CodeIgniter\CodeIgniter->runController(Object(App\Controllers\Horarios))
 9 SYSTEMPATH\CodeIgniter.php(361): CodeIgniter\CodeIgniter->handleRequest(null, Object(Config\Cache), false)
10 FCPATH\index.php(79): CodeIgniter\CodeIgniter->run()
ERROR - 2025-10-31 08:33:31 --> mysqli_sql_exception: Unknown column 'fecha_fin' in 'field list' in C:\Proyectos\reservalo2.0\system\Database\MySQLi\Connection.php:306
Stack trace:
#0 C:\Proyectos\reservalo2.0\system\Database\MySQLi\Connection.php(306): mysqli->query('INSERT INTO `ti...', 0)
#1 C:\Proyectos\reservalo2.0\system\Database\BaseConnection.php(693): CodeIgniter\Database\MySQLi\Connection->execute('INSERT INTO `ti...')
#2 C:\Proyectos\reservalo2.0\system\Database\BaseConnection.php(607): CodeIgniter\Database\BaseConnection->simpleQuery('INSERT INTO `ti...')
#3 C:\Proyectos\reservalo2.0\system\Database\BaseBuilder.php(2307): CodeIgniter\Database\BaseConnection->query('INSERT INTO `ti...', Array, false)
#4 C:\Proyectos\reservalo2.0\app\Models\horariosModel.php(39): CodeIgniter\Database\BaseBuilder->insert(Array)
#5 C:\Proyectos\reservalo2.0\app\Controllers\Horarios.php(63): App\Models\horariosModel->crearHorario(Array)
#6 C:\Proyectos\reservalo2.0\system\CodeIgniter.php(941): App\Controllers\Horarios->crearHorario()
#7 C:\Proyectos\reservalo2.0\system\CodeIgniter.php(502): CodeIgniter\CodeIgniter->runController(Object(App\Controllers\Horarios))
#8 C:\Proyectos\reservalo2.0\system\CodeIgniter.php(361): CodeIgniter\CodeIgniter->handleRequest(NULL, Object(Config\Cache), false)
#9 C:\Proyectos\reservalo2.0\index.php(79): CodeIgniter\CodeIgniter->run()
#10 {main}
CRITICAL - 2025-10-31 08:34:20 --> CodeIgniter\Database\Exceptions\DatabaseException: Unknown column 'fecha_fin' in 'field list'
in SYSTEMPATH\Database\BaseConnection.php on line 647.
 1 SYSTEMPATH\Database\BaseBuilder.php(2307): CodeIgniter\Database\BaseConnection->query('INSERT INTO `tipo_horario` (`nombre`, `descripcion`, `color`, `fecha_inicio`, `fecha_fin`) VALUES (:nombre:, :descripcion:, :color:, :fecha_inicio:, :fecha_fin:)', [...], false)
 2 APPPATH\Models\horariosModel.php(39): CodeIgniter\Database\BaseBuilder->insert([...])
 3 APPPATH\Controllers\Horarios.php(63): App\Models\horariosModel->crearHorario([...])
 4 SYSTEMPATH\CodeIgniter.php(941): App\Controllers\Horarios->crearHorario()
 5 SYSTEMPATH\CodeIgniter.php(502): CodeIgniter\CodeIgniter->runController(Object(App\Controllers\Horarios))
 6 SYSTEMPATH\CodeIgniter.php(361): CodeIgniter\CodeIgniter->handleRequest(null, Object(Config\Cache), false)
 7 FCPATH\index.php(79): CodeIgniter\CodeIgniter->run()
CRITICAL - 2025-10-31 08:34:20 --> [Caused by] CodeIgniter\Database\Exceptions\DatabaseException: Unknown column 'fecha_fin' in 'field list'
in SYSTEMPATH\Database\MySQLi\Connection.php on line 311.
 1 SYSTEMPATH\Database\BaseConnection.php(693): CodeIgniter\Database\MySQLi\Connection->execute('INSERT INTO `tipo_horario` (`nombre`, `descripcion`, `color`, `fecha_inicio`, `fecha_fin`) VALUES (\'Horario de verano\', \'Horario para los meses de verano\', \'#ff8040\', \'2025-06-09\', \'2025-09-15\')')
 2 SYSTEMPATH\Database\BaseConnection.php(607): CodeIgniter\Database\BaseConnection->simpleQuery('INSERT INTO `tipo_horario` (`nombre`, `descripcion`, `color`, `fecha_inicio`, `fecha_fin`) VALUES (\'Horario de verano\', \'Horario para los meses de verano\', \'#ff8040\', \'2025-06-09\', \'2025-09-15\')')
 3 SYSTEMPATH\Database\BaseBuilder.php(2307): CodeIgniter\Database\BaseConnection->query('INSERT INTO `tipo_horario` (`nombre`, `descripcion`, `color`, `fecha_inicio`, `fecha_fin`) VALUES (:nombre:, :descripcion:, :color:, :fecha_inicio:, :fecha_fin:)', [...], false)
 4 APPPATH\Models\horariosModel.php(39): CodeIgniter\Database\BaseBuilder->insert([...])
 5 APPPATH\Controllers\Horarios.php(63): App\Models\horariosModel->crearHorario([...])
 6 SYSTEMPATH\CodeIgniter.php(941): App\Controllers\Horarios->crearHorario()
 7 SYSTEMPATH\CodeIgniter.php(502): CodeIgniter\CodeIgniter->runController(Object(App\Controllers\Horarios))
 8 SYSTEMPATH\CodeIgniter.php(361): CodeIgniter\CodeIgniter->handleRequest(null, Object(Config\Cache), false)
 9 FCPATH\index.php(79): CodeIgniter\CodeIgniter->run()
CRITICAL - 2025-10-31 08:34:20 --> [Caused by] mysqli_sql_exception: Unknown column 'fecha_fin' in 'field list'
in SYSTEMPATH\Database\MySQLi\Connection.php on line 306.
 1 SYSTEMPATH\Database\MySQLi\Connection.php(306): mysqli->query('INSERT INTO `tipo_horario` (`nombre`, `descripcion`, `color`, `fecha_inicio`, `fecha_fin`) VALUES (\'Horario de verano\', \'Horario para los meses de verano\', \'#ff8040\', \'2025-06-09\', \'2025-09-15\')', 0)
 2 SYSTEMPATH\Database\BaseConnection.php(693): CodeIgniter\Database\MySQLi\Connection->execute('INSERT INTO `tipo_horario` (`nombre`, `descripcion`, `color`, `fecha_inicio`, `fecha_fin`) VALUES (\'Horario de verano\', \'Horario para los meses de verano\', \'#ff8040\', \'2025-06-09\', \'2025-09-15\')')
 3 SYSTEMPATH\Database\BaseConnection.php(607): CodeIgniter\Database\BaseConnection->simpleQuery('INSERT INTO `tipo_horario` (`nombre`, `descripcion`, `color`, `fecha_inicio`, `fecha_fin`) VALUES (\'Horario de verano\', \'Horario para los meses de verano\', \'#ff8040\', \'2025-06-09\', \'2025-09-15\')')
 4 SYSTEMPATH\Database\BaseBuilder.php(2307): CodeIgniter\Database\BaseConnection->query('INSERT INTO `tipo_horario` (`nombre`, `descripcion`, `color`, `fecha_inicio`, `fecha_fin`) VALUES (:nombre:, :descripcion:, :color:, :fecha_inicio:, :fecha_fin:)', [...], false)
 5 APPPATH\Models\horariosModel.php(39): CodeIgniter\Database\BaseBuilder->insert([...])
 6 APPPATH\Controllers\Horarios.php(63): App\Models\horariosModel->crearHorario([...])
 7 SYSTEMPATH\CodeIgniter.php(941): App\Controllers\Horarios->crearHorario()
 8 SYSTEMPATH\CodeIgniter.php(502): CodeIgniter\CodeIgniter->runController(Object(App\Controllers\Horarios))
 9 SYSTEMPATH\CodeIgniter.php(361): CodeIgniter\CodeIgniter->handleRequest(null, Object(Config\Cache), false)
10 FCPATH\index.php(79): CodeIgniter\CodeIgniter->run()
INFO - 2025-10-31 08:34:25 --> Session: Class initialized using 'CodeIgniter\Session\Handlers\FileHandler' driver.
INFO - 2025-10-31 08:40:09 --> Session: Class initialized using 'CodeIgniter\Session\Handlers\FileHandler' driver.
INFO - 2025-10-31 08:43:20 --> Session: Class initialized using 'CodeIgniter\Session\Handlers\FileHandler' driver.
INFO - 2025-10-31 08:44:51 --> Session: Class initialized using 'CodeIgniter\Session\Handlers\FileHandler' driver.
INFO - 2025-10-31 08:45:38 --> Session: Class initialized using 'CodeIgniter\Session\Handlers\FileHandler' driver.
INFO - 2025-10-31 09:14:41 --> Session: Class initialized using 'CodeIgniter\Session\Handlers\FileHandler' driver.
INFO - 2025-10-31 09:15:14 --> Session: Class initialized using 'CodeIgniter\Session\Handlers\FileHandler' driver.
INFO - 2025-10-31 09:16:21 --> Session: Class initialized using 'CodeIgniter\Session\Handlers\FileHandler' driver.
INFO - 2025-10-31 09:22:07 --> Session: Class initialized using 'CodeIgniter\Session\Handlers\FileHandler' driver.
INFO - 2025-10-31 10:11:36 --> Session: Class initialized using 'CodeIgniter\Session\Handlers\FileHandler' driver.
CRITICAL - 2025-10-31 10:13:25 --> ErrorException: Undefined array key "manana"
in APPPATH\Controllers\Horarios.php on line 104.
 1 APPPATH\Controllers\Horarios.php(104): CodeIgniter\Debug\Exceptions->errorHandler(2, 'Undefined array key "manana"', 'C:\\Proyectos\\reservalo2.0\\app\\Controllers\\Horarios.php', 104)
 2 SYSTEMPATH\CodeIgniter.php(941): App\Controllers\Horarios->crearHorario()
 3 SYSTEMPATH\CodeIgniter.php(502): CodeIgniter\CodeIgniter->runController(Object(App\Controllers\Horarios))
 4 SYSTEMPATH\CodeIgniter.php(361): CodeIgniter\CodeIgniter->handleRequest(null, Object(Config\Cache), false)
 5 FCPATH\index.php(79): CodeIgniter\CodeIgniter->run()
CRITICAL - 2025-10-31 10:14:37 --> ErrorException: Undefined array key "manana"
in APPPATH\Controllers\Horarios.php on line 104.
 1 APPPATH\Controllers\Horarios.php(104): CodeIgniter\Debug\Exceptions->errorHandler(2, 'Undefined array key "manana"', 'C:\\Proyectos\\reservalo2.0\\app\\Controllers\\Horarios.php', 104)
 2 SYSTEMPATH\CodeIgniter.php(941): App\Controllers\Horarios->crearHorario()
 3 SYSTEMPATH\CodeIgniter.php(502): CodeIgniter\CodeIgniter->runController(Object(App\Controllers\Horarios))
 4 SYSTEMPATH\CodeIgniter.php(361): CodeIgniter\CodeIgniter->handleRequest(null, Object(Config\Cache), false)
 5 FCPATH\index.php(79): CodeIgniter\CodeIgniter->run()
INFO - 2025-10-31 10:15:37 --> Session: Class initialized using 'CodeIgniter\Session\Handlers\FileHandler' driver.
INFO - 2025-10-31 10:20:05 --> Session: Class initialized using 'CodeIgniter\Session\Handlers\FileHandler' driver.
INFO - 2025-10-31 10:24:02 --> Session: Class initialized using 'CodeIgniter\Session\Handlers\FileHandler' driver.
INFO - 2025-10-31 10:24:30 --> Session: Class initialized using 'CodeIgniter\Session\Handlers\FileHandler' driver.
INFO - 2025-10-31 10:27:02 --> Session: Class initialized using 'CodeIgniter\Session\Handlers\FileHandler' driver.
INFO - 2025-10-31 10:27:58 --> Session: Class initialized using 'CodeIgniter\Session\Handlers\FileHandler' driver.
INFO - 2025-10-31 10:28:13 --> Session: Class initialized using 'CodeIgniter\Session\Handlers\FileHandler' driver.
INFO - 2025-10-31 10:29:09 --> Session: Class initialized using 'CodeIgniter\Session\Handlers\FileHandler' driver.
INFO - 2025-10-31 10:39:14 --> Session: Class initialized using 'CodeIgniter\Session\Handlers\FileHandler' driver.
INFO - 2025-10-31 10:52:45 --> Session: Class initialized using 'CodeIgniter\Session\Handlers\FileHandler' driver.
INFO - 2025-10-31 10:54:06 --> Session: Class initialized using 'CodeIgniter\Session\Handlers\FileHandler' driver.
INFO - 2025-10-31 10:54:40 --> Session: Class initialized using 'CodeIgniter\Session\Handlers\FileHandler' driver.
INFO - 2025-10-31 10:55:09 --> Session: Class initialized using 'CodeIgniter\Session\Handlers\FileHandler' driver.
INFO - 2025-10-31 10:55:39 --> Session: Class initialized using 'CodeIgniter\Session\Handlers\FileHandler' driver.
INFO - 2025-10-31 10:55:54 --> Session: Class initialized using 'CodeIgniter\Session\Handlers\FileHandler' driver.
INFO - 2025-10-31 10:56:08 --> Session: Class initialized using 'CodeIgniter\Session\Handlers\FileHandler' driver.
INFO - 2025-10-31 10:56:55 --> Session: Class initialized using 'CodeIgniter\Session\Handlers\FileHandler' driver.
INFO - 2025-10-31 10:57:40 --> Session: Class initialized using 'CodeIgniter\Session\Handlers\FileHandler' driver.
INFO - 2025-10-31 10:57:55 --> Session: Class initialized using 'CodeIgniter\Session\Handlers\FileHandler' driver.
INFO - 2025-10-31 10:58:19 --> Session: Class initialized using 'CodeIgniter\Session\Handlers\FileHandler' driver.
INFO - 2025-10-31 10:58:38 --> Session: Class initialized using 'CodeIgniter\Session\Handlers\FileHandler' driver.
INFO - 2025-10-31 10:58:51 --> Session: Class initialized using 'CodeIgniter\Session\Handlers\FileHandler' driver.
INFO - 2025-10-31 10:59:09 --> Session: Class initialized using 'CodeIgniter\Session\Handlers\FileHandler' driver.
INFO - 2025-10-31 10:59:23 --> Session: Class initialized using 'CodeIgniter\Session\Handlers\FileHandler' driver.
CRITICAL - 2025-10-31 11:31:15 --> ErrorException: Undefined variable $hora
in APPPATH\Views\horarios\horarios.php on line 175.
 1 APPPATH\Views\horarios\horarios.php(175): CodeIgniter\Debug\Exceptions->errorHandler(2, 'Undefined variable $hora', 'C:\\Proyectos\\reservalo2.0\\app\\Views\\horarios\\horarios.php', 175)
 2 SYSTEMPATH\View\View.php(228): include('C:\\Proyectos\\reservalo2.0\\app\\Views\\horarios\\horarios.php')
 3 SYSTEMPATH\View\View.php(231): CodeIgniter\View\View->CodeIgniter\View\{closure}()
 4 SYSTEMPATH\Common.php(1178): CodeIgniter\View\View->render('horarios/horarios', [], true)
 5 APPPATH\Controllers\Horarios.php(37): view('horarios/horarios', [...])
 6 SYSTEMPATH\CodeIgniter.php(941): App\Controllers\Horarios->horario(42)
 7 SYSTEMPATH\CodeIgniter.php(502): CodeIgniter\CodeIgniter->runController(Object(App\Controllers\Horarios))
 8 SYSTEMPATH\CodeIgniter.php(361): CodeIgniter\CodeIgniter->handleRequest(null, Object(Config\Cache), false)
 9 FCPATH\index.php(79): CodeIgniter\CodeIgniter->run()
INFO - 2025-10-31 11:40:10 --> Session: Class initialized using 'CodeIgniter\Session\Handlers\FileHandler' driver.
INFO - 2025-10-31 11:40:31 --> Session: Class initialized using 'CodeIgniter\Session\Handlers\FileHandler' driver.
INFO - 2025-10-31 11:40:45 --> Session: Class initialized using 'CodeIgniter\Session\Handlers\FileHandler' driver.
INFO - 2025-10-31 11:41:03 --> Session: Class initialized using 'CodeIgniter\Session\Handlers\FileHandler' driver.
INFO - 2025-10-31 11:41:13 --> Session: Class initialized using 'CodeIgniter\Session\Handlers\FileHandler' driver.
INFO - 2025-10-31 11:41:25 --> Session: Class initialized using 'CodeIgniter\Session\Handlers\FileHandler' driver.
CRITICAL - 2025-10-31 11:47:49 --> Error: Call to a member function format() on bool
in APPPATH\Views\horarios\horarios.php on line 180.
 1 SYSTEMPATH\View\View.php(228): include()
 2 SYSTEMPATH\View\View.php(231): CodeIgniter\View\View->CodeIgniter\View\{closure}()
 3 SYSTEMPATH\Common.php(1178): CodeIgniter\View\View->render('horarios/horarios', [], true)
 4 APPPATH\Controllers\Horarios.php(37): view('horarios/horarios', [...])
 5 SYSTEMPATH\CodeIgniter.php(941): App\Controllers\Horarios->horario(42)
 6 SYSTEMPATH\CodeIgniter.php(502): CodeIgniter\CodeIgniter->runController(Object(App\Controllers\Horarios))
 7 SYSTEMPATH\CodeIgniter.php(361): CodeIgniter\CodeIgniter->handleRequest(null, Object(Config\Cache), false)
 8 FCPATH\index.php(79): CodeIgniter\CodeIgniter->run()
INFO - 2025-10-31 11:51:39 --> Session: Class initialized using 'CodeIgniter\Session\Handlers\FileHandler' driver.
INFO - 2025-10-31 11:54:31 --> Session: Class initialized using 'CodeIgniter\Session\Handlers\FileHandler' driver.
CRITICAL - 2025-10-31 11:54:32 --> Error: Call to a member function format() on bool
in APPPATH\Views\horarios\horarios.php on line 180.
 1 SYSTEMPATH\View\View.php(228): include()
 2 SYSTEMPATH\View\View.php(231): CodeIgniter\View\View->CodeIgniter\View\{closure}()
 3 SYSTEMPATH\Common.php(1178): CodeIgniter\View\View->render('horarios/horarios', [], true)
 4 APPPATH\Controllers\Horarios.php(37): view('horarios/horarios', [...])
 5 SYSTEMPATH\CodeIgniter.php(941): App\Controllers\Horarios->horario(42)
 6 SYSTEMPATH\CodeIgniter.php(502): CodeIgniter\CodeIgniter->runController(Object(App\Controllers\Horarios))
 7 SYSTEMPATH\CodeIgniter.php(361): CodeIgniter\CodeIgniter->handleRequest(null, Object(Config\Cache), false)
 8 FCPATH\index.php(79): CodeIgniter\CodeIgniter->run()
INFO - 2025-10-31 11:55:01 --> Session: Class initialized using 'CodeIgniter\Session\Handlers\FileHandler' driver.
INFO - 2025-10-31 11:55:26 --> Session: Class initialized using 'CodeIgniter\Session\Handlers\FileHandler' driver.
INFO - 2025-10-31 11:55:55 --> Session: Class initialized using 'CodeIgniter\Session\Handlers\FileHandler' driver.
INFO - 2025-10-31 11:58:16 --> Session: Class initialized using 'CodeIgniter\Session\Handlers\FileHandler' driver.
INFO - 2025-10-31 12:00:35 --> Session: Class initialized using 'CodeIgniter\Session\Handlers\FileHandler' driver.
INFO - 2025-10-31 12:00:52 --> Session: Class initialized using 'CodeIgniter\Session\Handlers\FileHandler' driver.
INFO - 2025-10-31 12:01:07 --> Session: Class initialized using 'CodeIgniter\Session\Handlers\FileHandler' driver.
INFO - 2025-10-31 12:01:55 --> Session: Class initialized using 'CodeIgniter\Session\Handlers\FileHandler' driver.
INFO - 2025-10-31 12:02:05 --> Session: Class initialized using 'CodeIgniter\Session\Handlers\FileHandler' driver.
INFO - 2025-10-31 12:02:43 --> Session: Class initialized using 'CodeIgniter\Session\Handlers\FileHandler' driver.
INFO - 2025-10-31 12:02:56 --> Session: Class initialized using 'CodeIgniter\Session\Handlers\FileHandler' driver.
INFO - 2025-10-31 12:05:35 --> Session: Class initialized using 'CodeIgniter\Session\Handlers\FileHandler' driver.
INFO - 2025-10-31 12:05:51 --> Session: Class initialized using 'CodeIgniter\Session\Handlers\FileHandler' driver.
INFO - 2025-10-31 12:06:15 --> Session: Class initialized using 'CodeIgniter\Session\Handlers\FileHandler' driver.
INFO - 2025-10-31 12:06:45 --> Session: Class initialized using 'CodeIgniter\Session\Handlers\FileHandler' driver.
INFO - 2025-10-31 12:07:30 --> Session: Class initialized using 'CodeIgniter\Session\Handlers\FileHandler' driver.
INFO - 2025-10-31 12:09:30 --> Session: Class initialized using 'CodeIgniter\Session\Handlers\FileHandler' driver.
INFO - 2025-10-31 12:10:02 --> Session: Class initialized using 'CodeIgniter\Session\Handlers\FileHandler' driver.
INFO - 2025-10-31 12:10:53 --> Session: Class initialized using 'CodeIgniter\Session\Handlers\FileHandler' driver.
INFO - 2025-10-31 12:11:15 --> Session: Class initialized using 'CodeIgniter\Session\Handlers\FileHandler' driver.
INFO - 2025-10-31 12:12:59 --> Session: Class initialized using 'CodeIgniter\Session\Handlers\FileHandler' driver.
INFO - 2025-10-31 12:14:14 --> Session: Class initialized using 'CodeIgniter\Session\Handlers\FileHandler' driver.
INFO - 2025-10-31 12:14:55 --> Session: Class initialized using 'CodeIgniter\Session\Handlers\FileHandler' driver.
INFO - 2025-10-31 12:14:56 --> Session: Class initialized using 'CodeIgniter\Session\Handlers\FileHandler' driver.
INFO - 2025-10-31 12:14:56 --> Session: Class initialized using 'CodeIgniter\Session\Handlers\FileHandler' driver.
INFO - 2025-10-31 12:26:22 --> Session: Class initialized using 'CodeIgniter\Session\Handlers\FileHandler' driver.
INFO - 2025-10-31 12:26:51 --> Session: Class initialized using 'CodeIgniter\Session\Handlers\FileHandler' driver.
INFO - 2025-10-31 12:28:04 --> Session: Class initialized using 'CodeIgniter\Session\Handlers\FileHandler' driver.
INFO - 2025-10-31 12:28:35 --> Session: Class initialized using 'CodeIgniter\Session\Handlers\FileHandler' driver.
INFO - 2025-10-31 12:28:56 --> Session: Class initialized using 'CodeIgniter\Session\Handlers\FileHandler' driver.
INFO - 2025-10-31 12:32:57 --> Session: Class initialized using 'CodeIgniter\Session\Handlers\FileHandler' driver.
INFO - 2025-10-31 12:33:20 --> Session: Class initialized using 'CodeIgniter\Session\Handlers\FileHandler' driver.
INFO - 2025-10-31 12:33:38 --> Session: Class initialized using 'CodeIgniter\Session\Handlers\FileHandler' driver.
INFO - 2025-10-31 12:33:56 --> Session: Class initialized using 'CodeIgniter\Session\Handlers\FileHandler' driver.
INFO - 2025-10-31 12:34:09 --> Session: Class initialized using 'CodeIgniter\Session\Handlers\FileHandler' driver.
INFO - 2025-10-31 12:34:23 --> Session: Class initialized using 'CodeIgniter\Session\Handlers\FileHandler' driver.
INFO - 2025-10-31 12:35:08 --> Session: Class initialized using 'CodeIgniter\Session\Handlers\FileHandler' driver.
INFO - 2025-10-31 12:35:59 --> Session: Class initialized using 'CodeIgniter\Session\Handlers\FileHandler' driver.
INFO - 2025-10-31 12:36:12 --> Session: Class initialized using 'CodeIgniter\Session\Handlers\FileHandler' driver.
INFO - 2025-10-31 12:38:30 --> Session: Class initialized using 'CodeIgniter\Session\Handlers\FileHandler' driver.
INFO - 2025-10-31 12:39:04 --> Session: Class initialized using 'CodeIgniter\Session\Handlers\FileHandler' driver.
INFO - 2025-10-31 12:47:24 --> Session: Class initialized using 'CodeIgniter\Session\Handlers\FileHandler' driver.
INFO - 2025-10-31 12:48:18 --> Session: Class initialized using 'CodeIgniter\Session\Handlers\FileHandler' driver.
INFO - 2025-10-31 12:48:46 --> Session: Class initialized using 'CodeIgniter\Session\Handlers\FileHandler' driver.
INFO - 2025-10-31 12:49:11 --> Session: Class initialized using 'CodeIgniter\Session\Handlers\FileHandler' driver.
INFO - 2025-10-31 12:49:32 --> Session: Class initialized using 'CodeIgniter\Session\Handlers\FileHandler' driver.
INFO - 2025-10-31 12:50:13 --> Session: Class initialized using 'CodeIgniter\Session\Handlers\FileHandler' driver.
INFO - 2025-10-31 12:50:35 --> Session: Class initialized using 'CodeIgniter\Session\Handlers\FileHandler' driver.
INFO - 2025-10-31 12:52:43 --> Session: Class initialized using 'CodeIgniter\Session\Handlers\FileHandler' driver.
INFO - 2025-10-31 12:53:54 --> Session: Class initialized using 'CodeIgniter\Session\Handlers\FileHandler' driver.
