CRITICAL - 2026-07-06 13:19:05 --> BadMethodCallException: Call to undefined method App\Models\loginModel::getUsuarioById
in SYSTEMPATH\Model.php on line 874.
 1 APPPATH\Controllers\Instalaciones.php(909): CodeIgniter\Model->__call('getUsuarioById', [...])
 2 SYSTEMPATH\CodeIgniter.php(941): App\Controllers\Instalaciones->instalacion(42)
 3 SYSTEMPATH\CodeIgniter.php(502): CodeIgniter\CodeIgniter->runController(Object(App\Controllers\Instalaciones))
 4 SYSTEMPATH\CodeIgniter.php(361): CodeIgniter\CodeIgniter->handleRequest(null, Object(Config\Cache), false)
 5 FCPATH\index.php(79): CodeIgniter\CodeIgniter->run()
CRITICAL - 2026-07-06 13:20:24 --> BadMethodCallException: Call to undefined method App\Models\loginModel::getUsuarioById
in SYSTEMPATH\Model.php on line 874.
 1 APPPATH\Controllers\Instalaciones.php(909): CodeIgniter\Model->__call('getUsuarioById', [...])
 2 SYSTEMPATH\CodeIgniter.php(941): App\Controllers\Instalaciones->instalacion(42)
 3 SYSTEMPATH\CodeIgniter.php(502): CodeIgniter\CodeIgniter->runController(Object(App\Controllers\Instalaciones))
 4 SYSTEMPATH\CodeIgniter.php(361): CodeIgniter\CodeIgniter->handleRequest(null, Object(Config\Cache), false)
 5 FCPATH\index.php(79): CodeIgniter\CodeIgniter->run()
ERROR - 2026-07-06 13:59:30 --> ❌ Error email: Undefined array key 0
ERROR - 2026-07-06 13:59:30 --> ❌ Error email: Undefined array key 0
CRITICAL - 2026-07-06 13:59:40 --> ErrorException: Undefined array key 0
in APPPATH\Controllers\Reservas.php on line 557.
 1 APPPATH\Controllers\Reservas.php(557): CodeIgniter\Debug\Exceptions->errorHandler(2, 'Undefined array key 0', 'D:\\proyectos\\reservalo2.0\\app\\Controllers\\Reservas.php', 557)
 2 SYSTEMPATH\CodeIgniter.php(941): App\Controllers\Reservas->anularReservasById()
 3 SYSTEMPATH\CodeIgniter.php(502): CodeIgniter\CodeIgniter->runController(Object(App\Controllers\Reservas))
 4 SYSTEMPATH\CodeIgniter.php(361): CodeIgniter\CodeIgniter->handleRequest(null, Object(Config\Cache), false)
 5 FCPATH\index.php(79): CodeIgniter\CodeIgniter->run()
ERROR - 2026-07-06 14:13:30 --> ❌ Error email: Undefined array key 0
ERROR - 2026-07-06 14:13:31 --> ❌ Error email: Undefined array key 0
ERROR - 2026-07-06 14:18:59 --> ❌ Error email: Undefined array key 0
ERROR - 2026-07-06 14:18:59 --> ❌ Error email: Undefined array key 0
ERROR - 2026-07-06 14:21:16 --> ❌ Error email: Undefined array key 0
ERROR - 2026-07-06 14:21:16 --> ❌ Error email: Undefined array key 0
ERROR - 2026-07-06 14:23:25 --> ❌ Error email: Undefined array key 0
ERROR - 2026-07-06 14:23:25 --> ❌ Error email: Undefined array key 0
ERROR - 2026-07-06 14:27:55 --> ❌ Error email: Undefined array key 0
ERROR - 2026-07-06 14:27:55 --> ❌ Error email: Undefined array key 0
ERROR - 2026-07-06 16:53:31 --> ❌ Error email: Undefined array key 0
ERROR - 2026-07-06 16:53:34 --> ❌ Error email: Undefined array key 0
ERROR - 2026-07-06 17:00:37 --> ❌ Error email: Undefined array key 0
ERROR - 2026-07-06 17:00:37 --> ❌ Error email: Undefined array key 0
ERROR - 2026-07-06 17:08:47 --> ❌ Error email: Undefined array key 0
ERROR - 2026-07-06 17:08:47 --> ❌ Error email: Undefined array key 0
