ERROR - 2026-06-03 12:51:38 --> mysqli_sql_exception: Unknown column 'e.id_tipo_horario_base' in 'on clause' in D:\proyectos\reservalo2.0\system\Database\MySQLi\Connection.php:306
Stack trace:
#0 D:\proyectos\reservalo2.0\system\Database\MySQLi\Connection.php(306): mysqli->query('SELECT DISTINCT...', 0)
#1 D:\proyectos\reservalo2.0\system\Database\BaseConnection.php(693): CodeIgniter\Database\MySQLi\Connection->execute('SELECT DISTINCT...')
#2 D:\proyectos\reservalo2.0\system\Database\BaseConnection.php(607): CodeIgniter\Database\BaseConnection->simpleQuery('SELECT DISTINCT...')
#3 D:\proyectos\reservalo2.0\system\Database\BaseBuilder.php(1616): CodeIgniter\Database\BaseConnection->query('SELECT DISTINCT...', Array, false)
#4 D:\proyectos\reservalo2.0\app\Models\reservasModel.php(100): CodeIgniter\Database\BaseBuilder->get()
#5 D:\proyectos\reservalo2.0\app\Controllers\Reservas.php(35): App\Models\reservasModel->getInfoPista(89, '2026-06-03')
#6 D:\proyectos\reservalo2.0\system\CodeIgniter.php(941): App\Controllers\Reservas->getInfoPistasReserva()
#7 D:\proyectos\reservalo2.0\system\CodeIgniter.php(502): CodeIgniter\CodeIgniter->runController(Object(App\Controllers\Reservas))
#8 D:\proyectos\reservalo2.0\system\CodeIgniter.php(361): CodeIgniter\CodeIgniter->handleRequest(NULL, Object(Config\Cache), false)
#9 D:\proyectos\reservalo2.0\index.php(79): CodeIgniter\CodeIgniter->run()
#10 {main}
CRITICAL - 2026-06-03 12:56:39 --> ErrorException: Uncaught mysqli_sql_exception: Unknown column 'e.id_tipo_horario_base' in 'on clause' in D:\proyectos\reservalo2.0\system\Database\MySQLi\Connection.php:306
Stack trace:
#0 D:\proyectos\reservalo2.0\system\Database\MySQLi\Connection.php(306): mysqli->query('SELECT DISTINCT...', 0)
#1 D:\proyectos\reservalo2.0\system\Database\BaseConnection.php(693): CodeIgniter\Database\MySQLi\Connection->execute('SELECT DISTINCT...')
#2 D:\proyectos\reservalo2.0\system\Database\BaseConnection.php(607): CodeIgniter\Database\BaseConnection->simpleQuery('SELECT DISTINCT...')
#3 D:\proyectos\reservalo2.0\system\Database\BaseBuilder.php(1616): CodeIgniter\Database\BaseConnection->query('SELECT DISTINCT...', Array, false)
#4 D:\proyectos\reservalo2.0\app\Models\reservasModel.php(100): CodeIgniter\Database\BaseBuilder->get()
#5 D:\proyectos\reservalo2.0\app\Controllers\Reservas.php(35): App\Models\reservasModel->getInfoPista(89, '2026-06-03')
#6 D:\proyectos\reservalo2.0\system\CodeIgniter.php(941): App\Controllers\Reservas->getInfoPistasReserva()
#7 D:\proyectos\reservalo2.0\system\CodeIgniter.php(502): CodeIgniter\CodeIgniter->runController(Object(App\Controllers\Reservas))
#8 D:\proyectos\reservalo2.0\system\CodeIgniter.php(361): CodeIgniter\CodeIgniter->handleRequest(NULL, Object(Config\Cache), false)
#9 D:\proyectos\reservalo2.0\index.php(79): CodeIgniter\CodeIgniter->run()
#10 {main}

Next CodeIgniter\Database\Exceptions\DatabaseException: Unknown column 'e.id_tipo_horario_base' in 'on clause' in D:\proyectos\reservalo2.0\system\Database\MySQLi\Connection.php:311
Stack trace:
#0 D:\proyectos\reservalo2.0\system\Database\BaseConnection.php(693): CodeIgniter\Database\MySQLi\Connection->execute('SELECT DISTINCT...')
#1 D:\proyectos\reservalo2.0\system\Database\BaseConnection.php(607): CodeIgniter\Database\BaseConnection->simpleQuery('SELECT DISTINCT...')
#2 D:\proyectos\reservalo2.0\system\Database\BaseBuilder.php(1616): CodeIgniter\Database\BaseConnection->query('SELECT DISTINCT...', Array, false)
#3 D:\proyectos\reservalo2.0\app\Models\reservasModel.php(100): CodeIgniter\Database\BaseBuilder->get()
#4 D:\proyectos\reservalo2.0\app\Controllers\Reservas.php(35): App\Models\reservasModel->getInfoPista(89, '2026-06-03')
#5 D:\proyectos\reservalo2.0\system\CodeIgniter.php(941): App\Controllers\Reservas->getInfoPistasReserva()
#6 D:\proyectos\reservalo2.0\system\CodeIgniter.php(502): CodeIgniter\CodeIgniter->runController(Object(App\Controllers\Reservas))
#7 D:\proyectos\reservalo2.0\system\CodeIgniter.php(361): CodeIgniter\CodeIgniter->handleRequest(NULL, Object(Config\Cache), false)
#8 D:\proyectos\reservalo2.0\index.php(79): CodeIgniter\CodeIgniter->run()
#9 {main}
  thrown
in SYSTEMPATH\Database\MySQLi\Connection.php on line 311.
 1 [internal function]: CodeIgniter\Debug\Exceptions->shutdownHandler()
ERROR - 2026-06-03 13:31:57 --> mysqli_sql_exception: Unknown column 'categoria.nombre' in 'field list' in D:\proyectos\reservalo2.0\system\Database\MySQLi\Connection.php:306
Stack trace:
#0 D:\proyectos\reservalo2.0\system\Database\MySQLi\Connection.php(306): mysqli->query('SELECT `pistas`...', 0)
#1 D:\proyectos\reservalo2.0\system\Database\BaseConnection.php(693): CodeIgniter\Database\MySQLi\Connection->execute('SELECT `pistas`...')
#2 D:\proyectos\reservalo2.0\system\Database\BaseConnection.php(607): CodeIgniter\Database\BaseConnection->simpleQuery('SELECT `pistas`...')
#3 D:\proyectos\reservalo2.0\system\Database\BaseBuilder.php(1616): CodeIgniter\Database\BaseConnection->query('SELECT `pistas`...', Array, false)
#4 D:\proyectos\reservalo2.0\app\Models\instalacionesModel.php(160): CodeIgniter\Database\BaseBuilder->get()
#5 D:\proyectos\reservalo2.0\app\Controllers\Reservas.php(37): App\Models\instalacionesModel->getPistasById(89)
#6 D:\proyectos\reservalo2.0\system\CodeIgniter.php(941): App\Controllers\Reservas->getInfoPistasReserva()
#7 D:\proyectos\reservalo2.0\system\CodeIgniter.php(502): CodeIgniter\CodeIgniter->runController(Object(App\Controllers\Reservas))
#8 D:\proyectos\reservalo2.0\system\CodeIgniter.php(361): CodeIgniter\CodeIgniter->handleRequest(NULL, Object(Config\Cache), false)
#9 D:\proyectos\reservalo2.0\index.php(79): CodeIgniter\CodeIgniter->run()
#10 {main}
CRITICAL - 2026-06-03 13:31:58 --> CodeIgniter\Database\Exceptions\DatabaseException: Unknown column 'categoria.nombre' in 'field list'
in SYSTEMPATH\Database\BaseConnection.php on line 647.
 1 SYSTEMPATH\Database\BaseBuilder.php(1616): CodeIgniter\Database\BaseConnection->query('SELECT `pistas`.*, `instalaciones`.`estado`, `r`.`proxima_reserva`, `r`.`reservas`, `categoria`.`nombre` as `categoria`
FROM `pistas`
INNER JOIN `instalaciones` ON `instalaciones`.`id_instalacion` = `pistas`.`id_instalacion`
INNER JOIN `categorias` ON `categorias`.`id_categoria` = `instalaciones`.`categoria_principal`
LEFT JOIN (SELECT `id_pista`, MIN(CASE WHEN DATE(fecha) >= CURDATE() THEN fecha END) as proxima_reserva, COUNT(id_reserva) as reservas
FROM `reservas`
GROUP BY `id_pista`) r ON `r`.`id_pista` = `pistas`.`id_pista`
WHERE `pistas`.`id_pista` = :pistas.id_pista:', [...], false)
 2 APPPATH\Models\instalacionesModel.php(160): CodeIgniter\Database\BaseBuilder->get()
 3 APPPATH\Controllers\Reservas.php(37): App\Models\instalacionesModel->getPistasById(89)
 4 SYSTEMPATH\CodeIgniter.php(941): App\Controllers\Reservas->getInfoPistasReserva()
 5 SYSTEMPATH\CodeIgniter.php(502): CodeIgniter\CodeIgniter->runController(Object(App\Controllers\Reservas))
 6 SYSTEMPATH\CodeIgniter.php(361): CodeIgniter\CodeIgniter->handleRequest(null, Object(Config\Cache), false)
 7 FCPATH\index.php(79): CodeIgniter\CodeIgniter->run()
CRITICAL - 2026-06-03 13:31:58 --> [Caused by] CodeIgniter\Database\Exceptions\DatabaseException: Unknown column 'categoria.nombre' in 'field list'
in SYSTEMPATH\Database\MySQLi\Connection.php on line 311.
 1 SYSTEMPATH\Database\BaseConnection.php(693): CodeIgniter\Database\MySQLi\Connection->execute('SELECT `pistas`.*, `instalaciones`.`estado`, `r`.`proxima_reserva`, `r`.`reservas`, `categoria`.`nombre` as `categoria`
FROM `pistas`
INNER JOIN `instalaciones` ON `instalaciones`.`id_instalacion` = `pistas`.`id_instalacion`
INNER JOIN `categorias` ON `categorias`.`id_categoria` = `instalaciones`.`categoria_principal`
LEFT JOIN (SELECT `id_pista`, MIN(CASE WHEN DATE(fecha) >= CURDATE() THEN fecha END) as proxima_reserva, COUNT(id_reserva) as reservas
FROM `reservas`
GROUP BY `id_pista`) r ON `r`.`id_pista` = `pistas`.`id_pista`
WHERE `pistas`.`id_pista` = 89')
 2 SYSTEMPATH\Database\BaseConnection.php(607): CodeIgniter\Database\BaseConnection->simpleQuery('SELECT `pistas`.*, `instalaciones`.`estado`, `r`.`proxima_reserva`, `r`.`reservas`, `categoria`.`nombre` as `categoria`
FROM `pistas`
INNER JOIN `instalaciones` ON `instalaciones`.`id_instalacion` = `pistas`.`id_instalacion`
INNER JOIN `categorias` ON `categorias`.`id_categoria` = `instalaciones`.`categoria_principal`
LEFT JOIN (SELECT `id_pista`, MIN(CASE WHEN DATE(fecha) >= CURDATE() THEN fecha END) as proxima_reserva, COUNT(id_reserva) as reservas
FROM `reservas`
GROUP BY `id_pista`) r ON `r`.`id_pista` = `pistas`.`id_pista`
WHERE `pistas`.`id_pista` = 89')
 3 SYSTEMPATH\Database\BaseBuilder.php(1616): CodeIgniter\Database\BaseConnection->query('SELECT `pistas`.*, `instalaciones`.`estado`, `r`.`proxima_reserva`, `r`.`reservas`, `categoria`.`nombre` as `categoria`
FROM `pistas`
INNER JOIN `instalaciones` ON `instalaciones`.`id_instalacion` = `pistas`.`id_instalacion`
INNER JOIN `categorias` ON `categorias`.`id_categoria` = `instalaciones`.`categoria_principal`
LEFT JOIN (SELECT `id_pista`, MIN(CASE WHEN DATE(fecha) >= CURDATE() THEN fecha END) as proxima_reserva, COUNT(id_reserva) as reservas
FROM `reservas`
GROUP BY `id_pista`) r ON `r`.`id_pista` = `pistas`.`id_pista`
WHERE `pistas`.`id_pista` = :pistas.id_pista:', [...], false)
 4 APPPATH\Models\instalacionesModel.php(160): CodeIgniter\Database\BaseBuilder->get()
 5 APPPATH\Controllers\Reservas.php(37): App\Models\instalacionesModel->getPistasById(89)
 6 SYSTEMPATH\CodeIgniter.php(941): App\Controllers\Reservas->getInfoPistasReserva()
 7 SYSTEMPATH\CodeIgniter.php(502): CodeIgniter\CodeIgniter->runController(Object(App\Controllers\Reservas))
 8 SYSTEMPATH\CodeIgniter.php(361): CodeIgniter\CodeIgniter->handleRequest(null, Object(Config\Cache), false)
 9 FCPATH\index.php(79): CodeIgniter\CodeIgniter->run()
CRITICAL - 2026-06-03 13:31:58 --> [Caused by] mysqli_sql_exception: Unknown column 'categoria.nombre' in 'field list'
in SYSTEMPATH\Database\MySQLi\Connection.php on line 306.
 1 SYSTEMPATH\Database\MySQLi\Connection.php(306): mysqli->query('SELECT `pistas`.*, `instalaciones`.`estado`, `r`.`proxima_reserva`, `r`.`reservas`, `categoria`.`nombre` as `categoria`
FROM `pistas`
INNER JOIN `instalaciones` ON `instalaciones`.`id_instalacion` = `pistas`.`id_instalacion`
INNER JOIN `categorias` ON `categorias`.`id_categoria` = `instalaciones`.`categoria_principal`
LEFT JOIN (SELECT `id_pista`, MIN(CASE WHEN DATE(fecha) >= CURDATE() THEN fecha END) as proxima_reserva, COUNT(id_reserva) as reservas
FROM `reservas`
GROUP BY `id_pista`) r ON `r`.`id_pista` = `pistas`.`id_pista`
WHERE `pistas`.`id_pista` = 89', 0)
 2 SYSTEMPATH\Database\BaseConnection.php(693): CodeIgniter\Database\MySQLi\Connection->execute('SELECT `pistas`.*, `instalaciones`.`estado`, `r`.`proxima_reserva`, `r`.`reservas`, `categoria`.`nombre` as `categoria`
FROM `pistas`
INNER JOIN `instalaciones` ON `instalaciones`.`id_instalacion` = `pistas`.`id_instalacion`
INNER JOIN `categorias` ON `categorias`.`id_categoria` = `instalaciones`.`categoria_principal`
LEFT JOIN (SELECT `id_pista`, MIN(CASE WHEN DATE(fecha) >= CURDATE() THEN fecha END) as proxima_reserva, COUNT(id_reserva) as reservas
FROM `reservas`
GROUP BY `id_pista`) r ON `r`.`id_pista` = `pistas`.`id_pista`
WHERE `pistas`.`id_pista` = 89')
 3 SYSTEMPATH\Database\BaseConnection.php(607): CodeIgniter\Database\BaseConnection->simpleQuery('SELECT `pistas`.*, `instalaciones`.`estado`, `r`.`proxima_reserva`, `r`.`reservas`, `categoria`.`nombre` as `categoria`
FROM `pistas`
INNER JOIN `instalaciones` ON `instalaciones`.`id_instalacion` = `pistas`.`id_instalacion`
INNER JOIN `categorias` ON `categorias`.`id_categoria` = `instalaciones`.`categoria_principal`
LEFT JOIN (SELECT `id_pista`, MIN(CASE WHEN DATE(fecha) >= CURDATE() THEN fecha END) as proxima_reserva, COUNT(id_reserva) as reservas
FROM `reservas`
GROUP BY `id_pista`) r ON `r`.`id_pista` = `pistas`.`id_pista`
WHERE `pistas`.`id_pista` = 89')
 4 SYSTEMPATH\Database\BaseBuilder.php(1616): CodeIgniter\Database\BaseConnection->query('SELECT `pistas`.*, `instalaciones`.`estado`, `r`.`proxima_reserva`, `r`.`reservas`, `categoria`.`nombre` as `categoria`
FROM `pistas`
INNER JOIN `instalaciones` ON `instalaciones`.`id_instalacion` = `pistas`.`id_instalacion`
INNER JOIN `categorias` ON `categorias`.`id_categoria` = `instalaciones`.`categoria_principal`
LEFT JOIN (SELECT `id_pista`, MIN(CASE WHEN DATE(fecha) >= CURDATE() THEN fecha END) as proxima_reserva, COUNT(id_reserva) as reservas
FROM `reservas`
GROUP BY `id_pista`) r ON `r`.`id_pista` = `pistas`.`id_pista`
WHERE `pistas`.`id_pista` = :pistas.id_pista:', [...], false)
 5 APPPATH\Models\instalacionesModel.php(160): CodeIgniter\Database\BaseBuilder->get()
 6 APPPATH\Controllers\Reservas.php(37): App\Models\instalacionesModel->getPistasById(89)
 7 SYSTEMPATH\CodeIgniter.php(941): App\Controllers\Reservas->getInfoPistasReserva()
 8 SYSTEMPATH\CodeIgniter.php(502): CodeIgniter\CodeIgniter->runController(Object(App\Controllers\Reservas))
 9 SYSTEMPATH\CodeIgniter.php(361): CodeIgniter\CodeIgniter->handleRequest(null, Object(Config\Cache), false)
10 FCPATH\index.php(79): CodeIgniter\CodeIgniter->run()
ERROR - 2026-06-03 13:32:27 --> mysqli_sql_exception: Unknown column 'categoria.nombre' in 'field list' in D:\proyectos\reservalo2.0\system\Database\MySQLi\Connection.php:306
Stack trace:
#0 D:\proyectos\reservalo2.0\system\Database\MySQLi\Connection.php(306): mysqli->query('SELECT `pistas`...', 0)
#1 D:\proyectos\reservalo2.0\system\Database\BaseConnection.php(693): CodeIgniter\Database\MySQLi\Connection->execute('SELECT `pistas`...')
#2 D:\proyectos\reservalo2.0\system\Database\BaseConnection.php(607): CodeIgniter\Database\BaseConnection->simpleQuery('SELECT `pistas`...')
#3 D:\proyectos\reservalo2.0\system\Database\BaseBuilder.php(1616): CodeIgniter\Database\BaseConnection->query('SELECT `pistas`...', Array, false)
#4 D:\proyectos\reservalo2.0\app\Models\instalacionesModel.php(160): CodeIgniter\Database\BaseBuilder->get()
#5 D:\proyectos\reservalo2.0\app\Controllers\Reservas.php(37): App\Models\instalacionesModel->getPistasById(89)
#6 D:\proyectos\reservalo2.0\system\CodeIgniter.php(941): App\Controllers\Reservas->getInfoPistasReserva()
#7 D:\proyectos\reservalo2.0\system\CodeIgniter.php(502): CodeIgniter\CodeIgniter->runController(Object(App\Controllers\Reservas))
#8 D:\proyectos\reservalo2.0\system\CodeIgniter.php(361): CodeIgniter\CodeIgniter->handleRequest(NULL, Object(Config\Cache), false)
#9 D:\proyectos\reservalo2.0\index.php(79): CodeIgniter\CodeIgniter->run()
#10 {main}
CRITICAL - 2026-06-03 13:32:39 --> CodeIgniter\Database\Exceptions\DatabaseException: Unknown column 'categoria.nombre' in 'field list'
in SYSTEMPATH\Database\BaseConnection.php on line 647.
 1 SYSTEMPATH\Database\BaseBuilder.php(1616): CodeIgniter\Database\BaseConnection->query('SELECT `pistas`.*, `instalaciones`.`estado`, `r`.`proxima_reserva`, `r`.`reservas`, `categoria`.`nombre` as `categoria`
FROM `pistas`
INNER JOIN `instalaciones` ON `instalaciones`.`id_instalacion` = `pistas`.`id_instalacion`
INNER JOIN `categorias` ON `categorias`.`id_categoria` = `instalaciones`.`categoria_principal`
LEFT JOIN (SELECT `id_pista`, MIN(CASE WHEN DATE(fecha) >= CURDATE() THEN fecha END) as proxima_reserva, COUNT(id_reserva) as reservas
FROM `reservas`
GROUP BY `id_pista`) r ON `r`.`id_pista` = `pistas`.`id_pista`
WHERE `pistas`.`id_pista` = :pistas.id_pista:', [...], false)
 2 APPPATH\Models\instalacionesModel.php(160): CodeIgniter\Database\BaseBuilder->get()
 3 APPPATH\Controllers\Reservas.php(37): App\Models\instalacionesModel->getPistasById(89)
 4 SYSTEMPATH\CodeIgniter.php(941): App\Controllers\Reservas->getInfoPistasReserva()
 5 SYSTEMPATH\CodeIgniter.php(502): CodeIgniter\CodeIgniter->runController(Object(App\Controllers\Reservas))
 6 SYSTEMPATH\CodeIgniter.php(361): CodeIgniter\CodeIgniter->handleRequest(null, Object(Config\Cache), false)
 7 FCPATH\index.php(79): CodeIgniter\CodeIgniter->run()
CRITICAL - 2026-06-03 13:32:39 --> [Caused by] CodeIgniter\Database\Exceptions\DatabaseException: Unknown column 'categoria.nombre' in 'field list'
in SYSTEMPATH\Database\MySQLi\Connection.php on line 311.
 1 SYSTEMPATH\Database\BaseConnection.php(693): CodeIgniter\Database\MySQLi\Connection->execute('SELECT `pistas`.*, `instalaciones`.`estado`, `r`.`proxima_reserva`, `r`.`reservas`, `categoria`.`nombre` as `categoria`
FROM `pistas`
INNER JOIN `instalaciones` ON `instalaciones`.`id_instalacion` = `pistas`.`id_instalacion`
INNER JOIN `categorias` ON `categorias`.`id_categoria` = `instalaciones`.`categoria_principal`
LEFT JOIN (SELECT `id_pista`, MIN(CASE WHEN DATE(fecha) >= CURDATE() THEN fecha END) as proxima_reserva, COUNT(id_reserva) as reservas
FROM `reservas`
GROUP BY `id_pista`) r ON `r`.`id_pista` = `pistas`.`id_pista`
WHERE `pistas`.`id_pista` = 89')
 2 SYSTEMPATH\Database\BaseConnection.php(607): CodeIgniter\Database\BaseConnection->simpleQuery('SELECT `pistas`.*, `instalaciones`.`estado`, `r`.`proxima_reserva`, `r`.`reservas`, `categoria`.`nombre` as `categoria`
FROM `pistas`
INNER JOIN `instalaciones` ON `instalaciones`.`id_instalacion` = `pistas`.`id_instalacion`
INNER JOIN `categorias` ON `categorias`.`id_categoria` = `instalaciones`.`categoria_principal`
LEFT JOIN (SELECT `id_pista`, MIN(CASE WHEN DATE(fecha) >= CURDATE() THEN fecha END) as proxima_reserva, COUNT(id_reserva) as reservas
FROM `reservas`
GROUP BY `id_pista`) r ON `r`.`id_pista` = `pistas`.`id_pista`
WHERE `pistas`.`id_pista` = 89')
 3 SYSTEMPATH\Database\BaseBuilder.php(1616): CodeIgniter\Database\BaseConnection->query('SELECT `pistas`.*, `instalaciones`.`estado`, `r`.`proxima_reserva`, `r`.`reservas`, `categoria`.`nombre` as `categoria`
FROM `pistas`
INNER JOIN `instalaciones` ON `instalaciones`.`id_instalacion` = `pistas`.`id_instalacion`
INNER JOIN `categorias` ON `categorias`.`id_categoria` = `instalaciones`.`categoria_principal`
LEFT JOIN (SELECT `id_pista`, MIN(CASE WHEN DATE(fecha) >= CURDATE() THEN fecha END) as proxima_reserva, COUNT(id_reserva) as reservas
FROM `reservas`
GROUP BY `id_pista`) r ON `r`.`id_pista` = `pistas`.`id_pista`
WHERE `pistas`.`id_pista` = :pistas.id_pista:', [...], false)
 4 APPPATH\Models\instalacionesModel.php(160): CodeIgniter\Database\BaseBuilder->get()
 5 APPPATH\Controllers\Reservas.php(37): App\Models\instalacionesModel->getPistasById(89)
 6 SYSTEMPATH\CodeIgniter.php(941): App\Controllers\Reservas->getInfoPistasReserva()
 7 SYSTEMPATH\CodeIgniter.php(502): CodeIgniter\CodeIgniter->runController(Object(App\Controllers\Reservas))
 8 SYSTEMPATH\CodeIgniter.php(361): CodeIgniter\CodeIgniter->handleRequest(null, Object(Config\Cache), false)
 9 FCPATH\index.php(79): CodeIgniter\CodeIgniter->run()
CRITICAL - 2026-06-03 13:32:39 --> [Caused by] mysqli_sql_exception: Unknown column 'categoria.nombre' in 'field list'
in SYSTEMPATH\Database\MySQLi\Connection.php on line 306.
 1 SYSTEMPATH\Database\MySQLi\Connection.php(306): mysqli->query('SELECT `pistas`.*, `instalaciones`.`estado`, `r`.`proxima_reserva`, `r`.`reservas`, `categoria`.`nombre` as `categoria`
FROM `pistas`
INNER JOIN `instalaciones` ON `instalaciones`.`id_instalacion` = `pistas`.`id_instalacion`
INNER JOIN `categorias` ON `categorias`.`id_categoria` = `instalaciones`.`categoria_principal`
LEFT JOIN (SELECT `id_pista`, MIN(CASE WHEN DATE(fecha) >= CURDATE() THEN fecha END) as proxima_reserva, COUNT(id_reserva) as reservas
FROM `reservas`
GROUP BY `id_pista`) r ON `r`.`id_pista` = `pistas`.`id_pista`
WHERE `pistas`.`id_pista` = 89', 0)
 2 SYSTEMPATH\Database\BaseConnection.php(693): CodeIgniter\Database\MySQLi\Connection->execute('SELECT `pistas`.*, `instalaciones`.`estado`, `r`.`proxima_reserva`, `r`.`reservas`, `categoria`.`nombre` as `categoria`
FROM `pistas`
INNER JOIN `instalaciones` ON `instalaciones`.`id_instalacion` = `pistas`.`id_instalacion`
INNER JOIN `categorias` ON `categorias`.`id_categoria` = `instalaciones`.`categoria_principal`
LEFT JOIN (SELECT `id_pista`, MIN(CASE WHEN DATE(fecha) >= CURDATE() THEN fecha END) as proxima_reserva, COUNT(id_reserva) as reservas
FROM `reservas`
GROUP BY `id_pista`) r ON `r`.`id_pista` = `pistas`.`id_pista`
WHERE `pistas`.`id_pista` = 89')
 3 SYSTEMPATH\Database\BaseConnection.php(607): CodeIgniter\Database\BaseConnection->simpleQuery('SELECT `pistas`.*, `instalaciones`.`estado`, `r`.`proxima_reserva`, `r`.`reservas`, `categoria`.`nombre` as `categoria`
FROM `pistas`
INNER JOIN `instalaciones` ON `instalaciones`.`id_instalacion` = `pistas`.`id_instalacion`
INNER JOIN `categorias` ON `categorias`.`id_categoria` = `instalaciones`.`categoria_principal`
LEFT JOIN (SELECT `id_pista`, MIN(CASE WHEN DATE(fecha) >= CURDATE() THEN fecha END) as proxima_reserva, COUNT(id_reserva) as reservas
FROM `reservas`
GROUP BY `id_pista`) r ON `r`.`id_pista` = `pistas`.`id_pista`
WHERE `pistas`.`id_pista` = 89')
 4 SYSTEMPATH\Database\BaseBuilder.php(1616): CodeIgniter\Database\BaseConnection->query('SELECT `pistas`.*, `instalaciones`.`estado`, `r`.`proxima_reserva`, `r`.`reservas`, `categoria`.`nombre` as `categoria`
FROM `pistas`
INNER JOIN `instalaciones` ON `instalaciones`.`id_instalacion` = `pistas`.`id_instalacion`
INNER JOIN `categorias` ON `categorias`.`id_categoria` = `instalaciones`.`categoria_principal`
LEFT JOIN (SELECT `id_pista`, MIN(CASE WHEN DATE(fecha) >= CURDATE() THEN fecha END) as proxima_reserva, COUNT(id_reserva) as reservas
FROM `reservas`
GROUP BY `id_pista`) r ON `r`.`id_pista` = `pistas`.`id_pista`
WHERE `pistas`.`id_pista` = :pistas.id_pista:', [...], false)
 5 APPPATH\Models\instalacionesModel.php(160): CodeIgniter\Database\BaseBuilder->get()
 6 APPPATH\Controllers\Reservas.php(37): App\Models\instalacionesModel->getPistasById(89)
 7 SYSTEMPATH\CodeIgniter.php(941): App\Controllers\Reservas->getInfoPistasReserva()
 8 SYSTEMPATH\CodeIgniter.php(502): CodeIgniter\CodeIgniter->runController(Object(App\Controllers\Reservas))
 9 SYSTEMPATH\CodeIgniter.php(361): CodeIgniter\CodeIgniter->handleRequest(null, Object(Config\Cache), false)
10 FCPATH\index.php(79): CodeIgniter\CodeIgniter->run()
CRITICAL - 2026-06-03 17:28:32 --> ErrorException: Undefined array key "completa"
in APPPATH\Controllers\Reservas.php on line 30.
 1 APPPATH\Controllers\Reservas.php(30): CodeIgniter\Debug\Exceptions->errorHandler(2, 'Undefined array key "completa"', 'D:\\proyectos\\reservalo2.0\\app\\Controllers\\Reservas.php', 30)
 2 SYSTEMPATH\CodeIgniter.php(941): App\Controllers\Reservas->getInfoPistasReserva()
 3 SYSTEMPATH\CodeIgniter.php(502): CodeIgniter\CodeIgniter->runController(Object(App\Controllers\Reservas))
 4 SYSTEMPATH\CodeIgniter.php(361): CodeIgniter\CodeIgniter->handleRequest(null, Object(Config\Cache), false)
 5 FCPATH\index.php(79): CodeIgniter\CodeIgniter->run()
CRITICAL - 2026-06-03 17:28:37 --> ErrorException: Undefined array key "completa"
in APPPATH\Controllers\Reservas.php on line 30.
 1 APPPATH\Controllers\Reservas.php(30): CodeIgniter\Debug\Exceptions->errorHandler(2, 'Undefined array key "completa"', 'D:\\proyectos\\reservalo2.0\\app\\Controllers\\Reservas.php', 30)
 2 SYSTEMPATH\CodeIgniter.php(941): App\Controllers\Reservas->getInfoPistasReserva()
 3 SYSTEMPATH\CodeIgniter.php(502): CodeIgniter\CodeIgniter->runController(Object(App\Controllers\Reservas))
 4 SYSTEMPATH\CodeIgniter.php(361): CodeIgniter\CodeIgniter->handleRequest(null, Object(Config\Cache), false)
 5 FCPATH\index.php(79): CodeIgniter\CodeIgniter->run()
CRITICAL - 2026-06-03 17:28:38 --> ErrorException: Undefined array key "completa"
in APPPATH\Controllers\Reservas.php on line 30.
 1 APPPATH\Controllers\Reservas.php(30): CodeIgniter\Debug\Exceptions->errorHandler(2, 'Undefined array key "completa"', 'D:\\proyectos\\reservalo2.0\\app\\Controllers\\Reservas.php', 30)
 2 SYSTEMPATH\CodeIgniter.php(941): App\Controllers\Reservas->getInfoPistasReserva()
 3 SYSTEMPATH\CodeIgniter.php(502): CodeIgniter\CodeIgniter->runController(Object(App\Controllers\Reservas))
 4 SYSTEMPATH\CodeIgniter.php(361): CodeIgniter\CodeIgniter->handleRequest(null, Object(Config\Cache), false)
 5 FCPATH\index.php(79): CodeIgniter\CodeIgniter->run()
CRITICAL - 2026-06-03 17:29:15 --> ErrorException: Undefined array key "completa"
in APPPATH\Controllers\Reservas.php on line 30.
 1 APPPATH\Controllers\Reservas.php(30): CodeIgniter\Debug\Exceptions->errorHandler(2, 'Undefined array key "completa"', 'D:\\proyectos\\reservalo2.0\\app\\Controllers\\Reservas.php', 30)
 2 SYSTEMPATH\CodeIgniter.php(941): App\Controllers\Reservas->getInfoPistasReserva()
 3 SYSTEMPATH\CodeIgniter.php(502): CodeIgniter\CodeIgniter->runController(Object(App\Controllers\Reservas))
 4 SYSTEMPATH\CodeIgniter.php(361): CodeIgniter\CodeIgniter->handleRequest(null, Object(Config\Cache), false)
 5 FCPATH\index.php(79): CodeIgniter\CodeIgniter->run()
ERROR - 2026-06-03 17:31:14 --> ❌ Error enviando email: {"statusCode":403,"name":"validation_error","message":"You can only send testing emails to your own email address (danielruizdeveloper@gmail.com). To send emails to other recipients, please verify a domain at resend.com/domains, and change the `from` address to an email using this domain."}
CRITICAL - 2026-06-03 17:32:35 --> ErrorException: Undefined array key "datos"
in APPPATH\Controllers\Reservas.php on line 139.
 1 APPPATH\Controllers\Reservas.php(139): CodeIgniter\Debug\Exceptions->errorHandler(2, 'Undefined array key "datos"', 'D:\\proyectos\\reservalo2.0\\app\\Controllers\\Reservas.php', 139)
 2 SYSTEMPATH\CodeIgniter.php(941): App\Controllers\Reservas->hacerReserva()
 3 SYSTEMPATH\CodeIgniter.php(502): CodeIgniter\CodeIgniter->runController(Object(App\Controllers\Reservas))
 4 SYSTEMPATH\CodeIgniter.php(361): CodeIgniter\CodeIgniter->handleRequest(null, Object(Config\Cache), false)
 5 FCPATH\index.php(79): CodeIgniter\CodeIgniter->run()
ERROR - 2026-06-03 17:32:56 --> ❌ Error enviando email: {"statusCode":403,"name":"validation_error","message":"You can only send testing emails to your own email address (danielruizdeveloper@gmail.com). To send emails to other recipients, please verify a domain at resend.com/domains, and change the `from` address to an email using this domain."}
ERROR - 2026-06-03 17:33:30 --> ❌ Error enviando email: {"statusCode":403,"name":"validation_error","message":"You can only send testing emails to your own email address (danielruizdeveloper@gmail.com). To send emails to other recipients, please verify a domain at resend.com/domains, and change the `from` address to an email using this domain."}
CRITICAL - 2026-06-03 17:33:36 --> BadMethodCallException: Call to undefined method App\Models\instalacionesModel::getInstalacionByPista
in SYSTEMPATH\Model.php on line 874.
 1 APPPATH\Controllers\Reservas.php(80): CodeIgniter\Model->__call('getInstalacionByPista', [...])
 2 SYSTEMPATH\CodeIgniter.php(941): App\Controllers\Reservas->getInfoPistasReserva()
 3 SYSTEMPATH\CodeIgniter.php(502): CodeIgniter\CodeIgniter->runController(Object(App\Controllers\Reservas))
 4 SYSTEMPATH\CodeIgniter.php(361): CodeIgniter\CodeIgniter->handleRequest(null, Object(Config\Cache), false)
 5 FCPATH\index.php(79): CodeIgniter\CodeIgniter->run()
CRITICAL - 2026-06-03 17:37:15 --> BadMethodCallException: Call to undefined method App\Models\instalacionesModel::getInstalacionByPista
in SYSTEMPATH\Model.php on line 874.
 1 APPPATH\Controllers\Reservas.php(80): CodeIgniter\Model->__call('getInstalacionByPista', [...])
 2 SYSTEMPATH\CodeIgniter.php(941): App\Controllers\Reservas->getInfoPistasReserva()
 3 SYSTEMPATH\CodeIgniter.php(502): CodeIgniter\CodeIgniter->runController(Object(App\Controllers\Reservas))
 4 SYSTEMPATH\CodeIgniter.php(361): CodeIgniter\CodeIgniter->handleRequest(null, Object(Config\Cache), false)
 5 FCPATH\index.php(79): CodeIgniter\CodeIgniter->run()
