INFO - 2026-03-03 09:48:23 --> Session: Class initialized using 'CodeIgniter\Session\Handlers\FileHandler' driver.
INFO - 2026-03-03 09:51:34 --> Session: Class initialized using 'CodeIgniter\Session\Handlers\FileHandler' driver.
INFO - 2026-03-03 09:51:35 --> Session: Class initialized using 'CodeIgniter\Session\Handlers\FileHandler' driver.
INFO - 2026-03-03 10:21:27 --> Session: Class initialized using 'CodeIgniter\Session\Handlers\FileHandler' driver.
INFO - 2026-03-03 10:23:59 --> Session: Class initialized using 'CodeIgniter\Session\Handlers\FileHandler' driver.
INFO - 2026-03-03 10:24:30 --> Session: Class initialized using 'CodeIgniter\Session\Handlers\FileHandler' driver.
INFO - 2026-03-03 10:25:05 --> Session: Class initialized using 'CodeIgniter\Session\Handlers\FileHandler' driver.
INFO - 2026-03-03 10:25:47 --> Session: Class initialized using 'CodeIgniter\Session\Handlers\FileHandler' driver.
INFO - 2026-03-03 10:34:36 --> Session: Class initialized using 'CodeIgniter\Session\Handlers\FileHandler' driver.
INFO - 2026-03-03 10:34:55 --> Session: Class initialized using 'CodeIgniter\Session\Handlers\FileHandler' driver.
INFO - 2026-03-03 10:35:14 --> Session: Class initialized using 'CodeIgniter\Session\Handlers\FileHandler' driver.
INFO - 2026-03-03 10:35:20 --> Session: Class initialized using 'CodeIgniter\Session\Handlers\FileHandler' driver.
INFO - 2026-03-03 10:47:30 --> Session: Class initialized using 'CodeIgniter\Session\Handlers\FileHandler' driver.
INFO - 2026-03-03 10:47:35 --> Session: Class initialized using 'CodeIgniter\Session\Handlers\FileHandler' driver.
ERROR - 2026-03-03 10:47:41 --> mysqli_sql_exception: MySQL server has gone away in C:\Proyectos\reservalo2.0\system\Database\MySQLi\Connection.php:306
Stack trace:
#0 C:\Proyectos\reservalo2.0\system\Database\MySQLi\Connection.php(306): mysqli->query('SELECT `reserva...', 0)
#1 C:\Proyectos\reservalo2.0\system\Database\BaseConnection.php(693): CodeIgniter\Database\MySQLi\Connection->execute('SELECT `reserva...')
#2 C:\Proyectos\reservalo2.0\system\Database\BaseConnection.php(607): CodeIgniter\Database\BaseConnection->simpleQuery('SELECT `reserva...')
#3 C:\Proyectos\reservalo2.0\system\Database\BaseBuilder.php(1616): CodeIgniter\Database\BaseConnection->query('SELECT `reserva...', Array, false)
#4 C:\Proyectos\reservalo2.0\app\Models\reservasModel.php(306): CodeIgniter\Database\BaseBuilder->get()
#5 C:\Proyectos\reservalo2.0\app\Controllers\Reservas.php(291): App\Models\reservasModel->getReservasByUsuario(16)
#6 C:\Proyectos\reservalo2.0\system\CodeIgniter.php(941): App\Controllers\Reservas->misReservas()
#7 C:\Proyectos\reservalo2.0\system\CodeIgniter.php(502): CodeIgniter\CodeIgniter->runController(Object(App\Controllers\Reservas))
#8 C:\Proyectos\reservalo2.0\system\CodeIgniter.php(361): CodeIgniter\CodeIgniter->handleRequest(NULL, Object(Config\Cache), false)
#9 C:\Proyectos\reservalo2.0\index.php(79): CodeIgniter\CodeIgniter->run()
#10 {main}
CRITICAL - 2026-03-03 10:47:43 --> CodeIgniter\Database\Exceptions\DatabaseException: MySQL server has gone away
in SYSTEMPATH\Database\BaseConnection.php on line 647.
 1 SYSTEMPATH\Database\BaseBuilder.php(1616): CodeIgniter\Database\BaseConnection->query('SELECT `reservas`.*, `pistas`.`nombre_pista`, `pistas`.`imagen1`, `pistas`.`capacidad_pista`, `categorias`.`nombre` AS `categoria`, `instalaciones`.`tipo_reserva`, `instalaciones`.`iluminacion`, `instalaciones`.`material`, `pedido`.`precio_pedido`
FROM `reservas`
INNER JOIN `pistas` ON `pistas`.`id_pista` = `reservas`.`id_pista`
INNER JOIN `instalaciones` ON `instalaciones`.`id_instalacion` = `pistas`.`id_instalacion`
INNER JOIN `categorias` ON `categorias`.`id_categoria` = `instalaciones`.`categoria_principal`
INNER JOIN `pedido` ON `pedido`.`id_pedido` = `reservas`.`id_pedido`
WHERE reservas.id_pedido IN (SELECT DISTINCT `pedido`.`id_pedido`
FROM `pedido`
INNER JOIN `reservas` ON `reservas`.`id_pedido` = `pedido`.`id_pedido`
WHERE `reservas`.`fecha` >= \'2026-03-03\'
AND `pedido`.`id_usuario` = 16)
ORDER BY `reservas`.`fecha` ASC', [], false)
 2 APPPATH\Models\reservasModel.php(306): CodeIgniter\Database\BaseBuilder->get()
 3 APPPATH\Controllers\Reservas.php(291): App\Models\reservasModel->getReservasByUsuario(16)
 4 SYSTEMPATH\CodeIgniter.php(941): App\Controllers\Reservas->misReservas()
 5 SYSTEMPATH\CodeIgniter.php(502): CodeIgniter\CodeIgniter->runController(Object(App\Controllers\Reservas))
 6 SYSTEMPATH\CodeIgniter.php(361): CodeIgniter\CodeIgniter->handleRequest(null, Object(Config\Cache), false)
 7 FCPATH\index.php(79): CodeIgniter\CodeIgniter->run()
CRITICAL - 2026-03-03 10:47:43 --> [Caused by] CodeIgniter\Database\Exceptions\DatabaseException: MySQL server has gone away
in SYSTEMPATH\Database\MySQLi\Connection.php on line 311.
 1 SYSTEMPATH\Database\BaseConnection.php(693): CodeIgniter\Database\MySQLi\Connection->execute('SELECT `reservas`.*, `pistas`.`nombre_pista`, `pistas`.`imagen1`, `pistas`.`capacidad_pista`, `categorias`.`nombre` AS `categoria`, `instalaciones`.`tipo_reserva`, `instalaciones`.`iluminacion`, `instalaciones`.`material`, `pedido`.`precio_pedido`
FROM `reservas`
INNER JOIN `pistas` ON `pistas`.`id_pista` = `reservas`.`id_pista`
INNER JOIN `instalaciones` ON `instalaciones`.`id_instalacion` = `pistas`.`id_instalacion`
INNER JOIN `categorias` ON `categorias`.`id_categoria` = `instalaciones`.`categoria_principal`
INNER JOIN `pedido` ON `pedido`.`id_pedido` = `reservas`.`id_pedido`
WHERE reservas.id_pedido IN (SELECT DISTINCT `pedido`.`id_pedido`
FROM `pedido`
INNER JOIN `reservas` ON `reservas`.`id_pedido` = `pedido`.`id_pedido`
WHERE `reservas`.`fecha` >= \'2026-03-03\'
AND `pedido`.`id_usuario` = 16)
ORDER BY `reservas`.`fecha` ASC')
 2 SYSTEMPATH\Database\BaseConnection.php(607): CodeIgniter\Database\BaseConnection->simpleQuery('SELECT `reservas`.*, `pistas`.`nombre_pista`, `pistas`.`imagen1`, `pistas`.`capacidad_pista`, `categorias`.`nombre` AS `categoria`, `instalaciones`.`tipo_reserva`, `instalaciones`.`iluminacion`, `instalaciones`.`material`, `pedido`.`precio_pedido`
FROM `reservas`
INNER JOIN `pistas` ON `pistas`.`id_pista` = `reservas`.`id_pista`
INNER JOIN `instalaciones` ON `instalaciones`.`id_instalacion` = `pistas`.`id_instalacion`
INNER JOIN `categorias` ON `categorias`.`id_categoria` = `instalaciones`.`categoria_principal`
INNER JOIN `pedido` ON `pedido`.`id_pedido` = `reservas`.`id_pedido`
WHERE reservas.id_pedido IN (SELECT DISTINCT `pedido`.`id_pedido`
FROM `pedido`
INNER JOIN `reservas` ON `reservas`.`id_pedido` = `pedido`.`id_pedido`
WHERE `reservas`.`fecha` >= \'2026-03-03\'
AND `pedido`.`id_usuario` = 16)
ORDER BY `reservas`.`fecha` ASC')
 3 SYSTEMPATH\Database\BaseBuilder.php(1616): CodeIgniter\Database\BaseConnection->query('SELECT `reservas`.*, `pistas`.`nombre_pista`, `pistas`.`imagen1`, `pistas`.`capacidad_pista`, `categorias`.`nombre` AS `categoria`, `instalaciones`.`tipo_reserva`, `instalaciones`.`iluminacion`, `instalaciones`.`material`, `pedido`.`precio_pedido`
FROM `reservas`
INNER JOIN `pistas` ON `pistas`.`id_pista` = `reservas`.`id_pista`
INNER JOIN `instalaciones` ON `instalaciones`.`id_instalacion` = `pistas`.`id_instalacion`
INNER JOIN `categorias` ON `categorias`.`id_categoria` = `instalaciones`.`categoria_principal`
INNER JOIN `pedido` ON `pedido`.`id_pedido` = `reservas`.`id_pedido`
WHERE reservas.id_pedido IN (SELECT DISTINCT `pedido`.`id_pedido`
FROM `pedido`
INNER JOIN `reservas` ON `reservas`.`id_pedido` = `pedido`.`id_pedido`
WHERE `reservas`.`fecha` >= \'2026-03-03\'
AND `pedido`.`id_usuario` = 16)
ORDER BY `reservas`.`fecha` ASC', [], false)
 4 APPPATH\Models\reservasModel.php(306): CodeIgniter\Database\BaseBuilder->get()
 5 APPPATH\Controllers\Reservas.php(291): App\Models\reservasModel->getReservasByUsuario(16)
 6 SYSTEMPATH\CodeIgniter.php(941): App\Controllers\Reservas->misReservas()
 7 SYSTEMPATH\CodeIgniter.php(502): CodeIgniter\CodeIgniter->runController(Object(App\Controllers\Reservas))
 8 SYSTEMPATH\CodeIgniter.php(361): CodeIgniter\CodeIgniter->handleRequest(null, Object(Config\Cache), false)
 9 FCPATH\index.php(79): CodeIgniter\CodeIgniter->run()
CRITICAL - 2026-03-03 10:47:43 --> [Caused by] mysqli_sql_exception: MySQL server has gone away
in SYSTEMPATH\Database\MySQLi\Connection.php on line 306.
 1 SYSTEMPATH\Database\MySQLi\Connection.php(306): mysqli->query('SELECT `reservas`.*, `pistas`.`nombre_pista`, `pistas`.`imagen1`, `pistas`.`capacidad_pista`, `categorias`.`nombre` AS `categoria`, `instalaciones`.`tipo_reserva`, `instalaciones`.`iluminacion`, `instalaciones`.`material`, `pedido`.`precio_pedido`
FROM `reservas`
INNER JOIN `pistas` ON `pistas`.`id_pista` = `reservas`.`id_pista`
INNER JOIN `instalaciones` ON `instalaciones`.`id_instalacion` = `pistas`.`id_instalacion`
INNER JOIN `categorias` ON `categorias`.`id_categoria` = `instalaciones`.`categoria_principal`
INNER JOIN `pedido` ON `pedido`.`id_pedido` = `reservas`.`id_pedido`
WHERE reservas.id_pedido IN (SELECT DISTINCT `pedido`.`id_pedido`
FROM `pedido`
INNER JOIN `reservas` ON `reservas`.`id_pedido` = `pedido`.`id_pedido`
WHERE `reservas`.`fecha` >= \'2026-03-03\'
AND `pedido`.`id_usuario` = 16)
ORDER BY `reservas`.`fecha` ASC', 0)
 2 SYSTEMPATH\Database\BaseConnection.php(693): CodeIgniter\Database\MySQLi\Connection->execute('SELECT `reservas`.*, `pistas`.`nombre_pista`, `pistas`.`imagen1`, `pistas`.`capacidad_pista`, `categorias`.`nombre` AS `categoria`, `instalaciones`.`tipo_reserva`, `instalaciones`.`iluminacion`, `instalaciones`.`material`, `pedido`.`precio_pedido`
FROM `reservas`
INNER JOIN `pistas` ON `pistas`.`id_pista` = `reservas`.`id_pista`
INNER JOIN `instalaciones` ON `instalaciones`.`id_instalacion` = `pistas`.`id_instalacion`
INNER JOIN `categorias` ON `categorias`.`id_categoria` = `instalaciones`.`categoria_principal`
INNER JOIN `pedido` ON `pedido`.`id_pedido` = `reservas`.`id_pedido`
WHERE reservas.id_pedido IN (SELECT DISTINCT `pedido`.`id_pedido`
FROM `pedido`
INNER JOIN `reservas` ON `reservas`.`id_pedido` = `pedido`.`id_pedido`
WHERE `reservas`.`fecha` >= \'2026-03-03\'
AND `pedido`.`id_usuario` = 16)
ORDER BY `reservas`.`fecha` ASC')
 3 SYSTEMPATH\Database\BaseConnection.php(607): CodeIgniter\Database\BaseConnection->simpleQuery('SELECT `reservas`.*, `pistas`.`nombre_pista`, `pistas`.`imagen1`, `pistas`.`capacidad_pista`, `categorias`.`nombre` AS `categoria`, `instalaciones`.`tipo_reserva`, `instalaciones`.`iluminacion`, `instalaciones`.`material`, `pedido`.`precio_pedido`
FROM `reservas`
INNER JOIN `pistas` ON `pistas`.`id_pista` = `reservas`.`id_pista`
INNER JOIN `instalaciones` ON `instalaciones`.`id_instalacion` = `pistas`.`id_instalacion`
INNER JOIN `categorias` ON `categorias`.`id_categoria` = `instalaciones`.`categoria_principal`
INNER JOIN `pedido` ON `pedido`.`id_pedido` = `reservas`.`id_pedido`
WHERE reservas.id_pedido IN (SELECT DISTINCT `pedido`.`id_pedido`
FROM `pedido`
INNER JOIN `reservas` ON `reservas`.`id_pedido` = `pedido`.`id_pedido`
WHERE `reservas`.`fecha` >= \'2026-03-03\'
AND `pedido`.`id_usuario` = 16)
ORDER BY `reservas`.`fecha` ASC')
 4 SYSTEMPATH\Database\BaseBuilder.php(1616): CodeIgniter\Database\BaseConnection->query('SELECT `reservas`.*, `pistas`.`nombre_pista`, `pistas`.`imagen1`, `pistas`.`capacidad_pista`, `categorias`.`nombre` AS `categoria`, `instalaciones`.`tipo_reserva`, `instalaciones`.`iluminacion`, `instalaciones`.`material`, `pedido`.`precio_pedido`
FROM `reservas`
INNER JOIN `pistas` ON `pistas`.`id_pista` = `reservas`.`id_pista`
INNER JOIN `instalaciones` ON `instalaciones`.`id_instalacion` = `pistas`.`id_instalacion`
INNER JOIN `categorias` ON `categorias`.`id_categoria` = `instalaciones`.`categoria_principal`
INNER JOIN `pedido` ON `pedido`.`id_pedido` = `reservas`.`id_pedido`
WHERE reservas.id_pedido IN (SELECT DISTINCT `pedido`.`id_pedido`
FROM `pedido`
INNER JOIN `reservas` ON `reservas`.`id_pedido` = `pedido`.`id_pedido`
WHERE `reservas`.`fecha` >= \'2026-03-03\'
AND `pedido`.`id_usuario` = 16)
ORDER BY `reservas`.`fecha` ASC', [], false)
 5 APPPATH\Models\reservasModel.php(306): CodeIgniter\Database\BaseBuilder->get()
 6 APPPATH\Controllers\Reservas.php(291): App\Models\reservasModel->getReservasByUsuario(16)
 7 SYSTEMPATH\CodeIgniter.php(941): App\Controllers\Reservas->misReservas()
 8 SYSTEMPATH\CodeIgniter.php(502): CodeIgniter\CodeIgniter->runController(Object(App\Controllers\Reservas))
 9 SYSTEMPATH\CodeIgniter.php(361): CodeIgniter\CodeIgniter->handleRequest(null, Object(Config\Cache), false)
10 FCPATH\index.php(79): CodeIgniter\CodeIgniter->run()
INFO - 2026-03-03 10:47:45 --> Session: Class initialized using 'CodeIgniter\Session\Handlers\FileHandler' driver.
ERROR - 2026-03-03 10:47:49 --> Error connecting to the database: mysqli_sql_exception: No se puede establecer una conexión ya que el equipo de destino denegó expresamente dicha conexión in C:\Proyectos\reservalo2.0\system\Database\MySQLi\Connection.php:184
Stack trace:
#0 C:\Proyectos\reservalo2.0\system\Database\MySQLi\Connection.php(184): mysqli->real_connect('localhost', 'root', Object(SensitiveParameterValue), 'reservalo2', 3306, '', 0)
#1 C:\Proyectos\reservalo2.0\system\Database\BaseConnection.php(392): CodeIgniter\Database\MySQLi\Connection->connect(false)
#2 C:\Proyectos\reservalo2.0\system\Database\MySQLi\Connection.php(346): CodeIgniter\Database\BaseConnection->initialize()
#3 C:\Proyectos\reservalo2.0\system\Database\BaseConnection.php(1297): CodeIgniter\Database\MySQLi\Connection->_escapeString('2026-03-03')
#4 C:\Proyectos\reservalo2.0\system\Database\BaseConnection.php(1269): CodeIgniter\Database\BaseConnection->escapeString('2026-03-03')
#5 C:\Proyectos\reservalo2.0\system\Database\Query.php(321): CodeIgniter\Database\BaseConnection->escape('2026-03-03')
#6 C:\Proyectos\reservalo2.0\system\Database\Query.php(308): CodeIgniter\Database\Query->matchNamedBinds('SELECT DISTINCT...', Array)
#7 C:\Proyectos\reservalo2.0\system\Database\Query.php(159): CodeIgniter\Database\Query->compileBinds()
#8 C:\Proyectos\reservalo2.0\system\Database\BaseBuilder.php(1599): CodeIgniter\Database\Query->getQuery()
#9 C:\Proyectos\reservalo2.0\system\Database\BaseBuilder.php(1583): CodeIgniter\Database\BaseBuilder->compileFinalQuery('SELECT DISTINCT...')
#10 C:\Proyectos\reservalo2.0\app\Models\reservasModel.php(283): CodeIgniter\Database\BaseBuilder->getCompiledSelect()
#11 C:\Proyectos\reservalo2.0\app\Controllers\Reservas.php(291): App\Models\reservasModel->getReservasByUsuario(16)
#12 C:\Proyectos\reservalo2.0\system\CodeIgniter.php(941): App\Controllers\Reservas->misReservas()
#13 C:\Proyectos\reservalo2.0\system\CodeIgniter.php(502): CodeIgniter\CodeIgniter->runController(Object(App\Controllers\Reservas))
#14 C:\Proyectos\reservalo2.0\system\CodeIgniter.php(361): CodeIgniter\CodeIgniter->handleRequest(NULL, Object(Config\Cache), false)
#15 C:\Proyectos\reservalo2.0\index.php(79): CodeIgniter\CodeIgniter->run()
#16 {main}

Next CodeIgniter\Database\Exceptions\DatabaseException: No se puede establecer una conexión ya que el equipo de destino denegó expresamente dicha conexión in C:\Proyectos\reservalo2.0\system\Database\MySQLi\Connection.php:229
Stack trace:
#0 C:\Proyectos\reservalo2.0\system\Database\BaseConnection.php(392): CodeIgniter\Database\MySQLi\Connection->connect(false)
#1 C:\Proyectos\reservalo2.0\system\Database\MySQLi\Connection.php(346): CodeIgniter\Database\BaseConnection->initialize()
#2 C:\Proyectos\reservalo2.0\system\Database\BaseConnection.php(1297): CodeIgniter\Database\MySQLi\Connection->_escapeString('2026-03-03')
#3 C:\Proyectos\reservalo2.0\system\Database\BaseConnection.php(1269): CodeIgniter\Database\BaseConnection->escapeString('2026-03-03')
#4 C:\Proyectos\reservalo2.0\system\Database\Query.php(321): CodeIgniter\Database\BaseConnection->escape('2026-03-03')
#5 C:\Proyectos\reservalo2.0\system\Database\Query.php(308): CodeIgniter\Database\Query->matchNamedBinds('SELECT DISTINCT...', Array)
#6 C:\Proyectos\reservalo2.0\system\Database\Query.php(159): CodeIgniter\Database\Query->compileBinds()
#7 C:\Proyectos\reservalo2.0\system\Database\BaseBuilder.php(1599): CodeIgniter\Database\Query->getQuery()
#8 C:\Proyectos\reservalo2.0\system\Database\BaseBuilder.php(1583): CodeIgniter\Database\BaseBuilder->compileFinalQuery('SELECT DISTINCT...')
#9 C:\Proyectos\reservalo2.0\app\Models\reservasModel.php(283): CodeIgniter\Database\BaseBuilder->getCompiledSelect()
#10 C:\Proyectos\reservalo2.0\app\Controllers\Reservas.php(291): App\Models\reservasModel->getReservasByUsuario(16)
#11 C:\Proyectos\reservalo2.0\system\CodeIgniter.php(941): App\Controllers\Reservas->misReservas()
#12 C:\Proyectos\reservalo2.0\system\CodeIgniter.php(502): CodeIgniter\CodeIgniter->runController(Object(App\Controllers\Reservas))
#13 C:\Proyectos\reservalo2.0\system\CodeIgniter.php(361): CodeIgniter\CodeIgniter->handleRequest(NULL, Object(Config\Cache), false)
#14 C:\Proyectos\reservalo2.0\index.php(79): CodeIgniter\CodeIgniter->run()
#15 {main}
CRITICAL - 2026-03-03 10:47:49 --> CodeIgniter\Database\Exceptions\DatabaseException: Unable to connect to the database.
Main connection [MySQLi]: No se puede establecer una conexión ya que el equipo de destino denegó expresamente dicha conexión
in SYSTEMPATH\Database\BaseConnection.php on line 428.
 1 SYSTEMPATH\Database\MySQLi\Connection.php(346): CodeIgniter\Database\BaseConnection->initialize()
 2 SYSTEMPATH\Database\BaseConnection.php(1297): CodeIgniter\Database\MySQLi\Connection->_escapeString('2026-03-03')
 3 SYSTEMPATH\Database\BaseConnection.php(1269): CodeIgniter\Database\BaseConnection->escapeString('2026-03-03')
 4 SYSTEMPATH\Database\Query.php(321): CodeIgniter\Database\BaseConnection->escape('2026-03-03')
 5 SYSTEMPATH\Database\Query.php(308): CodeIgniter\Database\Query->matchNamedBinds('SELECT DISTINCT `pedido`.`id_pedido`
FROM `pedido`
INNER JOIN `reservas` ON `reservas`.`id_pedido` = `pedido`.`id_pedido`
WHERE `reservas`.`fecha` >= :reservas.fecha:
AND `pedido`.`id_usuario` = :pedido.id_usuario:', [...])
 6 SYSTEMPATH\Database\Query.php(159): CodeIgniter\Database\Query->compileBinds()
 7 SYSTEMPATH\Database\BaseBuilder.php(1599): CodeIgniter\Database\Query->getQuery()
 8 SYSTEMPATH\Database\BaseBuilder.php(1583): CodeIgniter\Database\BaseBuilder->compileFinalQuery('SELECT DISTINCT `pedido`.`id_pedido`
FROM `pedido`
INNER JOIN `reservas` ON `reservas`.`id_pedido` = `pedido`.`id_pedido`
WHERE `reservas`.`fecha` >= :reservas.fecha:
AND `pedido`.`id_usuario` = :pedido.id_usuario:')
 9 APPPATH\Models\reservasModel.php(283): CodeIgniter\Database\BaseBuilder->getCompiledSelect()
10 APPPATH\Controllers\Reservas.php(291): App\Models\reservasModel->getReservasByUsuario(16)
11 SYSTEMPATH\CodeIgniter.php(941): App\Controllers\Reservas->misReservas()
12 SYSTEMPATH\CodeIgniter.php(502): CodeIgniter\CodeIgniter->runController(Object(App\Controllers\Reservas))
13 SYSTEMPATH\CodeIgniter.php(361): CodeIgniter\CodeIgniter->handleRequest(null, Object(Config\Cache), false)
14 FCPATH\index.php(79): CodeIgniter\CodeIgniter->run()
INFO - 2026-03-03 10:48:36 --> Session: Class initialized using 'CodeIgniter\Session\Handlers\FileHandler' driver.
ERROR - 2026-03-03 10:48:40 --> Error connecting to the database: mysqli_sql_exception: No se puede establecer una conexión ya que el equipo de destino denegó expresamente dicha conexión in C:\Proyectos\reservalo2.0\system\Database\MySQLi\Connection.php:184
Stack trace:
#0 C:\Proyectos\reservalo2.0\system\Database\MySQLi\Connection.php(184): mysqli->real_connect('localhost', 'root', Object(SensitiveParameterValue), 'reservalo2', 3306, '', 0)
#1 C:\Proyectos\reservalo2.0\system\Database\BaseConnection.php(392): CodeIgniter\Database\MySQLi\Connection->connect(false)
#2 C:\Proyectos\reservalo2.0\system\Database\BaseConnection.php(575): CodeIgniter\Database\BaseConnection->initialize()
#3 C:\Proyectos\reservalo2.0\system\Database\BaseBuilder.php(1616): CodeIgniter\Database\BaseConnection->query('SELECT `instala...', Array, false)
#4 C:\Proyectos\reservalo2.0\app\Models\instalacionesModel.php(117): CodeIgniter\Database\BaseBuilder->get()
#5 C:\Proyectos\reservalo2.0\app\Controllers\Instalaciones.php(771): App\Models\instalacionesModel->getInstalacion(45)
#6 C:\Proyectos\reservalo2.0\system\CodeIgniter.php(941): App\Controllers\Instalaciones->instalacion(45)
#7 C:\Proyectos\reservalo2.0\system\CodeIgniter.php(502): CodeIgniter\CodeIgniter->runController(Object(App\Controllers\Instalaciones))
#8 C:\Proyectos\reservalo2.0\system\CodeIgniter.php(361): CodeIgniter\CodeIgniter->handleRequest(NULL, Object(Config\Cache), false)
#9 C:\Proyectos\reservalo2.0\index.php(79): CodeIgniter\CodeIgniter->run()
#10 {main}

Next CodeIgniter\Database\Exceptions\DatabaseException: No se puede establecer una conexión ya que el equipo de destino denegó expresamente dicha conexión in C:\Proyectos\reservalo2.0\system\Database\MySQLi\Connection.php:229
Stack trace:
#0 C:\Proyectos\reservalo2.0\system\Database\BaseConnection.php(392): CodeIgniter\Database\MySQLi\Connection->connect(false)
#1 C:\Proyectos\reservalo2.0\system\Database\BaseConnection.php(575): CodeIgniter\Database\BaseConnection->initialize()
#2 C:\Proyectos\reservalo2.0\system\Database\BaseBuilder.php(1616): CodeIgniter\Database\BaseConnection->query('SELECT `instala...', Array, false)
#3 C:\Proyectos\reservalo2.0\app\Models\instalacionesModel.php(117): CodeIgniter\Database\BaseBuilder->get()
#4 C:\Proyectos\reservalo2.0\app\Controllers\Instalaciones.php(771): App\Models\instalacionesModel->getInstalacion(45)
#5 C:\Proyectos\reservalo2.0\system\CodeIgniter.php(941): App\Controllers\Instalaciones->instalacion(45)
#6 C:\Proyectos\reservalo2.0\system\CodeIgniter.php(502): CodeIgniter\CodeIgniter->runController(Object(App\Controllers\Instalaciones))
#7 C:\Proyectos\reservalo2.0\system\CodeIgniter.php(361): CodeIgniter\CodeIgniter->handleRequest(NULL, Object(Config\Cache), false)
#8 C:\Proyectos\reservalo2.0\index.php(79): CodeIgniter\CodeIgniter->run()
#9 {main}
CRITICAL - 2026-03-03 10:48:40 --> CodeIgniter\Database\Exceptions\DatabaseException: Unable to connect to the database.
Main connection [MySQLi]: No se puede establecer una conexión ya que el equipo de destino denegó expresamente dicha conexión
in SYSTEMPATH\Database\BaseConnection.php on line 428.
 1 SYSTEMPATH\Database\BaseConnection.php(575): CodeIgniter\Database\BaseConnection->initialize()
 2 SYSTEMPATH\Database\BaseBuilder.php(1616): CodeIgniter\Database\BaseConnection->query('SELECT `instalaciones`.*, `categorias1`.`nombre` as `categoria_name`, `categorias2`.`nombre` as `categoria_opc_name`
FROM `instalaciones`
LEFT JOIN `categorias` as `categorias1` ON `instalaciones`.`categoria_principal` = `categorias1`.`id_categoria`
LEFT JOIN `categorias` as `categorias2` ON `instalaciones`.`categoria_opcional1` = `categorias2`.`id_categoria`
WHERE `id_instalacion` = :id_instalacion:', [...], false)
 3 APPPATH\Models\instalacionesModel.php(117): CodeIgniter\Database\BaseBuilder->get()
 4 APPPATH\Controllers\Instalaciones.php(771): App\Models\instalacionesModel->getInstalacion(45)
 5 SYSTEMPATH\CodeIgniter.php(941): App\Controllers\Instalaciones->instalacion(45)
 6 SYSTEMPATH\CodeIgniter.php(502): CodeIgniter\CodeIgniter->runController(Object(App\Controllers\Instalaciones))
 7 SYSTEMPATH\CodeIgniter.php(361): CodeIgniter\CodeIgniter->handleRequest(null, Object(Config\Cache), false)
 8 FCPATH\index.php(79): CodeIgniter\CodeIgniter->run()
INFO - 2026-03-03 10:48:55 --> Session: Class initialized using 'CodeIgniter\Session\Handlers\FileHandler' driver.
INFO - 2026-03-03 10:49:35 --> Session: Class initialized using 'CodeIgniter\Session\Handlers\FileHandler' driver.
INFO - 2026-03-03 10:49:39 --> Session: Class initialized using 'CodeIgniter\Session\Handlers\FileHandler' driver.
INFO - 2026-03-03 10:50:35 --> Session: Class initialized using 'CodeIgniter\Session\Handlers\FileHandler' driver.
INFO - 2026-03-03 10:53:07 --> Session: Class initialized using 'CodeIgniter\Session\Handlers\FileHandler' driver.
INFO - 2026-03-03 10:53:22 --> Session: Class initialized using 'CodeIgniter\Session\Handlers\FileHandler' driver.
INFO - 2026-03-03 10:53:25 --> Session: Class initialized using 'CodeIgniter\Session\Handlers\FileHandler' driver.
INFO - 2026-03-03 11:02:19 --> Session: Class initialized using 'CodeIgniter\Session\Handlers\FileHandler' driver.
INFO - 2026-03-03 11:02:24 --> Session: Class initialized using 'CodeIgniter\Session\Handlers\FileHandler' driver.
INFO - 2026-03-03 11:02:28 --> Session: Class initialized using 'CodeIgniter\Session\Handlers\FileHandler' driver.
INFO - 2026-03-03 11:03:18 --> Session: Class initialized using 'CodeIgniter\Session\Handlers\FileHandler' driver.
INFO - 2026-03-03 11:36:05 --> Session: Class initialized using 'CodeIgniter\Session\Handlers\FileHandler' driver.
INFO - 2026-03-03 11:39:01 --> Session: Class initialized using 'CodeIgniter\Session\Handlers\FileHandler' driver.
INFO - 2026-03-03 11:39:30 --> Session: Class initialized using 'CodeIgniter\Session\Handlers\FileHandler' driver.
INFO - 2026-03-03 11:39:34 --> Session: Class initialized using 'CodeIgniter\Session\Handlers\FileHandler' driver.
INFO - 2026-03-03 11:40:02 --> Session: Class initialized using 'CodeIgniter\Session\Handlers\FileHandler' driver.
INFO - 2026-03-03 11:41:48 --> Session: Class initialized using 'CodeIgniter\Session\Handlers\FileHandler' driver.
INFO - 2026-03-03 11:41:58 --> Session: Class initialized using 'CodeIgniter\Session\Handlers\FileHandler' driver.
INFO - 2026-03-03 11:43:25 --> Session: Class initialized using 'CodeIgniter\Session\Handlers\FileHandler' driver.
INFO - 2026-03-03 11:43:37 --> Session: Class initialized using 'CodeIgniter\Session\Handlers\FileHandler' driver.
INFO - 2026-03-03 11:52:17 --> Session: Class initialized using 'CodeIgniter\Session\Handlers\FileHandler' driver.
INFO - 2026-03-03 11:52:23 --> Session: Class initialized using 'CodeIgniter\Session\Handlers\FileHandler' driver.
INFO - 2026-03-03 12:05:17 --> Session: Class initialized using 'CodeIgniter\Session\Handlers\FileHandler' driver.
INFO - 2026-03-03 12:05:24 --> Session: Class initialized using 'CodeIgniter\Session\Handlers\FileHandler' driver.
INFO - 2026-03-03 12:06:39 --> Session: Class initialized using 'CodeIgniter\Session\Handlers\FileHandler' driver.
INFO - 2026-03-03 12:06:44 --> Session: Class initialized using 'CodeIgniter\Session\Handlers\FileHandler' driver.
INFO - 2026-03-03 12:08:20 --> Session: Class initialized using 'CodeIgniter\Session\Handlers\FileHandler' driver.
INFO - 2026-03-03 12:08:26 --> Session: Class initialized using 'CodeIgniter\Session\Handlers\FileHandler' driver.
INFO - 2026-03-03 12:09:12 --> Session: Class initialized using 'CodeIgniter\Session\Handlers\FileHandler' driver.
INFO - 2026-03-03 12:09:18 --> Session: Class initialized using 'CodeIgniter\Session\Handlers\FileHandler' driver.
INFO - 2026-03-03 12:09:34 --> Session: Class initialized using 'CodeIgniter\Session\Handlers\FileHandler' driver.
INFO - 2026-03-03 12:09:38 --> Session: Class initialized using 'CodeIgniter\Session\Handlers\FileHandler' driver.
INFO - 2026-03-03 12:18:51 --> Session: Class initialized using 'CodeIgniter\Session\Handlers\FileHandler' driver.
INFO - 2026-03-03 12:18:55 --> Session: Class initialized using 'CodeIgniter\Session\Handlers\FileHandler' driver.
INFO - 2026-03-03 12:20:06 --> Session: Class initialized using 'CodeIgniter\Session\Handlers\FileHandler' driver.
INFO - 2026-03-03 12:20:11 --> Session: Class initialized using 'CodeIgniter\Session\Handlers\FileHandler' driver.
INFO - 2026-03-03 12:32:24 --> Session: Class initialized using 'CodeIgniter\Session\Handlers\FileHandler' driver.
INFO - 2026-03-03 12:32:28 --> Session: Class initialized using 'CodeIgniter\Session\Handlers\FileHandler' driver.
INFO - 2026-03-03 12:32:48 --> Session: Class initialized using 'CodeIgniter\Session\Handlers\FileHandler' driver.
INFO - 2026-03-03 12:32:53 --> Session: Class initialized using 'CodeIgniter\Session\Handlers\FileHandler' driver.
INFO - 2026-03-03 12:35:01 --> Session: Class initialized using 'CodeIgniter\Session\Handlers\FileHandler' driver.
INFO - 2026-03-03 12:38:45 --> Session: Class initialized using 'CodeIgniter\Session\Handlers\FileHandler' driver.
INFO - 2026-03-03 12:38:54 --> Session: Class initialized using 'CodeIgniter\Session\Handlers\FileHandler' driver.
INFO - 2026-03-03 12:39:18 --> Session: Class initialized using 'CodeIgniter\Session\Handlers\FileHandler' driver.
INFO - 2026-03-03 12:39:29 --> Session: Class initialized using 'CodeIgniter\Session\Handlers\FileHandler' driver.
INFO - 2026-03-03 12:41:29 --> Session: Class initialized using 'CodeIgniter\Session\Handlers\FileHandler' driver.
INFO - 2026-03-03 12:41:33 --> Session: Class initialized using 'CodeIgniter\Session\Handlers\FileHandler' driver.
INFO - 2026-03-03 12:42:14 --> Session: Class initialized using 'CodeIgniter\Session\Handlers\FileHandler' driver.
INFO - 2026-03-03 12:42:14 --> Session: Class initialized using 'CodeIgniter\Session\Handlers\FileHandler' driver.
INFO - 2026-03-03 12:42:14 --> Session: Class initialized using 'CodeIgniter\Session\Handlers\FileHandler' driver.
INFO - 2026-03-03 12:42:15 --> Session: Class initialized using 'CodeIgniter\Session\Handlers\FileHandler' driver.
INFO - 2026-03-03 12:42:15 --> Session: Class initialized using 'CodeIgniter\Session\Handlers\FileHandler' driver.
INFO - 2026-03-03 12:42:15 --> Session: Class initialized using 'CodeIgniter\Session\Handlers\FileHandler' driver.
INFO - 2026-03-03 12:42:15 --> Session: Class initialized using 'CodeIgniter\Session\Handlers\FileHandler' driver.
INFO - 2026-03-03 12:42:15 --> Session: Class initialized using 'CodeIgniter\Session\Handlers\FileHandler' driver.
INFO - 2026-03-03 12:42:16 --> Session: Class initialized using 'CodeIgniter\Session\Handlers\FileHandler' driver.
INFO - 2026-03-03 12:42:19 --> Session: Class initialized using 'CodeIgniter\Session\Handlers\FileHandler' driver.
INFO - 2026-03-03 12:42:53 --> Session: Class initialized using 'CodeIgniter\Session\Handlers\FileHandler' driver.
INFO - 2026-03-03 12:42:57 --> Session: Class initialized using 'CodeIgniter\Session\Handlers\FileHandler' driver.
INFO - 2026-03-03 12:45:19 --> Session: Class initialized using 'CodeIgniter\Session\Handlers\FileHandler' driver.
INFO - 2026-03-03 12:45:24 --> Session: Class initialized using 'CodeIgniter\Session\Handlers\FileHandler' driver.
INFO - 2026-03-03 12:45:29 --> Session: Class initialized using 'CodeIgniter\Session\Handlers\FileHandler' driver.
INFO - 2026-03-03 12:45:29 --> Session: Class initialized using 'CodeIgniter\Session\Handlers\FileHandler' driver.
INFO - 2026-03-03 12:46:18 --> Session: Class initialized using 'CodeIgniter\Session\Handlers\FileHandler' driver.
INFO - 2026-03-03 12:46:29 --> Session: Class initialized using 'CodeIgniter\Session\Handlers\FileHandler' driver.
INFO - 2026-03-03 12:46:48 --> Session: Class initialized using 'CodeIgniter\Session\Handlers\FileHandler' driver.
INFO - 2026-03-03 12:47:01 --> Session: Class initialized using 'CodeIgniter\Session\Handlers\FileHandler' driver.
INFO - 2026-03-03 12:47:08 --> Session: Class initialized using 'CodeIgniter\Session\Handlers\FileHandler' driver.
INFO - 2026-03-03 12:47:11 --> Session: Class initialized using 'CodeIgniter\Session\Handlers\FileHandler' driver.
INFO - 2026-03-03 12:47:11 --> Session: Class initialized using 'CodeIgniter\Session\Handlers\FileHandler' driver.
INFO - 2026-03-03 12:47:18 --> Session: Class initialized using 'CodeIgniter\Session\Handlers\FileHandler' driver.
INFO - 2026-03-03 12:47:22 --> Session: Class initialized using 'CodeIgniter\Session\Handlers\FileHandler' driver.
INFO - 2026-03-03 12:47:26 --> Session: Class initialized using 'CodeIgniter\Session\Handlers\FileHandler' driver.
INFO - 2026-03-03 12:47:36 --> Session: Class initialized using 'CodeIgniter\Session\Handlers\FileHandler' driver.
INFO - 2026-03-03 12:47:36 --> Session: Class initialized using 'CodeIgniter\Session\Handlers\FileHandler' driver.
INFO - 2026-03-03 12:47:39 --> Session: Class initialized using 'CodeIgniter\Session\Handlers\FileHandler' driver.
INFO - 2026-03-03 12:47:48 --> Session: Class initialized using 'CodeIgniter\Session\Handlers\FileHandler' driver.
INFO - 2026-03-03 12:47:49 --> Session: Class initialized using 'CodeIgniter\Session\Handlers\FileHandler' driver.
INFO - 2026-03-03 13:38:26 --> Session: Class initialized using 'CodeIgniter\Session\Handlers\FileHandler' driver.
INFO - 2026-03-03 13:38:46 --> Session: Class initialized using 'CodeIgniter\Session\Handlers\FileHandler' driver.
INFO - 2026-03-03 13:38:46 --> Session: Class initialized using 'CodeIgniter\Session\Handlers\FileHandler' driver.
INFO - 2026-03-03 13:38:49 --> Session: Class initialized using 'CodeIgniter\Session\Handlers\FileHandler' driver.
INFO - 2026-03-03 13:38:59 --> Session: Class initialized using 'CodeIgniter\Session\Handlers\FileHandler' driver.
INFO - 2026-03-03 13:39:04 --> Session: Class initialized using 'CodeIgniter\Session\Handlers\FileHandler' driver.
INFO - 2026-03-03 13:39:15 --> Session: Class initialized using 'CodeIgniter\Session\Handlers\FileHandler' driver.
INFO - 2026-03-03 13:39:15 --> Session: Class initialized using 'CodeIgniter\Session\Handlers\FileHandler' driver.
INFO - 2026-03-03 13:41:39 --> Session: Class initialized using 'CodeIgniter\Session\Handlers\FileHandler' driver.
INFO - 2026-03-03 13:43:22 --> Session: Class initialized using 'CodeIgniter\Session\Handlers\FileHandler' driver.
INFO - 2026-03-03 13:43:24 --> Session: Class initialized using 'CodeIgniter\Session\Handlers\FileHandler' driver.
INFO - 2026-03-03 13:43:28 --> Session: Class initialized using 'CodeIgniter\Session\Handlers\FileHandler' driver.
INFO - 2026-03-03 13:43:44 --> Session: Class initialized using 'CodeIgniter\Session\Handlers\FileHandler' driver.
INFO - 2026-03-03 13:43:45 --> Session: Class initialized using 'CodeIgniter\Session\Handlers\FileHandler' driver.
INFO - 2026-03-03 13:44:01 --> Session: Class initialized using 'CodeIgniter\Session\Handlers\FileHandler' driver.
INFO - 2026-03-03 13:44:18 --> Session: Class initialized using 'CodeIgniter\Session\Handlers\FileHandler' driver.
INFO - 2026-03-03 13:44:18 --> Session: Class initialized using 'CodeIgniter\Session\Handlers\FileHandler' driver.
INFO - 2026-03-03 16:19:25 --> Session: Class initialized using 'CodeIgniter\Session\Handlers\FileHandler' driver.
INFO - 2026-03-03 16:21:12 --> Session: Class initialized using 'CodeIgniter\Session\Handlers\FileHandler' driver.
INFO - 2026-03-03 16:21:13 --> Session: Class initialized using 'CodeIgniter\Session\Handlers\FileHandler' driver.
INFO - 2026-03-03 16:22:16 --> Session: Class initialized using 'CodeIgniter\Session\Handlers\FileHandler' driver.
INFO - 2026-03-03 16:22:43 --> Session: Class initialized using 'CodeIgniter\Session\Handlers\FileHandler' driver.
INFO - 2026-03-03 16:45:49 --> Session: Class initialized using 'CodeIgniter\Session\Handlers\FileHandler' driver.
INFO - 2026-03-03 16:45:52 --> Session: Class initialized using 'CodeIgniter\Session\Handlers\FileHandler' driver.
INFO - 2026-03-03 16:46:10 --> Session: Class initialized using 'CodeIgniter\Session\Handlers\FileHandler' driver.
INFO - 2026-03-03 16:46:10 --> Session: Class initialized using 'CodeIgniter\Session\Handlers\FileHandler' driver.
INFO - 2026-03-03 16:47:48 --> Session: Class initialized using 'CodeIgniter\Session\Handlers\FileHandler' driver.
INFO - 2026-03-03 16:47:48 --> Session: Class initialized using 'CodeIgniter\Session\Handlers\FileHandler' driver.
INFO - 2026-03-03 17:28:19 --> Session: Class initialized using 'CodeIgniter\Session\Handlers\FileHandler' driver.
INFO - 2026-03-03 17:28:21 --> Session: Class initialized using 'CodeIgniter\Session\Handlers\FileHandler' driver.
INFO - 2026-03-03 17:28:22 --> Session: Class initialized using 'CodeIgniter\Session\Handlers\FileHandler' driver.
INFO - 2026-03-03 17:28:22 --> Session: Class initialized using 'CodeIgniter\Session\Handlers\FileHandler' driver.
INFO - 2026-03-03 17:28:25 --> Session: Class initialized using 'CodeIgniter\Session\Handlers\FileHandler' driver.
INFO - 2026-03-03 17:28:50 --> Session: Class initialized using 'CodeIgniter\Session\Handlers\FileHandler' driver.
INFO - 2026-03-03 17:38:38 --> Session: Class initialized using 'CodeIgniter\Session\Handlers\FileHandler' driver.
INFO - 2026-03-03 17:39:21 --> Session: Class initialized using 'CodeIgniter\Session\Handlers\FileHandler' driver.
INFO - 2026-03-03 17:40:03 --> Session: Class initialized using 'CodeIgniter\Session\Handlers\FileHandler' driver.
INFO - 2026-03-03 17:41:41 --> Session: Class initialized using 'CodeIgniter\Session\Handlers\FileHandler' driver.
INFO - 2026-03-03 17:42:00 --> Session: Class initialized using 'CodeIgniter\Session\Handlers\FileHandler' driver.
INFO - 2026-03-03 17:42:03 --> Session: Class initialized using 'CodeIgniter\Session\Handlers\FileHandler' driver.
INFO - 2026-03-03 17:42:06 --> Session: Class initialized using 'CodeIgniter\Session\Handlers\FileHandler' driver.
INFO - 2026-03-03 17:42:13 --> Session: Class initialized using 'CodeIgniter\Session\Handlers\FileHandler' driver.
INFO - 2026-03-03 17:42:17 --> Session: Class initialized using 'CodeIgniter\Session\Handlers\FileHandler' driver.
INFO - 2026-03-03 17:42:21 --> Session: Class initialized using 'CodeIgniter\Session\Handlers\FileHandler' driver.
INFO - 2026-03-03 17:45:07 --> Session: Class initialized using 'CodeIgniter\Session\Handlers\FileHandler' driver.
INFO - 2026-03-03 17:45:10 --> Session: Class initialized using 'CodeIgniter\Session\Handlers\FileHandler' driver.
INFO - 2026-03-03 17:49:22 --> Session: Class initialized using 'CodeIgniter\Session\Handlers\FileHandler' driver.
INFO - 2026-03-03 17:51:00 --> Session: Class initialized using 'CodeIgniter\Session\Handlers\FileHandler' driver.
INFO - 2026-03-03 17:51:01 --> Session: Class initialized using 'CodeIgniter\Session\Handlers\FileHandler' driver.
INFO - 2026-03-03 17:51:01 --> Session: Class initialized using 'CodeIgniter\Session\Handlers\FileHandler' driver.
INFO - 2026-03-03 17:51:01 --> Session: Class initialized using 'CodeIgniter\Session\Handlers\FileHandler' driver.
INFO - 2026-03-03 17:55:33 --> Session: Class initialized using 'CodeIgniter\Session\Handlers\FileHandler' driver.
INFO - 2026-03-03 17:56:04 --> Session: Class initialized using 'CodeIgniter\Session\Handlers\FileHandler' driver.
INFO - 2026-03-03 17:56:10 --> Session: Class initialized using 'CodeIgniter\Session\Handlers\FileHandler' driver.
INFO - 2026-03-03 18:00:00 --> Session: Class initialized using 'CodeIgniter\Session\Handlers\FileHandler' driver.
INFO - 2026-03-03 18:00:29 --> Session: Class initialized using 'CodeIgniter\Session\Handlers\FileHandler' driver.
ERROR - 2026-03-03 18:00:33 --> ❌ Error enviando email: {"statusCode":403,"name":"validation_error","message":"You can only send testing emails to your own email address (danielruizdeveloper@gmail.com). To send emails to other recipients, please verify a domain at resend.com/domains, and change the `from` address to an email using this domain."}
INFO - 2026-03-03 18:00:40 --> Session: Class initialized using 'CodeIgniter\Session\Handlers\FileHandler' driver.
INFO - 2026-03-03 18:00:44 --> Session: Class initialized using 'CodeIgniter\Session\Handlers\FileHandler' driver.
INFO - 2026-03-03 18:42:33 --> Session: Class initialized using 'CodeIgniter\Session\Handlers\FileHandler' driver.
INFO - 2026-03-03 18:42:40 --> Session: Class initialized using 'CodeIgniter\Session\Handlers\FileHandler' driver.
INFO - 2026-03-03 18:42:45 --> Session: Class initialized using 'CodeIgniter\Session\Handlers\FileHandler' driver.
INFO - 2026-03-03 18:42:59 --> Session: Class initialized using 'CodeIgniter\Session\Handlers\FileHandler' driver.
ERROR - 2026-03-03 18:43:06 --> ❌ Error enviando email: {"statusCode":403,"name":"validation_error","message":"You can only send testing emails to your own email address (danielruizdeveloper@gmail.com). To send emails to other recipients, please verify a domain at resend.com/domains, and change the `from` address to an email using this domain."}
INFO - 2026-03-03 18:43:12 --> Session: Class initialized using 'CodeIgniter\Session\Handlers\FileHandler' driver.
INFO - 2026-03-03 18:46:01 --> Session: Class initialized using 'CodeIgniter\Session\Handlers\FileHandler' driver.
INFO - 2026-03-03 18:46:17 --> Session: Class initialized using 'CodeIgniter\Session\Handlers\FileHandler' driver.
INFO - 2026-03-03 18:46:22 --> Session: Class initialized using 'CodeIgniter\Session\Handlers\FileHandler' driver.
