ERROR - 2025-11-20 10:20:57 --> mysqli_sql_exception: Got error 168 "Unknown (generic) error from engine" from storage engine InnoDB in C:\Proyectos\reservalo2.0\system\Database\MySQLi\Connection.php:306
Stack trace:
#0 C:\Proyectos\reservalo2.0\system\Database\MySQLi\Connection.php(306): mysqli->query('SELECT `instala...', 0)
#1 C:\Proyectos\reservalo2.0\system\Database\BaseConnection.php(693): CodeIgniter\Database\MySQLi\Connection->execute('SELECT `instala...')
#2 C:\Proyectos\reservalo2.0\system\Database\BaseConnection.php(607): CodeIgniter\Database\BaseConnection->simpleQuery('SELECT `instala...')
#3 C:\Proyectos\reservalo2.0\system\Database\BaseBuilder.php(1616): CodeIgniter\Database\BaseConnection->query('SELECT `instala...', Array, false)
#4 C:\Proyectos\reservalo2.0\app\Models\instalacionesModel.php(169): CodeIgniter\Database\BaseBuilder->get()
#5 C:\Proyectos\reservalo2.0\app\Controllers\Home.php(19): App\Models\instalacionesModel->getInstalacionesHome()
#6 C:\Proyectos\reservalo2.0\system\CodeIgniter.php(941): App\Controllers\Home->index()
#7 C:\Proyectos\reservalo2.0\system\CodeIgniter.php(502): CodeIgniter\CodeIgniter->runController(Object(App\Controllers\Home))
#8 C:\Proyectos\reservalo2.0\system\CodeIgniter.php(361): CodeIgniter\CodeIgniter->handleRequest(NULL, Object(Config\Cache), false)
#9 C:\Proyectos\reservalo2.0\index.php(79): CodeIgniter\CodeIgniter->run()
#10 {main}
CRITICAL - 2025-11-20 10:20:58 --> CodeIgniter\Database\Exceptions\DatabaseException: Got error 168 "Unknown (generic) error from engine" from storage engine InnoDB
in SYSTEMPATH\Database\BaseConnection.php on line 647.
 1 SYSTEMPATH\Database\BaseBuilder.php(1616): CodeIgniter\Database\BaseConnection->query('SELECT `instalaciones`.*, `categorias1`.`nombre` as `categoria_name`, `categorias2`.`nombre` as `categoria_opc_name`, (SELECT imagen1 FROM pistas
                            WHERE pistas.id_instalacion = instalaciones.id_instalacion
                            ORDER BY id_pista ASC LIMIT 1) as imagen1
FROM `instalaciones`
LEFT JOIN `categorias` as `categorias1` ON `instalaciones`.`categoria_principal` = `categorias1`.`id_categoria`
LEFT JOIN `categorias` as `categorias2` ON `instalaciones`.`categoria_opcional1` = `categorias2`.`id_categoria`
 LIMIT 3', [], false)
 2 APPPATH\Models\instalacionesModel.php(169): CodeIgniter\Database\BaseBuilder->get()
 3 APPPATH\Controllers\Home.php(19): App\Models\instalacionesModel->getInstalacionesHome()
 4 SYSTEMPATH\CodeIgniter.php(941): App\Controllers\Home->index()
 5 SYSTEMPATH\CodeIgniter.php(502): CodeIgniter\CodeIgniter->runController(Object(App\Controllers\Home))
 6 SYSTEMPATH\CodeIgniter.php(361): CodeIgniter\CodeIgniter->handleRequest(null, Object(Config\Cache), false)
 7 FCPATH\index.php(79): CodeIgniter\CodeIgniter->run()
CRITICAL - 2025-11-20 10:20:58 --> [Caused by] CodeIgniter\Database\Exceptions\DatabaseException: Got error 168 "Unknown (generic) error from engine" from storage engine InnoDB
in SYSTEMPATH\Database\MySQLi\Connection.php on line 311.
 1 SYSTEMPATH\Database\BaseConnection.php(693): CodeIgniter\Database\MySQLi\Connection->execute('SELECT `instalaciones`.*, `categorias1`.`nombre` as `categoria_name`, `categorias2`.`nombre` as `categoria_opc_name`, (SELECT imagen1 FROM pistas
                            WHERE pistas.id_instalacion = instalaciones.id_instalacion
                            ORDER BY id_pista ASC LIMIT 1) as imagen1
FROM `instalaciones`
LEFT JOIN `categorias` as `categorias1` ON `instalaciones`.`categoria_principal` = `categorias1`.`id_categoria`
LEFT JOIN `categorias` as `categorias2` ON `instalaciones`.`categoria_opcional1` = `categorias2`.`id_categoria`
 LIMIT 3')
 2 SYSTEMPATH\Database\BaseConnection.php(607): CodeIgniter\Database\BaseConnection->simpleQuery('SELECT `instalaciones`.*, `categorias1`.`nombre` as `categoria_name`, `categorias2`.`nombre` as `categoria_opc_name`, (SELECT imagen1 FROM pistas
                            WHERE pistas.id_instalacion = instalaciones.id_instalacion
                            ORDER BY id_pista ASC LIMIT 1) as imagen1
FROM `instalaciones`
LEFT JOIN `categorias` as `categorias1` ON `instalaciones`.`categoria_principal` = `categorias1`.`id_categoria`
LEFT JOIN `categorias` as `categorias2` ON `instalaciones`.`categoria_opcional1` = `categorias2`.`id_categoria`
 LIMIT 3')
 3 SYSTEMPATH\Database\BaseBuilder.php(1616): CodeIgniter\Database\BaseConnection->query('SELECT `instalaciones`.*, `categorias1`.`nombre` as `categoria_name`, `categorias2`.`nombre` as `categoria_opc_name`, (SELECT imagen1 FROM pistas
                            WHERE pistas.id_instalacion = instalaciones.id_instalacion
                            ORDER BY id_pista ASC LIMIT 1) as imagen1
FROM `instalaciones`
LEFT JOIN `categorias` as `categorias1` ON `instalaciones`.`categoria_principal` = `categorias1`.`id_categoria`
LEFT JOIN `categorias` as `categorias2` ON `instalaciones`.`categoria_opcional1` = `categorias2`.`id_categoria`
 LIMIT 3', [], false)
 4 APPPATH\Models\instalacionesModel.php(169): CodeIgniter\Database\BaseBuilder->get()
 5 APPPATH\Controllers\Home.php(19): App\Models\instalacionesModel->getInstalacionesHome()
 6 SYSTEMPATH\CodeIgniter.php(941): App\Controllers\Home->index()
 7 SYSTEMPATH\CodeIgniter.php(502): CodeIgniter\CodeIgniter->runController(Object(App\Controllers\Home))
 8 SYSTEMPATH\CodeIgniter.php(361): CodeIgniter\CodeIgniter->handleRequest(null, Object(Config\Cache), false)
 9 FCPATH\index.php(79): CodeIgniter\CodeIgniter->run()
CRITICAL - 2025-11-20 10:20:58 --> [Caused by] mysqli_sql_exception: Got error 168 "Unknown (generic) error from engine" from storage engine InnoDB
in SYSTEMPATH\Database\MySQLi\Connection.php on line 306.
 1 SYSTEMPATH\Database\MySQLi\Connection.php(306): mysqli->query('SELECT `instalaciones`.*, `categorias1`.`nombre` as `categoria_name`, `categorias2`.`nombre` as `categoria_opc_name`, (SELECT imagen1 FROM pistas
                            WHERE pistas.id_instalacion = instalaciones.id_instalacion
                            ORDER BY id_pista ASC LIMIT 1) as imagen1
FROM `instalaciones`
LEFT JOIN `categorias` as `categorias1` ON `instalaciones`.`categoria_principal` = `categorias1`.`id_categoria`
LEFT JOIN `categorias` as `categorias2` ON `instalaciones`.`categoria_opcional1` = `categorias2`.`id_categoria`
 LIMIT 3', 0)
 2 SYSTEMPATH\Database\BaseConnection.php(693): CodeIgniter\Database\MySQLi\Connection->execute('SELECT `instalaciones`.*, `categorias1`.`nombre` as `categoria_name`, `categorias2`.`nombre` as `categoria_opc_name`, (SELECT imagen1 FROM pistas
                            WHERE pistas.id_instalacion = instalaciones.id_instalacion
                            ORDER BY id_pista ASC LIMIT 1) as imagen1
FROM `instalaciones`
LEFT JOIN `categorias` as `categorias1` ON `instalaciones`.`categoria_principal` = `categorias1`.`id_categoria`
LEFT JOIN `categorias` as `categorias2` ON `instalaciones`.`categoria_opcional1` = `categorias2`.`id_categoria`
 LIMIT 3')
 3 SYSTEMPATH\Database\BaseConnection.php(607): CodeIgniter\Database\BaseConnection->simpleQuery('SELECT `instalaciones`.*, `categorias1`.`nombre` as `categoria_name`, `categorias2`.`nombre` as `categoria_opc_name`, (SELECT imagen1 FROM pistas
                            WHERE pistas.id_instalacion = instalaciones.id_instalacion
                            ORDER BY id_pista ASC LIMIT 1) as imagen1
FROM `instalaciones`
LEFT JOIN `categorias` as `categorias1` ON `instalaciones`.`categoria_principal` = `categorias1`.`id_categoria`
LEFT JOIN `categorias` as `categorias2` ON `instalaciones`.`categoria_opcional1` = `categorias2`.`id_categoria`
 LIMIT 3')
 4 SYSTEMPATH\Database\BaseBuilder.php(1616): CodeIgniter\Database\BaseConnection->query('SELECT `instalaciones`.*, `categorias1`.`nombre` as `categoria_name`, `categorias2`.`nombre` as `categoria_opc_name`, (SELECT imagen1 FROM pistas
                            WHERE pistas.id_instalacion = instalaciones.id_instalacion
                            ORDER BY id_pista ASC LIMIT 1) as imagen1
FROM `instalaciones`
LEFT JOIN `categorias` as `categorias1` ON `instalaciones`.`categoria_principal` = `categorias1`.`id_categoria`
LEFT JOIN `categorias` as `categorias2` ON `instalaciones`.`categoria_opcional1` = `categorias2`.`id_categoria`
 LIMIT 3', [], false)
 5 APPPATH\Models\instalacionesModel.php(169): CodeIgniter\Database\BaseBuilder->get()
 6 APPPATH\Controllers\Home.php(19): App\Models\instalacionesModel->getInstalacionesHome()
 7 SYSTEMPATH\CodeIgniter.php(941): App\Controllers\Home->index()
 8 SYSTEMPATH\CodeIgniter.php(502): CodeIgniter\CodeIgniter->runController(Object(App\Controllers\Home))
 9 SYSTEMPATH\CodeIgniter.php(361): CodeIgniter\CodeIgniter->handleRequest(null, Object(Config\Cache), false)
10 FCPATH\index.php(79): CodeIgniter\CodeIgniter->run()
CRITICAL - 2025-11-20 10:22:43 --> ErrorException: Maximum execution time of 120 seconds exceeded
in SYSTEMPATH\Database\MySQLi\Connection.php on line 307.
 1 [internal function]: CodeIgniter\Debug\Exceptions->shutdownHandler()
INFO - 2025-11-20 10:33:15 --> Session: Class initialized using 'CodeIgniter\Session\Handlers\FileHandler' driver.
INFO - 2025-11-20 10:33:32 --> Session: Class initialized using 'CodeIgniter\Session\Handlers\FileHandler' driver.
INFO - 2025-11-20 10:34:00 --> Session: Class initialized using 'CodeIgniter\Session\Handlers\FileHandler' driver.
INFO - 2025-11-20 10:34:01 --> Session: Class initialized using 'CodeIgniter\Session\Handlers\FileHandler' driver.
INFO - 2025-11-20 10:48:34 --> Session: Class initialized using 'CodeIgniter\Session\Handlers\FileHandler' driver.
INFO - 2025-11-20 10:49:38 --> Session: Class initialized using 'CodeIgniter\Session\Handlers\FileHandler' driver.
INFO - 2025-11-20 10:49:45 --> Session: Class initialized using 'CodeIgniter\Session\Handlers\FileHandler' driver.
INFO - 2025-11-20 11:14:34 --> Session: Class initialized using 'CodeIgniter\Session\Handlers\FileHandler' driver.
INFO - 2025-11-20 11:15:46 --> Session: Class initialized using 'CodeIgniter\Session\Handlers\FileHandler' driver.
INFO - 2025-11-20 11:21:52 --> Session: Class initialized using 'CodeIgniter\Session\Handlers\FileHandler' driver.
INFO - 2025-11-20 11:26:44 --> Session: Class initialized using 'CodeIgniter\Session\Handlers\FileHandler' driver.
INFO - 2025-11-20 11:33:28 --> Session: Class initialized using 'CodeIgniter\Session\Handlers\FileHandler' driver.
INFO - 2025-11-20 11:35:31 --> Session: Class initialized using 'CodeIgniter\Session\Handlers\FileHandler' driver.
INFO - 2025-11-20 11:35:45 --> Session: Class initialized using 'CodeIgniter\Session\Handlers\FileHandler' driver.
INFO - 2025-11-20 11:35:57 --> Session: Class initialized using 'CodeIgniter\Session\Handlers\FileHandler' driver.
INFO - 2025-11-20 11:38:22 --> Session: Class initialized using 'CodeIgniter\Session\Handlers\FileHandler' driver.
INFO - 2025-11-20 11:39:14 --> Session: Class initialized using 'CodeIgniter\Session\Handlers\FileHandler' driver.
INFO - 2025-11-20 11:39:46 --> Session: Class initialized using 'CodeIgniter\Session\Handlers\FileHandler' driver.
INFO - 2025-11-20 11:39:49 --> Session: Class initialized using 'CodeIgniter\Session\Handlers\FileHandler' driver.
INFO - 2025-11-20 11:49:00 --> Session: Class initialized using 'CodeIgniter\Session\Handlers\FileHandler' driver.
INFO - 2025-11-20 11:49:01 --> Session: Class initialized using 'CodeIgniter\Session\Handlers\FileHandler' driver.
INFO - 2025-11-20 11:55:16 --> Session: Class initialized using 'CodeIgniter\Session\Handlers\FileHandler' driver.
INFO - 2025-11-20 11:55:19 --> Session: Class initialized using 'CodeIgniter\Session\Handlers\FileHandler' driver.
INFO - 2025-11-20 11:58:05 --> Session: Class initialized using 'CodeIgniter\Session\Handlers\FileHandler' driver.
ERROR - 2025-11-20 11:58:48 --> mysqli_sql_exception: Unknown column 'tipo_horario' in 'field list' in C:\Proyectos\reservalo2.0\system\Database\MySQLi\Connection.php:306
Stack trace:
#0 C:\Proyectos\reservalo2.0\system\Database\MySQLi\Connection.php(306): mysqli->query('UPDATE `instala...', 0)
#1 C:\Proyectos\reservalo2.0\system\Database\BaseConnection.php(693): CodeIgniter\Database\MySQLi\Connection->execute('UPDATE `instala...')
#2 C:\Proyectos\reservalo2.0\system\Database\BaseConnection.php(607): CodeIgniter\Database\BaseConnection->simpleQuery('UPDATE `instala...')
#3 C:\Proyectos\reservalo2.0\system\Database\BaseBuilder.php(2474): CodeIgniter\Database\BaseConnection->query('UPDATE `instala...', Array, false)
#4 C:\Proyectos\reservalo2.0\app\Models\instalacionesModel.php(237): CodeIgniter\Database\BaseBuilder->update(Array)
#5 C:\Proyectos\reservalo2.0\app\Controllers\Instalaciones.php(530): App\Models\instalacionesModel->updateInstalacion(46, Array)
#6 C:\Proyectos\reservalo2.0\system\CodeIgniter.php(941): App\Controllers\Instalaciones->editarInstalacionBD()
#7 C:\Proyectos\reservalo2.0\system\CodeIgniter.php(502): CodeIgniter\CodeIgniter->runController(Object(App\Controllers\Instalaciones))
#8 C:\Proyectos\reservalo2.0\system\CodeIgniter.php(361): CodeIgniter\CodeIgniter->handleRequest(NULL, Object(Config\Cache), false)
#9 C:\Proyectos\reservalo2.0\index.php(79): CodeIgniter\CodeIgniter->run()
#10 {main}
CRITICAL - 2025-11-20 11:58:49 --> CodeIgniter\Database\Exceptions\DatabaseException: Unknown column 'tipo_horario' in 'field list'
in SYSTEMPATH\Database\BaseConnection.php on line 647.
 1 SYSTEMPATH\Database\BaseBuilder.php(2474): CodeIgniter\Database\BaseConnection->query('UPDATE `instalaciones` SET `nombre` = :nombre:, `descripcion` = :descripcion:, `categoria_principal` = :categoria_principal:, `categoria_opcional1` = :categoria_opcional1:, `precio_completo` = :precio_completo:, `puede_completo` = :puede_completo:, `iluminacion` = :iluminacion:, `material` = :material:, `no_pistas` = :no_pistas:, `tipo_horario` = :tipo_horario:, `capacidad_completo` = :capacidad_completo:
WHERE `id_instalacion` = :id_instalacion:', [...], false)
 2 APPPATH\Models\instalacionesModel.php(237): CodeIgniter\Database\BaseBuilder->update([...])
 3 APPPATH\Controllers\Instalaciones.php(530): App\Models\instalacionesModel->updateInstalacion(46, [...])
 4 SYSTEMPATH\CodeIgniter.php(941): App\Controllers\Instalaciones->editarInstalacionBD()
 5 SYSTEMPATH\CodeIgniter.php(502): CodeIgniter\CodeIgniter->runController(Object(App\Controllers\Instalaciones))
 6 SYSTEMPATH\CodeIgniter.php(361): CodeIgniter\CodeIgniter->handleRequest(null, Object(Config\Cache), false)
 7 FCPATH\index.php(79): CodeIgniter\CodeIgniter->run()
CRITICAL - 2025-11-20 11:58:49 --> [Caused by] CodeIgniter\Database\Exceptions\DatabaseException: Unknown column 'tipo_horario' in 'field list'
in SYSTEMPATH\Database\MySQLi\Connection.php on line 311.
 1 SYSTEMPATH\Database\BaseConnection.php(693): CodeIgniter\Database\MySQLi\Connection->execute('UPDATE `instalaciones` SET `nombre` = \'Silo\', `descripcion` = \'Nave muy amplia que se puede reservar para todo tipo de celebraciones, nochevieja, cumpleaños, reuniones...\', `categoria_principal` = 3, `categoria_opcional1` = NULL, `precio_completo` = 10, `puede_completo` = 0, `iluminacion` = 1, `material` = 0, `no_pistas` = 1, `tipo_horario` = 0, `capacidad_completo` = 30
WHERE `id_instalacion` = 46')
 2 SYSTEMPATH\Database\BaseConnection.php(607): CodeIgniter\Database\BaseConnection->simpleQuery('UPDATE `instalaciones` SET `nombre` = \'Silo\', `descripcion` = \'Nave muy amplia que se puede reservar para todo tipo de celebraciones, nochevieja, cumpleaños, reuniones...\', `categoria_principal` = 3, `categoria_opcional1` = NULL, `precio_completo` = 10, `puede_completo` = 0, `iluminacion` = 1, `material` = 0, `no_pistas` = 1, `tipo_horario` = 0, `capacidad_completo` = 30
WHERE `id_instalacion` = 46')
 3 SYSTEMPATH\Database\BaseBuilder.php(2474): CodeIgniter\Database\BaseConnection->query('UPDATE `instalaciones` SET `nombre` = :nombre:, `descripcion` = :descripcion:, `categoria_principal` = :categoria_principal:, `categoria_opcional1` = :categoria_opcional1:, `precio_completo` = :precio_completo:, `puede_completo` = :puede_completo:, `iluminacion` = :iluminacion:, `material` = :material:, `no_pistas` = :no_pistas:, `tipo_horario` = :tipo_horario:, `capacidad_completo` = :capacidad_completo:
WHERE `id_instalacion` = :id_instalacion:', [...], false)
 4 APPPATH\Models\instalacionesModel.php(237): CodeIgniter\Database\BaseBuilder->update([...])
 5 APPPATH\Controllers\Instalaciones.php(530): App\Models\instalacionesModel->updateInstalacion(46, [...])
 6 SYSTEMPATH\CodeIgniter.php(941): App\Controllers\Instalaciones->editarInstalacionBD()
 7 SYSTEMPATH\CodeIgniter.php(502): CodeIgniter\CodeIgniter->runController(Object(App\Controllers\Instalaciones))
 8 SYSTEMPATH\CodeIgniter.php(361): CodeIgniter\CodeIgniter->handleRequest(null, Object(Config\Cache), false)
 9 FCPATH\index.php(79): CodeIgniter\CodeIgniter->run()
CRITICAL - 2025-11-20 11:58:49 --> [Caused by] mysqli_sql_exception: Unknown column 'tipo_horario' in 'field list'
in SYSTEMPATH\Database\MySQLi\Connection.php on line 306.
 1 SYSTEMPATH\Database\MySQLi\Connection.php(306): mysqli->query('UPDATE `instalaciones` SET `nombre` = \'Silo\', `descripcion` = \'Nave muy amplia que se puede reservar para todo tipo de celebraciones, nochevieja, cumpleaños, reuniones...\', `categoria_principal` = 3, `categoria_opcional1` = NULL, `precio_completo` = 10, `puede_completo` = 0, `iluminacion` = 1, `material` = 0, `no_pistas` = 1, `tipo_horario` = 0, `capacidad_completo` = 30
WHERE `id_instalacion` = 46', 0)
 2 SYSTEMPATH\Database\BaseConnection.php(693): CodeIgniter\Database\MySQLi\Connection->execute('UPDATE `instalaciones` SET `nombre` = \'Silo\', `descripcion` = \'Nave muy amplia que se puede reservar para todo tipo de celebraciones, nochevieja, cumpleaños, reuniones...\', `categoria_principal` = 3, `categoria_opcional1` = NULL, `precio_completo` = 10, `puede_completo` = 0, `iluminacion` = 1, `material` = 0, `no_pistas` = 1, `tipo_horario` = 0, `capacidad_completo` = 30
WHERE `id_instalacion` = 46')
 3 SYSTEMPATH\Database\BaseConnection.php(607): CodeIgniter\Database\BaseConnection->simpleQuery('UPDATE `instalaciones` SET `nombre` = \'Silo\', `descripcion` = \'Nave muy amplia que se puede reservar para todo tipo de celebraciones, nochevieja, cumpleaños, reuniones...\', `categoria_principal` = 3, `categoria_opcional1` = NULL, `precio_completo` = 10, `puede_completo` = 0, `iluminacion` = 1, `material` = 0, `no_pistas` = 1, `tipo_horario` = 0, `capacidad_completo` = 30
WHERE `id_instalacion` = 46')
 4 SYSTEMPATH\Database\BaseBuilder.php(2474): CodeIgniter\Database\BaseConnection->query('UPDATE `instalaciones` SET `nombre` = :nombre:, `descripcion` = :descripcion:, `categoria_principal` = :categoria_principal:, `categoria_opcional1` = :categoria_opcional1:, `precio_completo` = :precio_completo:, `puede_completo` = :puede_completo:, `iluminacion` = :iluminacion:, `material` = :material:, `no_pistas` = :no_pistas:, `tipo_horario` = :tipo_horario:, `capacidad_completo` = :capacidad_completo:
WHERE `id_instalacion` = :id_instalacion:', [...], false)
 5 APPPATH\Models\instalacionesModel.php(237): CodeIgniter\Database\BaseBuilder->update([...])
 6 APPPATH\Controllers\Instalaciones.php(530): App\Models\instalacionesModel->updateInstalacion(46, [...])
 7 SYSTEMPATH\CodeIgniter.php(941): App\Controllers\Instalaciones->editarInstalacionBD()
 8 SYSTEMPATH\CodeIgniter.php(502): CodeIgniter\CodeIgniter->runController(Object(App\Controllers\Instalaciones))
 9 SYSTEMPATH\CodeIgniter.php(361): CodeIgniter\CodeIgniter->handleRequest(null, Object(Config\Cache), false)
10 FCPATH\index.php(79): CodeIgniter\CodeIgniter->run()
INFO - 2025-11-20 11:59:26 --> Session: Class initialized using 'CodeIgniter\Session\Handlers\FileHandler' driver.
INFO - 2025-11-20 16:39:16 --> Session: Class initialized using 'CodeIgniter\Session\Handlers\FileHandler' driver.
