INFO - 2026-02-16 12:30:01 --> Session: Class initialized using 'CodeIgniter\Session\Handlers\FileHandler' driver.
INFO - 2026-02-16 12:30:47 --> Session: Class initialized using 'CodeIgniter\Session\Handlers\FileHandler' driver.
INFO - 2026-02-16 12:30:48 --> Session: Class initialized using 'CodeIgniter\Session\Handlers\FileHandler' driver.
INFO - 2026-02-16 12:35:42 --> Session: Class initialized using 'CodeIgniter\Session\Handlers\FileHandler' driver.
INFO - 2026-02-16 12:35:58 --> Session: Class initialized using 'CodeIgniter\Session\Handlers\FileHandler' driver.
INFO - 2026-02-16 12:36:03 --> Session: Class initialized using 'CodeIgniter\Session\Handlers\FileHandler' driver.
INFO - 2026-02-16 12:36:56 --> Session: Class initialized using 'CodeIgniter\Session\Handlers\FileHandler' driver.
INFO - 2026-02-16 12:38:06 --> Session: Class initialized using 'CodeIgniter\Session\Handlers\FileHandler' driver.
INFO - 2026-02-16 12:38:21 --> Session: Class initialized using 'CodeIgniter\Session\Handlers\FileHandler' driver.
INFO - 2026-02-16 12:38:22 --> Session: Class initialized using 'CodeIgniter\Session\Handlers\FileHandler' driver.
INFO - 2026-02-16 12:38:22 --> Session: Class initialized using 'CodeIgniter\Session\Handlers\FileHandler' driver.
INFO - 2026-02-16 12:38:23 --> Session: Class initialized using 'CodeIgniter\Session\Handlers\FileHandler' driver.
INFO - 2026-02-16 12:38:23 --> Session: Class initialized using 'CodeIgniter\Session\Handlers\FileHandler' driver.
INFO - 2026-02-16 12:38:24 --> Session: Class initialized using 'CodeIgniter\Session\Handlers\FileHandler' driver.
INFO - 2026-02-16 12:38:24 --> Session: Class initialized using 'CodeIgniter\Session\Handlers\FileHandler' driver.
INFO - 2026-02-16 12:38:24 --> Session: Class initialized using 'CodeIgniter\Session\Handlers\FileHandler' driver.
INFO - 2026-02-16 12:38:25 --> Session: Class initialized using 'CodeIgniter\Session\Handlers\FileHandler' driver.
INFO - 2026-02-16 12:45:41 --> Session: Class initialized using 'CodeIgniter\Session\Handlers\FileHandler' driver.
INFO - 2026-02-16 12:45:46 --> Session: Class initialized using 'CodeIgniter\Session\Handlers\FileHandler' driver.
INFO - 2026-02-16 12:52:32 --> Session: Class initialized using 'CodeIgniter\Session\Handlers\FileHandler' driver.
INFO - 2026-02-16 13:52:44 --> Session: Class initialized using 'CodeIgniter\Session\Handlers\FileHandler' driver.
ERROR - 2026-02-16 13:52:44 --> mysqli_sql_exception: Unknown column 'precio_reserva' in 'field list' in C:\Proyectos\reservalo2.0\system\Database\MySQLi\Connection.php:306
Stack trace:
#0 C:\Proyectos\reservalo2.0\system\Database\MySQLi\Connection.php(306): mysqli->query('INSERT INTO `re...', 0)
#1 C:\Proyectos\reservalo2.0\system\Database\BaseConnection.php(693): CodeIgniter\Database\MySQLi\Connection->execute('INSERT INTO `re...')
#2 C:\Proyectos\reservalo2.0\system\Database\BaseConnection.php(607): CodeIgniter\Database\BaseConnection->simpleQuery('INSERT INTO `re...')
#3 C:\Proyectos\reservalo2.0\system\Database\BaseBuilder.php(2307): CodeIgniter\Database\BaseConnection->query('INSERT INTO `re...', Array, false)
#4 C:\Proyectos\reservalo2.0\app\Models\reservasModel.php(153): CodeIgniter\Database\BaseBuilder->insert(Array)
#5 C:\Proyectos\reservalo2.0\app\Controllers\Reservas.php(144): App\Models\reservasModel->hacerReserva(Array)
#6 C:\Proyectos\reservalo2.0\system\CodeIgniter.php(941): App\Controllers\Reservas->hacerReserva()
#7 C:\Proyectos\reservalo2.0\system\CodeIgniter.php(502): CodeIgniter\CodeIgniter->runController(Object(App\Controllers\Reservas))
#8 C:\Proyectos\reservalo2.0\system\CodeIgniter.php(361): CodeIgniter\CodeIgniter->handleRequest(NULL, Object(Config\Cache), false)
#9 C:\Proyectos\reservalo2.0\index.php(79): CodeIgniter\CodeIgniter->run()
#10 {main}
CRITICAL - 2026-02-16 13:52:44 --> CodeIgniter\Database\Exceptions\DatabaseException: Unknown column 'precio_reserva' in 'field list'
in SYSTEMPATH\Database\BaseConnection.php on line 647.
 1 SYSTEMPATH\Database\BaseBuilder.php(2307): CodeIgniter\Database\BaseConnection->query('INSERT INTO `reservas` (`id_pista`, `fecha`, `hora_inicio`, `hora_final`, `fecha_reserva`, `id_usuario`, `id_pedido`, `pagadas`, `precio_reserva`) VALUES (:id_pista:, :fecha:, :hora_inicio:, :hora_final:, :fecha_reserva:, :id_usuario:, :id_pedido:, :pagadas:, :precio_reserva:)', [...], false)
 2 APPPATH\Models\reservasModel.php(153): CodeIgniter\Database\BaseBuilder->insert([...])
 3 APPPATH\Controllers\Reservas.php(144): App\Models\reservasModel->hacerReserva([...])
 4 SYSTEMPATH\CodeIgniter.php(941): App\Controllers\Reservas->hacerReserva()
 5 SYSTEMPATH\CodeIgniter.php(502): CodeIgniter\CodeIgniter->runController(Object(App\Controllers\Reservas))
 6 SYSTEMPATH\CodeIgniter.php(361): CodeIgniter\CodeIgniter->handleRequest(null, Object(Config\Cache), false)
 7 FCPATH\index.php(79): CodeIgniter\CodeIgniter->run()
CRITICAL - 2026-02-16 13:52:44 --> [Caused by] CodeIgniter\Database\Exceptions\DatabaseException: Unknown column 'precio_reserva' in 'field list'
in SYSTEMPATH\Database\MySQLi\Connection.php on line 311.
 1 SYSTEMPATH\Database\BaseConnection.php(693): CodeIgniter\Database\MySQLi\Connection->execute('INSERT INTO `reservas` (`id_pista`, `fecha`, `hora_inicio`, `hora_final`, `fecha_reserva`, `id_usuario`, `id_pedido`, `pagadas`, `precio_reserva`) VALUES (\'89\', \'2026-02-16\', \'17:00\', \'18:00\', \'2026-02-16 13:52:44\', \'5\', 61, 0, 28)')
 2 SYSTEMPATH\Database\BaseConnection.php(607): CodeIgniter\Database\BaseConnection->simpleQuery('INSERT INTO `reservas` (`id_pista`, `fecha`, `hora_inicio`, `hora_final`, `fecha_reserva`, `id_usuario`, `id_pedido`, `pagadas`, `precio_reserva`) VALUES (\'89\', \'2026-02-16\', \'17:00\', \'18:00\', \'2026-02-16 13:52:44\', \'5\', 61, 0, 28)')
 3 SYSTEMPATH\Database\BaseBuilder.php(2307): CodeIgniter\Database\BaseConnection->query('INSERT INTO `reservas` (`id_pista`, `fecha`, `hora_inicio`, `hora_final`, `fecha_reserva`, `id_usuario`, `id_pedido`, `pagadas`, `precio_reserva`) VALUES (:id_pista:, :fecha:, :hora_inicio:, :hora_final:, :fecha_reserva:, :id_usuario:, :id_pedido:, :pagadas:, :precio_reserva:)', [...], false)
 4 APPPATH\Models\reservasModel.php(153): CodeIgniter\Database\BaseBuilder->insert([...])
 5 APPPATH\Controllers\Reservas.php(144): App\Models\reservasModel->hacerReserva([...])
 6 SYSTEMPATH\CodeIgniter.php(941): App\Controllers\Reservas->hacerReserva()
 7 SYSTEMPATH\CodeIgniter.php(502): CodeIgniter\CodeIgniter->runController(Object(App\Controllers\Reservas))
 8 SYSTEMPATH\CodeIgniter.php(361): CodeIgniter\CodeIgniter->handleRequest(null, Object(Config\Cache), false)
 9 FCPATH\index.php(79): CodeIgniter\CodeIgniter->run()
CRITICAL - 2026-02-16 13:52:44 --> [Caused by] mysqli_sql_exception: Unknown column 'precio_reserva' in 'field list'
in SYSTEMPATH\Database\MySQLi\Connection.php on line 306.
 1 SYSTEMPATH\Database\MySQLi\Connection.php(306): mysqli->query('INSERT INTO `reservas` (`id_pista`, `fecha`, `hora_inicio`, `hora_final`, `fecha_reserva`, `id_usuario`, `id_pedido`, `pagadas`, `precio_reserva`) VALUES (\'89\', \'2026-02-16\', \'17:00\', \'18:00\', \'2026-02-16 13:52:44\', \'5\', 61, 0, 28)', 0)
 2 SYSTEMPATH\Database\BaseConnection.php(693): CodeIgniter\Database\MySQLi\Connection->execute('INSERT INTO `reservas` (`id_pista`, `fecha`, `hora_inicio`, `hora_final`, `fecha_reserva`, `id_usuario`, `id_pedido`, `pagadas`, `precio_reserva`) VALUES (\'89\', \'2026-02-16\', \'17:00\', \'18:00\', \'2026-02-16 13:52:44\', \'5\', 61, 0, 28)')
 3 SYSTEMPATH\Database\BaseConnection.php(607): CodeIgniter\Database\BaseConnection->simpleQuery('INSERT INTO `reservas` (`id_pista`, `fecha`, `hora_inicio`, `hora_final`, `fecha_reserva`, `id_usuario`, `id_pedido`, `pagadas`, `precio_reserva`) VALUES (\'89\', \'2026-02-16\', \'17:00\', \'18:00\', \'2026-02-16 13:52:44\', \'5\', 61, 0, 28)')
 4 SYSTEMPATH\Database\BaseBuilder.php(2307): CodeIgniter\Database\BaseConnection->query('INSERT INTO `reservas` (`id_pista`, `fecha`, `hora_inicio`, `hora_final`, `fecha_reserva`, `id_usuario`, `id_pedido`, `pagadas`, `precio_reserva`) VALUES (:id_pista:, :fecha:, :hora_inicio:, :hora_final:, :fecha_reserva:, :id_usuario:, :id_pedido:, :pagadas:, :precio_reserva:)', [...], false)
 5 APPPATH\Models\reservasModel.php(153): CodeIgniter\Database\BaseBuilder->insert([...])
 6 APPPATH\Controllers\Reservas.php(144): App\Models\reservasModel->hacerReserva([...])
 7 SYSTEMPATH\CodeIgniter.php(941): App\Controllers\Reservas->hacerReserva()
 8 SYSTEMPATH\CodeIgniter.php(502): CodeIgniter\CodeIgniter->runController(Object(App\Controllers\Reservas))
 9 SYSTEMPATH\CodeIgniter.php(361): CodeIgniter\CodeIgniter->handleRequest(null, Object(Config\Cache), false)
10 FCPATH\index.php(79): CodeIgniter\CodeIgniter->run()
INFO - 2026-02-16 12:54:06 --> Session: Class initialized using 'CodeIgniter\Session\Handlers\FileHandler' driver.
INFO - 2026-02-16 13:56:36 --> Session: Class initialized using 'CodeIgniter\Session\Handlers\FileHandler' driver.
ERROR - 2026-02-16 13:56:41 --> mysqli_sql_exception: Unknown column 'precio_reserva' in 'field list' in C:\Proyectos\reservalo2.0\system\Database\MySQLi\Connection.php:306
Stack trace:
#0 C:\Proyectos\reservalo2.0\system\Database\MySQLi\Connection.php(306): mysqli->query('INSERT INTO `re...', 0)
#1 C:\Proyectos\reservalo2.0\system\Database\BaseConnection.php(693): CodeIgniter\Database\MySQLi\Connection->execute('INSERT INTO `re...')
#2 C:\Proyectos\reservalo2.0\system\Database\BaseConnection.php(607): CodeIgniter\Database\BaseConnection->simpleQuery('INSERT INTO `re...')
#3 C:\Proyectos\reservalo2.0\system\Database\BaseBuilder.php(2307): CodeIgniter\Database\BaseConnection->query('INSERT INTO `re...', Array, false)
#4 C:\Proyectos\reservalo2.0\app\Models\reservasModel.php(153): CodeIgniter\Database\BaseBuilder->insert(Array)
#5 C:\Proyectos\reservalo2.0\app\Controllers\Reservas.php(144): App\Models\reservasModel->hacerReserva(Array)
#6 C:\Proyectos\reservalo2.0\system\CodeIgniter.php(941): App\Controllers\Reservas->hacerReserva()
#7 C:\Proyectos\reservalo2.0\system\CodeIgniter.php(502): CodeIgniter\CodeIgniter->runController(Object(App\Controllers\Reservas))
#8 C:\Proyectos\reservalo2.0\system\CodeIgniter.php(361): CodeIgniter\CodeIgniter->handleRequest(NULL, Object(Config\Cache), false)
#9 C:\Proyectos\reservalo2.0\index.php(79): CodeIgniter\CodeIgniter->run()
#10 {main}
CRITICAL - 2026-02-16 13:56:49 --> CodeIgniter\Database\Exceptions\DatabaseException: Unknown column 'precio_reserva' in 'field list'
in SYSTEMPATH\Database\BaseConnection.php on line 647.
 1 SYSTEMPATH\Database\BaseBuilder.php(2307): CodeIgniter\Database\BaseConnection->query('INSERT INTO `reservas` (`id_pista`, `fecha`, `hora_inicio`, `hora_final`, `fecha_reserva`, `id_usuario`, `id_pedido`, `pagadas`, `precio_reserva`) VALUES (:id_pista:, :fecha:, :hora_inicio:, :hora_final:, :fecha_reserva:, :id_usuario:, :id_pedido:, :pagadas:, :precio_reserva:)', [...], false)
 2 APPPATH\Models\reservasModel.php(153): CodeIgniter\Database\BaseBuilder->insert([...])
 3 APPPATH\Controllers\Reservas.php(144): App\Models\reservasModel->hacerReserva([...])
 4 SYSTEMPATH\CodeIgniter.php(941): App\Controllers\Reservas->hacerReserva()
 5 SYSTEMPATH\CodeIgniter.php(502): CodeIgniter\CodeIgniter->runController(Object(App\Controllers\Reservas))
 6 SYSTEMPATH\CodeIgniter.php(361): CodeIgniter\CodeIgniter->handleRequest(null, Object(Config\Cache), false)
 7 FCPATH\index.php(79): CodeIgniter\CodeIgniter->run()
CRITICAL - 2026-02-16 13:56:49 --> [Caused by] CodeIgniter\Database\Exceptions\DatabaseException: Unknown column 'precio_reserva' in 'field list'
in SYSTEMPATH\Database\MySQLi\Connection.php on line 311.
 1 SYSTEMPATH\Database\BaseConnection.php(693): CodeIgniter\Database\MySQLi\Connection->execute('INSERT INTO `reservas` (`id_pista`, `fecha`, `hora_inicio`, `hora_final`, `fecha_reserva`, `id_usuario`, `id_pedido`, `pagadas`, `precio_reserva`) VALUES (\'89\', \'2026-02-16\', \'18:00\', \'19:00\', \'2026-02-16 13:56:35\', \'5\', 62, 0, 28)')
 2 SYSTEMPATH\Database\BaseConnection.php(607): CodeIgniter\Database\BaseConnection->simpleQuery('INSERT INTO `reservas` (`id_pista`, `fecha`, `hora_inicio`, `hora_final`, `fecha_reserva`, `id_usuario`, `id_pedido`, `pagadas`, `precio_reserva`) VALUES (\'89\', \'2026-02-16\', \'18:00\', \'19:00\', \'2026-02-16 13:56:35\', \'5\', 62, 0, 28)')
 3 SYSTEMPATH\Database\BaseBuilder.php(2307): CodeIgniter\Database\BaseConnection->query('INSERT INTO `reservas` (`id_pista`, `fecha`, `hora_inicio`, `hora_final`, `fecha_reserva`, `id_usuario`, `id_pedido`, `pagadas`, `precio_reserva`) VALUES (:id_pista:, :fecha:, :hora_inicio:, :hora_final:, :fecha_reserva:, :id_usuario:, :id_pedido:, :pagadas:, :precio_reserva:)', [...], false)
 4 APPPATH\Models\reservasModel.php(153): CodeIgniter\Database\BaseBuilder->insert([...])
 5 APPPATH\Controllers\Reservas.php(144): App\Models\reservasModel->hacerReserva([...])
 6 SYSTEMPATH\CodeIgniter.php(941): App\Controllers\Reservas->hacerReserva()
 7 SYSTEMPATH\CodeIgniter.php(502): CodeIgniter\CodeIgniter->runController(Object(App\Controllers\Reservas))
 8 SYSTEMPATH\CodeIgniter.php(361): CodeIgniter\CodeIgniter->handleRequest(null, Object(Config\Cache), false)
 9 FCPATH\index.php(79): CodeIgniter\CodeIgniter->run()
CRITICAL - 2026-02-16 13:56:49 --> [Caused by] mysqli_sql_exception: Unknown column 'precio_reserva' in 'field list'
in SYSTEMPATH\Database\MySQLi\Connection.php on line 306.
 1 SYSTEMPATH\Database\MySQLi\Connection.php(306): mysqli->query('INSERT INTO `reservas` (`id_pista`, `fecha`, `hora_inicio`, `hora_final`, `fecha_reserva`, `id_usuario`, `id_pedido`, `pagadas`, `precio_reserva`) VALUES (\'89\', \'2026-02-16\', \'18:00\', \'19:00\', \'2026-02-16 13:56:35\', \'5\', 62, 0, 28)', 0)
 2 SYSTEMPATH\Database\BaseConnection.php(693): CodeIgniter\Database\MySQLi\Connection->execute('INSERT INTO `reservas` (`id_pista`, `fecha`, `hora_inicio`, `hora_final`, `fecha_reserva`, `id_usuario`, `id_pedido`, `pagadas`, `precio_reserva`) VALUES (\'89\', \'2026-02-16\', \'18:00\', \'19:00\', \'2026-02-16 13:56:35\', \'5\', 62, 0, 28)')
 3 SYSTEMPATH\Database\BaseConnection.php(607): CodeIgniter\Database\BaseConnection->simpleQuery('INSERT INTO `reservas` (`id_pista`, `fecha`, `hora_inicio`, `hora_final`, `fecha_reserva`, `id_usuario`, `id_pedido`, `pagadas`, `precio_reserva`) VALUES (\'89\', \'2026-02-16\', \'18:00\', \'19:00\', \'2026-02-16 13:56:35\', \'5\', 62, 0, 28)')
 4 SYSTEMPATH\Database\BaseBuilder.php(2307): CodeIgniter\Database\BaseConnection->query('INSERT INTO `reservas` (`id_pista`, `fecha`, `hora_inicio`, `hora_final`, `fecha_reserva`, `id_usuario`, `id_pedido`, `pagadas`, `precio_reserva`) VALUES (:id_pista:, :fecha:, :hora_inicio:, :hora_final:, :fecha_reserva:, :id_usuario:, :id_pedido:, :pagadas:, :precio_reserva:)', [...], false)
 5 APPPATH\Models\reservasModel.php(153): CodeIgniter\Database\BaseBuilder->insert([...])
 6 APPPATH\Controllers\Reservas.php(144): App\Models\reservasModel->hacerReserva([...])
 7 SYSTEMPATH\CodeIgniter.php(941): App\Controllers\Reservas->hacerReserva()
 8 SYSTEMPATH\CodeIgniter.php(502): CodeIgniter\CodeIgniter->runController(Object(App\Controllers\Reservas))
 9 SYSTEMPATH\CodeIgniter.php(361): CodeIgniter\CodeIgniter->handleRequest(null, Object(Config\Cache), false)
10 FCPATH\index.php(79): CodeIgniter\CodeIgniter->run()
INFO - 2026-02-16 12:56:53 --> Session: Class initialized using 'CodeIgniter\Session\Handlers\FileHandler' driver.
INFO - 2026-02-16 12:57:17 --> Session: Class initialized using 'CodeIgniter\Session\Handlers\FileHandler' driver.
INFO - 2026-02-16 12:59:10 --> Session: Class initialized using 'CodeIgniter\Session\Handlers\FileHandler' driver.
INFO - 2026-02-16 13:59:21 --> Session: Class initialized using 'CodeIgniter\Session\Handlers\FileHandler' driver.
INFO - 2026-02-16 12:59:35 --> ✅ Email enviado a: danielruizdeveloper@gmail.com
INFO - 2026-02-16 15:08:03 --> Session: Class initialized using 'CodeIgniter\Session\Handlers\FileHandler' driver.
INFO - 2026-02-16 15:13:06 --> Session: Class initialized using 'CodeIgniter\Session\Handlers\FileHandler' driver.
INFO - 2026-02-16 15:13:07 --> Session: Class initialized using 'CodeIgniter\Session\Handlers\FileHandler' driver.
INFO - 2026-02-16 15:13:52 --> Session: Class initialized using 'CodeIgniter\Session\Handlers\FileHandler' driver.
INFO - 2026-02-16 15:16:40 --> Session: Class initialized using 'CodeIgniter\Session\Handlers\FileHandler' driver.
CRITICAL - 2026-02-16 15:16:41 --> ErrorException: Undefined variable $<button type="button" class="btn btn-danger"><i class="bi bi-x-lg"></i>&nbsp;Anular</button>
in APPPATH\Views\reservas\reservas.php on line 118.
 1 APPPATH\Views\reservas\reservas.php(118): CodeIgniter\Debug\Exceptions->errorHandler(2, 'Undefined variable $<button type="button" class="btn btn-danger"><i class="bi bi-x-lg"></i>&nbsp;Anular</button>', 'C:\\Proyectos\\reservalo2.0\\app\\Views\\reservas\\reservas.php', 118)
 2 SYSTEMPATH\View\View.php(228): include('C:\\Proyectos\\reservalo2.0\\app\\Views\\reservas\\reservas.php')
 3 SYSTEMPATH\View\View.php(231): CodeIgniter\View\View->CodeIgniter\View\{closure}()
 4 SYSTEMPATH\Common.php(1178): CodeIgniter\View\View->render('reservas/reservas', [], true)
 5 APPPATH\Controllers\Reservas.php(358): view('reservas/reservas', [...])
 6 SYSTEMPATH\CodeIgniter.php(941): App\Controllers\Reservas->crudReservas()
 7 SYSTEMPATH\CodeIgniter.php(502): CodeIgniter\CodeIgniter->runController(Object(App\Controllers\Reservas))
 8 SYSTEMPATH\CodeIgniter.php(361): CodeIgniter\CodeIgniter->handleRequest(null, Object(Config\Cache), false)
 9 FCPATH\index.php(79): CodeIgniter\CodeIgniter->run()
INFO - 2026-02-16 15:17:04 --> Session: Class initialized using 'CodeIgniter\Session\Handlers\FileHandler' driver.
INFO - 2026-02-16 15:17:33 --> Session: Class initialized using 'CodeIgniter\Session\Handlers\FileHandler' driver.
INFO - 2026-02-16 15:17:43 --> Session: Class initialized using 'CodeIgniter\Session\Handlers\FileHandler' driver.
INFO - 2026-02-16 15:17:49 --> Session: Class initialized using 'CodeIgniter\Session\Handlers\FileHandler' driver.
INFO - 2026-02-16 15:18:21 --> Session: Class initialized using 'CodeIgniter\Session\Handlers\FileHandler' driver.
INFO - 2026-02-16 15:18:39 --> Session: Class initialized using 'CodeIgniter\Session\Handlers\FileHandler' driver.
INFO - 2026-02-16 15:41:28 --> Session: Class initialized using 'CodeIgniter\Session\Handlers\FileHandler' driver.
CRITICAL - 2026-02-16 15:41:29 --> ErrorException: Undefined array key "id_reserva"
in APPPATH\Views\reservas\reservas.php on line 76.
 1 APPPATH\Views\reservas\reservas.php(76): CodeIgniter\Debug\Exceptions->errorHandler(2, 'Undefined array key "id_reserva"', 'C:\\Proyectos\\reservalo2.0\\app\\Views\\reservas\\reservas.php', 76)
 2 SYSTEMPATH\View\View.php(228): include('C:\\Proyectos\\reservalo2.0\\app\\Views\\reservas\\reservas.php')
 3 SYSTEMPATH\View\View.php(231): CodeIgniter\View\View->CodeIgniter\View\{closure}()
 4 SYSTEMPATH\Common.php(1178): CodeIgniter\View\View->render('reservas/reservas', [], true)
 5 APPPATH\Controllers\Reservas.php(358): view('reservas/reservas', [...])
 6 SYSTEMPATH\CodeIgniter.php(941): App\Controllers\Reservas->crudReservas()
 7 SYSTEMPATH\CodeIgniter.php(502): CodeIgniter\CodeIgniter->runController(Object(App\Controllers\Reservas))
 8 SYSTEMPATH\CodeIgniter.php(361): CodeIgniter\CodeIgniter->handleRequest(null, Object(Config\Cache), false)
 9 FCPATH\index.php(79): CodeIgniter\CodeIgniter->run()
INFO - 2026-02-16 15:43:33 --> Session: Class initialized using 'CodeIgniter\Session\Handlers\FileHandler' driver.
INFO - 2026-02-16 16:03:06 --> Session: Class initialized using 'CodeIgniter\Session\Handlers\FileHandler' driver.
