ERROR - 2026-07-09 13:05:48 --> Error connecting to the database: mysqli_sql_exception: No se puede establecer una conexión ya que el equipo de destino denegó expresamente dicha conexión in D:\proyectos\reservalo2.0\system\Database\MySQLi\Connection.php:184
Stack trace:
#0 D:\proyectos\reservalo2.0\system\Database\MySQLi\Connection.php(184): mysqli->real_connect('localhost', 'root', Object(SensitiveParameterValue), 'reservalo2', 3306, '', 0)
#1 D:\proyectos\reservalo2.0\system\Database\BaseConnection.php(392): CodeIgniter\Database\MySQLi\Connection->connect(false)
#2 D:\proyectos\reservalo2.0\system\Database\BaseConnection.php(575): CodeIgniter\Database\BaseConnection->initialize()
#3 D:\proyectos\reservalo2.0\system\Database\BaseBuilder.php(1616): CodeIgniter\Database\BaseConnection->query('SELECT `instala...', Array, false)
#4 D:\proyectos\reservalo2.0\app\Models\instalacionesModel.php(183): CodeIgniter\Database\BaseBuilder->get()
#5 D:\proyectos\reservalo2.0\app\Controllers\Home.php(20): App\Models\instalacionesModel->getInstalacionesHome()
#6 D:\proyectos\reservalo2.0\system\CodeIgniter.php(941): App\Controllers\Home->index()
#7 D:\proyectos\reservalo2.0\system\CodeIgniter.php(502): CodeIgniter\CodeIgniter->runController(Object(App\Controllers\Home))
#8 D:\proyectos\reservalo2.0\system\CodeIgniter.php(361): CodeIgniter\CodeIgniter->handleRequest(NULL, Object(Config\Cache), false)
#9 D:\proyectos\reservalo2.0\index.php(79): CodeIgniter\CodeIgniter->run()
#10 {main}

Next CodeIgniter\Database\Exceptions\DatabaseException: No se puede establecer una conexión ya que el equipo de destino denegó expresamente dicha conexión in D:\proyectos\reservalo2.0\system\Database\MySQLi\Connection.php:229
Stack trace:
#0 D:\proyectos\reservalo2.0\system\Database\BaseConnection.php(392): CodeIgniter\Database\MySQLi\Connection->connect(false)
#1 D:\proyectos\reservalo2.0\system\Database\BaseConnection.php(575): CodeIgniter\Database\BaseConnection->initialize()
#2 D:\proyectos\reservalo2.0\system\Database\BaseBuilder.php(1616): CodeIgniter\Database\BaseConnection->query('SELECT `instala...', Array, false)
#3 D:\proyectos\reservalo2.0\app\Models\instalacionesModel.php(183): CodeIgniter\Database\BaseBuilder->get()
#4 D:\proyectos\reservalo2.0\app\Controllers\Home.php(20): App\Models\instalacionesModel->getInstalacionesHome()
#5 D:\proyectos\reservalo2.0\system\CodeIgniter.php(941): App\Controllers\Home->index()
#6 D:\proyectos\reservalo2.0\system\CodeIgniter.php(502): CodeIgniter\CodeIgniter->runController(Object(App\Controllers\Home))
#7 D:\proyectos\reservalo2.0\system\CodeIgniter.php(361): CodeIgniter\CodeIgniter->handleRequest(NULL, Object(Config\Cache), false)
#8 D:\proyectos\reservalo2.0\index.php(79): CodeIgniter\CodeIgniter->run()
#9 {main}
CRITICAL - 2026-07-09 13:05:49 --> CodeIgniter\Database\Exceptions\DatabaseException: Unable to connect to the database.
Main connection [MySQLi]: No se puede establecer una conexión ya que el equipo de destino denegó expresamente dicha conexión
in SYSTEMPATH\Database\BaseConnection.php on line 428.
 1 SYSTEMPATH\Database\BaseConnection.php(575): CodeIgniter\Database\BaseConnection->initialize()
 2 SYSTEMPATH\Database\BaseBuilder.php(1616): CodeIgniter\Database\BaseConnection->query('SELECT `instalaciones`.*, `categorias1`.`nombre` as `categoria_name`, `categorias2`.`nombre` as `categoria_opc_name`, (SELECT imagen1 FROM pistas
                            WHERE pistas.id_instalacion = instalaciones.id_instalacion
                            ORDER BY id_pista ASC LIMIT 1) as imagen1
FROM `instalaciones`
LEFT JOIN `categorias` as `categorias1` ON `instalaciones`.`categoria_principal` = `categorias1`.`id_categoria`
LEFT JOIN `categorias` as `categorias2` ON `instalaciones`.`categoria_opcional1` = `categorias2`.`id_categoria`', [], false)
 3 APPPATH\Models\instalacionesModel.php(183): CodeIgniter\Database\BaseBuilder->get()
 4 APPPATH\Controllers\Home.php(20): App\Models\instalacionesModel->getInstalacionesHome()
 5 SYSTEMPATH\CodeIgniter.php(941): App\Controllers\Home->index()
 6 SYSTEMPATH\CodeIgniter.php(502): CodeIgniter\CodeIgniter->runController(Object(App\Controllers\Home))
 7 SYSTEMPATH\CodeIgniter.php(361): CodeIgniter\CodeIgniter->handleRequest(null, Object(Config\Cache), false)
 8 FCPATH\index.php(79): CodeIgniter\CodeIgniter->run()
ERROR - 2026-07-09 13:05:54 --> Error connecting to the database: mysqli_sql_exception: No se puede establecer una conexión ya que el equipo de destino denegó expresamente dicha conexión in D:\proyectos\reservalo2.0\system\Database\MySQLi\Connection.php:184
Stack trace:
#0 D:\proyectos\reservalo2.0\system\Database\MySQLi\Connection.php(184): mysqli->real_connect('localhost', 'root', Object(SensitiveParameterValue), 'reservalo2', 3306, '', 0)
#1 D:\proyectos\reservalo2.0\system\Database\BaseConnection.php(392): CodeIgniter\Database\MySQLi\Connection->connect(false)
#2 D:\proyectos\reservalo2.0\system\Database\BaseConnection.php(575): CodeIgniter\Database\BaseConnection->initialize()
#3 D:\proyectos\reservalo2.0\system\Database\BaseBuilder.php(1616): CodeIgniter\Database\BaseConnection->query('SELECT `instala...', Array, false)
#4 D:\proyectos\reservalo2.0\app\Models\instalacionesModel.php(183): CodeIgniter\Database\BaseBuilder->get()
#5 D:\proyectos\reservalo2.0\app\Controllers\Home.php(20): App\Models\instalacionesModel->getInstalacionesHome()
#6 D:\proyectos\reservalo2.0\system\CodeIgniter.php(941): App\Controllers\Home->index()
#7 D:\proyectos\reservalo2.0\system\CodeIgniter.php(502): CodeIgniter\CodeIgniter->runController(Object(App\Controllers\Home))
#8 D:\proyectos\reservalo2.0\system\CodeIgniter.php(361): CodeIgniter\CodeIgniter->handleRequest(NULL, Object(Config\Cache), false)
#9 D:\proyectos\reservalo2.0\index.php(79): CodeIgniter\CodeIgniter->run()
#10 {main}

Next CodeIgniter\Database\Exceptions\DatabaseException: No se puede establecer una conexión ya que el equipo de destino denegó expresamente dicha conexión in D:\proyectos\reservalo2.0\system\Database\MySQLi\Connection.php:229
Stack trace:
#0 D:\proyectos\reservalo2.0\system\Database\BaseConnection.php(392): CodeIgniter\Database\MySQLi\Connection->connect(false)
#1 D:\proyectos\reservalo2.0\system\Database\BaseConnection.php(575): CodeIgniter\Database\BaseConnection->initialize()
#2 D:\proyectos\reservalo2.0\system\Database\BaseBuilder.php(1616): CodeIgniter\Database\BaseConnection->query('SELECT `instala...', Array, false)
#3 D:\proyectos\reservalo2.0\app\Models\instalacionesModel.php(183): CodeIgniter\Database\BaseBuilder->get()
#4 D:\proyectos\reservalo2.0\app\Controllers\Home.php(20): App\Models\instalacionesModel->getInstalacionesHome()
#5 D:\proyectos\reservalo2.0\system\CodeIgniter.php(941): App\Controllers\Home->index()
#6 D:\proyectos\reservalo2.0\system\CodeIgniter.php(502): CodeIgniter\CodeIgniter->runController(Object(App\Controllers\Home))
#7 D:\proyectos\reservalo2.0\system\CodeIgniter.php(361): CodeIgniter\CodeIgniter->handleRequest(NULL, Object(Config\Cache), false)
#8 D:\proyectos\reservalo2.0\index.php(79): CodeIgniter\CodeIgniter->run()
#9 {main}
CRITICAL - 2026-07-09 13:05:55 --> CodeIgniter\Database\Exceptions\DatabaseException: Unable to connect to the database.
Main connection [MySQLi]: No se puede establecer una conexión ya que el equipo de destino denegó expresamente dicha conexión
in SYSTEMPATH\Database\BaseConnection.php on line 428.
 1 SYSTEMPATH\Database\BaseConnection.php(575): CodeIgniter\Database\BaseConnection->initialize()
 2 SYSTEMPATH\Database\BaseBuilder.php(1616): CodeIgniter\Database\BaseConnection->query('SELECT `instalaciones`.*, `categorias1`.`nombre` as `categoria_name`, `categorias2`.`nombre` as `categoria_opc_name`, (SELECT imagen1 FROM pistas
                            WHERE pistas.id_instalacion = instalaciones.id_instalacion
                            ORDER BY id_pista ASC LIMIT 1) as imagen1
FROM `instalaciones`
LEFT JOIN `categorias` as `categorias1` ON `instalaciones`.`categoria_principal` = `categorias1`.`id_categoria`
LEFT JOIN `categorias` as `categorias2` ON `instalaciones`.`categoria_opcional1` = `categorias2`.`id_categoria`', [], false)
 3 APPPATH\Models\instalacionesModel.php(183): CodeIgniter\Database\BaseBuilder->get()
 4 APPPATH\Controllers\Home.php(20): App\Models\instalacionesModel->getInstalacionesHome()
 5 SYSTEMPATH\CodeIgniter.php(941): App\Controllers\Home->index()
 6 SYSTEMPATH\CodeIgniter.php(502): CodeIgniter\CodeIgniter->runController(Object(App\Controllers\Home))
 7 SYSTEMPATH\CodeIgniter.php(361): CodeIgniter\CodeIgniter->handleRequest(null, Object(Config\Cache), false)
 8 FCPATH\index.php(79): CodeIgniter\CodeIgniter->run()
