ERROR - 2026-07-21 13:00:38 --> mysqli_sql_exception: Cannot add or update a child row: a foreign key constraint fails (`reservalo2`.`pedido`, CONSTRAINT `FK__usuarios` FOREIGN KEY (`id_usuario`) REFERENCES `usuarios` (`id_usuario`) ON DELETE NO ACTION ON UPDATE CASCADE) in D:\proyectos\reservalo2.0\system\Database\MySQLi\Connection.php:306
Stack trace:
#0 D:\proyectos\reservalo2.0\system\Database\MySQLi\Connection.php(306): mysqli->query('INSERT INTO `pe...', 0)
#1 D:\proyectos\reservalo2.0\system\Database\BaseConnection.php(693): CodeIgniter\Database\MySQLi\Connection->execute('INSERT INTO `pe...')
#2 D:\proyectos\reservalo2.0\system\Database\BaseConnection.php(607): CodeIgniter\Database\BaseConnection->simpleQuery('INSERT INTO `pe...')
#3 D:\proyectos\reservalo2.0\system\Database\BaseBuilder.php(2307): CodeIgniter\Database\BaseConnection->query('INSERT INTO `pe...', Array, false)
#4 D:\proyectos\reservalo2.0\app\Models\reservasModel.php(200): CodeIgniter\Database\BaseBuilder->insert(Array)
#5 D:\proyectos\reservalo2.0\app\Controllers\Actividades.php(525): App\Models\reservasModel->hacerPedido(Array)
#6 D:\proyectos\reservalo2.0\system\CodeIgniter.php(941): App\Controllers\Actividades->reservaActividad()
#7 D:\proyectos\reservalo2.0\system\CodeIgniter.php(502): CodeIgniter\CodeIgniter->runController(Object(App\Controllers\Actividades))
#8 D:\proyectos\reservalo2.0\system\CodeIgniter.php(361): CodeIgniter\CodeIgniter->handleRequest(NULL, Object(Config\Cache), false)
#9 D:\proyectos\reservalo2.0\index.php(79): CodeIgniter\CodeIgniter->run()
#10 {main}
CRITICAL - 2026-07-21 13:00:39 --> CodeIgniter\Database\Exceptions\DatabaseException: Cannot add or update a child row: a foreign key constraint fails (`reservalo2`.`pedido`, CONSTRAINT `FK__usuarios` FOREIGN KEY (`id_usuario`) REFERENCES `usuarios` (`id_usuario`) ON DELETE NO ACTION ON UPDATE CASCADE)
in SYSTEMPATH\Database\BaseConnection.php on line 647.
 1 SYSTEMPATH\Database\BaseBuilder.php(2307): CodeIgniter\Database\BaseConnection->query('INSERT INTO `pedido` (`id_usuario`, `fecha_pedido`, `precio_pedido`, `num_pedido`) VALUES (:id_usuario:, :fecha_pedido:, :precio_pedido:, :num_pedido:)', [...], false)
 2 APPPATH\Models\reservasModel.php(200): CodeIgniter\Database\BaseBuilder->insert([...])
 3 APPPATH\Controllers\Actividades.php(525): App\Models\reservasModel->hacerPedido([...])
 4 SYSTEMPATH\CodeIgniter.php(941): App\Controllers\Actividades->reservaActividad()
 5 SYSTEMPATH\CodeIgniter.php(502): CodeIgniter\CodeIgniter->runController(Object(App\Controllers\Actividades))
 6 SYSTEMPATH\CodeIgniter.php(361): CodeIgniter\CodeIgniter->handleRequest(null, Object(Config\Cache), false)
 7 FCPATH\index.php(79): CodeIgniter\CodeIgniter->run()
CRITICAL - 2026-07-21 13:00:39 --> [Caused by] CodeIgniter\Database\Exceptions\DatabaseException: Cannot add or update a child row: a foreign key constraint fails (`reservalo2`.`pedido`, CONSTRAINT `FK__usuarios` FOREIGN KEY (`id_usuario`) REFERENCES `usuarios` (`id_usuario`) ON DELETE NO ACTION ON UPDATE CASCADE)
in SYSTEMPATH\Database\MySQLi\Connection.php on line 311.
 1 SYSTEMPATH\Database\BaseConnection.php(693): CodeIgniter\Database\MySQLi\Connection->execute('INSERT INTO `pedido` (`id_usuario`, `fecha_pedido`, `precio_pedido`, `num_pedido`) VALUES (0, \'2026-07-21 13:00:38\', 42, \'20260721-130038-001\')')
 2 SYSTEMPATH\Database\BaseConnection.php(607): CodeIgniter\Database\BaseConnection->simpleQuery('INSERT INTO `pedido` (`id_usuario`, `fecha_pedido`, `precio_pedido`, `num_pedido`) VALUES (0, \'2026-07-21 13:00:38\', 42, \'20260721-130038-001\')')
 3 SYSTEMPATH\Database\BaseBuilder.php(2307): CodeIgniter\Database\BaseConnection->query('INSERT INTO `pedido` (`id_usuario`, `fecha_pedido`, `precio_pedido`, `num_pedido`) VALUES (:id_usuario:, :fecha_pedido:, :precio_pedido:, :num_pedido:)', [...], false)
 4 APPPATH\Models\reservasModel.php(200): CodeIgniter\Database\BaseBuilder->insert([...])
 5 APPPATH\Controllers\Actividades.php(525): App\Models\reservasModel->hacerPedido([...])
 6 SYSTEMPATH\CodeIgniter.php(941): App\Controllers\Actividades->reservaActividad()
 7 SYSTEMPATH\CodeIgniter.php(502): CodeIgniter\CodeIgniter->runController(Object(App\Controllers\Actividades))
 8 SYSTEMPATH\CodeIgniter.php(361): CodeIgniter\CodeIgniter->handleRequest(null, Object(Config\Cache), false)
 9 FCPATH\index.php(79): CodeIgniter\CodeIgniter->run()
CRITICAL - 2026-07-21 13:00:39 --> [Caused by] mysqli_sql_exception: Cannot add or update a child row: a foreign key constraint fails (`reservalo2`.`pedido`, CONSTRAINT `FK__usuarios` FOREIGN KEY (`id_usuario`) REFERENCES `usuarios` (`id_usuario`) ON DELETE NO ACTION ON UPDATE CASCADE)
in SYSTEMPATH\Database\MySQLi\Connection.php on line 306.
 1 SYSTEMPATH\Database\MySQLi\Connection.php(306): mysqli->query('INSERT INTO `pedido` (`id_usuario`, `fecha_pedido`, `precio_pedido`, `num_pedido`) VALUES (0, \'2026-07-21 13:00:38\', 42, \'20260721-130038-001\')', 0)
 2 SYSTEMPATH\Database\BaseConnection.php(693): CodeIgniter\Database\MySQLi\Connection->execute('INSERT INTO `pedido` (`id_usuario`, `fecha_pedido`, `precio_pedido`, `num_pedido`) VALUES (0, \'2026-07-21 13:00:38\', 42, \'20260721-130038-001\')')
 3 SYSTEMPATH\Database\BaseConnection.php(607): CodeIgniter\Database\BaseConnection->simpleQuery('INSERT INTO `pedido` (`id_usuario`, `fecha_pedido`, `precio_pedido`, `num_pedido`) VALUES (0, \'2026-07-21 13:00:38\', 42, \'20260721-130038-001\')')
 4 SYSTEMPATH\Database\BaseBuilder.php(2307): CodeIgniter\Database\BaseConnection->query('INSERT INTO `pedido` (`id_usuario`, `fecha_pedido`, `precio_pedido`, `num_pedido`) VALUES (:id_usuario:, :fecha_pedido:, :precio_pedido:, :num_pedido:)', [...], false)
 5 APPPATH\Models\reservasModel.php(200): CodeIgniter\Database\BaseBuilder->insert([...])
 6 APPPATH\Controllers\Actividades.php(525): App\Models\reservasModel->hacerPedido([...])
 7 SYSTEMPATH\CodeIgniter.php(941): App\Controllers\Actividades->reservaActividad()
 8 SYSTEMPATH\CodeIgniter.php(502): CodeIgniter\CodeIgniter->runController(Object(App\Controllers\Actividades))
 9 SYSTEMPATH\CodeIgniter.php(361): CodeIgniter\CodeIgniter->handleRequest(null, Object(Config\Cache), false)
10 FCPATH\index.php(79): CodeIgniter\CodeIgniter->run()
