INFO - 2026-01-26 09:30:31 --> Session: Class initialized using 'CodeIgniter\Session\Handlers\FileHandler' driver.
INFO - 2026-01-26 09:30:32 --> Session: Class initialized using 'CodeIgniter\Session\Handlers\FileHandler' driver.
INFO - 2026-01-26 09:31:10 --> Session: Class initialized using 'CodeIgniter\Session\Handlers\FileHandler' driver.
INFO - 2026-01-26 09:31:11 --> Session: Class initialized using 'CodeIgniter\Session\Handlers\FileHandler' driver.
INFO - 2026-01-26 09:52:47 --> Session: Class initialized using 'CodeIgniter\Session\Handlers\FileHandler' driver.
INFO - 2026-01-26 09:52:51 --> Session: Class initialized using 'CodeIgniter\Session\Handlers\FileHandler' driver.
INFO - 2026-01-26 10:09:27 --> Session: Class initialized using 'CodeIgniter\Session\Handlers\FileHandler' driver.
INFO - 2026-01-26 10:11:22 --> Session: Class initialized using 'CodeIgniter\Session\Handlers\FileHandler' driver.
INFO - 2026-01-26 10:12:27 --> Session: Class initialized using 'CodeIgniter\Session\Handlers\FileHandler' driver.
INFO - 2026-01-26 10:34:56 --> Session: Class initialized using 'CodeIgniter\Session\Handlers\FileHandler' driver.
INFO - 2026-01-26 10:36:43 --> Session: Class initialized using 'CodeIgniter\Session\Handlers\FileHandler' driver.
INFO - 2026-01-26 10:38:10 --> Session: Class initialized using 'CodeIgniter\Session\Handlers\FileHandler' driver.
INFO - 2026-01-26 11:06:37 --> Session: Class initialized using 'CodeIgniter\Session\Handlers\FileHandler' driver.
INFO - 2026-01-26 11:27:52 --> Session: Class initialized using 'CodeIgniter\Session\Handlers\FileHandler' driver.
CRITICAL - 2026-01-26 11:27:53 --> ParseError: syntax error, unexpected double-quoted string "categoria_principal", expecting "]"
in APPPATH\Controllers\Instalaciones.php on line 523.
 1 SYSTEMPATH\Autoloader\Autoloader.php(290): CodeIgniter\Autoloader\Autoloader->includeFile('C:\\Proyectos\\reservalo2.0\\app\\Controllers\\Instalaciones.php')
 2 SYSTEMPATH\Autoloader\Autoloader.php(266): CodeIgniter\Autoloader\Autoloader->loadInNamespace('App\\Controllers\\Instalaciones')
 3 [internal function]: CodeIgniter\Autoloader\Autoloader->loadClass('App\\Controllers\\Instalaciones')
 4 SYSTEMPATH\CodeIgniter.php(899): class_exists('\\App\\Controllers\\Instalaciones', true)
 5 SYSTEMPATH\CodeIgniter.php(489): CodeIgniter\CodeIgniter->startController()
 6 SYSTEMPATH\CodeIgniter.php(361): CodeIgniter\CodeIgniter->handleRequest(null, Object(Config\Cache), false)
 7 FCPATH\index.php(79): CodeIgniter\CodeIgniter->run()
INFO - 2026-01-26 11:28:50 --> Session: Class initialized using 'CodeIgniter\Session\Handlers\FileHandler' driver.
CRITICAL - 2026-01-26 11:28:50 --> ParseError: syntax error, unexpected double-quoted string "categoria_principal", expecting "]"
in APPPATH\Controllers\Instalaciones.php on line 523.
 1 SYSTEMPATH\Autoloader\Autoloader.php(290): CodeIgniter\Autoloader\Autoloader->includeFile('C:\\Proyectos\\reservalo2.0\\app\\Controllers\\Instalaciones.php')
 2 SYSTEMPATH\Autoloader\Autoloader.php(266): CodeIgniter\Autoloader\Autoloader->loadInNamespace('App\\Controllers\\Instalaciones')
 3 [internal function]: CodeIgniter\Autoloader\Autoloader->loadClass('App\\Controllers\\Instalaciones')
 4 SYSTEMPATH\CodeIgniter.php(899): class_exists('\\App\\Controllers\\Instalaciones', true)
 5 SYSTEMPATH\CodeIgniter.php(489): CodeIgniter\CodeIgniter->startController()
 6 SYSTEMPATH\CodeIgniter.php(361): CodeIgniter\CodeIgniter->handleRequest(null, Object(Config\Cache), false)
 7 FCPATH\index.php(79): CodeIgniter\CodeIgniter->run()
INFO - 2026-01-26 11:29:05 --> Session: Class initialized using 'CodeIgniter\Session\Handlers\FileHandler' driver.
INFO - 2026-01-26 11:29:07 --> Session: Class initialized using 'CodeIgniter\Session\Handlers\FileHandler' driver.
INFO - 2026-01-26 11:29:08 --> Session: Class initialized using 'CodeIgniter\Session\Handlers\FileHandler' driver.
INFO - 2026-01-26 11:29:08 --> Session: Class initialized using 'CodeIgniter\Session\Handlers\FileHandler' driver.
INFO - 2026-01-26 11:29:09 --> Session: Class initialized using 'CodeIgniter\Session\Handlers\FileHandler' driver.
INFO - 2026-01-26 11:29:09 --> Session: Class initialized using 'CodeIgniter\Session\Handlers\FileHandler' driver.
INFO - 2026-01-26 11:29:09 --> Session: Class initialized using 'CodeIgniter\Session\Handlers\FileHandler' driver.
INFO - 2026-01-26 11:29:10 --> Session: Class initialized using 'CodeIgniter\Session\Handlers\FileHandler' driver.
INFO - 2026-01-26 11:29:10 --> Session: Class initialized using 'CodeIgniter\Session\Handlers\FileHandler' driver.
INFO - 2026-01-26 11:29:12 --> Session: Class initialized using 'CodeIgniter\Session\Handlers\FileHandler' driver.
INFO - 2026-01-26 11:31:04 --> Session: Class initialized using 'CodeIgniter\Session\Handlers\FileHandler' driver.
ERROR - 2026-01-26 11:46:49 --> mysqli_sql_exception: Unknown column 'direccion' in 'field list' in C:\Proyectos\reservalo2.0\system\Database\MySQLi\Connection.php:306
Stack trace:
#0 C:\Proyectos\reservalo2.0\system\Database\MySQLi\Connection.php(306): mysqli->query('INSERT INTO `in...', 0)
#1 C:\Proyectos\reservalo2.0\system\Database\BaseConnection.php(693): CodeIgniter\Database\MySQLi\Connection->execute('INSERT INTO `in...')
#2 C:\Proyectos\reservalo2.0\system\Database\BaseConnection.php(607): CodeIgniter\Database\BaseConnection->simpleQuery('INSERT INTO `in...')
#3 C:\Proyectos\reservalo2.0\system\Database\BaseBuilder.php(2307): CodeIgniter\Database\BaseConnection->query('INSERT INTO `in...', Array, false)
#4 C:\Proyectos\reservalo2.0\app\Models\instalacionesModel.php(87): CodeIgniter\Database\BaseBuilder->insert(Array)
#5 C:\Proyectos\reservalo2.0\app\Controllers\Instalaciones.php(89): App\Models\instalacionesModel->createInstalacion(Array)
#6 C:\Proyectos\reservalo2.0\system\CodeIgniter.php(941): App\Controllers\Instalaciones->nuevaInstalacion()
#7 C:\Proyectos\reservalo2.0\system\CodeIgniter.php(502): CodeIgniter\CodeIgniter->runController(Object(App\Controllers\Instalaciones))
#8 C:\Proyectos\reservalo2.0\system\CodeIgniter.php(361): CodeIgniter\CodeIgniter->handleRequest(NULL, Object(Config\Cache), false)
#9 C:\Proyectos\reservalo2.0\index.php(79): CodeIgniter\CodeIgniter->run()
#10 {main}
CRITICAL - 2026-01-26 11:46:49 --> CodeIgniter\Database\Exceptions\DatabaseException: Unknown column 'direccion' in 'field list'
in SYSTEMPATH\Database\BaseConnection.php on line 647.
 1 SYSTEMPATH\Database\BaseBuilder.php(2307): CodeIgniter\Database\BaseConnection->query('INSERT INTO `instalaciones` (`nombre`, `descripcion`, `direccion`, `categoria_principal`, `categoria_opcional1`, `puede_completo`, `no_pistas`, `iluminacion`, `material`, `tipo_reserva`, `precio_completo`, `capacidad_completo`) VALUES (:nombre:, :descripcion:, :direccion:, :categoria_principal:, :categoria_opcional1:, :puede_completo:, :no_pistas:, :iluminacion:, :material:, :tipo_reserva:, :precio_completo:, :capacidad_completo:)', [...], false)
 2 APPPATH\Models\instalacionesModel.php(87): CodeIgniter\Database\BaseBuilder->insert([...])
 3 APPPATH\Controllers\Instalaciones.php(89): App\Models\instalacionesModel->createInstalacion([...])
 4 SYSTEMPATH\CodeIgniter.php(941): App\Controllers\Instalaciones->nuevaInstalacion()
 5 SYSTEMPATH\CodeIgniter.php(502): CodeIgniter\CodeIgniter->runController(Object(App\Controllers\Instalaciones))
 6 SYSTEMPATH\CodeIgniter.php(361): CodeIgniter\CodeIgniter->handleRequest(null, Object(Config\Cache), false)
 7 FCPATH\index.php(79): CodeIgniter\CodeIgniter->run()
CRITICAL - 2026-01-26 11:46:49 --> [Caused by] CodeIgniter\Database\Exceptions\DatabaseException: Unknown column 'direccion' in 'field list'
in SYSTEMPATH\Database\MySQLi\Connection.php on line 311.
 1 SYSTEMPATH\Database\BaseConnection.php(693): CodeIgniter\Database\MySQLi\Connection->execute('INSERT INTO `instalaciones` (`nombre`, `descripcion`, `direccion`, `categoria_principal`, `categoria_opcional1`, `puede_completo`, `no_pistas`, `iluminacion`, `material`, `tipo_reserva`, `precio_completo`, `capacidad_completo`) VALUES (\'Silo\', \'Instalación en la que se puede celebrar cumpleaños, ensayos, reuniones... La instalación dispone de iluminación, sillas, mesas y un servicio. \', \'C/ de la Estación. 29520. Fuente de Piedra\', 3, 2, 0, 1, 1, 1, 1, 0, 50)')
 2 SYSTEMPATH\Database\BaseConnection.php(607): CodeIgniter\Database\BaseConnection->simpleQuery('INSERT INTO `instalaciones` (`nombre`, `descripcion`, `direccion`, `categoria_principal`, `categoria_opcional1`, `puede_completo`, `no_pistas`, `iluminacion`, `material`, `tipo_reserva`, `precio_completo`, `capacidad_completo`) VALUES (\'Silo\', \'Instalación en la que se puede celebrar cumpleaños, ensayos, reuniones... La instalación dispone de iluminación, sillas, mesas y un servicio. \', \'C/ de la Estación. 29520. Fuente de Piedra\', 3, 2, 0, 1, 1, 1, 1, 0, 50)')
 3 SYSTEMPATH\Database\BaseBuilder.php(2307): CodeIgniter\Database\BaseConnection->query('INSERT INTO `instalaciones` (`nombre`, `descripcion`, `direccion`, `categoria_principal`, `categoria_opcional1`, `puede_completo`, `no_pistas`, `iluminacion`, `material`, `tipo_reserva`, `precio_completo`, `capacidad_completo`) VALUES (:nombre:, :descripcion:, :direccion:, :categoria_principal:, :categoria_opcional1:, :puede_completo:, :no_pistas:, :iluminacion:, :material:, :tipo_reserva:, :precio_completo:, :capacidad_completo:)', [...], false)
 4 APPPATH\Models\instalacionesModel.php(87): CodeIgniter\Database\BaseBuilder->insert([...])
 5 APPPATH\Controllers\Instalaciones.php(89): App\Models\instalacionesModel->createInstalacion([...])
 6 SYSTEMPATH\CodeIgniter.php(941): App\Controllers\Instalaciones->nuevaInstalacion()
 7 SYSTEMPATH\CodeIgniter.php(502): CodeIgniter\CodeIgniter->runController(Object(App\Controllers\Instalaciones))
 8 SYSTEMPATH\CodeIgniter.php(361): CodeIgniter\CodeIgniter->handleRequest(null, Object(Config\Cache), false)
 9 FCPATH\index.php(79): CodeIgniter\CodeIgniter->run()
CRITICAL - 2026-01-26 11:46:49 --> [Caused by] mysqli_sql_exception: Unknown column 'direccion' in 'field list'
in SYSTEMPATH\Database\MySQLi\Connection.php on line 306.
 1 SYSTEMPATH\Database\MySQLi\Connection.php(306): mysqli->query('INSERT INTO `instalaciones` (`nombre`, `descripcion`, `direccion`, `categoria_principal`, `categoria_opcional1`, `puede_completo`, `no_pistas`, `iluminacion`, `material`, `tipo_reserva`, `precio_completo`, `capacidad_completo`) VALUES (\'Silo\', \'Instalación en la que se puede celebrar cumpleaños, ensayos, reuniones... La instalación dispone de iluminación, sillas, mesas y un servicio. \', \'C/ de la Estación. 29520. Fuente de Piedra\', 3, 2, 0, 1, 1, 1, 1, 0, 50)', 0)
 2 SYSTEMPATH\Database\BaseConnection.php(693): CodeIgniter\Database\MySQLi\Connection->execute('INSERT INTO `instalaciones` (`nombre`, `descripcion`, `direccion`, `categoria_principal`, `categoria_opcional1`, `puede_completo`, `no_pistas`, `iluminacion`, `material`, `tipo_reserva`, `precio_completo`, `capacidad_completo`) VALUES (\'Silo\', \'Instalación en la que se puede celebrar cumpleaños, ensayos, reuniones... La instalación dispone de iluminación, sillas, mesas y un servicio. \', \'C/ de la Estación. 29520. Fuente de Piedra\', 3, 2, 0, 1, 1, 1, 1, 0, 50)')
 3 SYSTEMPATH\Database\BaseConnection.php(607): CodeIgniter\Database\BaseConnection->simpleQuery('INSERT INTO `instalaciones` (`nombre`, `descripcion`, `direccion`, `categoria_principal`, `categoria_opcional1`, `puede_completo`, `no_pistas`, `iluminacion`, `material`, `tipo_reserva`, `precio_completo`, `capacidad_completo`) VALUES (\'Silo\', \'Instalación en la que se puede celebrar cumpleaños, ensayos, reuniones... La instalación dispone de iluminación, sillas, mesas y un servicio. \', \'C/ de la Estación. 29520. Fuente de Piedra\', 3, 2, 0, 1, 1, 1, 1, 0, 50)')
 4 SYSTEMPATH\Database\BaseBuilder.php(2307): CodeIgniter\Database\BaseConnection->query('INSERT INTO `instalaciones` (`nombre`, `descripcion`, `direccion`, `categoria_principal`, `categoria_opcional1`, `puede_completo`, `no_pistas`, `iluminacion`, `material`, `tipo_reserva`, `precio_completo`, `capacidad_completo`) VALUES (:nombre:, :descripcion:, :direccion:, :categoria_principal:, :categoria_opcional1:, :puede_completo:, :no_pistas:, :iluminacion:, :material:, :tipo_reserva:, :precio_completo:, :capacidad_completo:)', [...], false)
 5 APPPATH\Models\instalacionesModel.php(87): CodeIgniter\Database\BaseBuilder->insert([...])
 6 APPPATH\Controllers\Instalaciones.php(89): App\Models\instalacionesModel->createInstalacion([...])
 7 SYSTEMPATH\CodeIgniter.php(941): App\Controllers\Instalaciones->nuevaInstalacion()
 8 SYSTEMPATH\CodeIgniter.php(502): CodeIgniter\CodeIgniter->runController(Object(App\Controllers\Instalaciones))
 9 SYSTEMPATH\CodeIgniter.php(361): CodeIgniter\CodeIgniter->handleRequest(null, Object(Config\Cache), false)
10 FCPATH\index.php(79): CodeIgniter\CodeIgniter->run()
ERROR - 2026-01-26 11:47:53 --> mysqli_sql_exception: Unknown column 'direccion' in 'field list' in C:\Proyectos\reservalo2.0\system\Database\MySQLi\Connection.php:306
Stack trace:
#0 C:\Proyectos\reservalo2.0\system\Database\MySQLi\Connection.php(306): mysqli->query('INSERT INTO `in...', 0)
#1 C:\Proyectos\reservalo2.0\system\Database\BaseConnection.php(693): CodeIgniter\Database\MySQLi\Connection->execute('INSERT INTO `in...')
#2 C:\Proyectos\reservalo2.0\system\Database\BaseConnection.php(607): CodeIgniter\Database\BaseConnection->simpleQuery('INSERT INTO `in...')
#3 C:\Proyectos\reservalo2.0\system\Database\BaseBuilder.php(2307): CodeIgniter\Database\BaseConnection->query('INSERT INTO `in...', Array, false)
#4 C:\Proyectos\reservalo2.0\app\Models\instalacionesModel.php(87): CodeIgniter\Database\BaseBuilder->insert(Array)
#5 C:\Proyectos\reservalo2.0\app\Controllers\Instalaciones.php(89): App\Models\instalacionesModel->createInstalacion(Array)
#6 C:\Proyectos\reservalo2.0\system\CodeIgniter.php(941): App\Controllers\Instalaciones->nuevaInstalacion()
#7 C:\Proyectos\reservalo2.0\system\CodeIgniter.php(502): CodeIgniter\CodeIgniter->runController(Object(App\Controllers\Instalaciones))
#8 C:\Proyectos\reservalo2.0\system\CodeIgniter.php(361): CodeIgniter\CodeIgniter->handleRequest(NULL, Object(Config\Cache), false)
#9 C:\Proyectos\reservalo2.0\index.php(79): CodeIgniter\CodeIgniter->run()
#10 {main}
CRITICAL - 2026-01-26 11:47:54 --> CodeIgniter\Database\Exceptions\DatabaseException: Unknown column 'direccion' in 'field list'
in SYSTEMPATH\Database\BaseConnection.php on line 647.
 1 SYSTEMPATH\Database\BaseBuilder.php(2307): CodeIgniter\Database\BaseConnection->query('INSERT INTO `instalaciones` (`nombre`, `descripcion`, `direccion`, `categoria_principal`, `categoria_opcional1`, `puede_completo`, `no_pistas`, `iluminacion`, `material`, `tipo_reserva`, `precio_completo`, `capacidad_completo`) VALUES (:nombre:, :descripcion:, :direccion:, :categoria_principal:, :categoria_opcional1:, :puede_completo:, :no_pistas:, :iluminacion:, :material:, :tipo_reserva:, :precio_completo:, :capacidad_completo:)', [...], false)
 2 APPPATH\Models\instalacionesModel.php(87): CodeIgniter\Database\BaseBuilder->insert([...])
 3 APPPATH\Controllers\Instalaciones.php(89): App\Models\instalacionesModel->createInstalacion([...])
 4 SYSTEMPATH\CodeIgniter.php(941): App\Controllers\Instalaciones->nuevaInstalacion()
 5 SYSTEMPATH\CodeIgniter.php(502): CodeIgniter\CodeIgniter->runController(Object(App\Controllers\Instalaciones))
 6 SYSTEMPATH\CodeIgniter.php(361): CodeIgniter\CodeIgniter->handleRequest(null, Object(Config\Cache), false)
 7 FCPATH\index.php(79): CodeIgniter\CodeIgniter->run()
CRITICAL - 2026-01-26 11:47:54 --> [Caused by] CodeIgniter\Database\Exceptions\DatabaseException: Unknown column 'direccion' in 'field list'
in SYSTEMPATH\Database\MySQLi\Connection.php on line 311.
 1 SYSTEMPATH\Database\BaseConnection.php(693): CodeIgniter\Database\MySQLi\Connection->execute('INSERT INTO `instalaciones` (`nombre`, `descripcion`, `direccion`, `categoria_principal`, `categoria_opcional1`, `puede_completo`, `no_pistas`, `iluminacion`, `material`, `tipo_reserva`, `precio_completo`, `capacidad_completo`) VALUES (\'Silo\', \'Instalación en la que se puede celebrar cumpleaños, ensayos, reuniones... La instalación dispone de iluminación, sillas, mesas y un servicio. \', \'C/ de la Estación. 29520. Fuente de Piedra\', 3, 2, 0, 1, 1, 1, 1, 0, 50)')
 2 SYSTEMPATH\Database\BaseConnection.php(607): CodeIgniter\Database\BaseConnection->simpleQuery('INSERT INTO `instalaciones` (`nombre`, `descripcion`, `direccion`, `categoria_principal`, `categoria_opcional1`, `puede_completo`, `no_pistas`, `iluminacion`, `material`, `tipo_reserva`, `precio_completo`, `capacidad_completo`) VALUES (\'Silo\', \'Instalación en la que se puede celebrar cumpleaños, ensayos, reuniones... La instalación dispone de iluminación, sillas, mesas y un servicio. \', \'C/ de la Estación. 29520. Fuente de Piedra\', 3, 2, 0, 1, 1, 1, 1, 0, 50)')
 3 SYSTEMPATH\Database\BaseBuilder.php(2307): CodeIgniter\Database\BaseConnection->query('INSERT INTO `instalaciones` (`nombre`, `descripcion`, `direccion`, `categoria_principal`, `categoria_opcional1`, `puede_completo`, `no_pistas`, `iluminacion`, `material`, `tipo_reserva`, `precio_completo`, `capacidad_completo`) VALUES (:nombre:, :descripcion:, :direccion:, :categoria_principal:, :categoria_opcional1:, :puede_completo:, :no_pistas:, :iluminacion:, :material:, :tipo_reserva:, :precio_completo:, :capacidad_completo:)', [...], false)
 4 APPPATH\Models\instalacionesModel.php(87): CodeIgniter\Database\BaseBuilder->insert([...])
 5 APPPATH\Controllers\Instalaciones.php(89): App\Models\instalacionesModel->createInstalacion([...])
 6 SYSTEMPATH\CodeIgniter.php(941): App\Controllers\Instalaciones->nuevaInstalacion()
 7 SYSTEMPATH\CodeIgniter.php(502): CodeIgniter\CodeIgniter->runController(Object(App\Controllers\Instalaciones))
 8 SYSTEMPATH\CodeIgniter.php(361): CodeIgniter\CodeIgniter->handleRequest(null, Object(Config\Cache), false)
 9 FCPATH\index.php(79): CodeIgniter\CodeIgniter->run()
CRITICAL - 2026-01-26 11:47:54 --> [Caused by] mysqli_sql_exception: Unknown column 'direccion' in 'field list'
in SYSTEMPATH\Database\MySQLi\Connection.php on line 306.
 1 SYSTEMPATH\Database\MySQLi\Connection.php(306): mysqli->query('INSERT INTO `instalaciones` (`nombre`, `descripcion`, `direccion`, `categoria_principal`, `categoria_opcional1`, `puede_completo`, `no_pistas`, `iluminacion`, `material`, `tipo_reserva`, `precio_completo`, `capacidad_completo`) VALUES (\'Silo\', \'Instalación en la que se puede celebrar cumpleaños, ensayos, reuniones... La instalación dispone de iluminación, sillas, mesas y un servicio. \', \'C/ de la Estación. 29520. Fuente de Piedra\', 3, 2, 0, 1, 1, 1, 1, 0, 50)', 0)
 2 SYSTEMPATH\Database\BaseConnection.php(693): CodeIgniter\Database\MySQLi\Connection->execute('INSERT INTO `instalaciones` (`nombre`, `descripcion`, `direccion`, `categoria_principal`, `categoria_opcional1`, `puede_completo`, `no_pistas`, `iluminacion`, `material`, `tipo_reserva`, `precio_completo`, `capacidad_completo`) VALUES (\'Silo\', \'Instalación en la que se puede celebrar cumpleaños, ensayos, reuniones... La instalación dispone de iluminación, sillas, mesas y un servicio. \', \'C/ de la Estación. 29520. Fuente de Piedra\', 3, 2, 0, 1, 1, 1, 1, 0, 50)')
 3 SYSTEMPATH\Database\BaseConnection.php(607): CodeIgniter\Database\BaseConnection->simpleQuery('INSERT INTO `instalaciones` (`nombre`, `descripcion`, `direccion`, `categoria_principal`, `categoria_opcional1`, `puede_completo`, `no_pistas`, `iluminacion`, `material`, `tipo_reserva`, `precio_completo`, `capacidad_completo`) VALUES (\'Silo\', \'Instalación en la que se puede celebrar cumpleaños, ensayos, reuniones... La instalación dispone de iluminación, sillas, mesas y un servicio. \', \'C/ de la Estación. 29520. Fuente de Piedra\', 3, 2, 0, 1, 1, 1, 1, 0, 50)')
 4 SYSTEMPATH\Database\BaseBuilder.php(2307): CodeIgniter\Database\BaseConnection->query('INSERT INTO `instalaciones` (`nombre`, `descripcion`, `direccion`, `categoria_principal`, `categoria_opcional1`, `puede_completo`, `no_pistas`, `iluminacion`, `material`, `tipo_reserva`, `precio_completo`, `capacidad_completo`) VALUES (:nombre:, :descripcion:, :direccion:, :categoria_principal:, :categoria_opcional1:, :puede_completo:, :no_pistas:, :iluminacion:, :material:, :tipo_reserva:, :precio_completo:, :capacidad_completo:)', [...], false)
 5 APPPATH\Models\instalacionesModel.php(87): CodeIgniter\Database\BaseBuilder->insert([...])
 6 APPPATH\Controllers\Instalaciones.php(89): App\Models\instalacionesModel->createInstalacion([...])
 7 SYSTEMPATH\CodeIgniter.php(941): App\Controllers\Instalaciones->nuevaInstalacion()
 8 SYSTEMPATH\CodeIgniter.php(502): CodeIgniter\CodeIgniter->runController(Object(App\Controllers\Instalaciones))
 9 SYSTEMPATH\CodeIgniter.php(361): CodeIgniter\CodeIgniter->handleRequest(null, Object(Config\Cache), false)
10 FCPATH\index.php(79): CodeIgniter\CodeIgniter->run()
ERROR - 2026-01-26 11:48:14 --> mysqli_sql_exception: Unknown column 'direccion' in 'field list' in C:\Proyectos\reservalo2.0\system\Database\MySQLi\Connection.php:306
Stack trace:
#0 C:\Proyectos\reservalo2.0\system\Database\MySQLi\Connection.php(306): mysqli->query('INSERT INTO `in...', 0)
#1 C:\Proyectos\reservalo2.0\system\Database\BaseConnection.php(693): CodeIgniter\Database\MySQLi\Connection->execute('INSERT INTO `in...')
#2 C:\Proyectos\reservalo2.0\system\Database\BaseConnection.php(607): CodeIgniter\Database\BaseConnection->simpleQuery('INSERT INTO `in...')
#3 C:\Proyectos\reservalo2.0\system\Database\BaseBuilder.php(2307): CodeIgniter\Database\BaseConnection->query('INSERT INTO `in...', Array, false)
#4 C:\Proyectos\reservalo2.0\app\Models\instalacionesModel.php(87): CodeIgniter\Database\BaseBuilder->insert(Array)
#5 C:\Proyectos\reservalo2.0\app\Controllers\Instalaciones.php(89): App\Models\instalacionesModel->createInstalacion(Array)
#6 C:\Proyectos\reservalo2.0\system\CodeIgniter.php(941): App\Controllers\Instalaciones->nuevaInstalacion()
#7 C:\Proyectos\reservalo2.0\system\CodeIgniter.php(502): CodeIgniter\CodeIgniter->runController(Object(App\Controllers\Instalaciones))
#8 C:\Proyectos\reservalo2.0\system\CodeIgniter.php(361): CodeIgniter\CodeIgniter->handleRequest(NULL, Object(Config\Cache), false)
#9 C:\Proyectos\reservalo2.0\index.php(79): CodeIgniter\CodeIgniter->run()
#10 {main}
CRITICAL - 2026-01-26 11:48:17 --> CodeIgniter\Database\Exceptions\DatabaseException: Unknown column 'direccion' in 'field list'
in SYSTEMPATH\Database\BaseConnection.php on line 647.
 1 SYSTEMPATH\Database\BaseBuilder.php(2307): CodeIgniter\Database\BaseConnection->query('INSERT INTO `instalaciones` (`nombre`, `descripcion`, `direccion`, `categoria_principal`, `categoria_opcional1`, `puede_completo`, `no_pistas`, `iluminacion`, `material`, `tipo_reserva`, `precio_completo`, `capacidad_completo`) VALUES (:nombre:, :descripcion:, :direccion:, :categoria_principal:, :categoria_opcional1:, :puede_completo:, :no_pistas:, :iluminacion:, :material:, :tipo_reserva:, :precio_completo:, :capacidad_completo:)', [...], false)
 2 APPPATH\Models\instalacionesModel.php(87): CodeIgniter\Database\BaseBuilder->insert([...])
 3 APPPATH\Controllers\Instalaciones.php(89): App\Models\instalacionesModel->createInstalacion([...])
 4 SYSTEMPATH\CodeIgniter.php(941): App\Controllers\Instalaciones->nuevaInstalacion()
 5 SYSTEMPATH\CodeIgniter.php(502): CodeIgniter\CodeIgniter->runController(Object(App\Controllers\Instalaciones))
 6 SYSTEMPATH\CodeIgniter.php(361): CodeIgniter\CodeIgniter->handleRequest(null, Object(Config\Cache), false)
 7 FCPATH\index.php(79): CodeIgniter\CodeIgniter->run()
CRITICAL - 2026-01-26 11:48:17 --> [Caused by] CodeIgniter\Database\Exceptions\DatabaseException: Unknown column 'direccion' in 'field list'
in SYSTEMPATH\Database\MySQLi\Connection.php on line 311.
 1 SYSTEMPATH\Database\BaseConnection.php(693): CodeIgniter\Database\MySQLi\Connection->execute('INSERT INTO `instalaciones` (`nombre`, `descripcion`, `direccion`, `categoria_principal`, `categoria_opcional1`, `puede_completo`, `no_pistas`, `iluminacion`, `material`, `tipo_reserva`, `precio_completo`, `capacidad_completo`) VALUES (\'Silo\', \'Instalación en la que se puede celebrar cumpleaños, ensayos, reuniones... La instalación dispone de iluminación, sillas, mesas y un servicio. \', \'C/ de la Estación. 29520. Fuente de Piedra\', 3, 2, 0, 1, 1, 1, 1, 0, 50)')
 2 SYSTEMPATH\Database\BaseConnection.php(607): CodeIgniter\Database\BaseConnection->simpleQuery('INSERT INTO `instalaciones` (`nombre`, `descripcion`, `direccion`, `categoria_principal`, `categoria_opcional1`, `puede_completo`, `no_pistas`, `iluminacion`, `material`, `tipo_reserva`, `precio_completo`, `capacidad_completo`) VALUES (\'Silo\', \'Instalación en la que se puede celebrar cumpleaños, ensayos, reuniones... La instalación dispone de iluminación, sillas, mesas y un servicio. \', \'C/ de la Estación. 29520. Fuente de Piedra\', 3, 2, 0, 1, 1, 1, 1, 0, 50)')
 3 SYSTEMPATH\Database\BaseBuilder.php(2307): CodeIgniter\Database\BaseConnection->query('INSERT INTO `instalaciones` (`nombre`, `descripcion`, `direccion`, `categoria_principal`, `categoria_opcional1`, `puede_completo`, `no_pistas`, `iluminacion`, `material`, `tipo_reserva`, `precio_completo`, `capacidad_completo`) VALUES (:nombre:, :descripcion:, :direccion:, :categoria_principal:, :categoria_opcional1:, :puede_completo:, :no_pistas:, :iluminacion:, :material:, :tipo_reserva:, :precio_completo:, :capacidad_completo:)', [...], false)
 4 APPPATH\Models\instalacionesModel.php(87): CodeIgniter\Database\BaseBuilder->insert([...])
 5 APPPATH\Controllers\Instalaciones.php(89): App\Models\instalacionesModel->createInstalacion([...])
 6 SYSTEMPATH\CodeIgniter.php(941): App\Controllers\Instalaciones->nuevaInstalacion()
 7 SYSTEMPATH\CodeIgniter.php(502): CodeIgniter\CodeIgniter->runController(Object(App\Controllers\Instalaciones))
 8 SYSTEMPATH\CodeIgniter.php(361): CodeIgniter\CodeIgniter->handleRequest(null, Object(Config\Cache), false)
 9 FCPATH\index.php(79): CodeIgniter\CodeIgniter->run()
CRITICAL - 2026-01-26 11:48:17 --> [Caused by] mysqli_sql_exception: Unknown column 'direccion' in 'field list'
in SYSTEMPATH\Database\MySQLi\Connection.php on line 306.
 1 SYSTEMPATH\Database\MySQLi\Connection.php(306): mysqli->query('INSERT INTO `instalaciones` (`nombre`, `descripcion`, `direccion`, `categoria_principal`, `categoria_opcional1`, `puede_completo`, `no_pistas`, `iluminacion`, `material`, `tipo_reserva`, `precio_completo`, `capacidad_completo`) VALUES (\'Silo\', \'Instalación en la que se puede celebrar cumpleaños, ensayos, reuniones... La instalación dispone de iluminación, sillas, mesas y un servicio. \', \'C/ de la Estación. 29520. Fuente de Piedra\', 3, 2, 0, 1, 1, 1, 1, 0, 50)', 0)
 2 SYSTEMPATH\Database\BaseConnection.php(693): CodeIgniter\Database\MySQLi\Connection->execute('INSERT INTO `instalaciones` (`nombre`, `descripcion`, `direccion`, `categoria_principal`, `categoria_opcional1`, `puede_completo`, `no_pistas`, `iluminacion`, `material`, `tipo_reserva`, `precio_completo`, `capacidad_completo`) VALUES (\'Silo\', \'Instalación en la que se puede celebrar cumpleaños, ensayos, reuniones... La instalación dispone de iluminación, sillas, mesas y un servicio. \', \'C/ de la Estación. 29520. Fuente de Piedra\', 3, 2, 0, 1, 1, 1, 1, 0, 50)')
 3 SYSTEMPATH\Database\BaseConnection.php(607): CodeIgniter\Database\BaseConnection->simpleQuery('INSERT INTO `instalaciones` (`nombre`, `descripcion`, `direccion`, `categoria_principal`, `categoria_opcional1`, `puede_completo`, `no_pistas`, `iluminacion`, `material`, `tipo_reserva`, `precio_completo`, `capacidad_completo`) VALUES (\'Silo\', \'Instalación en la que se puede celebrar cumpleaños, ensayos, reuniones... La instalación dispone de iluminación, sillas, mesas y un servicio. \', \'C/ de la Estación. 29520. Fuente de Piedra\', 3, 2, 0, 1, 1, 1, 1, 0, 50)')
 4 SYSTEMPATH\Database\BaseBuilder.php(2307): CodeIgniter\Database\BaseConnection->query('INSERT INTO `instalaciones` (`nombre`, `descripcion`, `direccion`, `categoria_principal`, `categoria_opcional1`, `puede_completo`, `no_pistas`, `iluminacion`, `material`, `tipo_reserva`, `precio_completo`, `capacidad_completo`) VALUES (:nombre:, :descripcion:, :direccion:, :categoria_principal:, :categoria_opcional1:, :puede_completo:, :no_pistas:, :iluminacion:, :material:, :tipo_reserva:, :precio_completo:, :capacidad_completo:)', [...], false)
 5 APPPATH\Models\instalacionesModel.php(87): CodeIgniter\Database\BaseBuilder->insert([...])
 6 APPPATH\Controllers\Instalaciones.php(89): App\Models\instalacionesModel->createInstalacion([...])
 7 SYSTEMPATH\CodeIgniter.php(941): App\Controllers\Instalaciones->nuevaInstalacion()
 8 SYSTEMPATH\CodeIgniter.php(502): CodeIgniter\CodeIgniter->runController(Object(App\Controllers\Instalaciones))
 9 SYSTEMPATH\CodeIgniter.php(361): CodeIgniter\CodeIgniter->handleRequest(null, Object(Config\Cache), false)
10 FCPATH\index.php(79): CodeIgniter\CodeIgniter->run()
INFO - 2026-01-26 11:53:11 --> Session: Class initialized using 'CodeIgniter\Session\Handlers\FileHandler' driver.
ERROR - 2026-01-26 11:58:38 --> mysqli_sql_exception: Unknown column 'direccion' in 'field list' in C:\Proyectos\reservalo2.0\system\Database\MySQLi\Connection.php:306
Stack trace:
#0 C:\Proyectos\reservalo2.0\system\Database\MySQLi\Connection.php(306): mysqli->query('INSERT INTO `in...', 0)
#1 C:\Proyectos\reservalo2.0\system\Database\BaseConnection.php(693): CodeIgniter\Database\MySQLi\Connection->execute('INSERT INTO `in...')
#2 C:\Proyectos\reservalo2.0\system\Database\BaseConnection.php(607): CodeIgniter\Database\BaseConnection->simpleQuery('INSERT INTO `in...')
#3 C:\Proyectos\reservalo2.0\system\Database\BaseBuilder.php(2307): CodeIgniter\Database\BaseConnection->query('INSERT INTO `in...', Array, false)
#4 C:\Proyectos\reservalo2.0\app\Models\instalacionesModel.php(87): CodeIgniter\Database\BaseBuilder->insert(Array)
#5 C:\Proyectos\reservalo2.0\app\Controllers\Instalaciones.php(89): App\Models\instalacionesModel->createInstalacion(Array)
#6 C:\Proyectos\reservalo2.0\system\CodeIgniter.php(941): App\Controllers\Instalaciones->nuevaInstalacion()
#7 C:\Proyectos\reservalo2.0\system\CodeIgniter.php(502): CodeIgniter\CodeIgniter->runController(Object(App\Controllers\Instalaciones))
#8 C:\Proyectos\reservalo2.0\system\CodeIgniter.php(361): CodeIgniter\CodeIgniter->handleRequest(NULL, Object(Config\Cache), false)
#9 C:\Proyectos\reservalo2.0\index.php(79): CodeIgniter\CodeIgniter->run()
#10 {main}
CRITICAL - 2026-01-26 11:58:38 --> CodeIgniter\Database\Exceptions\DatabaseException: Unknown column 'direccion' in 'field list'
in SYSTEMPATH\Database\BaseConnection.php on line 647.
 1 SYSTEMPATH\Database\BaseBuilder.php(2307): CodeIgniter\Database\BaseConnection->query('INSERT INTO `instalaciones` (`nombre`, `descripcion`, `direccion`, `categoria_principal`, `categoria_opcional1`, `puede_completo`, `no_pistas`, `iluminacion`, `material`, `tipo_reserva`, `precio_completo`, `capacidad_completo`) VALUES (:nombre:, :descripcion:, :direccion:, :categoria_principal:, :categoria_opcional1:, :puede_completo:, :no_pistas:, :iluminacion:, :material:, :tipo_reserva:, :precio_completo:, :capacidad_completo:)', [...], false)
 2 APPPATH\Models\instalacionesModel.php(87): CodeIgniter\Database\BaseBuilder->insert([...])
 3 APPPATH\Controllers\Instalaciones.php(89): App\Models\instalacionesModel->createInstalacion([...])
 4 SYSTEMPATH\CodeIgniter.php(941): App\Controllers\Instalaciones->nuevaInstalacion()
 5 SYSTEMPATH\CodeIgniter.php(502): CodeIgniter\CodeIgniter->runController(Object(App\Controllers\Instalaciones))
 6 SYSTEMPATH\CodeIgniter.php(361): CodeIgniter\CodeIgniter->handleRequest(null, Object(Config\Cache), false)
 7 FCPATH\index.php(79): CodeIgniter\CodeIgniter->run()
CRITICAL - 2026-01-26 11:58:38 --> [Caused by] CodeIgniter\Database\Exceptions\DatabaseException: Unknown column 'direccion' in 'field list'
in SYSTEMPATH\Database\MySQLi\Connection.php on line 311.
 1 SYSTEMPATH\Database\BaseConnection.php(693): CodeIgniter\Database\MySQLi\Connection->execute('INSERT INTO `instalaciones` (`nombre`, `descripcion`, `direccion`, `categoria_principal`, `categoria_opcional1`, `puede_completo`, `no_pistas`, `iluminacion`, `material`, `tipo_reserva`, `precio_completo`, `capacidad_completo`) VALUES (\'Silo\', \'Instalación en la que se puede celebrar todo tipo de festejos como cumpleaños, reuniones, ensayos... Dispone de corriente, iluminación, sillas, mesas, escenario y un servicio\', \'C/ de la Estación. 29520. Fuente de Piedra\', 3, 2, 0, 1, 1, 1, 1, 0, 50)')
 2 SYSTEMPATH\Database\BaseConnection.php(607): CodeIgniter\Database\BaseConnection->simpleQuery('INSERT INTO `instalaciones` (`nombre`, `descripcion`, `direccion`, `categoria_principal`, `categoria_opcional1`, `puede_completo`, `no_pistas`, `iluminacion`, `material`, `tipo_reserva`, `precio_completo`, `capacidad_completo`) VALUES (\'Silo\', \'Instalación en la que se puede celebrar todo tipo de festejos como cumpleaños, reuniones, ensayos... Dispone de corriente, iluminación, sillas, mesas, escenario y un servicio\', \'C/ de la Estación. 29520. Fuente de Piedra\', 3, 2, 0, 1, 1, 1, 1, 0, 50)')
 3 SYSTEMPATH\Database\BaseBuilder.php(2307): CodeIgniter\Database\BaseConnection->query('INSERT INTO `instalaciones` (`nombre`, `descripcion`, `direccion`, `categoria_principal`, `categoria_opcional1`, `puede_completo`, `no_pistas`, `iluminacion`, `material`, `tipo_reserva`, `precio_completo`, `capacidad_completo`) VALUES (:nombre:, :descripcion:, :direccion:, :categoria_principal:, :categoria_opcional1:, :puede_completo:, :no_pistas:, :iluminacion:, :material:, :tipo_reserva:, :precio_completo:, :capacidad_completo:)', [...], false)
 4 APPPATH\Models\instalacionesModel.php(87): CodeIgniter\Database\BaseBuilder->insert([...])
 5 APPPATH\Controllers\Instalaciones.php(89): App\Models\instalacionesModel->createInstalacion([...])
 6 SYSTEMPATH\CodeIgniter.php(941): App\Controllers\Instalaciones->nuevaInstalacion()
 7 SYSTEMPATH\CodeIgniter.php(502): CodeIgniter\CodeIgniter->runController(Object(App\Controllers\Instalaciones))
 8 SYSTEMPATH\CodeIgniter.php(361): CodeIgniter\CodeIgniter->handleRequest(null, Object(Config\Cache), false)
 9 FCPATH\index.php(79): CodeIgniter\CodeIgniter->run()
CRITICAL - 2026-01-26 11:58:38 --> [Caused by] mysqli_sql_exception: Unknown column 'direccion' in 'field list'
in SYSTEMPATH\Database\MySQLi\Connection.php on line 306.
 1 SYSTEMPATH\Database\MySQLi\Connection.php(306): mysqli->query('INSERT INTO `instalaciones` (`nombre`, `descripcion`, `direccion`, `categoria_principal`, `categoria_opcional1`, `puede_completo`, `no_pistas`, `iluminacion`, `material`, `tipo_reserva`, `precio_completo`, `capacidad_completo`) VALUES (\'Silo\', \'Instalación en la que se puede celebrar todo tipo de festejos como cumpleaños, reuniones, ensayos... Dispone de corriente, iluminación, sillas, mesas, escenario y un servicio\', \'C/ de la Estación. 29520. Fuente de Piedra\', 3, 2, 0, 1, 1, 1, 1, 0, 50)', 0)
 2 SYSTEMPATH\Database\BaseConnection.php(693): CodeIgniter\Database\MySQLi\Connection->execute('INSERT INTO `instalaciones` (`nombre`, `descripcion`, `direccion`, `categoria_principal`, `categoria_opcional1`, `puede_completo`, `no_pistas`, `iluminacion`, `material`, `tipo_reserva`, `precio_completo`, `capacidad_completo`) VALUES (\'Silo\', \'Instalación en la que se puede celebrar todo tipo de festejos como cumpleaños, reuniones, ensayos... Dispone de corriente, iluminación, sillas, mesas, escenario y un servicio\', \'C/ de la Estación. 29520. Fuente de Piedra\', 3, 2, 0, 1, 1, 1, 1, 0, 50)')
 3 SYSTEMPATH\Database\BaseConnection.php(607): CodeIgniter\Database\BaseConnection->simpleQuery('INSERT INTO `instalaciones` (`nombre`, `descripcion`, `direccion`, `categoria_principal`, `categoria_opcional1`, `puede_completo`, `no_pistas`, `iluminacion`, `material`, `tipo_reserva`, `precio_completo`, `capacidad_completo`) VALUES (\'Silo\', \'Instalación en la que se puede celebrar todo tipo de festejos como cumpleaños, reuniones, ensayos... Dispone de corriente, iluminación, sillas, mesas, escenario y un servicio\', \'C/ de la Estación. 29520. Fuente de Piedra\', 3, 2, 0, 1, 1, 1, 1, 0, 50)')
 4 SYSTEMPATH\Database\BaseBuilder.php(2307): CodeIgniter\Database\BaseConnection->query('INSERT INTO `instalaciones` (`nombre`, `descripcion`, `direccion`, `categoria_principal`, `categoria_opcional1`, `puede_completo`, `no_pistas`, `iluminacion`, `material`, `tipo_reserva`, `precio_completo`, `capacidad_completo`) VALUES (:nombre:, :descripcion:, :direccion:, :categoria_principal:, :categoria_opcional1:, :puede_completo:, :no_pistas:, :iluminacion:, :material:, :tipo_reserva:, :precio_completo:, :capacidad_completo:)', [...], false)
 5 APPPATH\Models\instalacionesModel.php(87): CodeIgniter\Database\BaseBuilder->insert([...])
 6 APPPATH\Controllers\Instalaciones.php(89): App\Models\instalacionesModel->createInstalacion([...])
 7 SYSTEMPATH\CodeIgniter.php(941): App\Controllers\Instalaciones->nuevaInstalacion()
 8 SYSTEMPATH\CodeIgniter.php(502): CodeIgniter\CodeIgniter->runController(Object(App\Controllers\Instalaciones))
 9 SYSTEMPATH\CodeIgniter.php(361): CodeIgniter\CodeIgniter->handleRequest(null, Object(Config\Cache), false)
10 FCPATH\index.php(79): CodeIgniter\CodeIgniter->run()
ERROR - 2026-01-26 12:01:37 --> mysqli_sql_exception: Unknown column 'direccion' in 'field list' in C:\Proyectos\reservalo2.0\system\Database\MySQLi\Connection.php:306
Stack trace:
#0 C:\Proyectos\reservalo2.0\system\Database\MySQLi\Connection.php(306): mysqli->query('INSERT INTO `in...', 0)
#1 C:\Proyectos\reservalo2.0\system\Database\BaseConnection.php(693): CodeIgniter\Database\MySQLi\Connection->execute('INSERT INTO `in...')
#2 C:\Proyectos\reservalo2.0\system\Database\BaseConnection.php(607): CodeIgniter\Database\BaseConnection->simpleQuery('INSERT INTO `in...')
#3 C:\Proyectos\reservalo2.0\system\Database\BaseBuilder.php(2307): CodeIgniter\Database\BaseConnection->query('INSERT INTO `in...', Array, false)
#4 C:\Proyectos\reservalo2.0\app\Models\instalacionesModel.php(87): CodeIgniter\Database\BaseBuilder->insert(Array)
#5 C:\Proyectos\reservalo2.0\app\Controllers\Instalaciones.php(89): App\Models\instalacionesModel->createInstalacion(Array)
#6 C:\Proyectos\reservalo2.0\system\CodeIgniter.php(941): App\Controllers\Instalaciones->nuevaInstalacion()
#7 C:\Proyectos\reservalo2.0\system\CodeIgniter.php(502): CodeIgniter\CodeIgniter->runController(Object(App\Controllers\Instalaciones))
#8 C:\Proyectos\reservalo2.0\system\CodeIgniter.php(361): CodeIgniter\CodeIgniter->handleRequest(NULL, Object(Config\Cache), false)
#9 C:\Proyectos\reservalo2.0\index.php(79): CodeIgniter\CodeIgniter->run()
#10 {main}
INFO - 2026-01-26 12:01:58 --> Session: Class initialized using 'CodeIgniter\Session\Handlers\FileHandler' driver.
CRITICAL - 2026-01-26 12:02:06 --> CodeIgniter\Database\Exceptions\DatabaseException: Unknown column 'direccion' in 'field list'
in SYSTEMPATH\Database\BaseConnection.php on line 647.
 1 SYSTEMPATH\Database\BaseBuilder.php(2307): CodeIgniter\Database\BaseConnection->query('INSERT INTO `instalaciones` (`nombre`, `descripcion`, `direccion`, `categoria_principal`, `categoria_opcional1`, `puede_completo`, `no_pistas`, `iluminacion`, `material`, `tipo_reserva`, `precio_completo`, `capacidad_completo`) VALUES (:nombre:, :descripcion:, :direccion:, :categoria_principal:, :categoria_opcional1:, :puede_completo:, :no_pistas:, :iluminacion:, :material:, :tipo_reserva:, :precio_completo:, :capacidad_completo:)', [...], false)
 2 APPPATH\Models\instalacionesModel.php(87): CodeIgniter\Database\BaseBuilder->insert([...])
 3 APPPATH\Controllers\Instalaciones.php(89): App\Models\instalacionesModel->createInstalacion([...])
 4 SYSTEMPATH\CodeIgniter.php(941): App\Controllers\Instalaciones->nuevaInstalacion()
 5 SYSTEMPATH\CodeIgniter.php(502): CodeIgniter\CodeIgniter->runController(Object(App\Controllers\Instalaciones))
 6 SYSTEMPATH\CodeIgniter.php(361): CodeIgniter\CodeIgniter->handleRequest(null, Object(Config\Cache), false)
 7 FCPATH\index.php(79): CodeIgniter\CodeIgniter->run()
CRITICAL - 2026-01-26 12:02:06 --> [Caused by] CodeIgniter\Database\Exceptions\DatabaseException: Unknown column 'direccion' in 'field list'
in SYSTEMPATH\Database\MySQLi\Connection.php on line 311.
 1 SYSTEMPATH\Database\BaseConnection.php(693): CodeIgniter\Database\MySQLi\Connection->execute('INSERT INTO `instalaciones` (`nombre`, `descripcion`, `direccion`, `categoria_principal`, `categoria_opcional1`, `puede_completo`, `no_pistas`, `iluminacion`, `material`, `tipo_reserva`, `precio_completo`, `capacidad_completo`) VALUES (\'Silo\', \'Instalación en la que se puede celebrar todo tipo de festejos como cumpleaños, reuniones, ensayos... Dispone de corriente, iluminación, sillas, mesas, escenario y un servicio\', \'C/ de la Estación. 29520. Fuente de Piedra\', 3, 2, 0, 1, 1, 1, 1, 0, 50)')
 2 SYSTEMPATH\Database\BaseConnection.php(607): CodeIgniter\Database\BaseConnection->simpleQuery('INSERT INTO `instalaciones` (`nombre`, `descripcion`, `direccion`, `categoria_principal`, `categoria_opcional1`, `puede_completo`, `no_pistas`, `iluminacion`, `material`, `tipo_reserva`, `precio_completo`, `capacidad_completo`) VALUES (\'Silo\', \'Instalación en la que se puede celebrar todo tipo de festejos como cumpleaños, reuniones, ensayos... Dispone de corriente, iluminación, sillas, mesas, escenario y un servicio\', \'C/ de la Estación. 29520. Fuente de Piedra\', 3, 2, 0, 1, 1, 1, 1, 0, 50)')
 3 SYSTEMPATH\Database\BaseBuilder.php(2307): CodeIgniter\Database\BaseConnection->query('INSERT INTO `instalaciones` (`nombre`, `descripcion`, `direccion`, `categoria_principal`, `categoria_opcional1`, `puede_completo`, `no_pistas`, `iluminacion`, `material`, `tipo_reserva`, `precio_completo`, `capacidad_completo`) VALUES (:nombre:, :descripcion:, :direccion:, :categoria_principal:, :categoria_opcional1:, :puede_completo:, :no_pistas:, :iluminacion:, :material:, :tipo_reserva:, :precio_completo:, :capacidad_completo:)', [...], false)
 4 APPPATH\Models\instalacionesModel.php(87): CodeIgniter\Database\BaseBuilder->insert([...])
 5 APPPATH\Controllers\Instalaciones.php(89): App\Models\instalacionesModel->createInstalacion([...])
 6 SYSTEMPATH\CodeIgniter.php(941): App\Controllers\Instalaciones->nuevaInstalacion()
 7 SYSTEMPATH\CodeIgniter.php(502): CodeIgniter\CodeIgniter->runController(Object(App\Controllers\Instalaciones))
 8 SYSTEMPATH\CodeIgniter.php(361): CodeIgniter\CodeIgniter->handleRequest(null, Object(Config\Cache), false)
 9 FCPATH\index.php(79): CodeIgniter\CodeIgniter->run()
CRITICAL - 2026-01-26 12:02:06 --> [Caused by] mysqli_sql_exception: Unknown column 'direccion' in 'field list'
in SYSTEMPATH\Database\MySQLi\Connection.php on line 306.
 1 SYSTEMPATH\Database\MySQLi\Connection.php(306): mysqli->query('INSERT INTO `instalaciones` (`nombre`, `descripcion`, `direccion`, `categoria_principal`, `categoria_opcional1`, `puede_completo`, `no_pistas`, `iluminacion`, `material`, `tipo_reserva`, `precio_completo`, `capacidad_completo`) VALUES (\'Silo\', \'Instalación en la que se puede celebrar todo tipo de festejos como cumpleaños, reuniones, ensayos... Dispone de corriente, iluminación, sillas, mesas, escenario y un servicio\', \'C/ de la Estación. 29520. Fuente de Piedra\', 3, 2, 0, 1, 1, 1, 1, 0, 50)', 0)
 2 SYSTEMPATH\Database\BaseConnection.php(693): CodeIgniter\Database\MySQLi\Connection->execute('INSERT INTO `instalaciones` (`nombre`, `descripcion`, `direccion`, `categoria_principal`, `categoria_opcional1`, `puede_completo`, `no_pistas`, `iluminacion`, `material`, `tipo_reserva`, `precio_completo`, `capacidad_completo`) VALUES (\'Silo\', \'Instalación en la que se puede celebrar todo tipo de festejos como cumpleaños, reuniones, ensayos... Dispone de corriente, iluminación, sillas, mesas, escenario y un servicio\', \'C/ de la Estación. 29520. Fuente de Piedra\', 3, 2, 0, 1, 1, 1, 1, 0, 50)')
 3 SYSTEMPATH\Database\BaseConnection.php(607): CodeIgniter\Database\BaseConnection->simpleQuery('INSERT INTO `instalaciones` (`nombre`, `descripcion`, `direccion`, `categoria_principal`, `categoria_opcional1`, `puede_completo`, `no_pistas`, `iluminacion`, `material`, `tipo_reserva`, `precio_completo`, `capacidad_completo`) VALUES (\'Silo\', \'Instalación en la que se puede celebrar todo tipo de festejos como cumpleaños, reuniones, ensayos... Dispone de corriente, iluminación, sillas, mesas, escenario y un servicio\', \'C/ de la Estación. 29520. Fuente de Piedra\', 3, 2, 0, 1, 1, 1, 1, 0, 50)')
 4 SYSTEMPATH\Database\BaseBuilder.php(2307): CodeIgniter\Database\BaseConnection->query('INSERT INTO `instalaciones` (`nombre`, `descripcion`, `direccion`, `categoria_principal`, `categoria_opcional1`, `puede_completo`, `no_pistas`, `iluminacion`, `material`, `tipo_reserva`, `precio_completo`, `capacidad_completo`) VALUES (:nombre:, :descripcion:, :direccion:, :categoria_principal:, :categoria_opcional1:, :puede_completo:, :no_pistas:, :iluminacion:, :material:, :tipo_reserva:, :precio_completo:, :capacidad_completo:)', [...], false)
 5 APPPATH\Models\instalacionesModel.php(87): CodeIgniter\Database\BaseBuilder->insert([...])
 6 APPPATH\Controllers\Instalaciones.php(89): App\Models\instalacionesModel->createInstalacion([...])
 7 SYSTEMPATH\CodeIgniter.php(941): App\Controllers\Instalaciones->nuevaInstalacion()
 8 SYSTEMPATH\CodeIgniter.php(502): CodeIgniter\CodeIgniter->runController(Object(App\Controllers\Instalaciones))
 9 SYSTEMPATH\CodeIgniter.php(361): CodeIgniter\CodeIgniter->handleRequest(null, Object(Config\Cache), false)
10 FCPATH\index.php(79): CodeIgniter\CodeIgniter->run()
CRITICAL - 2026-01-26 12:04:10 --> ErrorException: unlink(C:\Proyectos\reservalo2.0\images/silo1.jpg): Resource temporarily unavailable
in APPPATH\Controllers\Instalaciones.php on line 110.
 1 [internal function]: CodeIgniter\Debug\Exceptions->errorHandler(2, 'unlink(C:\\Proyectos\\reservalo2.0\\images/silo1.jpg): Resource temporarily unavailable', 'C:\\Proyectos\\reservalo2.0\\app\\Controllers\\Instalaciones.php', 110)
 2 APPPATH\Controllers\Instalaciones.php(110): unlink('C:\\Proyectos\\reservalo2.0\\images/silo1.jpg')
 3 SYSTEMPATH\CodeIgniter.php(941): App\Controllers\Instalaciones->nuevaInstalacion()
 4 SYSTEMPATH\CodeIgniter.php(502): CodeIgniter\CodeIgniter->runController(Object(App\Controllers\Instalaciones))
 5 SYSTEMPATH\CodeIgniter.php(361): CodeIgniter\CodeIgniter->handleRequest(null, Object(Config\Cache), false)
 6 FCPATH\index.php(79): CodeIgniter\CodeIgniter->run()
CRITICAL - 2026-01-26 12:06:34 --> ErrorException: unlink(C:\Proyectos\reservalo2.0\images/silo1.jpg): Resource temporarily unavailable
in APPPATH\Controllers\Instalaciones.php on line 110.
 1 [internal function]: CodeIgniter\Debug\Exceptions->errorHandler(2, 'unlink(C:\\Proyectos\\reservalo2.0\\images/silo1.jpg): Resource temporarily unavailable', 'C:\\Proyectos\\reservalo2.0\\app\\Controllers\\Instalaciones.php', 110)
 2 APPPATH\Controllers\Instalaciones.php(110): unlink('C:\\Proyectos\\reservalo2.0\\images/silo1.jpg')
 3 SYSTEMPATH\CodeIgniter.php(941): App\Controllers\Instalaciones->nuevaInstalacion()
 4 SYSTEMPATH\CodeIgniter.php(502): CodeIgniter\CodeIgniter->runController(Object(App\Controllers\Instalaciones))
 5 SYSTEMPATH\CodeIgniter.php(361): CodeIgniter\CodeIgniter->handleRequest(null, Object(Config\Cache), false)
 6 FCPATH\index.php(79): CodeIgniter\CodeIgniter->run()
CRITICAL - 2026-01-26 12:10:00 --> ErrorException: unlink(C:\Proyectos\reservalo2.0\images/silo1.jpg): Resource temporarily unavailable
in APPPATH\Controllers\Instalaciones.php on line 110.
 1 [internal function]: CodeIgniter\Debug\Exceptions->errorHandler(2, 'unlink(C:\\Proyectos\\reservalo2.0\\images/silo1.jpg): Resource temporarily unavailable', 'C:\\Proyectos\\reservalo2.0\\app\\Controllers\\Instalaciones.php', 110)
 2 APPPATH\Controllers\Instalaciones.php(110): unlink('C:\\Proyectos\\reservalo2.0\\images/silo1.jpg')
 3 SYSTEMPATH\CodeIgniter.php(941): App\Controllers\Instalaciones->nuevaInstalacion()
 4 SYSTEMPATH\CodeIgniter.php(502): CodeIgniter\CodeIgniter->runController(Object(App\Controllers\Instalaciones))
 5 SYSTEMPATH\CodeIgniter.php(361): CodeIgniter\CodeIgniter->handleRequest(null, Object(Config\Cache), false)
 6 FCPATH\index.php(79): CodeIgniter\CodeIgniter->run()
INFO - 2026-01-26 12:12:42 --> Session: Class initialized using 'CodeIgniter\Session\Handlers\FileHandler' driver.
INFO - 2026-01-26 12:13:52 --> Session: Class initialized using 'CodeIgniter\Session\Handlers\FileHandler' driver.
INFO - 2026-01-26 12:16:59 --> Session: Class initialized using 'CodeIgniter\Session\Handlers\FileHandler' driver.
INFO - 2026-01-26 12:25:16 --> Session: Class initialized using 'CodeIgniter\Session\Handlers\FileHandler' driver.
INFO - 2026-01-26 12:25:48 --> Session: Class initialized using 'CodeIgniter\Session\Handlers\FileHandler' driver.
INFO - 2026-01-26 12:26:18 --> Session: Class initialized using 'CodeIgniter\Session\Handlers\FileHandler' driver.
INFO - 2026-01-26 12:27:23 --> Session: Class initialized using 'CodeIgniter\Session\Handlers\FileHandler' driver.
INFO - 2026-01-26 12:30:32 --> Session: Class initialized using 'CodeIgniter\Session\Handlers\FileHandler' driver.
INFO - 2026-01-26 12:36:32 --> Session: Class initialized using 'CodeIgniter\Session\Handlers\FileHandler' driver.
INFO - 2026-01-26 12:37:57 --> Session: Class initialized using 'CodeIgniter\Session\Handlers\FileHandler' driver.
INFO - 2026-01-26 12:38:19 --> Session: Class initialized using 'CodeIgniter\Session\Handlers\FileHandler' driver.
INFO - 2026-01-26 12:38:24 --> Session: Class initialized using 'CodeIgniter\Session\Handlers\FileHandler' driver.
INFO - 2026-01-26 12:49:50 --> Session: Class initialized using 'CodeIgniter\Session\Handlers\FileHandler' driver.
INFO - 2026-01-26 12:51:09 --> Session: Class initialized using 'CodeIgniter\Session\Handlers\FileHandler' driver.
INFO - 2026-01-26 12:52:35 --> Session: Class initialized using 'CodeIgniter\Session\Handlers\FileHandler' driver.
INFO - 2026-01-26 12:53:47 --> Session: Class initialized using 'CodeIgniter\Session\Handlers\FileHandler' driver.
INFO - 2026-01-26 12:54:26 --> Session: Class initialized using 'CodeIgniter\Session\Handlers\FileHandler' driver.
INFO - 2026-01-26 12:55:59 --> Session: Class initialized using 'CodeIgniter\Session\Handlers\FileHandler' driver.
INFO - 2026-01-26 12:56:04 --> Session: Class initialized using 'CodeIgniter\Session\Handlers\FileHandler' driver.
INFO - 2026-01-26 12:56:33 --> Session: Class initialized using 'CodeIgniter\Session\Handlers\FileHandler' driver.
INFO - 2026-01-26 12:59:59 --> Session: Class initialized using 'CodeIgniter\Session\Handlers\FileHandler' driver.
INFO - 2026-01-26 15:11:10 --> Session: Class initialized using 'CodeIgniter\Session\Handlers\FileHandler' driver.
INFO - 2026-01-26 15:12:31 --> Session: Class initialized using 'CodeIgniter\Session\Handlers\FileHandler' driver.
INFO - 2026-01-26 15:12:32 --> Session: Class initialized using 'CodeIgniter\Session\Handlers\FileHandler' driver.
INFO - 2026-01-26 15:12:34 --> Session: Class initialized using 'CodeIgniter\Session\Handlers\FileHandler' driver.
INFO - 2026-01-26 15:12:40 --> Session: Class initialized using 'CodeIgniter\Session\Handlers\FileHandler' driver.
INFO - 2026-01-26 15:14:45 --> Session: Class initialized using 'CodeIgniter\Session\Handlers\FileHandler' driver.
INFO - 2026-01-26 15:16:40 --> Session: Class initialized using 'CodeIgniter\Session\Handlers\FileHandler' driver.
INFO - 2026-01-26 15:18:51 --> Session: Class initialized using 'CodeIgniter\Session\Handlers\FileHandler' driver.
INFO - 2026-01-26 15:19:14 --> Session: Class initialized using 'CodeIgniter\Session\Handlers\FileHandler' driver.
INFO - 2026-01-26 15:20:15 --> Session: Class initialized using 'CodeIgniter\Session\Handlers\FileHandler' driver.
INFO - 2026-01-26 15:20:23 --> Session: Class initialized using 'CodeIgniter\Session\Handlers\FileHandler' driver.
INFO - 2026-01-26 15:21:02 --> Session: Class initialized using 'CodeIgniter\Session\Handlers\FileHandler' driver.
INFO - 2026-01-26 15:21:12 --> Session: Class initialized using 'CodeIgniter\Session\Handlers\FileHandler' driver.
INFO - 2026-01-26 15:21:16 --> Session: Class initialized using 'CodeIgniter\Session\Handlers\FileHandler' driver.
INFO - 2026-01-26 15:51:48 --> Session: Class initialized using 'CodeIgniter\Session\Handlers\FileHandler' driver.
INFO - 2026-01-26 15:51:59 --> Session: Class initialized using 'CodeIgniter\Session\Handlers\FileHandler' driver.
INFO - 2026-01-26 15:56:18 --> Session: Class initialized using 'CodeIgniter\Session\Handlers\FileHandler' driver.
INFO - 2026-01-26 16:56:37 --> Session: Class initialized using 'CodeIgniter\Session\Handlers\FileHandler' driver.
CRITICAL - 2026-01-26 16:56:37 --> Error: Class "App\Controllers\DateTime" not found
in APPPATH\Controllers\Reservas.php on line 104.
 1 SYSTEMPATH\CodeIgniter.php(941): App\Controllers\Reservas->hacerReserva()
 2 SYSTEMPATH\CodeIgniter.php(502): CodeIgniter\CodeIgniter->runController(Object(App\Controllers\Reservas))
 3 SYSTEMPATH\CodeIgniter.php(361): CodeIgniter\CodeIgniter->handleRequest(null, Object(Config\Cache), false)
 4 FCPATH\index.php(79): CodeIgniter\CodeIgniter->run()
INFO - 2026-01-26 15:57:19 --> Session: Class initialized using 'CodeIgniter\Session\Handlers\FileHandler' driver.
INFO - 2026-01-26 16:58:17 --> Session: Class initialized using 'CodeIgniter\Session\Handlers\FileHandler' driver.
ERROR - 2026-01-26 16:58:17 --> mysqli_sql_exception: Unknown column 'num_pedido' in 'field list' in C:\Proyectos\reservalo2.0\system\Database\MySQLi\Connection.php:306
Stack trace:
#0 C:\Proyectos\reservalo2.0\system\Database\MySQLi\Connection.php(306): mysqli->query('INSERT INTO `pe...', 0)
#1 C:\Proyectos\reservalo2.0\system\Database\BaseConnection.php(693): CodeIgniter\Database\MySQLi\Connection->execute('INSERT INTO `pe...')
#2 C:\Proyectos\reservalo2.0\system\Database\BaseConnection.php(607): CodeIgniter\Database\BaseConnection->simpleQuery('INSERT INTO `pe...')
#3 C:\Proyectos\reservalo2.0\system\Database\BaseBuilder.php(2307): CodeIgniter\Database\BaseConnection->query('INSERT INTO `pe...', Array, false)
#4 C:\Proyectos\reservalo2.0\app\Models\reservasModel.php(183): CodeIgniter\Database\BaseBuilder->insert(Array)
#5 C:\Proyectos\reservalo2.0\app\Controllers\Reservas.php(119): App\Models\reservasModel->hacerPedido(Array)
#6 C:\Proyectos\reservalo2.0\system\CodeIgniter.php(941): App\Controllers\Reservas->hacerReserva()
#7 C:\Proyectos\reservalo2.0\system\CodeIgniter.php(502): CodeIgniter\CodeIgniter->runController(Object(App\Controllers\Reservas))
#8 C:\Proyectos\reservalo2.0\system\CodeIgniter.php(361): CodeIgniter\CodeIgniter->handleRequest(NULL, Object(Config\Cache), false)
#9 C:\Proyectos\reservalo2.0\index.php(79): CodeIgniter\CodeIgniter->run()
#10 {main}
CRITICAL - 2026-01-26 16:58:18 --> CodeIgniter\Database\Exceptions\DatabaseException: Unknown column 'num_pedido' in 'field list'
in SYSTEMPATH\Database\BaseConnection.php on line 647.
 1 SYSTEMPATH\Database\BaseBuilder.php(2307): CodeIgniter\Database\BaseConnection->query('INSERT INTO `pedido` (`id_usuario`, `fecha_pedido`, `precio_pedido`, `num_pedido`) VALUES (:id_usuario:, :fecha_pedido:, :precio_pedido:, :num_pedido:)', [...], false)
 2 APPPATH\Models\reservasModel.php(183): CodeIgniter\Database\BaseBuilder->insert([...])
 3 APPPATH\Controllers\Reservas.php(119): App\Models\reservasModel->hacerPedido([...])
 4 SYSTEMPATH\CodeIgniter.php(941): App\Controllers\Reservas->hacerReserva()
 5 SYSTEMPATH\CodeIgniter.php(502): CodeIgniter\CodeIgniter->runController(Object(App\Controllers\Reservas))
 6 SYSTEMPATH\CodeIgniter.php(361): CodeIgniter\CodeIgniter->handleRequest(null, Object(Config\Cache), false)
 7 FCPATH\index.php(79): CodeIgniter\CodeIgniter->run()
CRITICAL - 2026-01-26 16:58:18 --> [Caused by] CodeIgniter\Database\Exceptions\DatabaseException: Unknown column 'num_pedido' in 'field list'
in SYSTEMPATH\Database\MySQLi\Connection.php on line 311.
 1 SYSTEMPATH\Database\BaseConnection.php(693): CodeIgniter\Database\MySQLi\Connection->execute('INSERT INTO `pedido` (`id_usuario`, `fecha_pedido`, `precio_pedido`, `num_pedido`) VALUES (\'5\', \'2026-01-26 16:58:17\', \'112\', \'20260126-165817-001\')')
 2 SYSTEMPATH\Database\BaseConnection.php(607): CodeIgniter\Database\BaseConnection->simpleQuery('INSERT INTO `pedido` (`id_usuario`, `fecha_pedido`, `precio_pedido`, `num_pedido`) VALUES (\'5\', \'2026-01-26 16:58:17\', \'112\', \'20260126-165817-001\')')
 3 SYSTEMPATH\Database\BaseBuilder.php(2307): CodeIgniter\Database\BaseConnection->query('INSERT INTO `pedido` (`id_usuario`, `fecha_pedido`, `precio_pedido`, `num_pedido`) VALUES (:id_usuario:, :fecha_pedido:, :precio_pedido:, :num_pedido:)', [...], false)
 4 APPPATH\Models\reservasModel.php(183): CodeIgniter\Database\BaseBuilder->insert([...])
 5 APPPATH\Controllers\Reservas.php(119): App\Models\reservasModel->hacerPedido([...])
 6 SYSTEMPATH\CodeIgniter.php(941): App\Controllers\Reservas->hacerReserva()
 7 SYSTEMPATH\CodeIgniter.php(502): CodeIgniter\CodeIgniter->runController(Object(App\Controllers\Reservas))
 8 SYSTEMPATH\CodeIgniter.php(361): CodeIgniter\CodeIgniter->handleRequest(null, Object(Config\Cache), false)
 9 FCPATH\index.php(79): CodeIgniter\CodeIgniter->run()
CRITICAL - 2026-01-26 16:58:18 --> [Caused by] mysqli_sql_exception: Unknown column 'num_pedido' in 'field list'
in SYSTEMPATH\Database\MySQLi\Connection.php on line 306.
 1 SYSTEMPATH\Database\MySQLi\Connection.php(306): mysqli->query('INSERT INTO `pedido` (`id_usuario`, `fecha_pedido`, `precio_pedido`, `num_pedido`) VALUES (\'5\', \'2026-01-26 16:58:17\', \'112\', \'20260126-165817-001\')', 0)
 2 SYSTEMPATH\Database\BaseConnection.php(693): CodeIgniter\Database\MySQLi\Connection->execute('INSERT INTO `pedido` (`id_usuario`, `fecha_pedido`, `precio_pedido`, `num_pedido`) VALUES (\'5\', \'2026-01-26 16:58:17\', \'112\', \'20260126-165817-001\')')
 3 SYSTEMPATH\Database\BaseConnection.php(607): CodeIgniter\Database\BaseConnection->simpleQuery('INSERT INTO `pedido` (`id_usuario`, `fecha_pedido`, `precio_pedido`, `num_pedido`) VALUES (\'5\', \'2026-01-26 16:58:17\', \'112\', \'20260126-165817-001\')')
 4 SYSTEMPATH\Database\BaseBuilder.php(2307): CodeIgniter\Database\BaseConnection->query('INSERT INTO `pedido` (`id_usuario`, `fecha_pedido`, `precio_pedido`, `num_pedido`) VALUES (:id_usuario:, :fecha_pedido:, :precio_pedido:, :num_pedido:)', [...], false)
 5 APPPATH\Models\reservasModel.php(183): CodeIgniter\Database\BaseBuilder->insert([...])
 6 APPPATH\Controllers\Reservas.php(119): App\Models\reservasModel->hacerPedido([...])
 7 SYSTEMPATH\CodeIgniter.php(941): App\Controllers\Reservas->hacerReserva()
 8 SYSTEMPATH\CodeIgniter.php(502): CodeIgniter\CodeIgniter->runController(Object(App\Controllers\Reservas))
 9 SYSTEMPATH\CodeIgniter.php(361): CodeIgniter\CodeIgniter->handleRequest(null, Object(Config\Cache), false)
10 FCPATH\index.php(79): CodeIgniter\CodeIgniter->run()
INFO - 2026-01-26 15:58:38 --> Session: Class initialized using 'CodeIgniter\Session\Handlers\FileHandler' driver.
INFO - 2026-01-26 17:02:13 --> Session: Class initialized using 'CodeIgniter\Session\Handlers\FileHandler' driver.
INFO - 2026-01-26 17:03:50 --> Session: Class initialized using 'CodeIgniter\Session\Handlers\FileHandler' driver.
