INFO - 2026-03-05 11:15:12 --> Session: Class initialized using 'CodeIgniter\Session\Handlers\FileHandler' driver.
INFO - 2026-03-05 11:15:40 --> Session: Class initialized using 'CodeIgniter\Session\Handlers\FileHandler' driver.
INFO - 2026-03-05 11:15:42 --> Session: Class initialized using 'CodeIgniter\Session\Handlers\FileHandler' driver.
INFO - 2026-03-05 11:31:33 --> Session: Class initialized using 'CodeIgniter\Session\Handlers\FileHandler' driver.
INFO - 2026-03-05 11:31:42 --> Session: Class initialized using 'CodeIgniter\Session\Handlers\FileHandler' driver.
ERROR - 2026-03-05 11:31:42 --> mysqli_sql_exception: Unknown column 'i2.categoria_secundaria' in 'on clause' in C:\Proyectos\reservalo2.0\system\Database\MySQLi\Connection.php:306
Stack trace:
#0 C:\Proyectos\reservalo2.0\system\Database\MySQLi\Connection.php(306): mysqli->query('SELECT `categor...', 0)
#1 C:\Proyectos\reservalo2.0\system\Database\BaseConnection.php(693): CodeIgniter\Database\MySQLi\Connection->execute('SELECT `categor...')
#2 C:\Proyectos\reservalo2.0\system\Database\BaseConnection.php(607): CodeIgniter\Database\BaseConnection->simpleQuery('SELECT `categor...')
#3 C:\Proyectos\reservalo2.0\system\Database\BaseBuilder.php(1616): CodeIgniter\Database\BaseConnection->query('SELECT `categor...', Array, false)
#4 C:\Proyectos\reservalo2.0\app\Models\categoriasModel.php(53): CodeIgniter\Database\BaseBuilder->get()
#5 C:\Proyectos\reservalo2.0\app\Controllers\Categorias.php(13): App\Models\categoriasModel->getFullCategorias()
#6 C:\Proyectos\reservalo2.0\system\CodeIgniter.php(941): App\Controllers\Categorias->gestorCategorias()
#7 C:\Proyectos\reservalo2.0\system\CodeIgniter.php(502): CodeIgniter\CodeIgniter->runController(Object(App\Controllers\Categorias))
#8 C:\Proyectos\reservalo2.0\system\CodeIgniter.php(361): CodeIgniter\CodeIgniter->handleRequest(NULL, Object(Config\Cache), false)
#9 C:\Proyectos\reservalo2.0\index.php(79): CodeIgniter\CodeIgniter->run()
#10 {main}
CRITICAL - 2026-03-05 11:31:43 --> CodeIgniter\Database\Exceptions\DatabaseException: Unknown column 'i2.categoria_secundaria' in 'on clause'
in SYSTEMPATH\Database\BaseConnection.php on line 647.
 1 SYSTEMPATH\Database\BaseBuilder.php(1616): CodeIgniter\Database\BaseConnection->query('SELECT `categorias`.*, COUNT(DISTINCT i1.id_instalacion) AS instalaciones_principal, COUNT(DISTINCT i2.id_instalacion) AS instalaciones_secundaria, COUNT(DISTINCT i1.id_instalacion) + COUNT(DISTINCT i2.id_instalacion) AS total_instalaciones
FROM `categorias`
LEFT JOIN `instalaciones` `i1` ON `i1`.`categoria_principal` = `categorias`.`id_categoria`
LEFT JOIN `instalaciones` `i2` ON `i2`.`categoria_secundaria` = `categorias`.`id_categoria`
GROUP BY `categorias`.`id_categoria`', [], false)
 2 APPPATH\Models\categoriasModel.php(53): CodeIgniter\Database\BaseBuilder->get()
 3 APPPATH\Controllers\Categorias.php(13): App\Models\categoriasModel->getFullCategorias()
 4 SYSTEMPATH\CodeIgniter.php(941): App\Controllers\Categorias->gestorCategorias()
 5 SYSTEMPATH\CodeIgniter.php(502): CodeIgniter\CodeIgniter->runController(Object(App\Controllers\Categorias))
 6 SYSTEMPATH\CodeIgniter.php(361): CodeIgniter\CodeIgniter->handleRequest(null, Object(Config\Cache), false)
 7 FCPATH\index.php(79): CodeIgniter\CodeIgniter->run()
CRITICAL - 2026-03-05 11:31:43 --> [Caused by] CodeIgniter\Database\Exceptions\DatabaseException: Unknown column 'i2.categoria_secundaria' in 'on clause'
in SYSTEMPATH\Database\MySQLi\Connection.php on line 311.
 1 SYSTEMPATH\Database\BaseConnection.php(693): CodeIgniter\Database\MySQLi\Connection->execute('SELECT `categorias`.*, COUNT(DISTINCT i1.id_instalacion) AS instalaciones_principal, COUNT(DISTINCT i2.id_instalacion) AS instalaciones_secundaria, COUNT(DISTINCT i1.id_instalacion) + COUNT(DISTINCT i2.id_instalacion) AS total_instalaciones
FROM `categorias`
LEFT JOIN `instalaciones` `i1` ON `i1`.`categoria_principal` = `categorias`.`id_categoria`
LEFT JOIN `instalaciones` `i2` ON `i2`.`categoria_secundaria` = `categorias`.`id_categoria`
GROUP BY `categorias`.`id_categoria`')
 2 SYSTEMPATH\Database\BaseConnection.php(607): CodeIgniter\Database\BaseConnection->simpleQuery('SELECT `categorias`.*, COUNT(DISTINCT i1.id_instalacion) AS instalaciones_principal, COUNT(DISTINCT i2.id_instalacion) AS instalaciones_secundaria, COUNT(DISTINCT i1.id_instalacion) + COUNT(DISTINCT i2.id_instalacion) AS total_instalaciones
FROM `categorias`
LEFT JOIN `instalaciones` `i1` ON `i1`.`categoria_principal` = `categorias`.`id_categoria`
LEFT JOIN `instalaciones` `i2` ON `i2`.`categoria_secundaria` = `categorias`.`id_categoria`
GROUP BY `categorias`.`id_categoria`')
 3 SYSTEMPATH\Database\BaseBuilder.php(1616): CodeIgniter\Database\BaseConnection->query('SELECT `categorias`.*, COUNT(DISTINCT i1.id_instalacion) AS instalaciones_principal, COUNT(DISTINCT i2.id_instalacion) AS instalaciones_secundaria, COUNT(DISTINCT i1.id_instalacion) + COUNT(DISTINCT i2.id_instalacion) AS total_instalaciones
FROM `categorias`
LEFT JOIN `instalaciones` `i1` ON `i1`.`categoria_principal` = `categorias`.`id_categoria`
LEFT JOIN `instalaciones` `i2` ON `i2`.`categoria_secundaria` = `categorias`.`id_categoria`
GROUP BY `categorias`.`id_categoria`', [], false)
 4 APPPATH\Models\categoriasModel.php(53): CodeIgniter\Database\BaseBuilder->get()
 5 APPPATH\Controllers\Categorias.php(13): App\Models\categoriasModel->getFullCategorias()
 6 SYSTEMPATH\CodeIgniter.php(941): App\Controllers\Categorias->gestorCategorias()
 7 SYSTEMPATH\CodeIgniter.php(502): CodeIgniter\CodeIgniter->runController(Object(App\Controllers\Categorias))
 8 SYSTEMPATH\CodeIgniter.php(361): CodeIgniter\CodeIgniter->handleRequest(null, Object(Config\Cache), false)
 9 FCPATH\index.php(79): CodeIgniter\CodeIgniter->run()
CRITICAL - 2026-03-05 11:31:43 --> [Caused by] mysqli_sql_exception: Unknown column 'i2.categoria_secundaria' in 'on clause'
in SYSTEMPATH\Database\MySQLi\Connection.php on line 306.
 1 SYSTEMPATH\Database\MySQLi\Connection.php(306): mysqli->query('SELECT `categorias`.*, COUNT(DISTINCT i1.id_instalacion) AS instalaciones_principal, COUNT(DISTINCT i2.id_instalacion) AS instalaciones_secundaria, COUNT(DISTINCT i1.id_instalacion) + COUNT(DISTINCT i2.id_instalacion) AS total_instalaciones
FROM `categorias`
LEFT JOIN `instalaciones` `i1` ON `i1`.`categoria_principal` = `categorias`.`id_categoria`
LEFT JOIN `instalaciones` `i2` ON `i2`.`categoria_secundaria` = `categorias`.`id_categoria`
GROUP BY `categorias`.`id_categoria`', 0)
 2 SYSTEMPATH\Database\BaseConnection.php(693): CodeIgniter\Database\MySQLi\Connection->execute('SELECT `categorias`.*, COUNT(DISTINCT i1.id_instalacion) AS instalaciones_principal, COUNT(DISTINCT i2.id_instalacion) AS instalaciones_secundaria, COUNT(DISTINCT i1.id_instalacion) + COUNT(DISTINCT i2.id_instalacion) AS total_instalaciones
FROM `categorias`
LEFT JOIN `instalaciones` `i1` ON `i1`.`categoria_principal` = `categorias`.`id_categoria`
LEFT JOIN `instalaciones` `i2` ON `i2`.`categoria_secundaria` = `categorias`.`id_categoria`
GROUP BY `categorias`.`id_categoria`')
 3 SYSTEMPATH\Database\BaseConnection.php(607): CodeIgniter\Database\BaseConnection->simpleQuery('SELECT `categorias`.*, COUNT(DISTINCT i1.id_instalacion) AS instalaciones_principal, COUNT(DISTINCT i2.id_instalacion) AS instalaciones_secundaria, COUNT(DISTINCT i1.id_instalacion) + COUNT(DISTINCT i2.id_instalacion) AS total_instalaciones
FROM `categorias`
LEFT JOIN `instalaciones` `i1` ON `i1`.`categoria_principal` = `categorias`.`id_categoria`
LEFT JOIN `instalaciones` `i2` ON `i2`.`categoria_secundaria` = `categorias`.`id_categoria`
GROUP BY `categorias`.`id_categoria`')
 4 SYSTEMPATH\Database\BaseBuilder.php(1616): CodeIgniter\Database\BaseConnection->query('SELECT `categorias`.*, COUNT(DISTINCT i1.id_instalacion) AS instalaciones_principal, COUNT(DISTINCT i2.id_instalacion) AS instalaciones_secundaria, COUNT(DISTINCT i1.id_instalacion) + COUNT(DISTINCT i2.id_instalacion) AS total_instalaciones
FROM `categorias`
LEFT JOIN `instalaciones` `i1` ON `i1`.`categoria_principal` = `categorias`.`id_categoria`
LEFT JOIN `instalaciones` `i2` ON `i2`.`categoria_secundaria` = `categorias`.`id_categoria`
GROUP BY `categorias`.`id_categoria`', [], false)
 5 APPPATH\Models\categoriasModel.php(53): CodeIgniter\Database\BaseBuilder->get()
 6 APPPATH\Controllers\Categorias.php(13): App\Models\categoriasModel->getFullCategorias()
 7 SYSTEMPATH\CodeIgniter.php(941): App\Controllers\Categorias->gestorCategorias()
 8 SYSTEMPATH\CodeIgniter.php(502): CodeIgniter\CodeIgniter->runController(Object(App\Controllers\Categorias))
 9 SYSTEMPATH\CodeIgniter.php(361): CodeIgniter\CodeIgniter->handleRequest(null, Object(Config\Cache), false)
10 FCPATH\index.php(79): CodeIgniter\CodeIgniter->run()
INFO - 2026-03-05 11:32:05 --> Session: Class initialized using 'CodeIgniter\Session\Handlers\FileHandler' driver.
ERROR - 2026-03-05 11:32:05 --> mysqli_sql_exception: Unknown column 'i2.categoria_opcional' in 'on clause' in C:\Proyectos\reservalo2.0\system\Database\MySQLi\Connection.php:306
Stack trace:
#0 C:\Proyectos\reservalo2.0\system\Database\MySQLi\Connection.php(306): mysqli->query('SELECT `categor...', 0)
#1 C:\Proyectos\reservalo2.0\system\Database\BaseConnection.php(693): CodeIgniter\Database\MySQLi\Connection->execute('SELECT `categor...')
#2 C:\Proyectos\reservalo2.0\system\Database\BaseConnection.php(607): CodeIgniter\Database\BaseConnection->simpleQuery('SELECT `categor...')
#3 C:\Proyectos\reservalo2.0\system\Database\BaseBuilder.php(1616): CodeIgniter\Database\BaseConnection->query('SELECT `categor...', Array, false)
#4 C:\Proyectos\reservalo2.0\app\Models\categoriasModel.php(53): CodeIgniter\Database\BaseBuilder->get()
#5 C:\Proyectos\reservalo2.0\app\Controllers\Categorias.php(13): App\Models\categoriasModel->getFullCategorias()
#6 C:\Proyectos\reservalo2.0\system\CodeIgniter.php(941): App\Controllers\Categorias->gestorCategorias()
#7 C:\Proyectos\reservalo2.0\system\CodeIgniter.php(502): CodeIgniter\CodeIgniter->runController(Object(App\Controllers\Categorias))
#8 C:\Proyectos\reservalo2.0\system\CodeIgniter.php(361): CodeIgniter\CodeIgniter->handleRequest(NULL, Object(Config\Cache), false)
#9 C:\Proyectos\reservalo2.0\index.php(79): CodeIgniter\CodeIgniter->run()
#10 {main}
CRITICAL - 2026-03-05 11:32:05 --> CodeIgniter\Database\Exceptions\DatabaseException: Unknown column 'i2.categoria_opcional' in 'on clause'
in SYSTEMPATH\Database\BaseConnection.php on line 647.
 1 SYSTEMPATH\Database\BaseBuilder.php(1616): CodeIgniter\Database\BaseConnection->query('SELECT `categorias`.*, COUNT(DISTINCT i1.id_instalacion) AS instalaciones_principal, COUNT(DISTINCT i2.id_instalacion) AS instalaciones_secundaria, COUNT(DISTINCT i1.id_instalacion) + COUNT(DISTINCT i2.id_instalacion) AS total_instalaciones
FROM `categorias`
LEFT JOIN `instalaciones` `i1` ON `i1`.`categoria_principal` = `categorias`.`id_categoria`
LEFT JOIN `instalaciones` `i2` ON `i2`.`categoria_opcional` = `categorias`.`id_categoria`
GROUP BY `categorias`.`id_categoria`', [], false)
 2 APPPATH\Models\categoriasModel.php(53): CodeIgniter\Database\BaseBuilder->get()
 3 APPPATH\Controllers\Categorias.php(13): App\Models\categoriasModel->getFullCategorias()
 4 SYSTEMPATH\CodeIgniter.php(941): App\Controllers\Categorias->gestorCategorias()
 5 SYSTEMPATH\CodeIgniter.php(502): CodeIgniter\CodeIgniter->runController(Object(App\Controllers\Categorias))
 6 SYSTEMPATH\CodeIgniter.php(361): CodeIgniter\CodeIgniter->handleRequest(null, Object(Config\Cache), false)
 7 FCPATH\index.php(79): CodeIgniter\CodeIgniter->run()
CRITICAL - 2026-03-05 11:32:05 --> [Caused by] CodeIgniter\Database\Exceptions\DatabaseException: Unknown column 'i2.categoria_opcional' in 'on clause'
in SYSTEMPATH\Database\MySQLi\Connection.php on line 311.
 1 SYSTEMPATH\Database\BaseConnection.php(693): CodeIgniter\Database\MySQLi\Connection->execute('SELECT `categorias`.*, COUNT(DISTINCT i1.id_instalacion) AS instalaciones_principal, COUNT(DISTINCT i2.id_instalacion) AS instalaciones_secundaria, COUNT(DISTINCT i1.id_instalacion) + COUNT(DISTINCT i2.id_instalacion) AS total_instalaciones
FROM `categorias`
LEFT JOIN `instalaciones` `i1` ON `i1`.`categoria_principal` = `categorias`.`id_categoria`
LEFT JOIN `instalaciones` `i2` ON `i2`.`categoria_opcional` = `categorias`.`id_categoria`
GROUP BY `categorias`.`id_categoria`')
 2 SYSTEMPATH\Database\BaseConnection.php(607): CodeIgniter\Database\BaseConnection->simpleQuery('SELECT `categorias`.*, COUNT(DISTINCT i1.id_instalacion) AS instalaciones_principal, COUNT(DISTINCT i2.id_instalacion) AS instalaciones_secundaria, COUNT(DISTINCT i1.id_instalacion) + COUNT(DISTINCT i2.id_instalacion) AS total_instalaciones
FROM `categorias`
LEFT JOIN `instalaciones` `i1` ON `i1`.`categoria_principal` = `categorias`.`id_categoria`
LEFT JOIN `instalaciones` `i2` ON `i2`.`categoria_opcional` = `categorias`.`id_categoria`
GROUP BY `categorias`.`id_categoria`')
 3 SYSTEMPATH\Database\BaseBuilder.php(1616): CodeIgniter\Database\BaseConnection->query('SELECT `categorias`.*, COUNT(DISTINCT i1.id_instalacion) AS instalaciones_principal, COUNT(DISTINCT i2.id_instalacion) AS instalaciones_secundaria, COUNT(DISTINCT i1.id_instalacion) + COUNT(DISTINCT i2.id_instalacion) AS total_instalaciones
FROM `categorias`
LEFT JOIN `instalaciones` `i1` ON `i1`.`categoria_principal` = `categorias`.`id_categoria`
LEFT JOIN `instalaciones` `i2` ON `i2`.`categoria_opcional` = `categorias`.`id_categoria`
GROUP BY `categorias`.`id_categoria`', [], false)
 4 APPPATH\Models\categoriasModel.php(53): CodeIgniter\Database\BaseBuilder->get()
 5 APPPATH\Controllers\Categorias.php(13): App\Models\categoriasModel->getFullCategorias()
 6 SYSTEMPATH\CodeIgniter.php(941): App\Controllers\Categorias->gestorCategorias()
 7 SYSTEMPATH\CodeIgniter.php(502): CodeIgniter\CodeIgniter->runController(Object(App\Controllers\Categorias))
 8 SYSTEMPATH\CodeIgniter.php(361): CodeIgniter\CodeIgniter->handleRequest(null, Object(Config\Cache), false)
 9 FCPATH\index.php(79): CodeIgniter\CodeIgniter->run()
CRITICAL - 2026-03-05 11:32:05 --> [Caused by] mysqli_sql_exception: Unknown column 'i2.categoria_opcional' in 'on clause'
in SYSTEMPATH\Database\MySQLi\Connection.php on line 306.
 1 SYSTEMPATH\Database\MySQLi\Connection.php(306): mysqli->query('SELECT `categorias`.*, COUNT(DISTINCT i1.id_instalacion) AS instalaciones_principal, COUNT(DISTINCT i2.id_instalacion) AS instalaciones_secundaria, COUNT(DISTINCT i1.id_instalacion) + COUNT(DISTINCT i2.id_instalacion) AS total_instalaciones
FROM `categorias`
LEFT JOIN `instalaciones` `i1` ON `i1`.`categoria_principal` = `categorias`.`id_categoria`
LEFT JOIN `instalaciones` `i2` ON `i2`.`categoria_opcional` = `categorias`.`id_categoria`
GROUP BY `categorias`.`id_categoria`', 0)
 2 SYSTEMPATH\Database\BaseConnection.php(693): CodeIgniter\Database\MySQLi\Connection->execute('SELECT `categorias`.*, COUNT(DISTINCT i1.id_instalacion) AS instalaciones_principal, COUNT(DISTINCT i2.id_instalacion) AS instalaciones_secundaria, COUNT(DISTINCT i1.id_instalacion) + COUNT(DISTINCT i2.id_instalacion) AS total_instalaciones
FROM `categorias`
LEFT JOIN `instalaciones` `i1` ON `i1`.`categoria_principal` = `categorias`.`id_categoria`
LEFT JOIN `instalaciones` `i2` ON `i2`.`categoria_opcional` = `categorias`.`id_categoria`
GROUP BY `categorias`.`id_categoria`')
 3 SYSTEMPATH\Database\BaseConnection.php(607): CodeIgniter\Database\BaseConnection->simpleQuery('SELECT `categorias`.*, COUNT(DISTINCT i1.id_instalacion) AS instalaciones_principal, COUNT(DISTINCT i2.id_instalacion) AS instalaciones_secundaria, COUNT(DISTINCT i1.id_instalacion) + COUNT(DISTINCT i2.id_instalacion) AS total_instalaciones
FROM `categorias`
LEFT JOIN `instalaciones` `i1` ON `i1`.`categoria_principal` = `categorias`.`id_categoria`
LEFT JOIN `instalaciones` `i2` ON `i2`.`categoria_opcional` = `categorias`.`id_categoria`
GROUP BY `categorias`.`id_categoria`')
 4 SYSTEMPATH\Database\BaseBuilder.php(1616): CodeIgniter\Database\BaseConnection->query('SELECT `categorias`.*, COUNT(DISTINCT i1.id_instalacion) AS instalaciones_principal, COUNT(DISTINCT i2.id_instalacion) AS instalaciones_secundaria, COUNT(DISTINCT i1.id_instalacion) + COUNT(DISTINCT i2.id_instalacion) AS total_instalaciones
FROM `categorias`
LEFT JOIN `instalaciones` `i1` ON `i1`.`categoria_principal` = `categorias`.`id_categoria`
LEFT JOIN `instalaciones` `i2` ON `i2`.`categoria_opcional` = `categorias`.`id_categoria`
GROUP BY `categorias`.`id_categoria`', [], false)
 5 APPPATH\Models\categoriasModel.php(53): CodeIgniter\Database\BaseBuilder->get()
 6 APPPATH\Controllers\Categorias.php(13): App\Models\categoriasModel->getFullCategorias()
 7 SYSTEMPATH\CodeIgniter.php(941): App\Controllers\Categorias->gestorCategorias()
 8 SYSTEMPATH\CodeIgniter.php(502): CodeIgniter\CodeIgniter->runController(Object(App\Controllers\Categorias))
 9 SYSTEMPATH\CodeIgniter.php(361): CodeIgniter\CodeIgniter->handleRequest(null, Object(Config\Cache), false)
10 FCPATH\index.php(79): CodeIgniter\CodeIgniter->run()
INFO - 2026-03-05 11:32:14 --> Session: Class initialized using 'CodeIgniter\Session\Handlers\FileHandler' driver.
CRITICAL - 2026-03-05 11:32:15 --> ErrorException: Undefined array key "num_instalaciones"
in APPPATH\Views\categorias\gestorCategorias.php on line 45.
 1 APPPATH\Views\categorias\gestorCategorias.php(45): CodeIgniter\Debug\Exceptions->errorHandler(2, 'Undefined array key "num_instalaciones"', 'C:\\Proyectos\\reservalo2.0\\app\\Views\\categorias\\gestorCategorias.php', 45)
 2 SYSTEMPATH\View\View.php(228): include('C:\\Proyectos\\reservalo2.0\\app\\Views\\categorias\\gestorCategorias.php')
 3 SYSTEMPATH\View\View.php(231): CodeIgniter\View\View->CodeIgniter\View\{closure}()
 4 SYSTEMPATH\Common.php(1178): CodeIgniter\View\View->render('categorias/gestorCategorias', [], true)
 5 APPPATH\Controllers\Categorias.php(29): view('categorias/gestorCategorias', [...])
 6 SYSTEMPATH\CodeIgniter.php(941): App\Controllers\Categorias->gestorCategorias()
 7 SYSTEMPATH\CodeIgniter.php(502): CodeIgniter\CodeIgniter->runController(Object(App\Controllers\Categorias))
 8 SYSTEMPATH\CodeIgniter.php(361): CodeIgniter\CodeIgniter->handleRequest(null, Object(Config\Cache), false)
 9 FCPATH\index.php(79): CodeIgniter\CodeIgniter->run()
INFO - 2026-03-05 11:35:43 --> Session: Class initialized using 'CodeIgniter\Session\Handlers\FileHandler' driver.
CRITICAL - 2026-03-05 11:35:44 --> ErrorException: Undefined variable $modalBorrarUsuario
in APPPATH\Views\categorias\gestorCategorias.php on line 56.
 1 APPPATH\Views\categorias\gestorCategorias.php(56): CodeIgniter\Debug\Exceptions->errorHandler(2, 'Undefined variable $modalBorrarUsuario', 'C:\\Proyectos\\reservalo2.0\\app\\Views\\categorias\\gestorCategorias.php', 56)
 2 SYSTEMPATH\View\View.php(228): include('C:\\Proyectos\\reservalo2.0\\app\\Views\\categorias\\gestorCategorias.php')
 3 SYSTEMPATH\View\View.php(231): CodeIgniter\View\View->CodeIgniter\View\{closure}()
 4 SYSTEMPATH\Common.php(1178): CodeIgniter\View\View->render('categorias/gestorCategorias', [], true)
 5 APPPATH\Controllers\Categorias.php(29): view('categorias/gestorCategorias', [...])
 6 SYSTEMPATH\CodeIgniter.php(941): App\Controllers\Categorias->gestorCategorias()
 7 SYSTEMPATH\CodeIgniter.php(502): CodeIgniter\CodeIgniter->runController(Object(App\Controllers\Categorias))
 8 SYSTEMPATH\CodeIgniter.php(361): CodeIgniter\CodeIgniter->handleRequest(null, Object(Config\Cache), false)
 9 FCPATH\index.php(79): CodeIgniter\CodeIgniter->run()
INFO - 2026-03-05 11:36:52 --> Session: Class initialized using 'CodeIgniter\Session\Handlers\FileHandler' driver.
INFO - 2026-03-05 11:39:28 --> Session: Class initialized using 'CodeIgniter\Session\Handlers\FileHandler' driver.
INFO - 2026-03-05 11:41:27 --> Session: Class initialized using 'CodeIgniter\Session\Handlers\FileHandler' driver.
INFO - 2026-03-05 11:41:33 --> Session: Class initialized using 'CodeIgniter\Session\Handlers\FileHandler' driver.
INFO - 2026-03-05 11:41:57 --> Session: Class initialized using 'CodeIgniter\Session\Handlers\FileHandler' driver.
INFO - 2026-03-05 12:00:52 --> Session: Class initialized using 'CodeIgniter\Session\Handlers\FileHandler' driver.
INFO - 2026-03-05 12:01:52 --> Session: Class initialized using 'CodeIgniter\Session\Handlers\FileHandler' driver.
INFO - 2026-03-05 12:02:10 --> Session: Class initialized using 'CodeIgniter\Session\Handlers\FileHandler' driver.
INFO - 2026-03-05 12:02:19 --> Session: Class initialized using 'CodeIgniter\Session\Handlers\FileHandler' driver.
INFO - 2026-03-05 12:18:01 --> Session: Class initialized using 'CodeIgniter\Session\Handlers\FileHandler' driver.
INFO - 2026-03-05 12:23:25 --> Session: Class initialized using 'CodeIgniter\Session\Handlers\FileHandler' driver.
INFO - 2026-03-05 12:23:50 --> Session: Class initialized using 'CodeIgniter\Session\Handlers\FileHandler' driver.
INFO - 2026-03-05 12:32:07 --> Session: Class initialized using 'CodeIgniter\Session\Handlers\FileHandler' driver.
INFO - 2026-03-05 12:32:30 --> Session: Class initialized using 'CodeIgniter\Session\Handlers\FileHandler' driver.
INFO - 2026-03-05 12:32:53 --> Session: Class initialized using 'CodeIgniter\Session\Handlers\FileHandler' driver.
INFO - 2026-03-05 12:34:24 --> Session: Class initialized using 'CodeIgniter\Session\Handlers\FileHandler' driver.
INFO - 2026-03-05 12:34:37 --> Session: Class initialized using 'CodeIgniter\Session\Handlers\FileHandler' driver.
INFO - 2026-03-05 12:34:49 --> Session: Class initialized using 'CodeIgniter\Session\Handlers\FileHandler' driver.
INFO - 2026-03-05 12:34:56 --> Session: Class initialized using 'CodeIgniter\Session\Handlers\FileHandler' driver.
INFO - 2026-03-05 12:35:47 --> Session: Class initialized using 'CodeIgniter\Session\Handlers\FileHandler' driver.
INFO - 2026-03-05 12:43:38 --> Session: Class initialized using 'CodeIgniter\Session\Handlers\FileHandler' driver.
INFO - 2026-03-05 12:44:11 --> Session: Class initialized using 'CodeIgniter\Session\Handlers\FileHandler' driver.
INFO - 2026-03-05 12:44:34 --> Session: Class initialized using 'CodeIgniter\Session\Handlers\FileHandler' driver.
INFO - 2026-03-05 12:45:37 --> Session: Class initialized using 'CodeIgniter\Session\Handlers\FileHandler' driver.
INFO - 2026-03-05 12:45:41 --> Session: Class initialized using 'CodeIgniter\Session\Handlers\FileHandler' driver.
INFO - 2026-03-05 12:46:20 --> Session: Class initialized using 'CodeIgniter\Session\Handlers\FileHandler' driver.
INFO - 2026-03-05 12:46:20 --> Session: Class initialized using 'CodeIgniter\Session\Handlers\FileHandler' driver.
INFO - 2026-03-05 12:46:21 --> Session: Class initialized using 'CodeIgniter\Session\Handlers\FileHandler' driver.
INFO - 2026-03-05 12:46:21 --> Session: Class initialized using 'CodeIgniter\Session\Handlers\FileHandler' driver.
INFO - 2026-03-05 12:46:21 --> Session: Class initialized using 'CodeIgniter\Session\Handlers\FileHandler' driver.
INFO - 2026-03-05 12:46:21 --> Session: Class initialized using 'CodeIgniter\Session\Handlers\FileHandler' driver.
INFO - 2026-03-05 12:46:47 --> Session: Class initialized using 'CodeIgniter\Session\Handlers\FileHandler' driver.
INFO - 2026-03-05 12:46:48 --> Session: Class initialized using 'CodeIgniter\Session\Handlers\FileHandler' driver.
INFO - 2026-03-05 12:46:49 --> Session: Class initialized using 'CodeIgniter\Session\Handlers\FileHandler' driver.
INFO - 2026-03-05 12:46:49 --> Session: Class initialized using 'CodeIgniter\Session\Handlers\FileHandler' driver.
INFO - 2026-03-05 12:46:49 --> Session: Class initialized using 'CodeIgniter\Session\Handlers\FileHandler' driver.
INFO - 2026-03-05 12:46:49 --> Session: Class initialized using 'CodeIgniter\Session\Handlers\FileHandler' driver.
INFO - 2026-03-05 12:46:49 --> Session: Class initialized using 'CodeIgniter\Session\Handlers\FileHandler' driver.
INFO - 2026-03-05 12:46:50 --> Session: Class initialized using 'CodeIgniter\Session\Handlers\FileHandler' driver.
INFO - 2026-03-05 12:46:50 --> Session: Class initialized using 'CodeIgniter\Session\Handlers\FileHandler' driver.
INFO - 2026-03-05 12:46:50 --> Session: Class initialized using 'CodeIgniter\Session\Handlers\FileHandler' driver.
INFO - 2026-03-05 12:46:51 --> Session: Class initialized using 'CodeIgniter\Session\Handlers\FileHandler' driver.
INFO - 2026-03-05 12:46:51 --> Session: Class initialized using 'CodeIgniter\Session\Handlers\FileHandler' driver.
INFO - 2026-03-05 12:46:51 --> Session: Class initialized using 'CodeIgniter\Session\Handlers\FileHandler' driver.
INFO - 2026-03-05 12:46:51 --> Session: Class initialized using 'CodeIgniter\Session\Handlers\FileHandler' driver.
INFO - 2026-03-05 12:46:51 --> Session: Class initialized using 'CodeIgniter\Session\Handlers\FileHandler' driver.
INFO - 2026-03-05 12:47:34 --> Session: Class initialized using 'CodeIgniter\Session\Handlers\FileHandler' driver.
INFO - 2026-03-05 12:47:56 --> Session: Class initialized using 'CodeIgniter\Session\Handlers\FileHandler' driver.
INFO - 2026-03-05 12:48:06 --> Session: Class initialized using 'CodeIgniter\Session\Handlers\FileHandler' driver.
INFO - 2026-03-05 12:48:14 --> Session: Class initialized using 'CodeIgniter\Session\Handlers\FileHandler' driver.
INFO - 2026-03-05 12:48:34 --> Session: Class initialized using 'CodeIgniter\Session\Handlers\FileHandler' driver.
INFO - 2026-03-05 12:48:43 --> Session: Class initialized using 'CodeIgniter\Session\Handlers\FileHandler' driver.
INFO - 2026-03-05 12:49:32 --> Session: Class initialized using 'CodeIgniter\Session\Handlers\FileHandler' driver.
INFO - 2026-03-05 12:50:10 --> Session: Class initialized using 'CodeIgniter\Session\Handlers\FileHandler' driver.
INFO - 2026-03-05 12:50:20 --> Session: Class initialized using 'CodeIgniter\Session\Handlers\FileHandler' driver.
INFO - 2026-03-05 12:50:34 --> Session: Class initialized using 'CodeIgniter\Session\Handlers\FileHandler' driver.
INFO - 2026-03-05 12:50:40 --> Session: Class initialized using 'CodeIgniter\Session\Handlers\FileHandler' driver.
INFO - 2026-03-05 12:51:14 --> Session: Class initialized using 'CodeIgniter\Session\Handlers\FileHandler' driver.
INFO - 2026-03-05 12:51:23 --> Session: Class initialized using 'CodeIgniter\Session\Handlers\FileHandler' driver.
INFO - 2026-03-05 12:53:15 --> Session: Class initialized using 'CodeIgniter\Session\Handlers\FileHandler' driver.
INFO - 2026-03-05 12:54:18 --> Session: Class initialized using 'CodeIgniter\Session\Handlers\FileHandler' driver.
INFO - 2026-03-05 12:56:04 --> Session: Class initialized using 'CodeIgniter\Session\Handlers\FileHandler' driver.
INFO - 2026-03-05 12:56:33 --> Session: Class initialized using 'CodeIgniter\Session\Handlers\FileHandler' driver.
INFO - 2026-03-05 16:44:24 --> Session: Class initialized using 'CodeIgniter\Session\Handlers\FileHandler' driver.
INFO - 2026-03-05 16:44:44 --> Session: Class initialized using 'CodeIgniter\Session\Handlers\FileHandler' driver.
INFO - 2026-03-05 16:44:45 --> Session: Class initialized using 'CodeIgniter\Session\Handlers\FileHandler' driver.
INFO - 2026-03-05 16:44:52 --> Session: Class initialized using 'CodeIgniter\Session\Handlers\FileHandler' driver.
INFO - 2026-03-05 16:51:52 --> Session: Class initialized using 'CodeIgniter\Session\Handlers\FileHandler' driver.
INFO - 2026-03-05 16:52:18 --> Session: Class initialized using 'CodeIgniter\Session\Handlers\FileHandler' driver.
INFO - 2026-03-05 16:52:24 --> Session: Class initialized using 'CodeIgniter\Session\Handlers\FileHandler' driver.
INFO - 2026-03-05 16:53:04 --> Session: Class initialized using 'CodeIgniter\Session\Handlers\FileHandler' driver.
INFO - 2026-03-05 16:53:07 --> Session: Class initialized using 'CodeIgniter\Session\Handlers\FileHandler' driver.
CRITICAL - 2026-03-05 16:53:08 --> BadMethodCallException: Call to undefined method App\Models\categoriasModel::getCategoria
in SYSTEMPATH\Model.php on line 874.
 1 APPPATH\Controllers\Categorias.php(47): CodeIgniter\Model->__call('getCategoria', [...])
 2 SYSTEMPATH\CodeIgniter.php(941): App\Controllers\Categorias->getCategoria()
 3 SYSTEMPATH\CodeIgniter.php(502): CodeIgniter\CodeIgniter->runController(Object(App\Controllers\Categorias))
 4 SYSTEMPATH\CodeIgniter.php(361): CodeIgniter\CodeIgniter->handleRequest(null, Object(Config\Cache), false)
 5 FCPATH\index.php(79): CodeIgniter\CodeIgniter->run()
INFO - 2026-03-05 16:54:27 --> Session: Class initialized using 'CodeIgniter\Session\Handlers\FileHandler' driver.
INFO - 2026-03-05 17:04:15 --> Session: Class initialized using 'CodeIgniter\Session\Handlers\FileHandler' driver.
CRITICAL - 2026-03-05 17:04:15 --> ParseError: syntax error, unexpected token "}", expecting "("
in APPPATH\Models\categoriasModel.php on line 59.
 1 SYSTEMPATH\Autoloader\Autoloader.php(290): CodeIgniter\Autoloader\Autoloader->includeFile('C:\\Proyectos\\reservalo2.0\\app\\Models\\categoriasModel.php')
 2 SYSTEMPATH\Autoloader\Autoloader.php(266): CodeIgniter\Autoloader\Autoloader->loadInNamespace('App\\Models\\categoriasModel')
 3 APPPATH\Controllers\Categorias.php(41): CodeIgniter\Autoloader\Autoloader->loadClass('App\\Models\\categoriasModel')
 4 SYSTEMPATH\CodeIgniter.php(941): App\Controllers\Categorias->getCategoria()
 5 SYSTEMPATH\CodeIgniter.php(502): CodeIgniter\CodeIgniter->runController(Object(App\Controllers\Categorias))
 6 SYSTEMPATH\CodeIgniter.php(361): CodeIgniter\CodeIgniter->handleRequest(null, Object(Config\Cache), false)
 7 FCPATH\index.php(79): CodeIgniter\CodeIgniter->run()
INFO - 2026-03-05 17:14:38 --> Session: Class initialized using 'CodeIgniter\Session\Handlers\FileHandler' driver.
INFO - 2026-03-05 17:15:05 --> Session: Class initialized using 'CodeIgniter\Session\Handlers\FileHandler' driver.
INFO - 2026-03-05 17:15:09 --> Session: Class initialized using 'CodeIgniter\Session\Handlers\FileHandler' driver.
INFO - 2026-03-05 17:16:21 --> Session: Class initialized using 'CodeIgniter\Session\Handlers\FileHandler' driver.
INFO - 2026-03-05 17:16:26 --> Session: Class initialized using 'CodeIgniter\Session\Handlers\FileHandler' driver.
INFO - 2026-03-05 17:21:38 --> Session: Class initialized using 'CodeIgniter\Session\Handlers\FileHandler' driver.
INFO - 2026-03-05 17:22:46 --> Session: Class initialized using 'CodeIgniter\Session\Handlers\FileHandler' driver.
INFO - 2026-03-05 17:22:49 --> Session: Class initialized using 'CodeIgniter\Session\Handlers\FileHandler' driver.
INFO - 2026-03-05 18:11:52 --> Session: Class initialized using 'CodeIgniter\Session\Handlers\FileHandler' driver.
INFO - 2026-03-05 18:11:55 --> Session: Class initialized using 'CodeIgniter\Session\Handlers\FileHandler' driver.
INFO - 2026-03-05 18:22:23 --> Session: Class initialized using 'CodeIgniter\Session\Handlers\FileHandler' driver.
INFO - 2026-03-05 18:22:27 --> Session: Class initialized using 'CodeIgniter\Session\Handlers\FileHandler' driver.
INFO - 2026-03-05 18:22:33 --> Session: Class initialized using 'CodeIgniter\Session\Handlers\FileHandler' driver.
CRITICAL - 2026-03-05 18:22:34 --> BadMethodCallException: Call to undefined method App\Models\categoriasModel::updateCategoria
in SYSTEMPATH\Model.php on line 874.
 1 APPPATH\Controllers\Categorias.php(70): CodeIgniter\Model->__call('updateCategoria', [...])
 2 SYSTEMPATH\CodeIgniter.php(941): App\Controllers\Categorias->editarCategorias()
 3 SYSTEMPATH\CodeIgniter.php(502): CodeIgniter\CodeIgniter->runController(Object(App\Controllers\Categorias))
 4 SYSTEMPATH\CodeIgniter.php(361): CodeIgniter\CodeIgniter->handleRequest(null, Object(Config\Cache), false)
 5 FCPATH\index.php(79): CodeIgniter\CodeIgniter->run()
INFO - 2026-03-05 18:24:47 --> Session: Class initialized using 'CodeIgniter\Session\Handlers\FileHandler' driver.
INFO - 2026-03-05 18:24:51 --> Session: Class initialized using 'CodeIgniter\Session\Handlers\FileHandler' driver.
INFO - 2026-03-05 18:24:57 --> Session: Class initialized using 'CodeIgniter\Session\Handlers\FileHandler' driver.
INFO - 2026-03-05 18:26:23 --> Session: Class initialized using 'CodeIgniter\Session\Handlers\FileHandler' driver.
INFO - 2026-03-05 18:26:25 --> Session: Class initialized using 'CodeIgniter\Session\Handlers\FileHandler' driver.
INFO - 2026-03-05 18:26:33 --> Session: Class initialized using 'CodeIgniter\Session\Handlers\FileHandler' driver.
INFO - 2026-03-05 18:27:34 --> Session: Class initialized using 'CodeIgniter\Session\Handlers\FileHandler' driver.
INFO - 2026-03-05 18:27:38 --> Session: Class initialized using 'CodeIgniter\Session\Handlers\FileHandler' driver.
INFO - 2026-03-05 18:27:45 --> Session: Class initialized using 'CodeIgniter\Session\Handlers\FileHandler' driver.
INFO - 2026-03-05 18:36:36 --> Session: Class initialized using 'CodeIgniter\Session\Handlers\FileHandler' driver.
INFO - 2026-03-05 18:36:39 --> Session: Class initialized using 'CodeIgniter\Session\Handlers\FileHandler' driver.
INFO - 2026-03-05 18:36:45 --> Session: Class initialized using 'CodeIgniter\Session\Handlers\FileHandler' driver.
INFO - 2026-03-05 18:37:01 --> Session: Class initialized using 'CodeIgniter\Session\Handlers\FileHandler' driver.
INFO - 2026-03-05 18:37:18 --> Session: Class initialized using 'CodeIgniter\Session\Handlers\FileHandler' driver.
INFO - 2026-03-05 18:37:18 --> Session: Class initialized using 'CodeIgniter\Session\Handlers\FileHandler' driver.
INFO - 2026-03-05 18:37:18 --> Session: Class initialized using 'CodeIgniter\Session\Handlers\FileHandler' driver.
INFO - 2026-03-05 18:37:18 --> Session: Class initialized using 'CodeIgniter\Session\Handlers\FileHandler' driver.
INFO - 2026-03-05 18:37:19 --> Session: Class initialized using 'CodeIgniter\Session\Handlers\FileHandler' driver.
INFO - 2026-03-05 18:37:19 --> Session: Class initialized using 'CodeIgniter\Session\Handlers\FileHandler' driver.
INFO - 2026-03-05 18:37:19 --> Session: Class initialized using 'CodeIgniter\Session\Handlers\FileHandler' driver.
INFO - 2026-03-05 18:37:25 --> Session: Class initialized using 'CodeIgniter\Session\Handlers\FileHandler' driver.
INFO - 2026-03-05 18:37:30 --> Session: Class initialized using 'CodeIgniter\Session\Handlers\FileHandler' driver.
INFO - 2026-03-05 18:38:34 --> Session: Class initialized using 'CodeIgniter\Session\Handlers\FileHandler' driver.
INFO - 2026-03-05 18:38:34 --> Session: Class initialized using 'CodeIgniter\Session\Handlers\FileHandler' driver.
INFO - 2026-03-05 18:38:34 --> Session: Class initialized using 'CodeIgniter\Session\Handlers\FileHandler' driver.
INFO - 2026-03-05 18:38:37 --> Session: Class initialized using 'CodeIgniter\Session\Handlers\FileHandler' driver.
INFO - 2026-03-05 18:38:43 --> Session: Class initialized using 'CodeIgniter\Session\Handlers\FileHandler' driver.
INFO - 2026-03-05 18:39:39 --> Session: Class initialized using 'CodeIgniter\Session\Handlers\FileHandler' driver.
INFO - 2026-03-05 18:53:34 --> Session: Class initialized using 'CodeIgniter\Session\Handlers\FileHandler' driver.
INFO - 2026-03-05 18:53:38 --> Session: Class initialized using 'CodeIgniter\Session\Handlers\FileHandler' driver.
CRITICAL - 2026-03-05 18:53:39 --> ErrorException: Undefined array key 0
in APPPATH\Controllers\Categorias.php on line 47.
 1 APPPATH\Controllers\Categorias.php(47): CodeIgniter\Debug\Exceptions->errorHandler(2, 'Undefined array key 0', 'C:\\Proyectos\\reservalo2.0\\app\\Controllers\\Categorias.php', 47)
 2 SYSTEMPATH\CodeIgniter.php(941): App\Controllers\Categorias->getCategoria()
 3 SYSTEMPATH\CodeIgniter.php(502): CodeIgniter\CodeIgniter->runController(Object(App\Controllers\Categorias))
 4 SYSTEMPATH\CodeIgniter.php(361): CodeIgniter\CodeIgniter->handleRequest(null, Object(Config\Cache), false)
 5 FCPATH\index.php(79): CodeIgniter\CodeIgniter->run()
INFO - 2026-03-05 18:54:11 --> Session: Class initialized using 'CodeIgniter\Session\Handlers\FileHandler' driver.
INFO - 2026-03-05 18:54:14 --> Session: Class initialized using 'CodeIgniter\Session\Handlers\FileHandler' driver.
CRITICAL - 2026-03-05 18:54:14 --> ErrorException: Undefined array key 0
in APPPATH\Controllers\Categorias.php on line 47.
 1 APPPATH\Controllers\Categorias.php(47): CodeIgniter\Debug\Exceptions->errorHandler(2, 'Undefined array key 0', 'C:\\Proyectos\\reservalo2.0\\app\\Controllers\\Categorias.php', 47)
 2 SYSTEMPATH\CodeIgniter.php(941): App\Controllers\Categorias->getCategoria()
 3 SYSTEMPATH\CodeIgniter.php(502): CodeIgniter\CodeIgniter->runController(Object(App\Controllers\Categorias))
 4 SYSTEMPATH\CodeIgniter.php(361): CodeIgniter\CodeIgniter->handleRequest(null, Object(Config\Cache), false)
 5 FCPATH\index.php(79): CodeIgniter\CodeIgniter->run()
INFO - 2026-03-05 18:54:30 --> Session: Class initialized using 'CodeIgniter\Session\Handlers\FileHandler' driver.
CRITICAL - 2026-03-05 18:54:37 --> ErrorException: Undefined array key 0
in APPPATH\Controllers\Categorias.php on line 47.
 1 APPPATH\Controllers\Categorias.php(47): CodeIgniter\Debug\Exceptions->errorHandler(2, 'Undefined array key 0', 'C:\\Proyectos\\reservalo2.0\\app\\Controllers\\Categorias.php', 47)
 2 SYSTEMPATH\CodeIgniter.php(941): App\Controllers\Categorias->getCategoria()
 3 SYSTEMPATH\CodeIgniter.php(502): CodeIgniter\CodeIgniter->runController(Object(App\Controllers\Categorias))
 4 SYSTEMPATH\CodeIgniter.php(361): CodeIgniter\CodeIgniter->handleRequest(null, Object(Config\Cache), false)
 5 FCPATH\index.php(79): CodeIgniter\CodeIgniter->run()
INFO - 2026-03-05 18:54:41 --> Session: Class initialized using 'CodeIgniter\Session\Handlers\FileHandler' driver.
CRITICAL - 2026-03-05 18:55:25 --> ErrorException: Undefined array key 0
in APPPATH\Controllers\Categorias.php on line 47.
 1 APPPATH\Controllers\Categorias.php(47): CodeIgniter\Debug\Exceptions->errorHandler(2, 'Undefined array key 0', 'C:\\Proyectos\\reservalo2.0\\app\\Controllers\\Categorias.php', 47)
 2 SYSTEMPATH\CodeIgniter.php(941): App\Controllers\Categorias->getCategoria()
 3 SYSTEMPATH\CodeIgniter.php(502): CodeIgniter\CodeIgniter->runController(Object(App\Controllers\Categorias))
 4 SYSTEMPATH\CodeIgniter.php(361): CodeIgniter\CodeIgniter->handleRequest(null, Object(Config\Cache), false)
 5 FCPATH\index.php(79): CodeIgniter\CodeIgniter->run()
INFO - 2026-03-05 18:55:25 --> Session: Class initialized using 'CodeIgniter\Session\Handlers\FileHandler' driver.
INFO - 2026-03-05 18:55:28 --> Session: Class initialized using 'CodeIgniter\Session\Handlers\FileHandler' driver.
INFO - 2026-03-05 18:55:31 --> Session: Class initialized using 'CodeIgniter\Session\Handlers\FileHandler' driver.
INFO - 2026-03-05 18:55:32 --> Session: Class initialized using 'CodeIgniter\Session\Handlers\FileHandler' driver.
INFO - 2026-03-05 18:55:33 --> Session: Class initialized using 'CodeIgniter\Session\Handlers\FileHandler' driver.
INFO - 2026-03-05 18:55:33 --> Session: Class initialized using 'CodeIgniter\Session\Handlers\FileHandler' driver.
INFO - 2026-03-05 18:55:37 --> Session: Class initialized using 'CodeIgniter\Session\Handlers\FileHandler' driver.
INFO - 2026-03-05 18:55:42 --> Session: Class initialized using 'CodeIgniter\Session\Handlers\FileHandler' driver.
INFO - 2026-03-05 18:56:28 --> Session: Class initialized using 'CodeIgniter\Session\Handlers\FileHandler' driver.
INFO - 2026-03-05 18:56:32 --> Session: Class initialized using 'CodeIgniter\Session\Handlers\FileHandler' driver.
INFO - 2026-03-05 18:56:36 --> Session: Class initialized using 'CodeIgniter\Session\Handlers\FileHandler' driver.
INFO - 2026-03-05 18:58:50 --> Session: Class initialized using 'CodeIgniter\Session\Handlers\FileHandler' driver.
INFO - 2026-03-05 18:58:52 --> Session: Class initialized using 'CodeIgniter\Session\Handlers\FileHandler' driver.
INFO - 2026-03-05 18:59:09 --> Session: Class initialized using 'CodeIgniter\Session\Handlers\FileHandler' driver.
INFO - 2026-03-05 18:59:13 --> Session: Class initialized using 'CodeIgniter\Session\Handlers\FileHandler' driver.
INFO - 2026-03-05 18:59:31 --> Session: Class initialized using 'CodeIgniter\Session\Handlers\FileHandler' driver.
INFO - 2026-03-05 18:59:34 --> Session: Class initialized using 'CodeIgniter\Session\Handlers\FileHandler' driver.
