CRITICAL - 2026-06-09 19:36:10 --> TypeError: App\Models\horariosModel::borrarExcepcionFechaSola(): Argument #2 ($id_instalacion) must be of type int, string given, called in C:\Proyectos\reservalo2.0\app\Controllers\Horarios.php on line 522
in APPPATH\Models\horariosModel.php on line 381.
 1 APPPATH\Controllers\Horarios.php(522): App\Models\horariosModel->borrarExcepcionFechaSola('2/11/2026', '42,')
 2 SYSTEMPATH\CodeIgniter.php(941): App\Controllers\Horarios->cambiarHorariosSeleccionados()
 3 SYSTEMPATH\CodeIgniter.php(502): CodeIgniter\CodeIgniter->runController(Object(App\Controllers\Horarios))
 4 SYSTEMPATH\CodeIgniter.php(361): CodeIgniter\CodeIgniter->handleRequest(null, Object(Config\Cache), false)
 5 FCPATH\index.php(79): CodeIgniter\CodeIgniter->run()
CRITICAL - 2026-06-09 19:36:14 --> TypeError: App\Models\horariosModel::borrarExcepcionFechaSola(): Argument #2 ($id_instalacion) must be of type int, string given, called in C:\Proyectos\reservalo2.0\app\Controllers\Horarios.php on line 522
in APPPATH\Models\horariosModel.php on line 381.
 1 APPPATH\Controllers\Horarios.php(522): App\Models\horariosModel->borrarExcepcionFechaSola('2/11/2026', '42,')
 2 SYSTEMPATH\CodeIgniter.php(941): App\Controllers\Horarios->cambiarHorariosSeleccionados()
 3 SYSTEMPATH\CodeIgniter.php(502): CodeIgniter\CodeIgniter->runController(Object(App\Controllers\Horarios))
 4 SYSTEMPATH\CodeIgniter.php(361): CodeIgniter\CodeIgniter->handleRequest(null, Object(Config\Cache), false)
 5 FCPATH\index.php(79): CodeIgniter\CodeIgniter->run()
CRITICAL - 2026-06-09 22:31:26 --> TypeError: App\Models\horariosModel::borrarExcepcionFechaSola(): Argument #2 ($id_instalacion) must be of type int, string given, called in C:\Proyectos\reservalo2.0\app\Controllers\Horarios.php on line 522
in APPPATH\Models\horariosModel.php on line 381.
 1 APPPATH\Controllers\Horarios.php(522): App\Models\horariosModel->borrarExcepcionFechaSola('2/11/2026', '42,')
 2 SYSTEMPATH\CodeIgniter.php(941): App\Controllers\Horarios->cambiarHorariosSeleccionados()
 3 SYSTEMPATH\CodeIgniter.php(502): CodeIgniter\CodeIgniter->runController(Object(App\Controllers\Horarios))
 4 SYSTEMPATH\CodeIgniter.php(361): CodeIgniter\CodeIgniter->handleRequest(null, Object(Config\Cache), false)
 5 FCPATH\index.php(79): CodeIgniter\CodeIgniter->run()
CRITICAL - 2026-06-09 22:33:11 --> TypeError: App\Models\horariosModel::borrarExcepcionFechaSola(): Argument #2 ($id_instalacion) must be of type int, string given, called in C:\Proyectos\reservalo2.0\app\Controllers\Horarios.php on line 522
in APPPATH\Models\horariosModel.php on line 381.
 1 APPPATH\Controllers\Horarios.php(522): App\Models\horariosModel->borrarExcepcionFechaSola('2/11/2026', '42,')
 2 SYSTEMPATH\CodeIgniter.php(941): App\Controllers\Horarios->cambiarHorariosSeleccionados()
 3 SYSTEMPATH\CodeIgniter.php(502): CodeIgniter\CodeIgniter->runController(Object(App\Controllers\Horarios))
 4 SYSTEMPATH\CodeIgniter.php(361): CodeIgniter\CodeIgniter->handleRequest(null, Object(Config\Cache), false)
 5 FCPATH\index.php(79): CodeIgniter\CodeIgniter->run()
CRITICAL - 2026-06-09 22:37:33 --> TypeError: App\Models\horariosModel::borrarExcepcionFechaSola(): Argument #2 ($id_instalacion) must be of type int, string given, called in C:\Proyectos\reservalo2.0\app\Controllers\Horarios.php on line 522
in APPPATH\Models\horariosModel.php on line 381.
 1 APPPATH\Controllers\Horarios.php(522): App\Models\horariosModel->borrarExcepcionFechaSola('2/11/2026', '42,')
 2 SYSTEMPATH\CodeIgniter.php(941): App\Controllers\Horarios->cambiarHorariosSeleccionados()
 3 SYSTEMPATH\CodeIgniter.php(502): CodeIgniter\CodeIgniter->runController(Object(App\Controllers\Horarios))
 4 SYSTEMPATH\CodeIgniter.php(361): CodeIgniter\CodeIgniter->handleRequest(null, Object(Config\Cache), false)
 5 FCPATH\index.php(79): CodeIgniter\CodeIgniter->run()
CRITICAL - 2026-06-09 22:40:30 --> TypeError: App\Models\horariosModel::borrarExcepcionFechaSola(): Argument #2 ($id_instalacion) must be of type int, string given, called in C:\Proyectos\reservalo2.0\app\Controllers\Horarios.php on line 522
in APPPATH\Models\horariosModel.php on line 381.
 1 APPPATH\Controllers\Horarios.php(522): App\Models\horariosModel->borrarExcepcionFechaSola('2/11/2026', '42,')
 2 SYSTEMPATH\CodeIgniter.php(941): App\Controllers\Horarios->cambiarHorariosSeleccionados()
 3 SYSTEMPATH\CodeIgniter.php(502): CodeIgniter\CodeIgniter->runController(Object(App\Controllers\Horarios))
 4 SYSTEMPATH\CodeIgniter.php(361): CodeIgniter\CodeIgniter->handleRequest(null, Object(Config\Cache), false)
 5 FCPATH\index.php(79): CodeIgniter\CodeIgniter->run()
