INFO - 2026-01-28 11:07:53 --> Session: Class initialized using 'CodeIgniter\Session\Handlers\FileHandler' driver.
INFO - 2026-01-28 11:08:22 --> Session: Class initialized using 'CodeIgniter\Session\Handlers\FileHandler' driver.
INFO - 2026-01-28 11:08:24 --> Session: Class initialized using 'CodeIgniter\Session\Handlers\FileHandler' driver.
INFO - 2026-01-28 11:11:14 --> Session: Class initialized using 'CodeIgniter\Session\Handlers\FileHandler' driver.
INFO - 2026-01-28 11:11:31 --> Session: Class initialized using 'CodeIgniter\Session\Handlers\FileHandler' driver.
INFO - 2026-01-28 11:20:51 --> Session: Class initialized using 'CodeIgniter\Session\Handlers\FileHandler' driver.
INFO - 2026-01-28 12:21:16 --> Session: Class initialized using 'CodeIgniter\Session\Handlers\FileHandler' driver.
WARNING - 2026-01-28 11:21:19 --> [DEPRECATED] Function strftime() is deprecated in APPPATH\Views\reservas\pdf_template.php on line 343.
 1 SYSTEMPATH\View\View.php(228): include('C:\\Proyectos\\reservalo2.0\\app\\Views\\reservas\\pdf_template.php')
 2 SYSTEMPATH\View\View.php(231): CodeIgniter\View\View->CodeIgniter\View\{closure}()
 3 SYSTEMPATH\Common.php(1178): CodeIgniter\View\View->render('reservas/pdf_template', [], true)
 4 APPPATH\Controllers\Reservas.php(176): view('reservas/pdf_template', [...])
 5 SYSTEMPATH\CodeIgniter.php(941): App\Controllers\Reservas->descargarTicket(46)
 6 SYSTEMPATH\CodeIgniter.php(502): CodeIgniter\CodeIgniter->runController(Object(App\Controllers\Reservas))
 7 SYSTEMPATH\CodeIgniter.php(361): CodeIgniter\CodeIgniter->handleRequest(null, Object(Config\Cache), false)
 8 FCPATH\index.php(79): CodeIgniter\CodeIgniter->run()
WARNING - 2026-01-28 11:21:19 --> [DEPRECATED] Function strftime() is deprecated in APPPATH\Views\reservas\pdf_template.php on line 343.
 1 SYSTEMPATH\View\View.php(228): include('C:\\Proyectos\\reservalo2.0\\app\\Views\\reservas\\pdf_template.php')
 2 SYSTEMPATH\View\View.php(231): CodeIgniter\View\View->CodeIgniter\View\{closure}()
 3 SYSTEMPATH\Common.php(1178): CodeIgniter\View\View->render('reservas/pdf_template', [], true)
 4 APPPATH\Controllers\Reservas.php(176): view('reservas/pdf_template', [...])
 5 SYSTEMPATH\CodeIgniter.php(941): App\Controllers\Reservas->descargarTicket(46)
 6 SYSTEMPATH\CodeIgniter.php(502): CodeIgniter\CodeIgniter->runController(Object(App\Controllers\Reservas))
 7 SYSTEMPATH\CodeIgniter.php(361): CodeIgniter\CodeIgniter->handleRequest(null, Object(Config\Cache), false)
 8 FCPATH\index.php(79): CodeIgniter\CodeIgniter->run()
INFO - 2026-01-28 11:24:26 --> Session: Class initialized using 'CodeIgniter\Session\Handlers\FileHandler' driver.
INFO - 2026-01-28 12:25:06 --> Session: Class initialized using 'CodeIgniter\Session\Handlers\FileHandler' driver.
WARNING - 2026-01-28 11:25:08 --> [DEPRECATED] Function strftime() is deprecated in APPPATH\Views\reservas\pdf_template.php on line 344.
 1 SYSTEMPATH\View\View.php(228): include('C:\\Proyectos\\reservalo2.0\\app\\Views\\reservas\\pdf_template.php')
 2 SYSTEMPATH\View\View.php(231): CodeIgniter\View\View->CodeIgniter\View\{closure}()
 3 SYSTEMPATH\Common.php(1178): CodeIgniter\View\View->render('reservas/pdf_template', [], true)
 4 APPPATH\Controllers\Reservas.php(176): view('reservas/pdf_template', [...])
 5 SYSTEMPATH\CodeIgniter.php(941): App\Controllers\Reservas->descargarTicket(47)
 6 SYSTEMPATH\CodeIgniter.php(502): CodeIgniter\CodeIgniter->runController(Object(App\Controllers\Reservas))
 7 SYSTEMPATH\CodeIgniter.php(361): CodeIgniter\CodeIgniter->handleRequest(null, Object(Config\Cache), false)
 8 FCPATH\index.php(79): CodeIgniter\CodeIgniter->run()
WARNING - 2026-01-28 11:25:08 --> [DEPRECATED] Function strftime() is deprecated in APPPATH\Views\reservas\pdf_template.php on line 344.
 1 SYSTEMPATH\View\View.php(228): include('C:\\Proyectos\\reservalo2.0\\app\\Views\\reservas\\pdf_template.php')
 2 SYSTEMPATH\View\View.php(231): CodeIgniter\View\View->CodeIgniter\View\{closure}()
 3 SYSTEMPATH\Common.php(1178): CodeIgniter\View\View->render('reservas/pdf_template', [], true)
 4 APPPATH\Controllers\Reservas.php(176): view('reservas/pdf_template', [...])
 5 SYSTEMPATH\CodeIgniter.php(941): App\Controllers\Reservas->descargarTicket(47)
 6 SYSTEMPATH\CodeIgniter.php(502): CodeIgniter\CodeIgniter->runController(Object(App\Controllers\Reservas))
 7 SYSTEMPATH\CodeIgniter.php(361): CodeIgniter\CodeIgniter->handleRequest(null, Object(Config\Cache), false)
 8 FCPATH\index.php(79): CodeIgniter\CodeIgniter->run()
INFO - 2026-01-28 11:25:34 --> Session: Class initialized using 'CodeIgniter\Session\Handlers\FileHandler' driver.
INFO - 2026-01-28 12:26:39 --> Session: Class initialized using 'CodeIgniter\Session\Handlers\FileHandler' driver.
WARNING - 2026-01-28 11:26:42 --> [DEPRECATED] Function strftime() is deprecated in APPPATH\Views\reservas\pdf_template.php on line 344.
 1 SYSTEMPATH\View\View.php(228): include('C:\\Proyectos\\reservalo2.0\\app\\Views\\reservas\\pdf_template.php')
 2 SYSTEMPATH\View\View.php(231): CodeIgniter\View\View->CodeIgniter\View\{closure}()
 3 SYSTEMPATH\Common.php(1178): CodeIgniter\View\View->render('reservas/pdf_template', [], true)
 4 APPPATH\Controllers\Reservas.php(176): view('reservas/pdf_template', [...])
 5 SYSTEMPATH\CodeIgniter.php(941): App\Controllers\Reservas->descargarTicket(48)
 6 SYSTEMPATH\CodeIgniter.php(502): CodeIgniter\CodeIgniter->runController(Object(App\Controllers\Reservas))
 7 SYSTEMPATH\CodeIgniter.php(361): CodeIgniter\CodeIgniter->handleRequest(null, Object(Config\Cache), false)
 8 FCPATH\index.php(79): CodeIgniter\CodeIgniter->run()
WARNING - 2026-01-28 11:26:42 --> [DEPRECATED] Function strftime() is deprecated in APPPATH\Views\reservas\pdf_template.php on line 344.
 1 SYSTEMPATH\View\View.php(228): include('C:\\Proyectos\\reservalo2.0\\app\\Views\\reservas\\pdf_template.php')
 2 SYSTEMPATH\View\View.php(231): CodeIgniter\View\View->CodeIgniter\View\{closure}()
 3 SYSTEMPATH\Common.php(1178): CodeIgniter\View\View->render('reservas/pdf_template', [], true)
 4 APPPATH\Controllers\Reservas.php(176): view('reservas/pdf_template', [...])
 5 SYSTEMPATH\CodeIgniter.php(941): App\Controllers\Reservas->descargarTicket(48)
 6 SYSTEMPATH\CodeIgniter.php(502): CodeIgniter\CodeIgniter->runController(Object(App\Controllers\Reservas))
 7 SYSTEMPATH\CodeIgniter.php(361): CodeIgniter\CodeIgniter->handleRequest(null, Object(Config\Cache), false)
 8 FCPATH\index.php(79): CodeIgniter\CodeIgniter->run()
INFO - 2026-01-28 11:36:12 --> Session: Class initialized using 'CodeIgniter\Session\Handlers\FileHandler' driver.
INFO - 2026-01-28 12:36:24 --> Session: Class initialized using 'CodeIgniter\Session\Handlers\FileHandler' driver.
WARNING - 2026-01-28 11:36:27 --> [DEPRECATED] Function strftime() is deprecated in APPPATH\Views\reservas\pdf_template.php on line 344.
 1 SYSTEMPATH\View\View.php(228): include('C:\\Proyectos\\reservalo2.0\\app\\Views\\reservas\\pdf_template.php')
 2 SYSTEMPATH\View\View.php(231): CodeIgniter\View\View->CodeIgniter\View\{closure}()
 3 SYSTEMPATH\Common.php(1178): CodeIgniter\View\View->render('reservas/pdf_template', [], true)
 4 APPPATH\Controllers\Reservas.php(176): view('reservas/pdf_template', [...])
 5 SYSTEMPATH\CodeIgniter.php(941): App\Controllers\Reservas->descargarTicket(49)
 6 SYSTEMPATH\CodeIgniter.php(502): CodeIgniter\CodeIgniter->runController(Object(App\Controllers\Reservas))
 7 SYSTEMPATH\CodeIgniter.php(361): CodeIgniter\CodeIgniter->handleRequest(null, Object(Config\Cache), false)
 8 FCPATH\index.php(79): CodeIgniter\CodeIgniter->run()
WARNING - 2026-01-28 11:36:27 --> [DEPRECATED] Function strftime() is deprecated in APPPATH\Views\reservas\pdf_template.php on line 344.
 1 SYSTEMPATH\View\View.php(228): include('C:\\Proyectos\\reservalo2.0\\app\\Views\\reservas\\pdf_template.php')
 2 SYSTEMPATH\View\View.php(231): CodeIgniter\View\View->CodeIgniter\View\{closure}()
 3 SYSTEMPATH\Common.php(1178): CodeIgniter\View\View->render('reservas/pdf_template', [], true)
 4 APPPATH\Controllers\Reservas.php(176): view('reservas/pdf_template', [...])
 5 SYSTEMPATH\CodeIgniter.php(941): App\Controllers\Reservas->descargarTicket(49)
 6 SYSTEMPATH\CodeIgniter.php(502): CodeIgniter\CodeIgniter->runController(Object(App\Controllers\Reservas))
 7 SYSTEMPATH\CodeIgniter.php(361): CodeIgniter\CodeIgniter->handleRequest(null, Object(Config\Cache), false)
 8 FCPATH\index.php(79): CodeIgniter\CodeIgniter->run()
INFO - 2026-01-28 11:44:44 --> Session: Class initialized using 'CodeIgniter\Session\Handlers\FileHandler' driver.
INFO - 2026-01-28 12:44:56 --> Session: Class initialized using 'CodeIgniter\Session\Handlers\FileHandler' driver.
WARNING - 2026-01-28 11:44:59 --> [DEPRECATED] Function strftime() is deprecated in APPPATH\Views\reservas\pdf_template.php on line 344.
 1 SYSTEMPATH\View\View.php(228): include('C:\\Proyectos\\reservalo2.0\\app\\Views\\reservas\\pdf_template.php')
 2 SYSTEMPATH\View\View.php(231): CodeIgniter\View\View->CodeIgniter\View\{closure}()
 3 SYSTEMPATH\Common.php(1178): CodeIgniter\View\View->render('reservas/pdf_template', [], true)
 4 APPPATH\Controllers\Reservas.php(176): view('reservas/pdf_template', [...])
 5 SYSTEMPATH\CodeIgniter.php(941): App\Controllers\Reservas->descargarTicket(50)
 6 SYSTEMPATH\CodeIgniter.php(502): CodeIgniter\CodeIgniter->runController(Object(App\Controllers\Reservas))
 7 SYSTEMPATH\CodeIgniter.php(361): CodeIgniter\CodeIgniter->handleRequest(null, Object(Config\Cache), false)
 8 FCPATH\index.php(79): CodeIgniter\CodeIgniter->run()
WARNING - 2026-01-28 11:44:59 --> [DEPRECATED] Function strftime() is deprecated in APPPATH\Views\reservas\pdf_template.php on line 344.
 1 SYSTEMPATH\View\View.php(228): include('C:\\Proyectos\\reservalo2.0\\app\\Views\\reservas\\pdf_template.php')
 2 SYSTEMPATH\View\View.php(231): CodeIgniter\View\View->CodeIgniter\View\{closure}()
 3 SYSTEMPATH\Common.php(1178): CodeIgniter\View\View->render('reservas/pdf_template', [], true)
 4 APPPATH\Controllers\Reservas.php(176): view('reservas/pdf_template', [...])
 5 SYSTEMPATH\CodeIgniter.php(941): App\Controllers\Reservas->descargarTicket(50)
 6 SYSTEMPATH\CodeIgniter.php(502): CodeIgniter\CodeIgniter->runController(Object(App\Controllers\Reservas))
 7 SYSTEMPATH\CodeIgniter.php(361): CodeIgniter\CodeIgniter->handleRequest(null, Object(Config\Cache), false)
 8 FCPATH\index.php(79): CodeIgniter\CodeIgniter->run()
INFO - 2026-01-28 11:47:29 --> Session: Class initialized using 'CodeIgniter\Session\Handlers\FileHandler' driver.
INFO - 2026-01-28 12:47:42 --> Session: Class initialized using 'CodeIgniter\Session\Handlers\FileHandler' driver.
WARNING - 2026-01-28 11:47:45 --> [DEPRECATED] Function strftime() is deprecated in APPPATH\Views\reservas\pdf_template.php on line 344.
 1 SYSTEMPATH\View\View.php(228): include('C:\\Proyectos\\reservalo2.0\\app\\Views\\reservas\\pdf_template.php')
 2 SYSTEMPATH\View\View.php(231): CodeIgniter\View\View->CodeIgniter\View\{closure}()
 3 SYSTEMPATH\Common.php(1178): CodeIgniter\View\View->render('reservas/pdf_template', [], true)
 4 APPPATH\Controllers\Reservas.php(176): view('reservas/pdf_template', [...])
 5 SYSTEMPATH\CodeIgniter.php(941): App\Controllers\Reservas->descargarTicket(51)
 6 SYSTEMPATH\CodeIgniter.php(502): CodeIgniter\CodeIgniter->runController(Object(App\Controllers\Reservas))
 7 SYSTEMPATH\CodeIgniter.php(361): CodeIgniter\CodeIgniter->handleRequest(null, Object(Config\Cache), false)
 8 FCPATH\index.php(79): CodeIgniter\CodeIgniter->run()
WARNING - 2026-01-28 11:47:45 --> [DEPRECATED] Function strftime() is deprecated in APPPATH\Views\reservas\pdf_template.php on line 344.
 1 SYSTEMPATH\View\View.php(228): include('C:\\Proyectos\\reservalo2.0\\app\\Views\\reservas\\pdf_template.php')
 2 SYSTEMPATH\View\View.php(231): CodeIgniter\View\View->CodeIgniter\View\{closure}()
 3 SYSTEMPATH\Common.php(1178): CodeIgniter\View\View->render('reservas/pdf_template', [], true)
 4 APPPATH\Controllers\Reservas.php(176): view('reservas/pdf_template', [...])
 5 SYSTEMPATH\CodeIgniter.php(941): App\Controllers\Reservas->descargarTicket(51)
 6 SYSTEMPATH\CodeIgniter.php(502): CodeIgniter\CodeIgniter->runController(Object(App\Controllers\Reservas))
 7 SYSTEMPATH\CodeIgniter.php(361): CodeIgniter\CodeIgniter->handleRequest(null, Object(Config\Cache), false)
 8 FCPATH\index.php(79): CodeIgniter\CodeIgniter->run()
INFO - 2026-01-28 11:51:02 --> Session: Class initialized using 'CodeIgniter\Session\Handlers\FileHandler' driver.
INFO - 2026-01-28 12:52:38 --> Session: Class initialized using 'CodeIgniter\Session\Handlers\FileHandler' driver.
WARNING - 2026-01-28 12:00:48 --> [DEPRECATED] Function strftime() is deprecated in APPPATH\Views\reservas\pdf_template.php on line 344.
 1 SYSTEMPATH\View\View.php(228): include('C:\\Proyectos\\reservalo2.0\\app\\Views\\reservas\\pdf_template.php')
 2 SYSTEMPATH\View\View.php(231): CodeIgniter\View\View->CodeIgniter\View\{closure}()
 3 SYSTEMPATH\Common.php(1178): CodeIgniter\View\View->render('reservas/pdf_template', [], true)
 4 APPPATH\Controllers\Reservas.php(176): view('reservas/pdf_template', [...])
 5 SYSTEMPATH\CodeIgniter.php(941): App\Controllers\Reservas->descargarTicket(52)
 6 SYSTEMPATH\CodeIgniter.php(502): CodeIgniter\CodeIgniter->runController(Object(App\Controllers\Reservas))
 7 SYSTEMPATH\CodeIgniter.php(361): CodeIgniter\CodeIgniter->handleRequest(null, Object(Config\Cache), false)
 8 FCPATH\index.php(79): CodeIgniter\CodeIgniter->run()
WARNING - 2026-01-28 12:00:52 --> [DEPRECATED] Function strftime() is deprecated in APPPATH\Views\reservas\pdf_template.php on line 344.
 1 SYSTEMPATH\View\View.php(228): include('C:\\Proyectos\\reservalo2.0\\app\\Views\\reservas\\pdf_template.php')
 2 SYSTEMPATH\View\View.php(231): CodeIgniter\View\View->CodeIgniter\View\{closure}()
 3 SYSTEMPATH\Common.php(1178): CodeIgniter\View\View->render('reservas/pdf_template', [], true)
 4 APPPATH\Controllers\Reservas.php(176): view('reservas/pdf_template', [...])
 5 SYSTEMPATH\CodeIgniter.php(941): App\Controllers\Reservas->descargarTicket(52)
 6 SYSTEMPATH\CodeIgniter.php(502): CodeIgniter\CodeIgniter->runController(Object(App\Controllers\Reservas))
 7 SYSTEMPATH\CodeIgniter.php(361): CodeIgniter\CodeIgniter->handleRequest(null, Object(Config\Cache), false)
 8 FCPATH\index.php(79): CodeIgniter\CodeIgniter->run()
WARNING - 2026-01-28 12:00:55 --> [DEPRECATED] Function strftime() is deprecated in APPPATH\Views\reservas\pdf_template.php on line 344.
 1 SYSTEMPATH\View\View.php(228): include('C:\\Proyectos\\reservalo2.0\\app\\Views\\reservas\\pdf_template.php')
 2 SYSTEMPATH\View\View.php(231): CodeIgniter\View\View->CodeIgniter\View\{closure}()
 3 SYSTEMPATH\Common.php(1178): CodeIgniter\View\View->render('reservas/pdf_template', [], true)
 4 APPPATH\Controllers\Reservas.php(176): view('reservas/pdf_template', [...])
 5 SYSTEMPATH\CodeIgniter.php(941): App\Controllers\Reservas->descargarTicket(52)
 6 SYSTEMPATH\CodeIgniter.php(502): CodeIgniter\CodeIgniter->runController(Object(App\Controllers\Reservas))
 7 SYSTEMPATH\CodeIgniter.php(361): CodeIgniter\CodeIgniter->handleRequest(null, Object(Config\Cache), false)
 8 FCPATH\index.php(79): CodeIgniter\CodeIgniter->run()
WARNING - 2026-01-28 12:00:58 --> [DEPRECATED] Function strftime() is deprecated in APPPATH\Views\reservas\pdf_template.php on line 344.
 1 SYSTEMPATH\View\View.php(228): include('C:\\Proyectos\\reservalo2.0\\app\\Views\\reservas\\pdf_template.php')
 2 SYSTEMPATH\View\View.php(231): CodeIgniter\View\View->CodeIgniter\View\{closure}()
 3 SYSTEMPATH\Common.php(1178): CodeIgniter\View\View->render('reservas/pdf_template', [], true)
 4 APPPATH\Controllers\Reservas.php(176): view('reservas/pdf_template', [...])
 5 SYSTEMPATH\CodeIgniter.php(941): App\Controllers\Reservas->descargarTicket(52)
 6 SYSTEMPATH\CodeIgniter.php(502): CodeIgniter\CodeIgniter->runController(Object(App\Controllers\Reservas))
 7 SYSTEMPATH\CodeIgniter.php(361): CodeIgniter\CodeIgniter->handleRequest(null, Object(Config\Cache), false)
 8 FCPATH\index.php(79): CodeIgniter\CodeIgniter->run()
WARNING - 2026-01-28 12:01:06 --> [DEPRECATED] Function strftime() is deprecated in APPPATH\Views\reservas\pdf_template.php on line 344.
 1 SYSTEMPATH\View\View.php(228): include('C:\\Proyectos\\reservalo2.0\\app\\Views\\reservas\\pdf_template.php')
 2 SYSTEMPATH\View\View.php(231): CodeIgniter\View\View->CodeIgniter\View\{closure}()
 3 SYSTEMPATH\Common.php(1178): CodeIgniter\View\View->render('reservas/pdf_template', [], true)
 4 APPPATH\Controllers\Reservas.php(176): view('reservas/pdf_template', [...])
 5 SYSTEMPATH\CodeIgniter.php(941): App\Controllers\Reservas->descargarTicket(52)
 6 SYSTEMPATH\CodeIgniter.php(502): CodeIgniter\CodeIgniter->runController(Object(App\Controllers\Reservas))
 7 SYSTEMPATH\CodeIgniter.php(361): CodeIgniter\CodeIgniter->handleRequest(null, Object(Config\Cache), false)
 8 FCPATH\index.php(79): CodeIgniter\CodeIgniter->run()
WARNING - 2026-01-28 12:01:17 --> [DEPRECATED] Function strftime() is deprecated in APPPATH\Views\reservas\pdf_template.php on line 344.
 1 SYSTEMPATH\View\View.php(228): include('C:\\Proyectos\\reservalo2.0\\app\\Views\\reservas\\pdf_template.php')
 2 SYSTEMPATH\View\View.php(231): CodeIgniter\View\View->CodeIgniter\View\{closure}()
 3 SYSTEMPATH\Common.php(1178): CodeIgniter\View\View->render('reservas/pdf_template', [], true)
 4 APPPATH\Controllers\Reservas.php(176): view('reservas/pdf_template', [...])
 5 SYSTEMPATH\CodeIgniter.php(941): App\Controllers\Reservas->descargarTicket(52)
 6 SYSTEMPATH\CodeIgniter.php(502): CodeIgniter\CodeIgniter->runController(Object(App\Controllers\Reservas))
 7 SYSTEMPATH\CodeIgniter.php(361): CodeIgniter\CodeIgniter->handleRequest(null, Object(Config\Cache), false)
 8 FCPATH\index.php(79): CodeIgniter\CodeIgniter->run()
WARNING - 2026-01-28 12:01:54 --> [DEPRECATED] Function strftime() is deprecated in APPPATH\Views\reservas\pdf_template.php on line 344.
 1 SYSTEMPATH\View\View.php(228): include('C:\\Proyectos\\reservalo2.0\\app\\Views\\reservas\\pdf_template.php')
 2 SYSTEMPATH\View\View.php(231): CodeIgniter\View\View->CodeIgniter\View\{closure}()
 3 SYSTEMPATH\Common.php(1178): CodeIgniter\View\View->render('reservas/pdf_template', [], true)
 4 APPPATH\Controllers\Reservas.php(176): view('reservas/pdf_template', [...])
 5 SYSTEMPATH\CodeIgniter.php(941): App\Controllers\Reservas->descargarTicket(52)
 6 SYSTEMPATH\CodeIgniter.php(502): CodeIgniter\CodeIgniter->runController(Object(App\Controllers\Reservas))
 7 SYSTEMPATH\CodeIgniter.php(361): CodeIgniter\CodeIgniter->handleRequest(null, Object(Config\Cache), false)
 8 FCPATH\index.php(79): CodeIgniter\CodeIgniter->run()
WARNING - 2026-01-28 12:01:54 --> [DEPRECATED] Function strftime() is deprecated in APPPATH\Views\reservas\pdf_template.php on line 344.
 1 SYSTEMPATH\View\View.php(228): include('C:\\Proyectos\\reservalo2.0\\app\\Views\\reservas\\pdf_template.php')
 2 SYSTEMPATH\View\View.php(231): CodeIgniter\View\View->CodeIgniter\View\{closure}()
 3 SYSTEMPATH\Common.php(1178): CodeIgniter\View\View->render('reservas/pdf_template', [], true)
 4 APPPATH\Controllers\Reservas.php(176): view('reservas/pdf_template', [...])
 5 SYSTEMPATH\CodeIgniter.php(941): App\Controllers\Reservas->descargarTicket(52)
 6 SYSTEMPATH\CodeIgniter.php(502): CodeIgniter\CodeIgniter->runController(Object(App\Controllers\Reservas))
 7 SYSTEMPATH\CodeIgniter.php(361): CodeIgniter\CodeIgniter->handleRequest(null, Object(Config\Cache), false)
 8 FCPATH\index.php(79): CodeIgniter\CodeIgniter->run()
WARNING - 2026-01-28 12:02:29 --> [DEPRECATED] Function strftime() is deprecated in APPPATH\Views\reservas\pdf_template.php on line 344.
 1 SYSTEMPATH\View\View.php(228): include('C:\\Proyectos\\reservalo2.0\\app\\Views\\reservas\\pdf_template.php')
 2 SYSTEMPATH\View\View.php(231): CodeIgniter\View\View->CodeIgniter\View\{closure}()
 3 SYSTEMPATH\Common.php(1178): CodeIgniter\View\View->render('reservas/pdf_template', [], true)
 4 APPPATH\Controllers\Reservas.php(176): view('reservas/pdf_template', [...])
 5 SYSTEMPATH\CodeIgniter.php(941): App\Controllers\Reservas->descargarTicket(52)
 6 SYSTEMPATH\CodeIgniter.php(502): CodeIgniter\CodeIgniter->runController(Object(App\Controllers\Reservas))
 7 SYSTEMPATH\CodeIgniter.php(361): CodeIgniter\CodeIgniter->handleRequest(null, Object(Config\Cache), false)
 8 FCPATH\index.php(79): CodeIgniter\CodeIgniter->run()
WARNING - 2026-01-28 12:02:29 --> [DEPRECATED] Function strftime() is deprecated in APPPATH\Views\reservas\pdf_template.php on line 344.
 1 SYSTEMPATH\View\View.php(228): include('C:\\Proyectos\\reservalo2.0\\app\\Views\\reservas\\pdf_template.php')
 2 SYSTEMPATH\View\View.php(231): CodeIgniter\View\View->CodeIgniter\View\{closure}()
 3 SYSTEMPATH\Common.php(1178): CodeIgniter\View\View->render('reservas/pdf_template', [], true)
 4 APPPATH\Controllers\Reservas.php(176): view('reservas/pdf_template', [...])
 5 SYSTEMPATH\CodeIgniter.php(941): App\Controllers\Reservas->descargarTicket(52)
 6 SYSTEMPATH\CodeIgniter.php(502): CodeIgniter\CodeIgniter->runController(Object(App\Controllers\Reservas))
 7 SYSTEMPATH\CodeIgniter.php(361): CodeIgniter\CodeIgniter->handleRequest(null, Object(Config\Cache), false)
 8 FCPATH\index.php(79): CodeIgniter\CodeIgniter->run()
WARNING - 2026-01-28 12:03:32 --> [DEPRECATED] Function strftime() is deprecated in APPPATH\Views\reservas\pdf_template.php on line 344.
 1 SYSTEMPATH\View\View.php(228): include('C:\\Proyectos\\reservalo2.0\\app\\Views\\reservas\\pdf_template.php')
 2 SYSTEMPATH\View\View.php(231): CodeIgniter\View\View->CodeIgniter\View\{closure}()
 3 SYSTEMPATH\Common.php(1178): CodeIgniter\View\View->render('reservas/pdf_template', [], true)
 4 APPPATH\Controllers\Reservas.php(176): view('reservas/pdf_template', [...])
 5 SYSTEMPATH\CodeIgniter.php(941): App\Controllers\Reservas->descargarTicket(52)
 6 SYSTEMPATH\CodeIgniter.php(502): CodeIgniter\CodeIgniter->runController(Object(App\Controllers\Reservas))
 7 SYSTEMPATH\CodeIgniter.php(361): CodeIgniter\CodeIgniter->handleRequest(null, Object(Config\Cache), false)
 8 FCPATH\index.php(79): CodeIgniter\CodeIgniter->run()
WARNING - 2026-01-28 12:03:32 --> [DEPRECATED] Function strftime() is deprecated in APPPATH\Views\reservas\pdf_template.php on line 344.
 1 SYSTEMPATH\View\View.php(228): include('C:\\Proyectos\\reservalo2.0\\app\\Views\\reservas\\pdf_template.php')
 2 SYSTEMPATH\View\View.php(231): CodeIgniter\View\View->CodeIgniter\View\{closure}()
 3 SYSTEMPATH\Common.php(1178): CodeIgniter\View\View->render('reservas/pdf_template', [], true)
 4 APPPATH\Controllers\Reservas.php(176): view('reservas/pdf_template', [...])
 5 SYSTEMPATH\CodeIgniter.php(941): App\Controllers\Reservas->descargarTicket(52)
 6 SYSTEMPATH\CodeIgniter.php(502): CodeIgniter\CodeIgniter->runController(Object(App\Controllers\Reservas))
 7 SYSTEMPATH\CodeIgniter.php(361): CodeIgniter\CodeIgniter->handleRequest(null, Object(Config\Cache), false)
 8 FCPATH\index.php(79): CodeIgniter\CodeIgniter->run()
WARNING - 2026-01-28 12:08:55 --> [DEPRECATED] Function strftime() is deprecated in APPPATH\Views\reservas\pdf_template.php on line 344.
 1 SYSTEMPATH\View\View.php(228): include('C:\\Proyectos\\reservalo2.0\\app\\Views\\reservas\\pdf_template.php')
 2 SYSTEMPATH\View\View.php(231): CodeIgniter\View\View->CodeIgniter\View\{closure}()
 3 SYSTEMPATH\Common.php(1178): CodeIgniter\View\View->render('reservas/pdf_template', [], true)
 4 APPPATH\Controllers\Reservas.php(176): view('reservas/pdf_template', [...])
 5 SYSTEMPATH\CodeIgniter.php(941): App\Controllers\Reservas->descargarTicket(52)
 6 SYSTEMPATH\CodeIgniter.php(502): CodeIgniter\CodeIgniter->runController(Object(App\Controllers\Reservas))
 7 SYSTEMPATH\CodeIgniter.php(361): CodeIgniter\CodeIgniter->handleRequest(null, Object(Config\Cache), false)
 8 FCPATH\index.php(79): CodeIgniter\CodeIgniter->run()
WARNING - 2026-01-28 12:08:55 --> [DEPRECATED] Function strftime() is deprecated in APPPATH\Views\reservas\pdf_template.php on line 344.
 1 SYSTEMPATH\View\View.php(228): include('C:\\Proyectos\\reservalo2.0\\app\\Views\\reservas\\pdf_template.php')
 2 SYSTEMPATH\View\View.php(231): CodeIgniter\View\View->CodeIgniter\View\{closure}()
 3 SYSTEMPATH\Common.php(1178): CodeIgniter\View\View->render('reservas/pdf_template', [], true)
 4 APPPATH\Controllers\Reservas.php(176): view('reservas/pdf_template', [...])
 5 SYSTEMPATH\CodeIgniter.php(941): App\Controllers\Reservas->descargarTicket(52)
 6 SYSTEMPATH\CodeIgniter.php(502): CodeIgniter\CodeIgniter->runController(Object(App\Controllers\Reservas))
 7 SYSTEMPATH\CodeIgniter.php(361): CodeIgniter\CodeIgniter->handleRequest(null, Object(Config\Cache), false)
 8 FCPATH\index.php(79): CodeIgniter\CodeIgniter->run()
WARNING - 2026-01-28 12:23:29 --> [DEPRECATED] Function strftime() is deprecated in APPPATH\Views\reservas\pdf_template.php on line 344.
 1 SYSTEMPATH\View\View.php(228): include('C:\\Proyectos\\reservalo2.0\\app\\Views\\reservas\\pdf_template.php')
 2 SYSTEMPATH\View\View.php(231): CodeIgniter\View\View->CodeIgniter\View\{closure}()
 3 SYSTEMPATH\Common.php(1178): CodeIgniter\View\View->render('reservas/pdf_template', [], true)
 4 APPPATH\Controllers\Reservas.php(176): view('reservas/pdf_template', [...])
 5 SYSTEMPATH\CodeIgniter.php(941): App\Controllers\Reservas->descargarTicket(52)
 6 SYSTEMPATH\CodeIgniter.php(502): CodeIgniter\CodeIgniter->runController(Object(App\Controllers\Reservas))
 7 SYSTEMPATH\CodeIgniter.php(361): CodeIgniter\CodeIgniter->handleRequest(null, Object(Config\Cache), false)
 8 FCPATH\index.php(79): CodeIgniter\CodeIgniter->run()
WARNING - 2026-01-28 12:23:29 --> [DEPRECATED] Function strftime() is deprecated in APPPATH\Views\reservas\pdf_template.php on line 344.
 1 SYSTEMPATH\View\View.php(228): include('C:\\Proyectos\\reservalo2.0\\app\\Views\\reservas\\pdf_template.php')
 2 SYSTEMPATH\View\View.php(231): CodeIgniter\View\View->CodeIgniter\View\{closure}()
 3 SYSTEMPATH\Common.php(1178): CodeIgniter\View\View->render('reservas/pdf_template', [], true)
 4 APPPATH\Controllers\Reservas.php(176): view('reservas/pdf_template', [...])
 5 SYSTEMPATH\CodeIgniter.php(941): App\Controllers\Reservas->descargarTicket(52)
 6 SYSTEMPATH\CodeIgniter.php(502): CodeIgniter\CodeIgniter->runController(Object(App\Controllers\Reservas))
 7 SYSTEMPATH\CodeIgniter.php(361): CodeIgniter\CodeIgniter->handleRequest(null, Object(Config\Cache), false)
 8 FCPATH\index.php(79): CodeIgniter\CodeIgniter->run()
WARNING - 2026-01-28 12:56:52 --> [DEPRECATED] Function strftime() is deprecated in APPPATH\Views\reservas\pdf_template.php on line 344.
 1 SYSTEMPATH\View\View.php(228): include('C:\\Proyectos\\reservalo2.0\\app\\Views\\reservas\\pdf_template.php')
 2 SYSTEMPATH\View\View.php(231): CodeIgniter\View\View->CodeIgniter\View\{closure}()
 3 SYSTEMPATH\Common.php(1178): CodeIgniter\View\View->render('reservas/pdf_template', [], true)
 4 APPPATH\Controllers\Reservas.php(176): view('reservas/pdf_template', [...])
 5 SYSTEMPATH\CodeIgniter.php(941): App\Controllers\Reservas->descargarTicket(52)
 6 SYSTEMPATH\CodeIgniter.php(502): CodeIgniter\CodeIgniter->runController(Object(App\Controllers\Reservas))
 7 SYSTEMPATH\CodeIgniter.php(361): CodeIgniter\CodeIgniter->handleRequest(null, Object(Config\Cache), false)
 8 FCPATH\index.php(79): CodeIgniter\CodeIgniter->run()
WARNING - 2026-01-28 12:56:52 --> [DEPRECATED] Function strftime() is deprecated in APPPATH\Views\reservas\pdf_template.php on line 344.
 1 SYSTEMPATH\View\View.php(228): include('C:\\Proyectos\\reservalo2.0\\app\\Views\\reservas\\pdf_template.php')
 2 SYSTEMPATH\View\View.php(231): CodeIgniter\View\View->CodeIgniter\View\{closure}()
 3 SYSTEMPATH\Common.php(1178): CodeIgniter\View\View->render('reservas/pdf_template', [], true)
 4 APPPATH\Controllers\Reservas.php(176): view('reservas/pdf_template', [...])
 5 SYSTEMPATH\CodeIgniter.php(941): App\Controllers\Reservas->descargarTicket(52)
 6 SYSTEMPATH\CodeIgniter.php(502): CodeIgniter\CodeIgniter->runController(Object(App\Controllers\Reservas))
 7 SYSTEMPATH\CodeIgniter.php(361): CodeIgniter\CodeIgniter->handleRequest(null, Object(Config\Cache), false)
 8 FCPATH\index.php(79): CodeIgniter\CodeIgniter->run()
WARNING - 2026-01-28 12:57:05 --> [DEPRECATED] Function strftime() is deprecated in APPPATH\Views\reservas\pdf_template.php on line 344.
 1 SYSTEMPATH\View\View.php(228): include('C:\\Proyectos\\reservalo2.0\\app\\Views\\reservas\\pdf_template.php')
 2 SYSTEMPATH\View\View.php(231): CodeIgniter\View\View->CodeIgniter\View\{closure}()
 3 SYSTEMPATH\Common.php(1178): CodeIgniter\View\View->render('reservas/pdf_template', [], true)
 4 APPPATH\Controllers\Reservas.php(176): view('reservas/pdf_template', [...])
 5 SYSTEMPATH\CodeIgniter.php(941): App\Controllers\Reservas->descargarTicket(52)
 6 SYSTEMPATH\CodeIgniter.php(502): CodeIgniter\CodeIgniter->runController(Object(App\Controllers\Reservas))
 7 SYSTEMPATH\CodeIgniter.php(361): CodeIgniter\CodeIgniter->handleRequest(null, Object(Config\Cache), false)
 8 FCPATH\index.php(79): CodeIgniter\CodeIgniter->run()
WARNING - 2026-01-28 12:57:05 --> [DEPRECATED] Function strftime() is deprecated in APPPATH\Views\reservas\pdf_template.php on line 344.
 1 SYSTEMPATH\View\View.php(228): include('C:\\Proyectos\\reservalo2.0\\app\\Views\\reservas\\pdf_template.php')
 2 SYSTEMPATH\View\View.php(231): CodeIgniter\View\View->CodeIgniter\View\{closure}()
 3 SYSTEMPATH\Common.php(1178): CodeIgniter\View\View->render('reservas/pdf_template', [], true)
 4 APPPATH\Controllers\Reservas.php(176): view('reservas/pdf_template', [...])
 5 SYSTEMPATH\CodeIgniter.php(941): App\Controllers\Reservas->descargarTicket(52)
 6 SYSTEMPATH\CodeIgniter.php(502): CodeIgniter\CodeIgniter->runController(Object(App\Controllers\Reservas))
 7 SYSTEMPATH\CodeIgniter.php(361): CodeIgniter\CodeIgniter->handleRequest(null, Object(Config\Cache), false)
 8 FCPATH\index.php(79): CodeIgniter\CodeIgniter->run()
WARNING - 2026-01-28 12:57:12 --> [DEPRECATED] Function strftime() is deprecated in APPPATH\Views\reservas\pdf_template.php on line 344.
 1 SYSTEMPATH\View\View.php(228): include('C:\\Proyectos\\reservalo2.0\\app\\Views\\reservas\\pdf_template.php')
 2 SYSTEMPATH\View\View.php(231): CodeIgniter\View\View->CodeIgniter\View\{closure}()
 3 SYSTEMPATH\Common.php(1178): CodeIgniter\View\View->render('reservas/pdf_template', [], true)
 4 APPPATH\Controllers\Reservas.php(176): view('reservas/pdf_template', [...])
 5 SYSTEMPATH\CodeIgniter.php(941): App\Controllers\Reservas->descargarTicket(52)
 6 SYSTEMPATH\CodeIgniter.php(502): CodeIgniter\CodeIgniter->runController(Object(App\Controllers\Reservas))
 7 SYSTEMPATH\CodeIgniter.php(361): CodeIgniter\CodeIgniter->handleRequest(null, Object(Config\Cache), false)
 8 FCPATH\index.php(79): CodeIgniter\CodeIgniter->run()
WARNING - 2026-01-28 12:57:12 --> [DEPRECATED] Function strftime() is deprecated in APPPATH\Views\reservas\pdf_template.php on line 344.
 1 SYSTEMPATH\View\View.php(228): include('C:\\Proyectos\\reservalo2.0\\app\\Views\\reservas\\pdf_template.php')
 2 SYSTEMPATH\View\View.php(231): CodeIgniter\View\View->CodeIgniter\View\{closure}()
 3 SYSTEMPATH\Common.php(1178): CodeIgniter\View\View->render('reservas/pdf_template', [], true)
 4 APPPATH\Controllers\Reservas.php(176): view('reservas/pdf_template', [...])
 5 SYSTEMPATH\CodeIgniter.php(941): App\Controllers\Reservas->descargarTicket(52)
 6 SYSTEMPATH\CodeIgniter.php(502): CodeIgniter\CodeIgniter->runController(Object(App\Controllers\Reservas))
 7 SYSTEMPATH\CodeIgniter.php(361): CodeIgniter\CodeIgniter->handleRequest(null, Object(Config\Cache), false)
 8 FCPATH\index.php(79): CodeIgniter\CodeIgniter->run()
INFO - 2026-01-28 15:20:50 --> Session: Class initialized using 'CodeIgniter\Session\Handlers\FileHandler' driver.
INFO - 2026-01-28 15:21:24 --> Session: Class initialized using 'CodeIgniter\Session\Handlers\FileHandler' driver.
INFO - 2026-01-28 15:21:26 --> Session: Class initialized using 'CodeIgniter\Session\Handlers\FileHandler' driver.
INFO - 2026-01-28 15:21:38 --> Session: Class initialized using 'CodeIgniter\Session\Handlers\FileHandler' driver.
INFO - 2026-01-28 15:21:43 --> Session: Class initialized using 'CodeIgniter\Session\Handlers\FileHandler' driver.
INFO - 2026-01-28 15:22:11 --> Session: Class initialized using 'CodeIgniter\Session\Handlers\FileHandler' driver.
INFO - 2026-01-28 15:23:35 --> Session: Class initialized using 'CodeIgniter\Session\Handlers\FileHandler' driver.
INFO - 2026-01-28 15:23:54 --> Session: Class initialized using 'CodeIgniter\Session\Handlers\FileHandler' driver.
INFO - 2026-01-28 16:24:07 --> Session: Class initialized using 'CodeIgniter\Session\Handlers\FileHandler' driver.
WARNING - 2026-01-28 15:24:10 --> [DEPRECATED] Function strftime() is deprecated in APPPATH\Views\reservas\pdf_template.php on line 344.
 1 SYSTEMPATH\View\View.php(228): include('C:\\Proyectos\\reservalo2.0\\app\\Views\\reservas\\pdf_template.php')
 2 SYSTEMPATH\View\View.php(231): CodeIgniter\View\View->CodeIgniter\View\{closure}()
 3 SYSTEMPATH\Common.php(1178): CodeIgniter\View\View->render('reservas/pdf_template', [], true)
 4 APPPATH\Controllers\Reservas.php(176): view('reservas/pdf_template', [...])
 5 SYSTEMPATH\CodeIgniter.php(941): App\Controllers\Reservas->descargarTicket(53)
 6 SYSTEMPATH\CodeIgniter.php(502): CodeIgniter\CodeIgniter->runController(Object(App\Controllers\Reservas))
 7 SYSTEMPATH\CodeIgniter.php(361): CodeIgniter\CodeIgniter->handleRequest(null, Object(Config\Cache), false)
 8 FCPATH\index.php(79): CodeIgniter\CodeIgniter->run()
WARNING - 2026-01-28 15:24:10 --> [DEPRECATED] Function strftime() is deprecated in APPPATH\Views\reservas\pdf_template.php on line 344.
 1 SYSTEMPATH\View\View.php(228): include('C:\\Proyectos\\reservalo2.0\\app\\Views\\reservas\\pdf_template.php')
 2 SYSTEMPATH\View\View.php(231): CodeIgniter\View\View->CodeIgniter\View\{closure}()
 3 SYSTEMPATH\Common.php(1178): CodeIgniter\View\View->render('reservas/pdf_template', [], true)
 4 APPPATH\Controllers\Reservas.php(176): view('reservas/pdf_template', [...])
 5 SYSTEMPATH\CodeIgniter.php(941): App\Controllers\Reservas->descargarTicket(53)
 6 SYSTEMPATH\CodeIgniter.php(502): CodeIgniter\CodeIgniter->runController(Object(App\Controllers\Reservas))
 7 SYSTEMPATH\CodeIgniter.php(361): CodeIgniter\CodeIgniter->handleRequest(null, Object(Config\Cache), false)
 8 FCPATH\index.php(79): CodeIgniter\CodeIgniter->run()
WARNING - 2026-01-28 15:24:10 --> [DEPRECATED] Function strftime() is deprecated in APPPATH\Views\reservas\pdf_template.php on line 344.
 1 SYSTEMPATH\View\View.php(228): include('C:\\Proyectos\\reservalo2.0\\app\\Views\\reservas\\pdf_template.php')
 2 SYSTEMPATH\View\View.php(231): CodeIgniter\View\View->CodeIgniter\View\{closure}()
 3 SYSTEMPATH\Common.php(1178): CodeIgniter\View\View->render('reservas/pdf_template', [], true)
 4 APPPATH\Controllers\Reservas.php(176): view('reservas/pdf_template', [...])
 5 SYSTEMPATH\CodeIgniter.php(941): App\Controllers\Reservas->descargarTicket(53)
 6 SYSTEMPATH\CodeIgniter.php(502): CodeIgniter\CodeIgniter->runController(Object(App\Controllers\Reservas))
 7 SYSTEMPATH\CodeIgniter.php(361): CodeIgniter\CodeIgniter->handleRequest(null, Object(Config\Cache), false)
 8 FCPATH\index.php(79): CodeIgniter\CodeIgniter->run()
WARNING - 2026-01-28 15:24:10 --> [DEPRECATED] Function strftime() is deprecated in APPPATH\Views\reservas\pdf_template.php on line 344.
 1 SYSTEMPATH\View\View.php(228): include('C:\\Proyectos\\reservalo2.0\\app\\Views\\reservas\\pdf_template.php')
 2 SYSTEMPATH\View\View.php(231): CodeIgniter\View\View->CodeIgniter\View\{closure}()
 3 SYSTEMPATH\Common.php(1178): CodeIgniter\View\View->render('reservas/pdf_template', [], true)
 4 APPPATH\Controllers\Reservas.php(176): view('reservas/pdf_template', [...])
 5 SYSTEMPATH\CodeIgniter.php(941): App\Controllers\Reservas->descargarTicket(53)
 6 SYSTEMPATH\CodeIgniter.php(502): CodeIgniter\CodeIgniter->runController(Object(App\Controllers\Reservas))
 7 SYSTEMPATH\CodeIgniter.php(361): CodeIgniter\CodeIgniter->handleRequest(null, Object(Config\Cache), false)
 8 FCPATH\index.php(79): CodeIgniter\CodeIgniter->run()
INFO - 2026-01-28 16:27:32 --> Session: Class initialized using 'CodeIgniter\Session\Handlers\FileHandler' driver.
WARNING - 2026-01-28 15:27:54 --> [DEPRECATED] Function strftime() is deprecated in APPPATH\Views\reservas\pdf_template.php on line 344.
 1 SYSTEMPATH\View\View.php(228): include('C:\\Proyectos\\reservalo2.0\\app\\Views\\reservas\\pdf_template.php')
 2 SYSTEMPATH\View\View.php(231): CodeIgniter\View\View->CodeIgniter\View\{closure}()
 3 SYSTEMPATH\Common.php(1178): CodeIgniter\View\View->render('reservas/pdf_template', [], true)
 4 APPPATH\Controllers\Reservas.php(176): view('reservas/pdf_template', [...])
 5 SYSTEMPATH\CodeIgniter.php(941): App\Controllers\Reservas->descargarTicket(54)
 6 SYSTEMPATH\CodeIgniter.php(502): CodeIgniter\CodeIgniter->runController(Object(App\Controllers\Reservas))
 7 SYSTEMPATH\CodeIgniter.php(361): CodeIgniter\CodeIgniter->handleRequest(null, Object(Config\Cache), false)
 8 FCPATH\index.php(79): CodeIgniter\CodeIgniter->run()
INFO - 2026-01-28 15:30:43 --> Session: Class initialized using 'CodeIgniter\Session\Handlers\FileHandler' driver.
INFO - 2026-01-28 15:30:51 --> Session: Class initialized using 'CodeIgniter\Session\Handlers\FileHandler' driver.
INFO - 2026-01-28 16:31:14 --> Session: Class initialized using 'CodeIgniter\Session\Handlers\FileHandler' driver.
WARNING - 2026-01-28 15:31:16 --> [DEPRECATED] Function strftime() is deprecated in APPPATH\Views\reservas\pdf_template.php on line 344.
 1 SYSTEMPATH\View\View.php(228): include('C:\\Proyectos\\reservalo2.0\\app\\Views\\reservas\\pdf_template.php')
 2 SYSTEMPATH\View\View.php(231): CodeIgniter\View\View->CodeIgniter\View\{closure}()
 3 SYSTEMPATH\Common.php(1178): CodeIgniter\View\View->render('reservas/pdf_template', [], true)
 4 APPPATH\Controllers\Reservas.php(176): view('reservas/pdf_template', [...])
 5 SYSTEMPATH\CodeIgniter.php(941): App\Controllers\Reservas->descargarTicket(55)
 6 SYSTEMPATH\CodeIgniter.php(502): CodeIgniter\CodeIgniter->runController(Object(App\Controllers\Reservas))
 7 SYSTEMPATH\CodeIgniter.php(361): CodeIgniter\CodeIgniter->handleRequest(null, Object(Config\Cache), false)
 8 FCPATH\index.php(79): CodeIgniter\CodeIgniter->run()
INFO - 2026-01-28 15:39:34 --> Session: Class initialized using 'CodeIgniter\Session\Handlers\FileHandler' driver.
INFO - 2026-01-28 16:39:48 --> Session: Class initialized using 'CodeIgniter\Session\Handlers\FileHandler' driver.
INFO - 2026-01-28 15:41:20 --> Session: Class initialized using 'CodeIgniter\Session\Handlers\FileHandler' driver.
INFO - 2026-01-28 16:41:42 --> Session: Class initialized using 'CodeIgniter\Session\Handlers\FileHandler' driver.
CRITICAL - 2026-01-28 15:41:45 --> Error: Call to a member function format() on string
in APPPATH\Views\reservas\pdf_template.php on line 344.
 1 SYSTEMPATH\View\View.php(228): include()
 2 SYSTEMPATH\View\View.php(231): CodeIgniter\View\View->CodeIgniter\View\{closure}()
 3 SYSTEMPATH\Common.php(1178): CodeIgniter\View\View->render('reservas/pdf_template', [], true)
 4 APPPATH\Controllers\Reservas.php(176): view('reservas/pdf_template', [...])
 5 SYSTEMPATH\CodeIgniter.php(941): App\Controllers\Reservas->descargarTicket(57)
 6 SYSTEMPATH\CodeIgniter.php(502): CodeIgniter\CodeIgniter->runController(Object(App\Controllers\Reservas))
 7 SYSTEMPATH\CodeIgniter.php(361): CodeIgniter\CodeIgniter->handleRequest(null, Object(Config\Cache), false)
 8 FCPATH\index.php(79): CodeIgniter\CodeIgniter->run()
INFO - 2026-01-28 15:41:56 --> Session: Class initialized using 'CodeIgniter\Session\Handlers\FileHandler' driver.
INFO - 2026-01-28 15:42:06 --> Session: Class initialized using 'CodeIgniter\Session\Handlers\FileHandler' driver.
INFO - 2026-01-28 15:44:00 --> Session: Class initialized using 'CodeIgniter\Session\Handlers\FileHandler' driver.
INFO - 2026-01-28 15:44:00 --> Session: Class initialized using 'CodeIgniter\Session\Handlers\FileHandler' driver.
INFO - 2026-01-28 15:44:01 --> Session: Class initialized using 'CodeIgniter\Session\Handlers\FileHandler' driver.
INFO - 2026-01-28 15:49:15 --> Session: Class initialized using 'CodeIgniter\Session\Handlers\FileHandler' driver.
INFO - 2026-01-28 16:49:28 --> Session: Class initialized using 'CodeIgniter\Session\Handlers\FileHandler' driver.
INFO - 2026-01-28 15:52:56 --> Session: Class initialized using 'CodeIgniter\Session\Handlers\FileHandler' driver.
INFO - 2026-01-28 16:53:05 --> Session: Class initialized using 'CodeIgniter\Session\Handlers\FileHandler' driver.
INFO - 2026-01-28 15:57:38 --> Session: Class initialized using 'CodeIgniter\Session\Handlers\FileHandler' driver.
INFO - 2026-01-28 16:57:50 --> Session: Class initialized using 'CodeIgniter\Session\Handlers\FileHandler' driver.
INFO - 2026-01-28 16:05:15 --> Session: Class initialized using 'CodeIgniter\Session\Handlers\FileHandler' driver.
INFO - 2026-01-28 17:05:29 --> Session: Class initialized using 'CodeIgniter\Session\Handlers\FileHandler' driver.
INFO - 2026-01-28 16:07:42 --> Session: Class initialized using 'CodeIgniter\Session\Handlers\FileHandler' driver.
INFO - 2026-01-28 17:08:02 --> Session: Class initialized using 'CodeIgniter\Session\Handlers\FileHandler' driver.
INFO - 2026-01-28 16:09:21 --> Session: Class initialized using 'CodeIgniter\Session\Handlers\FileHandler' driver.
INFO - 2026-01-28 17:09:32 --> Session: Class initialized using 'CodeIgniter\Session\Handlers\FileHandler' driver.
INFO - 2026-01-28 16:15:18 --> Session: Class initialized using 'CodeIgniter\Session\Handlers\FileHandler' driver.
INFO - 2026-01-28 17:15:33 --> Session: Class initialized using 'CodeIgniter\Session\Handlers\FileHandler' driver.
INFO - 2026-01-28 16:16:42 --> Session: Class initialized using 'CodeIgniter\Session\Handlers\FileHandler' driver.
INFO - 2026-01-28 16:16:57 --> Session: Class initialized using 'CodeIgniter\Session\Handlers\FileHandler' driver.
INFO - 2026-01-28 17:17:05 --> Session: Class initialized using 'CodeIgniter\Session\Handlers\FileHandler' driver.
