CRITICAL - 2026-06-04 13:27:06 --> ErrorException: Undefined array key "otrasInstalaciones"
in APPPATH\Controllers\Horarios.php on line 83.
 1 APPPATH\Controllers\Horarios.php(83): CodeIgniter\Debug\Exceptions->errorHandler(2, 'Undefined array key "otrasInstalaciones"', 'D:\\proyectos\\reservalo2.0\\app\\Controllers\\Horarios.php', 83)
 2 SYSTEMPATH\CodeIgniter.php(941): App\Controllers\Horarios->crearHorario()
 3 SYSTEMPATH\CodeIgniter.php(502): CodeIgniter\CodeIgniter->runController(Object(App\Controllers\Horarios))
 4 SYSTEMPATH\CodeIgniter.php(361): CodeIgniter\CodeIgniter->handleRequest(null, Object(Config\Cache), false)
 5 FCPATH\index.php(79): CodeIgniter\CodeIgniter->run()
CRITICAL - 2026-06-04 17:31:02 --> TypeError: App\Controllers\Horarios::horario(): Argument #1 ($id_instalacion) must be of type ?int, string given, called in D:\proyectos\reservalo2.0\system\CodeIgniter.php on line 941
in APPPATH\Controllers\Horarios.php on line 15.
 1 SYSTEMPATH\CodeIgniter.php(941): App\Controllers\Horarios->horario('42,')
 2 SYSTEMPATH\CodeIgniter.php(502): CodeIgniter\CodeIgniter->runController(Object(App\Controllers\Horarios))
 3 SYSTEMPATH\CodeIgniter.php(361): CodeIgniter\CodeIgniter->handleRequest(null, Object(Config\Cache), false)
 4 FCPATH\index.php(79): CodeIgniter\CodeIgniter->run()
CRITICAL - 2026-06-04 17:31:04 --> TypeError: App\Controllers\Horarios::horario(): Argument #1 ($id_instalacion) must be of type ?int, string given, called in D:\proyectos\reservalo2.0\system\CodeIgniter.php on line 941
in APPPATH\Controllers\Horarios.php on line 15.
 1 SYSTEMPATH\CodeIgniter.php(941): App\Controllers\Horarios->horario('42,')
 2 SYSTEMPATH\CodeIgniter.php(502): CodeIgniter\CodeIgniter->runController(Object(App\Controllers\Horarios))
 3 SYSTEMPATH\CodeIgniter.php(361): CodeIgniter\CodeIgniter->handleRequest(null, Object(Config\Cache), false)
 4 FCPATH\index.php(79): CodeIgniter\CodeIgniter->run()
CRITICAL - 2026-06-04 17:32:02 --> TypeError: App\Controllers\Horarios::horario(): Argument #1 ($id_instalacion) must be of type ?int, string given, called in D:\proyectos\reservalo2.0\system\CodeIgniter.php on line 941
in APPPATH\Controllers\Horarios.php on line 15.
 1 SYSTEMPATH\CodeIgniter.php(941): App\Controllers\Horarios->horario('42,')
 2 SYSTEMPATH\CodeIgniter.php(502): CodeIgniter\CodeIgniter->runController(Object(App\Controllers\Horarios))
 3 SYSTEMPATH\CodeIgniter.php(361): CodeIgniter\CodeIgniter->handleRequest(null, Object(Config\Cache), false)
 4 FCPATH\index.php(79): CodeIgniter\CodeIgniter->run()
CRITICAL - 2026-06-04 17:32:20 --> TypeError: App\Controllers\Horarios::horario(): Argument #1 ($id_instalacion) must be of type ?int, string given, called in D:\proyectos\reservalo2.0\system\CodeIgniter.php on line 941
in APPPATH\Controllers\Horarios.php on line 15.
 1 SYSTEMPATH\CodeIgniter.php(941): App\Controllers\Horarios->horario('42,')
 2 SYSTEMPATH\CodeIgniter.php(502): CodeIgniter\CodeIgniter->runController(Object(App\Controllers\Horarios))
 3 SYSTEMPATH\CodeIgniter.php(361): CodeIgniter\CodeIgniter->handleRequest(null, Object(Config\Cache), false)
 4 FCPATH\index.php(79): CodeIgniter\CodeIgniter->run()
CRITICAL - 2026-06-04 19:14:37 --> ErrorException: Undefined array key "instalacion"
in APPPATH\Controllers\Horarios.php on line 271.
 1 APPPATH\Controllers\Horarios.php(271): CodeIgniter\Debug\Exceptions->errorHandler(2, 'Undefined array key "instalacion"', 'D:\\proyectos\\reservalo2.0\\app\\Controllers\\Horarios.php', 271)
 2 SYSTEMPATH\CodeIgniter.php(941): App\Controllers\Horarios->getHorario()
 3 SYSTEMPATH\CodeIgniter.php(502): CodeIgniter\CodeIgniter->runController(Object(App\Controllers\Horarios))
 4 SYSTEMPATH\CodeIgniter.php(361): CodeIgniter\CodeIgniter->handleRequest(null, Object(Config\Cache), false)
 5 FCPATH\index.php(79): CodeIgniter\CodeIgniter->run()
CRITICAL - 2026-06-04 19:14:38 --> ErrorException: Undefined array key "instalacion"
in APPPATH\Controllers\Horarios.php on line 271.
 1 APPPATH\Controllers\Horarios.php(271): CodeIgniter\Debug\Exceptions->errorHandler(2, 'Undefined array key "instalacion"', 'D:\\proyectos\\reservalo2.0\\app\\Controllers\\Horarios.php', 271)
 2 SYSTEMPATH\CodeIgniter.php(941): App\Controllers\Horarios->getHorario()
 3 SYSTEMPATH\CodeIgniter.php(502): CodeIgniter\CodeIgniter->runController(Object(App\Controllers\Horarios))
 4 SYSTEMPATH\CodeIgniter.php(361): CodeIgniter\CodeIgniter->handleRequest(null, Object(Config\Cache), false)
 5 FCPATH\index.php(79): CodeIgniter\CodeIgniter->run()
CRITICAL - 2026-06-04 19:14:48 --> ErrorException: Undefined array key "instalacion"
in APPPATH\Controllers\Horarios.php on line 271.
 1 APPPATH\Controllers\Horarios.php(271): CodeIgniter\Debug\Exceptions->errorHandler(2, 'Undefined array key "instalacion"', 'D:\\proyectos\\reservalo2.0\\app\\Controllers\\Horarios.php', 271)
 2 SYSTEMPATH\CodeIgniter.php(941): App\Controllers\Horarios->getHorario()
 3 SYSTEMPATH\CodeIgniter.php(502): CodeIgniter\CodeIgniter->runController(Object(App\Controllers\Horarios))
 4 SYSTEMPATH\CodeIgniter.php(361): CodeIgniter\CodeIgniter->handleRequest(null, Object(Config\Cache), false)
 5 FCPATH\index.php(79): CodeIgniter\CodeIgniter->run()
CRITICAL - 2026-06-04 22:14:10 --> ErrorException: Undefined array key "instalacion"
in APPPATH\Controllers\Horarios.php on line 271.
 1 APPPATH\Controllers\Horarios.php(271): CodeIgniter\Debug\Exceptions->errorHandler(2, 'Undefined array key "instalacion"', 'D:\\proyectos\\reservalo2.0\\app\\Controllers\\Horarios.php', 271)
 2 SYSTEMPATH\CodeIgniter.php(941): App\Controllers\Horarios->getHorario()
 3 SYSTEMPATH\CodeIgniter.php(502): CodeIgniter\CodeIgniter->runController(Object(App\Controllers\Horarios))
 4 SYSTEMPATH\CodeIgniter.php(361): CodeIgniter\CodeIgniter->handleRequest(null, Object(Config\Cache), false)
 5 FCPATH\index.php(79): CodeIgniter\CodeIgniter->run()
CRITICAL - 2026-06-04 22:15:18 --> ErrorException: Undefined array key "instalacion"
in APPPATH\Controllers\Horarios.php on line 271.
 1 APPPATH\Controllers\Horarios.php(271): CodeIgniter\Debug\Exceptions->errorHandler(2, 'Undefined array key "instalacion"', 'D:\\proyectos\\reservalo2.0\\app\\Controllers\\Horarios.php', 271)
 2 SYSTEMPATH\CodeIgniter.php(941): App\Controllers\Horarios->getHorario()
 3 SYSTEMPATH\CodeIgniter.php(502): CodeIgniter\CodeIgniter->runController(Object(App\Controllers\Horarios))
 4 SYSTEMPATH\CodeIgniter.php(361): CodeIgniter\CodeIgniter->handleRequest(null, Object(Config\Cache), false)
 5 FCPATH\index.php(79): CodeIgniter\CodeIgniter->run()
