INFO - 2025-11-10 09:08:11 --> Session: Class initialized using 'CodeIgniter\Session\Handlers\FileHandler' driver.
INFO - 2025-11-10 09:11:23 --> Session: Class initialized using 'CodeIgniter\Session\Handlers\FileHandler' driver.
INFO - 2025-11-10 09:11:55 --> Session: Class initialized using 'CodeIgniter\Session\Handlers\FileHandler' driver.
INFO - 2025-11-10 09:11:56 --> Session: Class initialized using 'CodeIgniter\Session\Handlers\FileHandler' driver.
INFO - 2025-11-10 09:12:16 --> Session: Class initialized using 'CodeIgniter\Session\Handlers\FileHandler' driver.
INFO - 2025-11-10 09:12:39 --> Session: Class initialized using 'CodeIgniter\Session\Handlers\FileHandler' driver.
INFO - 2025-11-10 09:45:54 --> Session: Class initialized using 'CodeIgniter\Session\Handlers\FileHandler' driver.
INFO - 2025-11-10 09:46:28 --> Session: Class initialized using 'CodeIgniter\Session\Handlers\FileHandler' driver.
INFO - 2025-11-10 09:46:29 --> Session: Class initialized using 'CodeIgniter\Session\Handlers\FileHandler' driver.
INFO - 2025-11-10 09:46:58 --> Session: Class initialized using 'CodeIgniter\Session\Handlers\FileHandler' driver.
INFO - 2025-11-10 09:47:26 --> Session: Class initialized using 'CodeIgniter\Session\Handlers\FileHandler' driver.
INFO - 2025-11-10 09:48:00 --> Session: Class initialized using 'CodeIgniter\Session\Handlers\FileHandler' driver.
INFO - 2025-11-10 09:48:11 --> Session: Class initialized using 'CodeIgniter\Session\Handlers\FileHandler' driver.
INFO - 2025-11-10 09:48:37 --> Session: Class initialized using 'CodeIgniter\Session\Handlers\FileHandler' driver.
INFO - 2025-11-10 09:49:43 --> Session: Class initialized using 'CodeIgniter\Session\Handlers\FileHandler' driver.
INFO - 2025-11-10 09:50:10 --> Session: Class initialized using 'CodeIgniter\Session\Handlers\FileHandler' driver.
INFO - 2025-11-10 09:50:27 --> Session: Class initialized using 'CodeIgniter\Session\Handlers\FileHandler' driver.
INFO - 2025-11-10 09:50:50 --> Session: Class initialized using 'CodeIgniter\Session\Handlers\FileHandler' driver.
INFO - 2025-11-10 09:51:25 --> Session: Class initialized using 'CodeIgniter\Session\Handlers\FileHandler' driver.
INFO - 2025-11-10 09:54:50 --> Session: Class initialized using 'CodeIgniter\Session\Handlers\FileHandler' driver.
INFO - 2025-11-10 09:54:53 --> Session: Class initialized using 'CodeIgniter\Session\Handlers\FileHandler' driver.
INFO - 2025-11-10 09:56:14 --> Session: Class initialized using 'CodeIgniter\Session\Handlers\FileHandler' driver.
INFO - 2025-11-10 09:56:41 --> Session: Class initialized using 'CodeIgniter\Session\Handlers\FileHandler' driver.
INFO - 2025-11-10 09:57:23 --> Session: Class initialized using 'CodeIgniter\Session\Handlers\FileHandler' driver.
INFO - 2025-11-10 10:08:20 --> Session: Class initialized using 'CodeIgniter\Session\Handlers\FileHandler' driver.
INFO - 2025-11-10 10:08:46 --> Session: Class initialized using 'CodeIgniter\Session\Handlers\FileHandler' driver.
INFO - 2025-11-10 10:09:50 --> Session: Class initialized using 'CodeIgniter\Session\Handlers\FileHandler' driver.
INFO - 2025-11-10 10:09:52 --> Session: Class initialized using 'CodeIgniter\Session\Handlers\FileHandler' driver.
INFO - 2025-11-10 10:10:40 --> Session: Class initialized using 'CodeIgniter\Session\Handlers\FileHandler' driver.
INFO - 2025-11-10 10:53:23 --> Session: Class initialized using 'CodeIgniter\Session\Handlers\FileHandler' driver.
INFO - 2025-11-10 10:53:49 --> Session: Class initialized using 'CodeIgniter\Session\Handlers\FileHandler' driver.
INFO - 2025-11-10 10:54:52 --> Session: Class initialized using 'CodeIgniter\Session\Handlers\FileHandler' driver.
INFO - 2025-11-10 10:55:40 --> Session: Class initialized using 'CodeIgniter\Session\Handlers\FileHandler' driver.
INFO - 2025-11-10 10:56:52 --> Session: Class initialized using 'CodeIgniter\Session\Handlers\FileHandler' driver.
INFO - 2025-11-10 11:22:58 --> Session: Class initialized using 'CodeIgniter\Session\Handlers\FileHandler' driver.
ERROR - 2025-11-10 11:23:10 --> mysqli_sql_exception: Cannot delete or update a parent row: a foreign key constraint fails (`reservalo2`.`franjas_horarias`, CONSTRAINT `FK__tipo_horario` FOREIGN KEY (`id_tipo_horario`) REFERENCES `tipo_horario` (`id_tipo_horario`) ON DELETE NO ACTION ON UPDATE CASCADE) in C:\Proyectos\reservalo2.0\system\Database\MySQLi\Connection.php:306
Stack trace:
#0 C:\Proyectos\reservalo2.0\system\Database\MySQLi\Connection.php(306): mysqli->query('DELETE FROM `ti...', 0)
#1 C:\Proyectos\reservalo2.0\system\Database\BaseConnection.php(693): CodeIgniter\Database\MySQLi\Connection->execute('DELETE FROM `ti...')
#2 C:\Proyectos\reservalo2.0\system\Database\BaseConnection.php(607): CodeIgniter\Database\BaseConnection->simpleQuery('DELETE FROM `ti...')
#3 C:\Proyectos\reservalo2.0\system\Database\BaseBuilder.php(2787): CodeIgniter\Database\BaseConnection->query('DELETE FROM `ti...', Array, false)
#4 C:\Proyectos\reservalo2.0\app\Models\horariosModel.php(235): CodeIgniter\Database\BaseBuilder->delete()
#5 C:\Proyectos\reservalo2.0\app\Controllers\Horarios.php(294): App\Models\horariosModel->borrarHorario(19)
#6 C:\Proyectos\reservalo2.0\system\CodeIgniter.php(941): App\Controllers\Horarios->borrarHorario()
#7 C:\Proyectos\reservalo2.0\system\CodeIgniter.php(502): CodeIgniter\CodeIgniter->runController(Object(App\Controllers\Horarios))
#8 C:\Proyectos\reservalo2.0\system\CodeIgniter.php(361): CodeIgniter\CodeIgniter->handleRequest(NULL, Object(Config\Cache), false)
#9 C:\Proyectos\reservalo2.0\index.php(79): CodeIgniter\CodeIgniter->run()
#10 {main}
CRITICAL - 2025-11-10 11:23:10 --> CodeIgniter\Database\Exceptions\DatabaseException: Cannot delete or update a parent row: a foreign key constraint fails (`reservalo2`.`franjas_horarias`, CONSTRAINT `FK__tipo_horario` FOREIGN KEY (`id_tipo_horario`) REFERENCES `tipo_horario` (`id_tipo_horario`) ON DELETE NO ACTION ON UPDATE CASCADE)
in SYSTEMPATH\Database\BaseConnection.php on line 647.
 1 SYSTEMPATH\Database\BaseBuilder.php(2787): CodeIgniter\Database\BaseConnection->query('DELETE FROM `tipo_horario`
WHERE `id_tipo_horario` = :id_tipo_horario:', [...], false)
 2 APPPATH\Models\horariosModel.php(235): CodeIgniter\Database\BaseBuilder->delete()
 3 APPPATH\Controllers\Horarios.php(294): App\Models\horariosModel->borrarHorario(19)
 4 SYSTEMPATH\CodeIgniter.php(941): App\Controllers\Horarios->borrarHorario()
 5 SYSTEMPATH\CodeIgniter.php(502): CodeIgniter\CodeIgniter->runController(Object(App\Controllers\Horarios))
 6 SYSTEMPATH\CodeIgniter.php(361): CodeIgniter\CodeIgniter->handleRequest(null, Object(Config\Cache), false)
 7 FCPATH\index.php(79): CodeIgniter\CodeIgniter->run()
CRITICAL - 2025-11-10 11:23:10 --> [Caused by] CodeIgniter\Database\Exceptions\DatabaseException: Cannot delete or update a parent row: a foreign key constraint fails (`reservalo2`.`franjas_horarias`, CONSTRAINT `FK__tipo_horario` FOREIGN KEY (`id_tipo_horario`) REFERENCES `tipo_horario` (`id_tipo_horario`) ON DELETE NO ACTION ON UPDATE CASCADE)
in SYSTEMPATH\Database\MySQLi\Connection.php on line 311.
 1 SYSTEMPATH\Database\BaseConnection.php(693): CodeIgniter\Database\MySQLi\Connection->execute('DELETE FROM `tipo_horario`
WHERE `id_tipo_horario` = 19')
 2 SYSTEMPATH\Database\BaseConnection.php(607): CodeIgniter\Database\BaseConnection->simpleQuery('DELETE FROM `tipo_horario`
WHERE `id_tipo_horario` = 19')
 3 SYSTEMPATH\Database\BaseBuilder.php(2787): CodeIgniter\Database\BaseConnection->query('DELETE FROM `tipo_horario`
WHERE `id_tipo_horario` = :id_tipo_horario:', [...], false)
 4 APPPATH\Models\horariosModel.php(235): CodeIgniter\Database\BaseBuilder->delete()
 5 APPPATH\Controllers\Horarios.php(294): App\Models\horariosModel->borrarHorario(19)
 6 SYSTEMPATH\CodeIgniter.php(941): App\Controllers\Horarios->borrarHorario()
 7 SYSTEMPATH\CodeIgniter.php(502): CodeIgniter\CodeIgniter->runController(Object(App\Controllers\Horarios))
 8 SYSTEMPATH\CodeIgniter.php(361): CodeIgniter\CodeIgniter->handleRequest(null, Object(Config\Cache), false)
 9 FCPATH\index.php(79): CodeIgniter\CodeIgniter->run()
CRITICAL - 2025-11-10 11:23:10 --> [Caused by] mysqli_sql_exception: Cannot delete or update a parent row: a foreign key constraint fails (`reservalo2`.`franjas_horarias`, CONSTRAINT `FK__tipo_horario` FOREIGN KEY (`id_tipo_horario`) REFERENCES `tipo_horario` (`id_tipo_horario`) ON DELETE NO ACTION ON UPDATE CASCADE)
in SYSTEMPATH\Database\MySQLi\Connection.php on line 306.
 1 SYSTEMPATH\Database\MySQLi\Connection.php(306): mysqli->query('DELETE FROM `tipo_horario`
WHERE `id_tipo_horario` = 19', 0)
 2 SYSTEMPATH\Database\BaseConnection.php(693): CodeIgniter\Database\MySQLi\Connection->execute('DELETE FROM `tipo_horario`
WHERE `id_tipo_horario` = 19')
 3 SYSTEMPATH\Database\BaseConnection.php(607): CodeIgniter\Database\BaseConnection->simpleQuery('DELETE FROM `tipo_horario`
WHERE `id_tipo_horario` = 19')
 4 SYSTEMPATH\Database\BaseBuilder.php(2787): CodeIgniter\Database\BaseConnection->query('DELETE FROM `tipo_horario`
WHERE `id_tipo_horario` = :id_tipo_horario:', [...], false)
 5 APPPATH\Models\horariosModel.php(235): CodeIgniter\Database\BaseBuilder->delete()
 6 APPPATH\Controllers\Horarios.php(294): App\Models\horariosModel->borrarHorario(19)
 7 SYSTEMPATH\CodeIgniter.php(941): App\Controllers\Horarios->borrarHorario()
 8 SYSTEMPATH\CodeIgniter.php(502): CodeIgniter\CodeIgniter->runController(Object(App\Controllers\Horarios))
 9 SYSTEMPATH\CodeIgniter.php(361): CodeIgniter\CodeIgniter->handleRequest(null, Object(Config\Cache), false)
10 FCPATH\index.php(79): CodeIgniter\CodeIgniter->run()
ERROR - 2025-11-10 11:24:32 --> mysqli_sql_exception: Cannot delete or update a parent row: a foreign key constraint fails (`reservalo2`.`franjas_horarias`, CONSTRAINT `FK__tipo_horario` FOREIGN KEY (`id_tipo_horario`) REFERENCES `tipo_horario` (`id_tipo_horario`) ON DELETE NO ACTION ON UPDATE CASCADE) in C:\Proyectos\reservalo2.0\system\Database\MySQLi\Connection.php:306
Stack trace:
#0 C:\Proyectos\reservalo2.0\system\Database\MySQLi\Connection.php(306): mysqli->query('DELETE FROM `ti...', 0)
#1 C:\Proyectos\reservalo2.0\system\Database\BaseConnection.php(693): CodeIgniter\Database\MySQLi\Connection->execute('DELETE FROM `ti...')
#2 C:\Proyectos\reservalo2.0\system\Database\BaseConnection.php(607): CodeIgniter\Database\BaseConnection->simpleQuery('DELETE FROM `ti...')
#3 C:\Proyectos\reservalo2.0\system\Database\BaseBuilder.php(2787): CodeIgniter\Database\BaseConnection->query('DELETE FROM `ti...', Array, false)
#4 C:\Proyectos\reservalo2.0\app\Models\horariosModel.php(235): CodeIgniter\Database\BaseBuilder->delete()
#5 C:\Proyectos\reservalo2.0\app\Controllers\Horarios.php(294): App\Models\horariosModel->borrarHorario(19)
#6 C:\Proyectos\reservalo2.0\system\CodeIgniter.php(941): App\Controllers\Horarios->borrarHorario()
#7 C:\Proyectos\reservalo2.0\system\CodeIgniter.php(502): CodeIgniter\CodeIgniter->runController(Object(App\Controllers\Horarios))
#8 C:\Proyectos\reservalo2.0\system\CodeIgniter.php(361): CodeIgniter\CodeIgniter->handleRequest(NULL, Object(Config\Cache), false)
#9 C:\Proyectos\reservalo2.0\index.php(79): CodeIgniter\CodeIgniter->run()
#10 {main}
CRITICAL - 2025-11-10 11:24:34 --> CodeIgniter\Database\Exceptions\DatabaseException: Cannot delete or update a parent row: a foreign key constraint fails (`reservalo2`.`franjas_horarias`, CONSTRAINT `FK__tipo_horario` FOREIGN KEY (`id_tipo_horario`) REFERENCES `tipo_horario` (`id_tipo_horario`) ON DELETE NO ACTION ON UPDATE CASCADE)
in SYSTEMPATH\Database\BaseConnection.php on line 647.
 1 SYSTEMPATH\Database\BaseBuilder.php(2787): CodeIgniter\Database\BaseConnection->query('DELETE FROM `tipo_horario`
WHERE `id_tipo_horario` = :id_tipo_horario:', [...], false)
 2 APPPATH\Models\horariosModel.php(235): CodeIgniter\Database\BaseBuilder->delete()
 3 APPPATH\Controllers\Horarios.php(294): App\Models\horariosModel->borrarHorario(19)
 4 SYSTEMPATH\CodeIgniter.php(941): App\Controllers\Horarios->borrarHorario()
 5 SYSTEMPATH\CodeIgniter.php(502): CodeIgniter\CodeIgniter->runController(Object(App\Controllers\Horarios))
 6 SYSTEMPATH\CodeIgniter.php(361): CodeIgniter\CodeIgniter->handleRequest(null, Object(Config\Cache), false)
 7 FCPATH\index.php(79): CodeIgniter\CodeIgniter->run()
CRITICAL - 2025-11-10 11:24:34 --> [Caused by] CodeIgniter\Database\Exceptions\DatabaseException: Cannot delete or update a parent row: a foreign key constraint fails (`reservalo2`.`franjas_horarias`, CONSTRAINT `FK__tipo_horario` FOREIGN KEY (`id_tipo_horario`) REFERENCES `tipo_horario` (`id_tipo_horario`) ON DELETE NO ACTION ON UPDATE CASCADE)
in SYSTEMPATH\Database\MySQLi\Connection.php on line 311.
 1 SYSTEMPATH\Database\BaseConnection.php(693): CodeIgniter\Database\MySQLi\Connection->execute('DELETE FROM `tipo_horario`
WHERE `id_tipo_horario` = 19')
 2 SYSTEMPATH\Database\BaseConnection.php(607): CodeIgniter\Database\BaseConnection->simpleQuery('DELETE FROM `tipo_horario`
WHERE `id_tipo_horario` = 19')
 3 SYSTEMPATH\Database\BaseBuilder.php(2787): CodeIgniter\Database\BaseConnection->query('DELETE FROM `tipo_horario`
WHERE `id_tipo_horario` = :id_tipo_horario:', [...], false)
 4 APPPATH\Models\horariosModel.php(235): CodeIgniter\Database\BaseBuilder->delete()
 5 APPPATH\Controllers\Horarios.php(294): App\Models\horariosModel->borrarHorario(19)
 6 SYSTEMPATH\CodeIgniter.php(941): App\Controllers\Horarios->borrarHorario()
 7 SYSTEMPATH\CodeIgniter.php(502): CodeIgniter\CodeIgniter->runController(Object(App\Controllers\Horarios))
 8 SYSTEMPATH\CodeIgniter.php(361): CodeIgniter\CodeIgniter->handleRequest(null, Object(Config\Cache), false)
 9 FCPATH\index.php(79): CodeIgniter\CodeIgniter->run()
CRITICAL - 2025-11-10 11:24:34 --> [Caused by] mysqli_sql_exception: Cannot delete or update a parent row: a foreign key constraint fails (`reservalo2`.`franjas_horarias`, CONSTRAINT `FK__tipo_horario` FOREIGN KEY (`id_tipo_horario`) REFERENCES `tipo_horario` (`id_tipo_horario`) ON DELETE NO ACTION ON UPDATE CASCADE)
in SYSTEMPATH\Database\MySQLi\Connection.php on line 306.
 1 SYSTEMPATH\Database\MySQLi\Connection.php(306): mysqli->query('DELETE FROM `tipo_horario`
WHERE `id_tipo_horario` = 19', 0)
 2 SYSTEMPATH\Database\BaseConnection.php(693): CodeIgniter\Database\MySQLi\Connection->execute('DELETE FROM `tipo_horario`
WHERE `id_tipo_horario` = 19')
 3 SYSTEMPATH\Database\BaseConnection.php(607): CodeIgniter\Database\BaseConnection->simpleQuery('DELETE FROM `tipo_horario`
WHERE `id_tipo_horario` = 19')
 4 SYSTEMPATH\Database\BaseBuilder.php(2787): CodeIgniter\Database\BaseConnection->query('DELETE FROM `tipo_horario`
WHERE `id_tipo_horario` = :id_tipo_horario:', [...], false)
 5 APPPATH\Models\horariosModel.php(235): CodeIgniter\Database\BaseBuilder->delete()
 6 APPPATH\Controllers\Horarios.php(294): App\Models\horariosModel->borrarHorario(19)
 7 SYSTEMPATH\CodeIgniter.php(941): App\Controllers\Horarios->borrarHorario()
 8 SYSTEMPATH\CodeIgniter.php(502): CodeIgniter\CodeIgniter->runController(Object(App\Controllers\Horarios))
 9 SYSTEMPATH\CodeIgniter.php(361): CodeIgniter\CodeIgniter->handleRequest(null, Object(Config\Cache), false)
10 FCPATH\index.php(79): CodeIgniter\CodeIgniter->run()
ERROR - 2025-11-10 11:25:37 --> mysqli_sql_exception: Cannot delete or update a parent row: a foreign key constraint fails (`reservalo2`.`franjas_horarias`, CONSTRAINT `FK__tipo_horario` FOREIGN KEY (`id_tipo_horario`) REFERENCES `tipo_horario` (`id_tipo_horario`) ON DELETE NO ACTION ON UPDATE CASCADE) in C:\Proyectos\reservalo2.0\system\Database\MySQLi\Connection.php:306
Stack trace:
#0 C:\Proyectos\reservalo2.0\system\Database\MySQLi\Connection.php(306): mysqli->query('DELETE FROM `ti...', 0)
#1 C:\Proyectos\reservalo2.0\system\Database\BaseConnection.php(693): CodeIgniter\Database\MySQLi\Connection->execute('DELETE FROM `ti...')
#2 C:\Proyectos\reservalo2.0\system\Database\BaseConnection.php(607): CodeIgniter\Database\BaseConnection->simpleQuery('DELETE FROM `ti...')
#3 C:\Proyectos\reservalo2.0\system\Database\BaseBuilder.php(2787): CodeIgniter\Database\BaseConnection->query('DELETE FROM `ti...', Array, false)
#4 C:\Proyectos\reservalo2.0\app\Models\horariosModel.php(235): CodeIgniter\Database\BaseBuilder->delete()
#5 C:\Proyectos\reservalo2.0\app\Controllers\Horarios.php(294): App\Models\horariosModel->borrarHorario(19)
#6 C:\Proyectos\reservalo2.0\system\CodeIgniter.php(941): App\Controllers\Horarios->borrarHorario()
#7 C:\Proyectos\reservalo2.0\system\CodeIgniter.php(502): CodeIgniter\CodeIgniter->runController(Object(App\Controllers\Horarios))
#8 C:\Proyectos\reservalo2.0\system\CodeIgniter.php(361): CodeIgniter\CodeIgniter->handleRequest(NULL, Object(Config\Cache), false)
#9 C:\Proyectos\reservalo2.0\index.php(79): CodeIgniter\CodeIgniter->run()
#10 {main}
INFO - 2025-11-10 11:30:40 --> Session: Class initialized using 'CodeIgniter\Session\Handlers\FileHandler' driver.
CRITICAL - 2025-11-10 11:30:42 --> CodeIgniter\Database\Exceptions\DatabaseException: Cannot delete or update a parent row: a foreign key constraint fails (`reservalo2`.`franjas_horarias`, CONSTRAINT `FK__tipo_horario` FOREIGN KEY (`id_tipo_horario`) REFERENCES `tipo_horario` (`id_tipo_horario`) ON DELETE NO ACTION ON UPDATE CASCADE)
in SYSTEMPATH\Database\BaseConnection.php on line 647.
 1 SYSTEMPATH\Database\BaseBuilder.php(2787): CodeIgniter\Database\BaseConnection->query('DELETE FROM `tipo_horario`
WHERE `id_tipo_horario` = :id_tipo_horario:', [...], false)
 2 APPPATH\Models\horariosModel.php(235): CodeIgniter\Database\BaseBuilder->delete()
 3 APPPATH\Controllers\Horarios.php(294): App\Models\horariosModel->borrarHorario(19)
 4 SYSTEMPATH\CodeIgniter.php(941): App\Controllers\Horarios->borrarHorario()
 5 SYSTEMPATH\CodeIgniter.php(502): CodeIgniter\CodeIgniter->runController(Object(App\Controllers\Horarios))
 6 SYSTEMPATH\CodeIgniter.php(361): CodeIgniter\CodeIgniter->handleRequest(null, Object(Config\Cache), false)
 7 FCPATH\index.php(79): CodeIgniter\CodeIgniter->run()
CRITICAL - 2025-11-10 11:30:42 --> [Caused by] CodeIgniter\Database\Exceptions\DatabaseException: Cannot delete or update a parent row: a foreign key constraint fails (`reservalo2`.`franjas_horarias`, CONSTRAINT `FK__tipo_horario` FOREIGN KEY (`id_tipo_horario`) REFERENCES `tipo_horario` (`id_tipo_horario`) ON DELETE NO ACTION ON UPDATE CASCADE)
in SYSTEMPATH\Database\MySQLi\Connection.php on line 311.
 1 SYSTEMPATH\Database\BaseConnection.php(693): CodeIgniter\Database\MySQLi\Connection->execute('DELETE FROM `tipo_horario`
WHERE `id_tipo_horario` = 19')
 2 SYSTEMPATH\Database\BaseConnection.php(607): CodeIgniter\Database\BaseConnection->simpleQuery('DELETE FROM `tipo_horario`
WHERE `id_tipo_horario` = 19')
 3 SYSTEMPATH\Database\BaseBuilder.php(2787): CodeIgniter\Database\BaseConnection->query('DELETE FROM `tipo_horario`
WHERE `id_tipo_horario` = :id_tipo_horario:', [...], false)
 4 APPPATH\Models\horariosModel.php(235): CodeIgniter\Database\BaseBuilder->delete()
 5 APPPATH\Controllers\Horarios.php(294): App\Models\horariosModel->borrarHorario(19)
 6 SYSTEMPATH\CodeIgniter.php(941): App\Controllers\Horarios->borrarHorario()
 7 SYSTEMPATH\CodeIgniter.php(502): CodeIgniter\CodeIgniter->runController(Object(App\Controllers\Horarios))
 8 SYSTEMPATH\CodeIgniter.php(361): CodeIgniter\CodeIgniter->handleRequest(null, Object(Config\Cache), false)
 9 FCPATH\index.php(79): CodeIgniter\CodeIgniter->run()
CRITICAL - 2025-11-10 11:30:42 --> [Caused by] mysqli_sql_exception: Cannot delete or update a parent row: a foreign key constraint fails (`reservalo2`.`franjas_horarias`, CONSTRAINT `FK__tipo_horario` FOREIGN KEY (`id_tipo_horario`) REFERENCES `tipo_horario` (`id_tipo_horario`) ON DELETE NO ACTION ON UPDATE CASCADE)
in SYSTEMPATH\Database\MySQLi\Connection.php on line 306.
 1 SYSTEMPATH\Database\MySQLi\Connection.php(306): mysqli->query('DELETE FROM `tipo_horario`
WHERE `id_tipo_horario` = 19', 0)
 2 SYSTEMPATH\Database\BaseConnection.php(693): CodeIgniter\Database\MySQLi\Connection->execute('DELETE FROM `tipo_horario`
WHERE `id_tipo_horario` = 19')
 3 SYSTEMPATH\Database\BaseConnection.php(607): CodeIgniter\Database\BaseConnection->simpleQuery('DELETE FROM `tipo_horario`
WHERE `id_tipo_horario` = 19')
 4 SYSTEMPATH\Database\BaseBuilder.php(2787): CodeIgniter\Database\BaseConnection->query('DELETE FROM `tipo_horario`
WHERE `id_tipo_horario` = :id_tipo_horario:', [...], false)
 5 APPPATH\Models\horariosModel.php(235): CodeIgniter\Database\BaseBuilder->delete()
 6 APPPATH\Controllers\Horarios.php(294): App\Models\horariosModel->borrarHorario(19)
 7 SYSTEMPATH\CodeIgniter.php(941): App\Controllers\Horarios->borrarHorario()
 8 SYSTEMPATH\CodeIgniter.php(502): CodeIgniter\CodeIgniter->runController(Object(App\Controllers\Horarios))
 9 SYSTEMPATH\CodeIgniter.php(361): CodeIgniter\CodeIgniter->handleRequest(null, Object(Config\Cache), false)
10 FCPATH\index.php(79): CodeIgniter\CodeIgniter->run()
INFO - 2025-11-10 11:39:55 --> Session: Class initialized using 'CodeIgniter\Session\Handlers\FileHandler' driver.
INFO - 2025-11-10 11:43:09 --> Session: Class initialized using 'CodeIgniter\Session\Handlers\FileHandler' driver.
INFO - 2025-11-10 12:01:18 --> Session: Class initialized using 'CodeIgniter\Session\Handlers\FileHandler' driver.
INFO - 2025-11-10 12:01:43 --> Session: Class initialized using 'CodeIgniter\Session\Handlers\FileHandler' driver.
INFO - 2025-11-10 12:02:15 --> Session: Class initialized using 'CodeIgniter\Session\Handlers\FileHandler' driver.
INFO - 2025-11-10 12:04:44 --> Session: Class initialized using 'CodeIgniter\Session\Handlers\FileHandler' driver.
INFO - 2025-11-10 12:05:06 --> Session: Class initialized using 'CodeIgniter\Session\Handlers\FileHandler' driver.
INFO - 2025-11-10 12:09:48 --> Session: Class initialized using 'CodeIgniter\Session\Handlers\FileHandler' driver.
INFO - 2025-11-10 12:24:19 --> Session: Class initialized using 'CodeIgniter\Session\Handlers\FileHandler' driver.
INFO - 2025-11-10 12:25:11 --> Session: Class initialized using 'CodeIgniter\Session\Handlers\FileHandler' driver.
INFO - 2025-11-10 15:19:33 --> Session: Class initialized using 'CodeIgniter\Session\Handlers\FileHandler' driver.
INFO - 2025-11-10 15:19:39 --> Session: Class initialized using 'CodeIgniter\Session\Handlers\FileHandler' driver.
INFO - 2025-11-10 15:37:45 --> Session: Class initialized using 'CodeIgniter\Session\Handlers\FileHandler' driver.
CRITICAL - 2025-11-10 16:18:11 --> ErrorException: Undefined array key "horario_especial"
in APPPATH\Controllers\Horarios.php on line 64.
 1 APPPATH\Controllers\Horarios.php(64): CodeIgniter\Debug\Exceptions->errorHandler(2, 'Undefined array key "horario_especial"', 'C:\\Proyectos\\reservalo2.0\\app\\Controllers\\Horarios.php', 64)
 2 SYSTEMPATH\CodeIgniter.php(941): App\Controllers\Horarios->crearHorario()
 3 SYSTEMPATH\CodeIgniter.php(502): CodeIgniter\CodeIgniter->runController(Object(App\Controllers\Horarios))
 4 SYSTEMPATH\CodeIgniter.php(361): CodeIgniter\CodeIgniter->handleRequest(null, Object(Config\Cache), false)
 5 FCPATH\index.php(79): CodeIgniter\CodeIgniter->run()
CRITICAL - 2025-11-10 16:18:19 --> ErrorException: Undefined array key "horario_especial"
in APPPATH\Controllers\Horarios.php on line 64.
 1 APPPATH\Controllers\Horarios.php(64): CodeIgniter\Debug\Exceptions->errorHandler(2, 'Undefined array key "horario_especial"', 'C:\\Proyectos\\reservalo2.0\\app\\Controllers\\Horarios.php', 64)
 2 SYSTEMPATH\CodeIgniter.php(941): App\Controllers\Horarios->crearHorario()
 3 SYSTEMPATH\CodeIgniter.php(502): CodeIgniter\CodeIgniter->runController(Object(App\Controllers\Horarios))
 4 SYSTEMPATH\CodeIgniter.php(361): CodeIgniter\CodeIgniter->handleRequest(null, Object(Config\Cache), false)
 5 FCPATH\index.php(79): CodeIgniter\CodeIgniter->run()
INFO - 2025-11-10 16:18:24 --> Session: Class initialized using 'CodeIgniter\Session\Handlers\FileHandler' driver.
INFO - 2025-11-10 16:36:23 --> Session: Class initialized using 'CodeIgniter\Session\Handlers\FileHandler' driver.
INFO - 2025-11-10 16:47:03 --> Session: Class initialized using 'CodeIgniter\Session\Handlers\FileHandler' driver.
INFO - 2025-11-10 16:47:41 --> Session: Class initialized using 'CodeIgniter\Session\Handlers\FileHandler' driver.
INFO - 2025-11-10 17:18:25 --> Session: Class initialized using 'CodeIgniter\Session\Handlers\FileHandler' driver.
