ERROR - 2026-02-04 09:14:13 --> Error connecting to the database: ErrorException: mysqli::real_connect(): Error while reading greeting packet. PID=17556 in D:\proyectos\reservalo2.0\system\Database\MySQLi\Connection.php:184
Stack trace:
#0 [internal function]: CodeIgniter\Debug\Exceptions->errorHandler(2, 'mysqli::real_co...', 'D:\\proyectos\\re...', 184)
#1 D:\proyectos\reservalo2.0\system\Database\MySQLi\Connection.php(184): mysqli->real_connect('localhost', 'root', Object(SensitiveParameterValue), 'reservalo2', 3306, '', 0)
#2 D:\proyectos\reservalo2.0\system\Database\BaseConnection.php(392): CodeIgniter\Database\MySQLi\Connection->connect(false)
#3 D:\proyectos\reservalo2.0\system\Database\BaseConnection.php(575): CodeIgniter\Database\BaseConnection->initialize()
#4 D:\proyectos\reservalo2.0\system\Database\BaseBuilder.php(1616): CodeIgniter\Database\BaseConnection->query('SELECT `instala...', Array, false)
#5 D:\proyectos\reservalo2.0\app\Models\instalacionesModel.php(117): CodeIgniter\Database\BaseBuilder->get()
#6 D:\proyectos\reservalo2.0\app\Controllers\Instalaciones.php(760): App\Models\instalacionesModel->getInstalacion(51)
#7 D:\proyectos\reservalo2.0\system\CodeIgniter.php(941): App\Controllers\Instalaciones->instalacion(51)
#8 D:\proyectos\reservalo2.0\system\CodeIgniter.php(502): CodeIgniter\CodeIgniter->runController(Object(App\Controllers\Instalaciones))
#9 D:\proyectos\reservalo2.0\system\CodeIgniter.php(361): CodeIgniter\CodeIgniter->handleRequest(NULL, Object(Config\Cache), false)
#10 D:\proyectos\reservalo2.0\index.php(79): CodeIgniter\CodeIgniter->run()
#11 {main}

Next mysqli_sql_exception: MySQL server has gone away in D:\proyectos\reservalo2.0\system\Database\MySQLi\Connection.php:184
Stack trace:
#0 D:\proyectos\reservalo2.0\system\Database\MySQLi\Connection.php(184): mysqli->real_connect('localhost', 'root', Object(SensitiveParameterValue), 'reservalo2', 3306, '', 0)
#1 D:\proyectos\reservalo2.0\system\Database\BaseConnection.php(392): CodeIgniter\Database\MySQLi\Connection->connect(false)
#2 D:\proyectos\reservalo2.0\system\Database\BaseConnection.php(575): CodeIgniter\Database\BaseConnection->initialize()
#3 D:\proyectos\reservalo2.0\system\Database\BaseBuilder.php(1616): CodeIgniter\Database\BaseConnection->query('SELECT `instala...', Array, false)
#4 D:\proyectos\reservalo2.0\app\Models\instalacionesModel.php(117): CodeIgniter\Database\BaseBuilder->get()
#5 D:\proyectos\reservalo2.0\app\Controllers\Instalaciones.php(760): App\Models\instalacionesModel->getInstalacion(51)
#6 D:\proyectos\reservalo2.0\system\CodeIgniter.php(941): App\Controllers\Instalaciones->instalacion(51)
#7 D:\proyectos\reservalo2.0\system\CodeIgniter.php(502): CodeIgniter\CodeIgniter->runController(Object(App\Controllers\Instalaciones))
#8 D:\proyectos\reservalo2.0\system\CodeIgniter.php(361): CodeIgniter\CodeIgniter->handleRequest(NULL, Object(Config\Cache), false)
#9 D:\proyectos\reservalo2.0\index.php(79): CodeIgniter\CodeIgniter->run()
#10 {main}

Next CodeIgniter\Database\Exceptions\DatabaseException: MySQL server has gone away in D:\proyectos\reservalo2.0\system\Database\MySQLi\Connection.php:229
Stack trace:
#0 D:\proyectos\reservalo2.0\system\Database\BaseConnection.php(392): CodeIgniter\Database\MySQLi\Connection->connect(false)
#1 D:\proyectos\reservalo2.0\system\Database\BaseConnection.php(575): CodeIgniter\Database\BaseConnection->initialize()
#2 D:\proyectos\reservalo2.0\system\Database\BaseBuilder.php(1616): CodeIgniter\Database\BaseConnection->query('SELECT `instala...', Array, false)
#3 D:\proyectos\reservalo2.0\app\Models\instalacionesModel.php(117): CodeIgniter\Database\BaseBuilder->get()
#4 D:\proyectos\reservalo2.0\app\Controllers\Instalaciones.php(760): App\Models\instalacionesModel->getInstalacion(51)
#5 D:\proyectos\reservalo2.0\system\CodeIgniter.php(941): App\Controllers\Instalaciones->instalacion(51)
#6 D:\proyectos\reservalo2.0\system\CodeIgniter.php(502): CodeIgniter\CodeIgniter->runController(Object(App\Controllers\Instalaciones))
#7 D:\proyectos\reservalo2.0\system\CodeIgniter.php(361): CodeIgniter\CodeIgniter->handleRequest(NULL, Object(Config\Cache), false)
#8 D:\proyectos\reservalo2.0\index.php(79): CodeIgniter\CodeIgniter->run()
#9 {main}
CRITICAL - 2026-02-04 09:14:13 --> CodeIgniter\Database\Exceptions\DatabaseException: Unable to connect to the database.
Main connection [MySQLi]: MySQL server has gone away
in SYSTEMPATH\Database\BaseConnection.php on line 428.
 1 SYSTEMPATH\Database\BaseConnection.php(575): CodeIgniter\Database\BaseConnection->initialize()
 2 SYSTEMPATH\Database\BaseBuilder.php(1616): CodeIgniter\Database\BaseConnection->query('SELECT `instalaciones`.*, `categorias1`.`nombre` as `categoria_name`, `categorias2`.`nombre` as `categoria_opc_name`
FROM `instalaciones`
LEFT JOIN `categorias` as `categorias1` ON `instalaciones`.`categoria_principal` = `categorias1`.`id_categoria`
LEFT JOIN `categorias` as `categorias2` ON `instalaciones`.`categoria_opcional1` = `categorias2`.`id_categoria`
WHERE `id_instalacion` = :id_instalacion:', [...], false)
 3 APPPATH\Models\instalacionesModel.php(117): CodeIgniter\Database\BaseBuilder->get()
 4 APPPATH\Controllers\Instalaciones.php(760): App\Models\instalacionesModel->getInstalacion(51)
 5 SYSTEMPATH\CodeIgniter.php(941): App\Controllers\Instalaciones->instalacion(51)
 6 SYSTEMPATH\CodeIgniter.php(502): CodeIgniter\CodeIgniter->runController(Object(App\Controllers\Instalaciones))
 7 SYSTEMPATH\CodeIgniter.php(361): CodeIgniter\CodeIgniter->handleRequest(null, Object(Config\Cache), false)
 8 FCPATH\index.php(79): CodeIgniter\CodeIgniter->run()
ERROR - 2026-02-04 09:14:44 --> Error connecting to the database: ErrorException: mysqli::real_connect(): Error while reading greeting packet. PID=17556 in D:\proyectos\reservalo2.0\system\Database\MySQLi\Connection.php:184
Stack trace:
#0 [internal function]: CodeIgniter\Debug\Exceptions->errorHandler(2, 'mysqli::real_co...', 'D:\\proyectos\\re...', 184)
#1 D:\proyectos\reservalo2.0\system\Database\MySQLi\Connection.php(184): mysqli->real_connect('localhost', 'root', Object(SensitiveParameterValue), 'reservalo2', 3306, '', 0)
#2 D:\proyectos\reservalo2.0\system\Database\BaseConnection.php(392): CodeIgniter\Database\MySQLi\Connection->connect(false)
#3 D:\proyectos\reservalo2.0\system\Database\BaseConnection.php(575): CodeIgniter\Database\BaseConnection->initialize()
#4 D:\proyectos\reservalo2.0\system\Database\BaseBuilder.php(1616): CodeIgniter\Database\BaseConnection->query('SELECT `instala...', Array, false)
#5 D:\proyectos\reservalo2.0\app\Models\instalacionesModel.php(117): CodeIgniter\Database\BaseBuilder->get()
#6 D:\proyectos\reservalo2.0\app\Controllers\Instalaciones.php(760): App\Models\instalacionesModel->getInstalacion(51)
#7 D:\proyectos\reservalo2.0\system\CodeIgniter.php(941): App\Controllers\Instalaciones->instalacion(51)
#8 D:\proyectos\reservalo2.0\system\CodeIgniter.php(502): CodeIgniter\CodeIgniter->runController(Object(App\Controllers\Instalaciones))
#9 D:\proyectos\reservalo2.0\system\CodeIgniter.php(361): CodeIgniter\CodeIgniter->handleRequest(NULL, Object(Config\Cache), false)
#10 D:\proyectos\reservalo2.0\index.php(79): CodeIgniter\CodeIgniter->run()
#11 {main}

Next mysqli_sql_exception: MySQL server has gone away in D:\proyectos\reservalo2.0\system\Database\MySQLi\Connection.php:184
Stack trace:
#0 D:\proyectos\reservalo2.0\system\Database\MySQLi\Connection.php(184): mysqli->real_connect('localhost', 'root', Object(SensitiveParameterValue), 'reservalo2', 3306, '', 0)
#1 D:\proyectos\reservalo2.0\system\Database\BaseConnection.php(392): CodeIgniter\Database\MySQLi\Connection->connect(false)
#2 D:\proyectos\reservalo2.0\system\Database\BaseConnection.php(575): CodeIgniter\Database\BaseConnection->initialize()
#3 D:\proyectos\reservalo2.0\system\Database\BaseBuilder.php(1616): CodeIgniter\Database\BaseConnection->query('SELECT `instala...', Array, false)
#4 D:\proyectos\reservalo2.0\app\Models\instalacionesModel.php(117): CodeIgniter\Database\BaseBuilder->get()
#5 D:\proyectos\reservalo2.0\app\Controllers\Instalaciones.php(760): App\Models\instalacionesModel->getInstalacion(51)
#6 D:\proyectos\reservalo2.0\system\CodeIgniter.php(941): App\Controllers\Instalaciones->instalacion(51)
#7 D:\proyectos\reservalo2.0\system\CodeIgniter.php(502): CodeIgniter\CodeIgniter->runController(Object(App\Controllers\Instalaciones))
#8 D:\proyectos\reservalo2.0\system\CodeIgniter.php(361): CodeIgniter\CodeIgniter->handleRequest(NULL, Object(Config\Cache), false)
#9 D:\proyectos\reservalo2.0\index.php(79): CodeIgniter\CodeIgniter->run()
#10 {main}

Next CodeIgniter\Database\Exceptions\DatabaseException: MySQL server has gone away in D:\proyectos\reservalo2.0\system\Database\MySQLi\Connection.php:229
Stack trace:
#0 D:\proyectos\reservalo2.0\system\Database\BaseConnection.php(392): CodeIgniter\Database\MySQLi\Connection->connect(false)
#1 D:\proyectos\reservalo2.0\system\Database\BaseConnection.php(575): CodeIgniter\Database\BaseConnection->initialize()
#2 D:\proyectos\reservalo2.0\system\Database\BaseBuilder.php(1616): CodeIgniter\Database\BaseConnection->query('SELECT `instala...', Array, false)
#3 D:\proyectos\reservalo2.0\app\Models\instalacionesModel.php(117): CodeIgniter\Database\BaseBuilder->get()
#4 D:\proyectos\reservalo2.0\app\Controllers\Instalaciones.php(760): App\Models\instalacionesModel->getInstalacion(51)
#5 D:\proyectos\reservalo2.0\system\CodeIgniter.php(941): App\Controllers\Instalaciones->instalacion(51)
#6 D:\proyectos\reservalo2.0\system\CodeIgniter.php(502): CodeIgniter\CodeIgniter->runController(Object(App\Controllers\Instalaciones))
#7 D:\proyectos\reservalo2.0\system\CodeIgniter.php(361): CodeIgniter\CodeIgniter->handleRequest(NULL, Object(Config\Cache), false)
#8 D:\proyectos\reservalo2.0\index.php(79): CodeIgniter\CodeIgniter->run()
#9 {main}
CRITICAL - 2026-02-04 09:14:44 --> CodeIgniter\Database\Exceptions\DatabaseException: Unable to connect to the database.
Main connection [MySQLi]: MySQL server has gone away
in SYSTEMPATH\Database\BaseConnection.php on line 428.
 1 SYSTEMPATH\Database\BaseConnection.php(575): CodeIgniter\Database\BaseConnection->initialize()
 2 SYSTEMPATH\Database\BaseBuilder.php(1616): CodeIgniter\Database\BaseConnection->query('SELECT `instalaciones`.*, `categorias1`.`nombre` as `categoria_name`, `categorias2`.`nombre` as `categoria_opc_name`
FROM `instalaciones`
LEFT JOIN `categorias` as `categorias1` ON `instalaciones`.`categoria_principal` = `categorias1`.`id_categoria`
LEFT JOIN `categorias` as `categorias2` ON `instalaciones`.`categoria_opcional1` = `categorias2`.`id_categoria`
WHERE `id_instalacion` = :id_instalacion:', [...], false)
 3 APPPATH\Models\instalacionesModel.php(117): CodeIgniter\Database\BaseBuilder->get()
 4 APPPATH\Controllers\Instalaciones.php(760): App\Models\instalacionesModel->getInstalacion(51)
 5 SYSTEMPATH\CodeIgniter.php(941): App\Controllers\Instalaciones->instalacion(51)
 6 SYSTEMPATH\CodeIgniter.php(502): CodeIgniter\CodeIgniter->runController(Object(App\Controllers\Instalaciones))
 7 SYSTEMPATH\CodeIgniter.php(361): CodeIgniter\CodeIgniter->handleRequest(null, Object(Config\Cache), false)
 8 FCPATH\index.php(79): CodeIgniter\CodeIgniter->run()
CRITICAL - 2026-02-04 09:21:18 --> ErrorException: Undefined array key 0
in APPPATH\Controllers\Instalaciones.php on line 760.
 1 APPPATH\Controllers\Instalaciones.php(760): CodeIgniter\Debug\Exceptions->errorHandler(2, 'Undefined array key 0', 'D:\\proyectos\\reservalo2.0\\app\\Controllers\\Instalaciones.php', 760)
 2 SYSTEMPATH\CodeIgniter.php(941): App\Controllers\Instalaciones->instalacion(51)
 3 SYSTEMPATH\CodeIgniter.php(502): CodeIgniter\CodeIgniter->runController(Object(App\Controllers\Instalaciones))
 4 SYSTEMPATH\CodeIgniter.php(361): CodeIgniter\CodeIgniter->handleRequest(null, Object(Config\Cache), false)
 5 FCPATH\index.php(79): CodeIgniter\CodeIgniter->run()
INFO - 2026-02-04 09:27:33 --> Session: Class initialized using 'CodeIgniter\Session\Handlers\FileHandler' driver.
INFO - 2026-02-04 09:29:56 --> Session: Class initialized using 'CodeIgniter\Session\Handlers\FileHandler' driver.
INFO - 2026-02-04 09:29:57 --> Session: Class initialized using 'CodeIgniter\Session\Handlers\FileHandler' driver.
INFO - 2026-02-04 09:30:13 --> Session: Class initialized using 'CodeIgniter\Session\Handlers\FileHandler' driver.
INFO - 2026-02-04 09:30:20 --> Session: Class initialized using 'CodeIgniter\Session\Handlers\FileHandler' driver.
INFO - 2026-02-04 09:40:10 --> Session: Class initialized using 'CodeIgniter\Session\Handlers\FileHandler' driver.
INFO - 2026-02-04 09:40:19 --> Session: Class initialized using 'CodeIgniter\Session\Handlers\FileHandler' driver.
INFO - 2026-02-04 09:42:44 --> Session: Class initialized using 'CodeIgniter\Session\Handlers\FileHandler' driver.
INFO - 2026-02-04 09:43:51 --> Session: Class initialized using 'CodeIgniter\Session\Handlers\FileHandler' driver.
INFO - 2026-02-04 09:44:33 --> Session: Class initialized using 'CodeIgniter\Session\Handlers\FileHandler' driver.
INFO - 2026-02-04 10:36:02 --> Session: Class initialized using 'CodeIgniter\Session\Handlers\FileHandler' driver.
INFO - 2026-02-04 10:36:30 --> Session: Class initialized using 'CodeIgniter\Session\Handlers\FileHandler' driver.
INFO - 2026-02-04 10:36:31 --> Session: Class initialized using 'CodeIgniter\Session\Handlers\FileHandler' driver.
INFO - 2026-02-04 10:36:31 --> Session: Class initialized using 'CodeIgniter\Session\Handlers\FileHandler' driver.
INFO - 2026-02-04 10:40:21 --> Session: Class initialized using 'CodeIgniter\Session\Handlers\FileHandler' driver.
INFO - 2026-02-04 10:44:15 --> Session: Class initialized using 'CodeIgniter\Session\Handlers\FileHandler' driver.
INFO - 2026-02-04 10:45:13 --> Session: Class initialized using 'CodeIgniter\Session\Handlers\FileHandler' driver.
INFO - 2026-02-04 10:49:16 --> Session: Class initialized using 'CodeIgniter\Session\Handlers\FileHandler' driver.
INFO - 2026-02-04 10:49:25 --> Session: Class initialized using 'CodeIgniter\Session\Handlers\FileHandler' driver.
INFO - 2026-02-04 10:49:40 --> Session: Class initialized using 'CodeIgniter\Session\Handlers\FileHandler' driver.
INFO - 2026-02-04 10:50:05 --> Session: Class initialized using 'CodeIgniter\Session\Handlers\FileHandler' driver.
INFO - 2026-02-04 10:58:53 --> Session: Class initialized using 'CodeIgniter\Session\Handlers\FileHandler' driver.
INFO - 2026-02-04 10:59:59 --> Session: Class initialized using 'CodeIgniter\Session\Handlers\FileHandler' driver.
INFO - 2026-02-04 11:00:19 --> Session: Class initialized using 'CodeIgniter\Session\Handlers\FileHandler' driver.
INFO - 2026-02-04 11:00:48 --> Session: Class initialized using 'CodeIgniter\Session\Handlers\FileHandler' driver.
INFO - 2026-02-04 11:01:21 --> Session: Class initialized using 'CodeIgniter\Session\Handlers\FileHandler' driver.
INFO - 2026-02-04 11:49:25 --> Session: Class initialized using 'CodeIgniter\Session\Handlers\FileHandler' driver.
INFO - 2026-02-04 12:53:08 --> Session: Class initialized using 'CodeIgniter\Session\Handlers\FileHandler' driver.
INFO - 2026-02-04 12:53:45 --> Session: Class initialized using 'CodeIgniter\Session\Handlers\FileHandler' driver.
INFO - 2026-02-04 12:54:31 --> Session: Class initialized using 'CodeIgniter\Session\Handlers\FileHandler' driver.
INFO - 2026-02-04 12:54:37 --> Session: Class initialized using 'CodeIgniter\Session\Handlers\FileHandler' driver.
CRITICAL - 2026-02-04 12:54:38 --> InvalidArgumentException: whereIn() expects $values to be of type array or closure
in SYSTEMPATH\Database\BaseBuilder.php on line 940.
 1 SYSTEMPATH\Database\BaseBuilder.php(826): CodeIgniter\Database\BaseBuilder->_whereIn('pedido.id_pedido', 'SELECT `DISTINCT` `pedido`.`id_pedido`
FROM `pedido`
JOIN `reservas` ON `reservas`.`id_pedido` = `pedido`.`id_pedido`
WHERE `reservas`.`fecha` >= \'2026-02-04\'
AND `pedido`.`id_usuario` = 5', false, 'AND ', false)
 2 APPPATH\Models\reservasModel.php(293): CodeIgniter\Database\BaseBuilder->whereIn('pedido.id_pedido', 'SELECT `DISTINCT` `pedido`.`id_pedido`
FROM `pedido`
JOIN `reservas` ON `reservas`.`id_pedido` = `pedido`.`id_pedido`
WHERE `reservas`.`fecha` >= \'2026-02-04\'
AND `pedido`.`id_usuario` = 5', false)
 3 APPPATH\Controllers\Reservas.php(269): App\Models\reservasModel->getReservasByUsuario(5)
 4 SYSTEMPATH\CodeIgniter.php(941): App\Controllers\Reservas->misReservas()
 5 SYSTEMPATH\CodeIgniter.php(502): CodeIgniter\CodeIgniter->runController(Object(App\Controllers\Reservas))
 6 SYSTEMPATH\CodeIgniter.php(361): CodeIgniter\CodeIgniter->handleRequest(null, Object(Config\Cache), false)
 7 FCPATH\index.php(79): CodeIgniter\CodeIgniter->run()
INFO - 2026-02-04 12:55:49 --> Session: Class initialized using 'CodeIgniter\Session\Handlers\FileHandler' driver.
INFO - 2026-02-04 12:57:10 --> Session: Class initialized using 'CodeIgniter\Session\Handlers\FileHandler' driver.
CRITICAL - 2026-02-04 12:57:14 --> InvalidArgumentException: whereIn() expects $values to be of type array or closure
in SYSTEMPATH\Database\BaseBuilder.php on line 940.
 1 SYSTEMPATH\Database\BaseBuilder.php(826): CodeIgniter\Database\BaseBuilder->_whereIn('pedido.id_pedido', 'SELECT `DISTINCT` `pedido`.`id_pedido`
FROM `pedido`
JOIN `reservas` ON `reservas`.`id_pedido` = `pedido`.`id_pedido`
WHERE `reservas`.`fecha` >= \'2026-02-04\'
AND `pedido`.`id_usuario` = 5', false, 'AND ', false)
 2 APPPATH\Models\reservasModel.php(293): CodeIgniter\Database\BaseBuilder->whereIn('pedido.id_pedido', 'SELECT `DISTINCT` `pedido`.`id_pedido`
FROM `pedido`
JOIN `reservas` ON `reservas`.`id_pedido` = `pedido`.`id_pedido`
WHERE `reservas`.`fecha` >= \'2026-02-04\'
AND `pedido`.`id_usuario` = 5', false)
 3 APPPATH\Controllers\Reservas.php(269): App\Models\reservasModel->getReservasByUsuario(5)
 4 SYSTEMPATH\CodeIgniter.php(941): App\Controllers\Reservas->misReservas()
 5 SYSTEMPATH\CodeIgniter.php(502): CodeIgniter\CodeIgniter->runController(Object(App\Controllers\Reservas))
 6 SYSTEMPATH\CodeIgniter.php(361): CodeIgniter\CodeIgniter->handleRequest(null, Object(Config\Cache), false)
 7 FCPATH\index.php(79): CodeIgniter\CodeIgniter->run()
INFO - 2026-02-04 12:57:34 --> Session: Class initialized using 'CodeIgniter\Session\Handlers\FileHandler' driver.
CRITICAL - 2026-02-04 13:01:02 --> InvalidArgumentException: whereIn() expects $values to be of type array or closure
in SYSTEMPATH\Database\BaseBuilder.php on line 940.
 1 SYSTEMPATH\Database\BaseBuilder.php(826): CodeIgniter\Database\BaseBuilder->_whereIn('pedido.id_pedido', 'SELECT `DISTINCT` `pedido`.`id_pedido`
FROM `pedido`
JOIN `reservas` ON `reservas`.`id_pedido` = `pedido`.`id_pedido`
WHERE `reservas`.`fecha` >= \'2026-02-04\'
AND `pedido`.`id_usuario` = 5', false, 'AND ', false)
 2 APPPATH\Models\reservasModel.php(293): CodeIgniter\Database\BaseBuilder->whereIn('pedido.id_pedido', 'SELECT `DISTINCT` `pedido`.`id_pedido`
FROM `pedido`
JOIN `reservas` ON `reservas`.`id_pedido` = `pedido`.`id_pedido`
WHERE `reservas`.`fecha` >= \'2026-02-04\'
AND `pedido`.`id_usuario` = 5', false)
 3 APPPATH\Controllers\Reservas.php(269): App\Models\reservasModel->getReservasByUsuario(5)
 4 SYSTEMPATH\CodeIgniter.php(941): App\Controllers\Reservas->misReservas()
 5 SYSTEMPATH\CodeIgniter.php(502): CodeIgniter\CodeIgniter->runController(Object(App\Controllers\Reservas))
 6 SYSTEMPATH\CodeIgniter.php(361): CodeIgniter\CodeIgniter->handleRequest(null, Object(Config\Cache), false)
 7 FCPATH\index.php(79): CodeIgniter\CodeIgniter->run()
INFO - 2026-02-04 13:01:07 --> Session: Class initialized using 'CodeIgniter\Session\Handlers\FileHandler' driver.
INFO - 2026-02-04 13:01:10 --> Session: Class initialized using 'CodeIgniter\Session\Handlers\FileHandler' driver.
INFO - 2026-02-04 13:02:52 --> Session: Class initialized using 'CodeIgniter\Session\Handlers\FileHandler' driver.
INFO - 2026-02-04 13:02:56 --> Session: Class initialized using 'CodeIgniter\Session\Handlers\FileHandler' driver.
INFO - 2026-02-04 13:03:31 --> Session: Class initialized using 'CodeIgniter\Session\Handlers\FileHandler' driver.
INFO - 2026-02-04 13:03:32 --> Session: Class initialized using 'CodeIgniter\Session\Handlers\FileHandler' driver.
INFO - 2026-02-04 13:03:32 --> Session: Class initialized using 'CodeIgniter\Session\Handlers\FileHandler' driver.
INFO - 2026-02-04 13:03:32 --> Session: Class initialized using 'CodeIgniter\Session\Handlers\FileHandler' driver.
INFO - 2026-02-04 13:04:25 --> Session: Class initialized using 'CodeIgniter\Session\Handlers\FileHandler' driver.
INFO - 2026-02-04 13:04:35 --> Session: Class initialized using 'CodeIgniter\Session\Handlers\FileHandler' driver.
INFO - 2026-02-04 13:07:54 --> Session: Class initialized using 'CodeIgniter\Session\Handlers\FileHandler' driver.
INFO - 2026-02-04 13:07:54 --> Session: Class initialized using 'CodeIgniter\Session\Handlers\FileHandler' driver.
INFO - 2026-02-04 13:07:54 --> Session: Class initialized using 'CodeIgniter\Session\Handlers\FileHandler' driver.
INFO - 2026-02-04 13:07:59 --> Session: Class initialized using 'CodeIgniter\Session\Handlers\FileHandler' driver.
INFO - 2026-02-04 13:07:59 --> Session: Class initialized using 'CodeIgniter\Session\Handlers\FileHandler' driver.
INFO - 2026-02-04 13:08:00 --> Session: Class initialized using 'CodeIgniter\Session\Handlers\FileHandler' driver.
INFO - 2026-02-04 13:08:15 --> Session: Class initialized using 'CodeIgniter\Session\Handlers\FileHandler' driver.
INFO - 2026-02-04 13:14:01 --> Session: Class initialized using 'CodeIgniter\Session\Handlers\FileHandler' driver.
INFO - 2026-02-04 13:14:06 --> Session: Class initialized using 'CodeIgniter\Session\Handlers\FileHandler' driver.
INFO - 2026-02-04 13:14:32 --> Session: Class initialized using 'CodeIgniter\Session\Handlers\FileHandler' driver.
INFO - 2026-02-04 13:14:41 --> Session: Class initialized using 'CodeIgniter\Session\Handlers\FileHandler' driver.
INFO - 2026-02-04 13:14:54 --> Session: Class initialized using 'CodeIgniter\Session\Handlers\FileHandler' driver.
INFO - 2026-02-04 13:15:02 --> Session: Class initialized using 'CodeIgniter\Session\Handlers\FileHandler' driver.
INFO - 2026-02-04 13:15:18 --> Session: Class initialized using 'CodeIgniter\Session\Handlers\FileHandler' driver.
INFO - 2026-02-04 13:15:25 --> Session: Class initialized using 'CodeIgniter\Session\Handlers\FileHandler' driver.
INFO - 2026-02-04 13:19:32 --> Session: Class initialized using 'CodeIgniter\Session\Handlers\FileHandler' driver.
INFO - 2026-02-04 13:19:36 --> Session: Class initialized using 'CodeIgniter\Session\Handlers\FileHandler' driver.
INFO - 2026-02-04 13:23:48 --> Session: Class initialized using 'CodeIgniter\Session\Handlers\FileHandler' driver.
INFO - 2026-02-04 13:23:55 --> Session: Class initialized using 'CodeIgniter\Session\Handlers\FileHandler' driver.
INFO - 2026-02-04 13:24:51 --> Session: Class initialized using 'CodeIgniter\Session\Handlers\FileHandler' driver.
INFO - 2026-02-04 13:25:04 --> Session: Class initialized using 'CodeIgniter\Session\Handlers\FileHandler' driver.
INFO - 2026-02-04 13:25:12 --> Session: Class initialized using 'CodeIgniter\Session\Handlers\FileHandler' driver.
INFO - 2026-02-04 13:28:01 --> Session: Class initialized using 'CodeIgniter\Session\Handlers\FileHandler' driver.
INFO - 2026-02-04 13:28:08 --> Session: Class initialized using 'CodeIgniter\Session\Handlers\FileHandler' driver.
