CRITICAL - 2026-06-23 13:18:52 --> ErrorException: Undefined array key "id_tipo_horario"
in APPPATH\Controllers\Horarios.php on line 398.
 1 APPPATH\Controllers\Horarios.php(398): CodeIgniter\Debug\Exceptions->errorHandler(2, 'Undefined array key "id_tipo_horario"', 'C:\\Proyectos\\reservalo2.0\\app\\Controllers\\Horarios.php', 398)
 2 SYSTEMPATH\CodeIgniter.php(941): App\Controllers\Horarios->editarHorario()
 3 SYSTEMPATH\CodeIgniter.php(502): CodeIgniter\CodeIgniter->runController(Object(App\Controllers\Horarios))
 4 SYSTEMPATH\CodeIgniter.php(361): CodeIgniter\CodeIgniter->handleRequest(null, Object(Config\Cache), false)
 5 FCPATH\index.php(79): CodeIgniter\CodeIgniter->run()
CRITICAL - 2026-06-23 13:21:17 --> ErrorException: Undefined array key "id_tipo_horario"
in APPPATH\Controllers\Horarios.php on line 398.
 1 APPPATH\Controllers\Horarios.php(398): CodeIgniter\Debug\Exceptions->errorHandler(2, 'Undefined array key "id_tipo_horario"', 'C:\\Proyectos\\reservalo2.0\\app\\Controllers\\Horarios.php', 398)
 2 SYSTEMPATH\CodeIgniter.php(941): App\Controllers\Horarios->editarHorario()
 3 SYSTEMPATH\CodeIgniter.php(502): CodeIgniter\CodeIgniter->runController(Object(App\Controllers\Horarios))
 4 SYSTEMPATH\CodeIgniter.php(361): CodeIgniter\CodeIgniter->handleRequest(null, Object(Config\Cache), false)
 5 FCPATH\index.php(79): CodeIgniter\CodeIgniter->run()
ERROR - 2026-06-23 13:25:17 --> mysqli_sql_exception: Unknown column 'tipo_horario.nombre' in 'field list' in C:\Proyectos\reservalo2.0\system\Database\MySQLi\Connection.php:306
Stack trace:
#0 C:\Proyectos\reservalo2.0\system\Database\MySQLi\Connection.php(306): mysqli->query('SELECT DISTINCT...', 0)
#1 C:\Proyectos\reservalo2.0\system\Database\BaseConnection.php(693): CodeIgniter\Database\MySQLi\Connection->execute('SELECT DISTINCT...')
#2 C:\Proyectos\reservalo2.0\system\Database\BaseConnection.php(607): CodeIgniter\Database\BaseConnection->simpleQuery('SELECT DISTINCT...')
#3 C:\Proyectos\reservalo2.0\system\Database\BaseBuilder.php(1616): CodeIgniter\Database\BaseConnection->query('SELECT DISTINCT...', Array, false)
#4 C:\Proyectos\reservalo2.0\app\Models\horariosModel.php(437): CodeIgniter\Database\BaseBuilder->get()
#5 C:\Proyectos\reservalo2.0\app\Controllers\Horarios.php(390): App\Models\horariosModel->hayExcepcionExcepcion(135, 42)
#6 C:\Proyectos\reservalo2.0\system\CodeIgniter.php(941): App\Controllers\Horarios->editarHorario()
#7 C:\Proyectos\reservalo2.0\system\CodeIgniter.php(502): CodeIgniter\CodeIgniter->runController(Object(App\Controllers\Horarios))
#8 C:\Proyectos\reservalo2.0\system\CodeIgniter.php(361): CodeIgniter\CodeIgniter->handleRequest(NULL, Object(Config\Cache), false)
#9 C:\Proyectos\reservalo2.0\index.php(79): CodeIgniter\CodeIgniter->run()
#10 {main}
CRITICAL - 2026-06-23 13:25:17 --> CodeIgniter\Database\Exceptions\DatabaseException: Unknown column 'tipo_horario.nombre' in 'field list'
in SYSTEMPATH\Database\BaseConnection.php on line 647.
 1 SYSTEMPATH\Database\BaseBuilder.php(1616): CodeIgniter\Database\BaseConnection->query('SELECT DISTINCT `tipo_horario`.`nombre`, `tipo_horario`.`id_tipo_horario`, `excepciones_horario`.`id_tipo_horario_excepcion`, `excepciones_horario`.`id_excepciones_horario`
FROM `excepciones_horario`
WHERE `id_tipo_horario_excepcion` = :id_tipo_horario_excepcion:
AND `id_instalacion` = :id_instalacion:', [...], false)
 2 APPPATH\Models\horariosModel.php(437): CodeIgniter\Database\BaseBuilder->get()
 3 APPPATH\Controllers\Horarios.php(390): App\Models\horariosModel->hayExcepcionExcepcion(135, 42)
 4 SYSTEMPATH\CodeIgniter.php(941): App\Controllers\Horarios->editarHorario()
 5 SYSTEMPATH\CodeIgniter.php(502): CodeIgniter\CodeIgniter->runController(Object(App\Controllers\Horarios))
 6 SYSTEMPATH\CodeIgniter.php(361): CodeIgniter\CodeIgniter->handleRequest(null, Object(Config\Cache), false)
 7 FCPATH\index.php(79): CodeIgniter\CodeIgniter->run()
CRITICAL - 2026-06-23 13:25:17 --> [Caused by] CodeIgniter\Database\Exceptions\DatabaseException: Unknown column 'tipo_horario.nombre' in 'field list'
in SYSTEMPATH\Database\MySQLi\Connection.php on line 311.
 1 SYSTEMPATH\Database\BaseConnection.php(693): CodeIgniter\Database\MySQLi\Connection->execute('SELECT DISTINCT `tipo_horario`.`nombre`, `tipo_horario`.`id_tipo_horario`, `excepciones_horario`.`id_tipo_horario_excepcion`, `excepciones_horario`.`id_excepciones_horario`
FROM `excepciones_horario`
WHERE `id_tipo_horario_excepcion` = 135
AND `id_instalacion` = 42')
 2 SYSTEMPATH\Database\BaseConnection.php(607): CodeIgniter\Database\BaseConnection->simpleQuery('SELECT DISTINCT `tipo_horario`.`nombre`, `tipo_horario`.`id_tipo_horario`, `excepciones_horario`.`id_tipo_horario_excepcion`, `excepciones_horario`.`id_excepciones_horario`
FROM `excepciones_horario`
WHERE `id_tipo_horario_excepcion` = 135
AND `id_instalacion` = 42')
 3 SYSTEMPATH\Database\BaseBuilder.php(1616): CodeIgniter\Database\BaseConnection->query('SELECT DISTINCT `tipo_horario`.`nombre`, `tipo_horario`.`id_tipo_horario`, `excepciones_horario`.`id_tipo_horario_excepcion`, `excepciones_horario`.`id_excepciones_horario`
FROM `excepciones_horario`
WHERE `id_tipo_horario_excepcion` = :id_tipo_horario_excepcion:
AND `id_instalacion` = :id_instalacion:', [...], false)
 4 APPPATH\Models\horariosModel.php(437): CodeIgniter\Database\BaseBuilder->get()
 5 APPPATH\Controllers\Horarios.php(390): App\Models\horariosModel->hayExcepcionExcepcion(135, 42)
 6 SYSTEMPATH\CodeIgniter.php(941): App\Controllers\Horarios->editarHorario()
 7 SYSTEMPATH\CodeIgniter.php(502): CodeIgniter\CodeIgniter->runController(Object(App\Controllers\Horarios))
 8 SYSTEMPATH\CodeIgniter.php(361): CodeIgniter\CodeIgniter->handleRequest(null, Object(Config\Cache), false)
 9 FCPATH\index.php(79): CodeIgniter\CodeIgniter->run()
CRITICAL - 2026-06-23 13:25:17 --> [Caused by] mysqli_sql_exception: Unknown column 'tipo_horario.nombre' in 'field list'
in SYSTEMPATH\Database\MySQLi\Connection.php on line 306.
 1 SYSTEMPATH\Database\MySQLi\Connection.php(306): mysqli->query('SELECT DISTINCT `tipo_horario`.`nombre`, `tipo_horario`.`id_tipo_horario`, `excepciones_horario`.`id_tipo_horario_excepcion`, `excepciones_horario`.`id_excepciones_horario`
FROM `excepciones_horario`
WHERE `id_tipo_horario_excepcion` = 135
AND `id_instalacion` = 42', 0)
 2 SYSTEMPATH\Database\BaseConnection.php(693): CodeIgniter\Database\MySQLi\Connection->execute('SELECT DISTINCT `tipo_horario`.`nombre`, `tipo_horario`.`id_tipo_horario`, `excepciones_horario`.`id_tipo_horario_excepcion`, `excepciones_horario`.`id_excepciones_horario`
FROM `excepciones_horario`
WHERE `id_tipo_horario_excepcion` = 135
AND `id_instalacion` = 42')
 3 SYSTEMPATH\Database\BaseConnection.php(607): CodeIgniter\Database\BaseConnection->simpleQuery('SELECT DISTINCT `tipo_horario`.`nombre`, `tipo_horario`.`id_tipo_horario`, `excepciones_horario`.`id_tipo_horario_excepcion`, `excepciones_horario`.`id_excepciones_horario`
FROM `excepciones_horario`
WHERE `id_tipo_horario_excepcion` = 135
AND `id_instalacion` = 42')
 4 SYSTEMPATH\Database\BaseBuilder.php(1616): CodeIgniter\Database\BaseConnection->query('SELECT DISTINCT `tipo_horario`.`nombre`, `tipo_horario`.`id_tipo_horario`, `excepciones_horario`.`id_tipo_horario_excepcion`, `excepciones_horario`.`id_excepciones_horario`
FROM `excepciones_horario`
WHERE `id_tipo_horario_excepcion` = :id_tipo_horario_excepcion:
AND `id_instalacion` = :id_instalacion:', [...], false)
 5 APPPATH\Models\horariosModel.php(437): CodeIgniter\Database\BaseBuilder->get()
 6 APPPATH\Controllers\Horarios.php(390): App\Models\horariosModel->hayExcepcionExcepcion(135, 42)
 7 SYSTEMPATH\CodeIgniter.php(941): App\Controllers\Horarios->editarHorario()
 8 SYSTEMPATH\CodeIgniter.php(502): CodeIgniter\CodeIgniter->runController(Object(App\Controllers\Horarios))
 9 SYSTEMPATH\CodeIgniter.php(361): CodeIgniter\CodeIgniter->handleRequest(null, Object(Config\Cache), false)
10 FCPATH\index.php(79): CodeIgniter\CodeIgniter->run()
ERROR - 2026-06-23 13:27:11 --> mysqli_sql_exception: Unknown column 'tipo_horario.nombre' in 'field list' in C:\Proyectos\reservalo2.0\system\Database\MySQLi\Connection.php:306
Stack trace:
#0 C:\Proyectos\reservalo2.0\system\Database\MySQLi\Connection.php(306): mysqli->query('SELECT DISTINCT...', 0)
#1 C:\Proyectos\reservalo2.0\system\Database\BaseConnection.php(693): CodeIgniter\Database\MySQLi\Connection->execute('SELECT DISTINCT...')
#2 C:\Proyectos\reservalo2.0\system\Database\BaseConnection.php(607): CodeIgniter\Database\BaseConnection->simpleQuery('SELECT DISTINCT...')
#3 C:\Proyectos\reservalo2.0\system\Database\BaseBuilder.php(1616): CodeIgniter\Database\BaseConnection->query('SELECT DISTINCT...', Array, false)
#4 C:\Proyectos\reservalo2.0\app\Models\horariosModel.php(437): CodeIgniter\Database\BaseBuilder->get()
#5 C:\Proyectos\reservalo2.0\app\Controllers\Horarios.php(390): App\Models\horariosModel->hayExcepcionExcepcion(135, 42)
#6 C:\Proyectos\reservalo2.0\system\CodeIgniter.php(941): App\Controllers\Horarios->editarHorario()
#7 C:\Proyectos\reservalo2.0\system\CodeIgniter.php(502): CodeIgniter\CodeIgniter->runController(Object(App\Controllers\Horarios))
#8 C:\Proyectos\reservalo2.0\system\CodeIgniter.php(361): CodeIgniter\CodeIgniter->handleRequest(NULL, Object(Config\Cache), false)
#9 C:\Proyectos\reservalo2.0\index.php(79): CodeIgniter\CodeIgniter->run()
#10 {main}
CRITICAL - 2026-06-23 13:27:21 --> CodeIgniter\Database\Exceptions\DatabaseException: Unknown column 'tipo_horario.nombre' in 'field list'
in SYSTEMPATH\Database\BaseConnection.php on line 647.
 1 SYSTEMPATH\Database\BaseBuilder.php(1616): CodeIgniter\Database\BaseConnection->query('SELECT DISTINCT `tipo_horario`.`nombre`, `tipo_horario`.`id_tipo_horario`, `excepciones_horario`.`id_tipo_horario_excepcion`, `excepciones_horario`.`id_excepciones_horario`
FROM `excepciones_horario`
WHERE `id_tipo_horario_excepcion` = :id_tipo_horario_excepcion:
AND `id_instalacion` = :id_instalacion:', [...], false)
 2 APPPATH\Models\horariosModel.php(437): CodeIgniter\Database\BaseBuilder->get()
 3 APPPATH\Controllers\Horarios.php(390): App\Models\horariosModel->hayExcepcionExcepcion(135, 42)
 4 SYSTEMPATH\CodeIgniter.php(941): App\Controllers\Horarios->editarHorario()
 5 SYSTEMPATH\CodeIgniter.php(502): CodeIgniter\CodeIgniter->runController(Object(App\Controllers\Horarios))
 6 SYSTEMPATH\CodeIgniter.php(361): CodeIgniter\CodeIgniter->handleRequest(null, Object(Config\Cache), false)
 7 FCPATH\index.php(79): CodeIgniter\CodeIgniter->run()
CRITICAL - 2026-06-23 13:27:21 --> [Caused by] CodeIgniter\Database\Exceptions\DatabaseException: Unknown column 'tipo_horario.nombre' in 'field list'
in SYSTEMPATH\Database\MySQLi\Connection.php on line 311.
 1 SYSTEMPATH\Database\BaseConnection.php(693): CodeIgniter\Database\MySQLi\Connection->execute('SELECT DISTINCT `tipo_horario`.`nombre`, `tipo_horario`.`id_tipo_horario`, `excepciones_horario`.`id_tipo_horario_excepcion`, `excepciones_horario`.`id_excepciones_horario`
FROM `excepciones_horario`
WHERE `id_tipo_horario_excepcion` = 135
AND `id_instalacion` = 42')
 2 SYSTEMPATH\Database\BaseConnection.php(607): CodeIgniter\Database\BaseConnection->simpleQuery('SELECT DISTINCT `tipo_horario`.`nombre`, `tipo_horario`.`id_tipo_horario`, `excepciones_horario`.`id_tipo_horario_excepcion`, `excepciones_horario`.`id_excepciones_horario`
FROM `excepciones_horario`
WHERE `id_tipo_horario_excepcion` = 135
AND `id_instalacion` = 42')
 3 SYSTEMPATH\Database\BaseBuilder.php(1616): CodeIgniter\Database\BaseConnection->query('SELECT DISTINCT `tipo_horario`.`nombre`, `tipo_horario`.`id_tipo_horario`, `excepciones_horario`.`id_tipo_horario_excepcion`, `excepciones_horario`.`id_excepciones_horario`
FROM `excepciones_horario`
WHERE `id_tipo_horario_excepcion` = :id_tipo_horario_excepcion:
AND `id_instalacion` = :id_instalacion:', [...], false)
 4 APPPATH\Models\horariosModel.php(437): CodeIgniter\Database\BaseBuilder->get()
 5 APPPATH\Controllers\Horarios.php(390): App\Models\horariosModel->hayExcepcionExcepcion(135, 42)
 6 SYSTEMPATH\CodeIgniter.php(941): App\Controllers\Horarios->editarHorario()
 7 SYSTEMPATH\CodeIgniter.php(502): CodeIgniter\CodeIgniter->runController(Object(App\Controllers\Horarios))
 8 SYSTEMPATH\CodeIgniter.php(361): CodeIgniter\CodeIgniter->handleRequest(null, Object(Config\Cache), false)
 9 FCPATH\index.php(79): CodeIgniter\CodeIgniter->run()
CRITICAL - 2026-06-23 13:27:21 --> [Caused by] mysqli_sql_exception: Unknown column 'tipo_horario.nombre' in 'field list'
in SYSTEMPATH\Database\MySQLi\Connection.php on line 306.
 1 SYSTEMPATH\Database\MySQLi\Connection.php(306): mysqli->query('SELECT DISTINCT `tipo_horario`.`nombre`, `tipo_horario`.`id_tipo_horario`, `excepciones_horario`.`id_tipo_horario_excepcion`, `excepciones_horario`.`id_excepciones_horario`
FROM `excepciones_horario`
WHERE `id_tipo_horario_excepcion` = 135
AND `id_instalacion` = 42', 0)
 2 SYSTEMPATH\Database\BaseConnection.php(693): CodeIgniter\Database\MySQLi\Connection->execute('SELECT DISTINCT `tipo_horario`.`nombre`, `tipo_horario`.`id_tipo_horario`, `excepciones_horario`.`id_tipo_horario_excepcion`, `excepciones_horario`.`id_excepciones_horario`
FROM `excepciones_horario`
WHERE `id_tipo_horario_excepcion` = 135
AND `id_instalacion` = 42')
 3 SYSTEMPATH\Database\BaseConnection.php(607): CodeIgniter\Database\BaseConnection->simpleQuery('SELECT DISTINCT `tipo_horario`.`nombre`, `tipo_horario`.`id_tipo_horario`, `excepciones_horario`.`id_tipo_horario_excepcion`, `excepciones_horario`.`id_excepciones_horario`
FROM `excepciones_horario`
WHERE `id_tipo_horario_excepcion` = 135
AND `id_instalacion` = 42')
 4 SYSTEMPATH\Database\BaseBuilder.php(1616): CodeIgniter\Database\BaseConnection->query('SELECT DISTINCT `tipo_horario`.`nombre`, `tipo_horario`.`id_tipo_horario`, `excepciones_horario`.`id_tipo_horario_excepcion`, `excepciones_horario`.`id_excepciones_horario`
FROM `excepciones_horario`
WHERE `id_tipo_horario_excepcion` = :id_tipo_horario_excepcion:
AND `id_instalacion` = :id_instalacion:', [...], false)
 5 APPPATH\Models\horariosModel.php(437): CodeIgniter\Database\BaseBuilder->get()
 6 APPPATH\Controllers\Horarios.php(390): App\Models\horariosModel->hayExcepcionExcepcion(135, 42)
 7 SYSTEMPATH\CodeIgniter.php(941): App\Controllers\Horarios->editarHorario()
 8 SYSTEMPATH\CodeIgniter.php(502): CodeIgniter\CodeIgniter->runController(Object(App\Controllers\Horarios))
 9 SYSTEMPATH\CodeIgniter.php(361): CodeIgniter\CodeIgniter->handleRequest(null, Object(Config\Cache), false)
10 FCPATH\index.php(79): CodeIgniter\CodeIgniter->run()
ERROR - 2026-06-23 13:27:36 --> mysqli_sql_exception: Unknown column 'tipo_horario.nombre' in 'field list' in C:\Proyectos\reservalo2.0\system\Database\MySQLi\Connection.php:306
Stack trace:
#0 C:\Proyectos\reservalo2.0\system\Database\MySQLi\Connection.php(306): mysqli->query('SELECT DISTINCT...', 0)
#1 C:\Proyectos\reservalo2.0\system\Database\BaseConnection.php(693): CodeIgniter\Database\MySQLi\Connection->execute('SELECT DISTINCT...')
#2 C:\Proyectos\reservalo2.0\system\Database\BaseConnection.php(607): CodeIgniter\Database\BaseConnection->simpleQuery('SELECT DISTINCT...')
#3 C:\Proyectos\reservalo2.0\system\Database\BaseBuilder.php(1616): CodeIgniter\Database\BaseConnection->query('SELECT DISTINCT...', Array, false)
#4 C:\Proyectos\reservalo2.0\app\Models\horariosModel.php(437): CodeIgniter\Database\BaseBuilder->get()
#5 C:\Proyectos\reservalo2.0\app\Controllers\Horarios.php(390): App\Models\horariosModel->hayExcepcionExcepcion(135, 42)
#6 C:\Proyectos\reservalo2.0\system\CodeIgniter.php(941): App\Controllers\Horarios->editarHorario()
#7 C:\Proyectos\reservalo2.0\system\CodeIgniter.php(502): CodeIgniter\CodeIgniter->runController(Object(App\Controllers\Horarios))
#8 C:\Proyectos\reservalo2.0\system\CodeIgniter.php(361): CodeIgniter\CodeIgniter->handleRequest(NULL, Object(Config\Cache), false)
#9 C:\Proyectos\reservalo2.0\index.php(79): CodeIgniter\CodeIgniter->run()
#10 {main}
CRITICAL - 2026-06-23 13:28:37 --> CodeIgniter\Database\Exceptions\DatabaseException: Unknown column 'tipo_horario.nombre' in 'field list'
in SYSTEMPATH\Database\BaseConnection.php on line 647.
 1 SYSTEMPATH\Database\BaseBuilder.php(1616): CodeIgniter\Database\BaseConnection->query('SELECT DISTINCT `tipo_horario`.`nombre`, `tipo_horario`.`id_tipo_horario`, `excepciones_horario`.`id_tipo_horario_excepcion`, `excepciones_horario`.`id_excepciones_horario`
FROM `excepciones_horario`
WHERE `id_tipo_horario_excepcion` = :id_tipo_horario_excepcion:
AND `id_instalacion` = :id_instalacion:', [...], false)
 2 APPPATH\Models\horariosModel.php(437): CodeIgniter\Database\BaseBuilder->get()
 3 APPPATH\Controllers\Horarios.php(390): App\Models\horariosModel->hayExcepcionExcepcion(135, 42)
 4 SYSTEMPATH\CodeIgniter.php(941): App\Controllers\Horarios->editarHorario()
 5 SYSTEMPATH\CodeIgniter.php(502): CodeIgniter\CodeIgniter->runController(Object(App\Controllers\Horarios))
 6 SYSTEMPATH\CodeIgniter.php(361): CodeIgniter\CodeIgniter->handleRequest(null, Object(Config\Cache), false)
 7 FCPATH\index.php(79): CodeIgniter\CodeIgniter->run()
CRITICAL - 2026-06-23 13:28:37 --> [Caused by] CodeIgniter\Database\Exceptions\DatabaseException: Unknown column 'tipo_horario.nombre' in 'field list'
in SYSTEMPATH\Database\MySQLi\Connection.php on line 311.
 1 SYSTEMPATH\Database\BaseConnection.php(693): CodeIgniter\Database\MySQLi\Connection->execute('SELECT DISTINCT `tipo_horario`.`nombre`, `tipo_horario`.`id_tipo_horario`, `excepciones_horario`.`id_tipo_horario_excepcion`, `excepciones_horario`.`id_excepciones_horario`
FROM `excepciones_horario`
WHERE `id_tipo_horario_excepcion` = 135
AND `id_instalacion` = 42')
 2 SYSTEMPATH\Database\BaseConnection.php(607): CodeIgniter\Database\BaseConnection->simpleQuery('SELECT DISTINCT `tipo_horario`.`nombre`, `tipo_horario`.`id_tipo_horario`, `excepciones_horario`.`id_tipo_horario_excepcion`, `excepciones_horario`.`id_excepciones_horario`
FROM `excepciones_horario`
WHERE `id_tipo_horario_excepcion` = 135
AND `id_instalacion` = 42')
 3 SYSTEMPATH\Database\BaseBuilder.php(1616): CodeIgniter\Database\BaseConnection->query('SELECT DISTINCT `tipo_horario`.`nombre`, `tipo_horario`.`id_tipo_horario`, `excepciones_horario`.`id_tipo_horario_excepcion`, `excepciones_horario`.`id_excepciones_horario`
FROM `excepciones_horario`
WHERE `id_tipo_horario_excepcion` = :id_tipo_horario_excepcion:
AND `id_instalacion` = :id_instalacion:', [...], false)
 4 APPPATH\Models\horariosModel.php(437): CodeIgniter\Database\BaseBuilder->get()
 5 APPPATH\Controllers\Horarios.php(390): App\Models\horariosModel->hayExcepcionExcepcion(135, 42)
 6 SYSTEMPATH\CodeIgniter.php(941): App\Controllers\Horarios->editarHorario()
 7 SYSTEMPATH\CodeIgniter.php(502): CodeIgniter\CodeIgniter->runController(Object(App\Controllers\Horarios))
 8 SYSTEMPATH\CodeIgniter.php(361): CodeIgniter\CodeIgniter->handleRequest(null, Object(Config\Cache), false)
 9 FCPATH\index.php(79): CodeIgniter\CodeIgniter->run()
CRITICAL - 2026-06-23 13:28:37 --> [Caused by] mysqli_sql_exception: Unknown column 'tipo_horario.nombre' in 'field list'
in SYSTEMPATH\Database\MySQLi\Connection.php on line 306.
 1 SYSTEMPATH\Database\MySQLi\Connection.php(306): mysqli->query('SELECT DISTINCT `tipo_horario`.`nombre`, `tipo_horario`.`id_tipo_horario`, `excepciones_horario`.`id_tipo_horario_excepcion`, `excepciones_horario`.`id_excepciones_horario`
FROM `excepciones_horario`
WHERE `id_tipo_horario_excepcion` = 135
AND `id_instalacion` = 42', 0)
 2 SYSTEMPATH\Database\BaseConnection.php(693): CodeIgniter\Database\MySQLi\Connection->execute('SELECT DISTINCT `tipo_horario`.`nombre`, `tipo_horario`.`id_tipo_horario`, `excepciones_horario`.`id_tipo_horario_excepcion`, `excepciones_horario`.`id_excepciones_horario`
FROM `excepciones_horario`
WHERE `id_tipo_horario_excepcion` = 135
AND `id_instalacion` = 42')
 3 SYSTEMPATH\Database\BaseConnection.php(607): CodeIgniter\Database\BaseConnection->simpleQuery('SELECT DISTINCT `tipo_horario`.`nombre`, `tipo_horario`.`id_tipo_horario`, `excepciones_horario`.`id_tipo_horario_excepcion`, `excepciones_horario`.`id_excepciones_horario`
FROM `excepciones_horario`
WHERE `id_tipo_horario_excepcion` = 135
AND `id_instalacion` = 42')
 4 SYSTEMPATH\Database\BaseBuilder.php(1616): CodeIgniter\Database\BaseConnection->query('SELECT DISTINCT `tipo_horario`.`nombre`, `tipo_horario`.`id_tipo_horario`, `excepciones_horario`.`id_tipo_horario_excepcion`, `excepciones_horario`.`id_excepciones_horario`
FROM `excepciones_horario`
WHERE `id_tipo_horario_excepcion` = :id_tipo_horario_excepcion:
AND `id_instalacion` = :id_instalacion:', [...], false)
 5 APPPATH\Models\horariosModel.php(437): CodeIgniter\Database\BaseBuilder->get()
 6 APPPATH\Controllers\Horarios.php(390): App\Models\horariosModel->hayExcepcionExcepcion(135, 42)
 7 SYSTEMPATH\CodeIgniter.php(941): App\Controllers\Horarios->editarHorario()
 8 SYSTEMPATH\CodeIgniter.php(502): CodeIgniter\CodeIgniter->runController(Object(App\Controllers\Horarios))
 9 SYSTEMPATH\CodeIgniter.php(361): CodeIgniter\CodeIgniter->handleRequest(null, Object(Config\Cache), false)
10 FCPATH\index.php(79): CodeIgniter\CodeIgniter->run()
ERROR - 2026-06-23 13:32:54 --> Error connecting to the database: mysqli_sql_exception: No se puede establecer una conexión ya que el equipo de destino denegó expresamente dicha conexión in C:\Proyectos\reservalo2.0\system\Database\MySQLi\Connection.php:184
Stack trace:
#0 C:\Proyectos\reservalo2.0\system\Database\MySQLi\Connection.php(184): mysqli->real_connect('localhost', 'root', Object(SensitiveParameterValue), 'reservalo2', 3306, '', 0)
#1 C:\Proyectos\reservalo2.0\system\Database\BaseConnection.php(392): CodeIgniter\Database\MySQLi\Connection->connect(false)
#2 C:\Proyectos\reservalo2.0\system\Database\BaseConnection.php(575): CodeIgniter\Database\BaseConnection->initialize()
#3 C:\Proyectos\reservalo2.0\system\Database\BaseBuilder.php(1616): CodeIgniter\Database\BaseConnection->query('SELECT *\nFROM `...', Array, false)
#4 C:\Proyectos\reservalo2.0\app\Models\horariosModel.php(183): CodeIgniter\Database\BaseBuilder->get()
#5 C:\Proyectos\reservalo2.0\app\Controllers\Horarios.php(308): App\Models\horariosModel->getHorario(122)
#6 C:\Proyectos\reservalo2.0\system\CodeIgniter.php(941): App\Controllers\Horarios->getHorario()
#7 C:\Proyectos\reservalo2.0\system\CodeIgniter.php(502): CodeIgniter\CodeIgniter->runController(Object(App\Controllers\Horarios))
#8 C:\Proyectos\reservalo2.0\system\CodeIgniter.php(361): CodeIgniter\CodeIgniter->handleRequest(NULL, Object(Config\Cache), false)
#9 C:\Proyectos\reservalo2.0\index.php(79): CodeIgniter\CodeIgniter->run()
#10 {main}

Next CodeIgniter\Database\Exceptions\DatabaseException: No se puede establecer una conexión ya que el equipo de destino denegó expresamente dicha conexión in C:\Proyectos\reservalo2.0\system\Database\MySQLi\Connection.php:229
Stack trace:
#0 C:\Proyectos\reservalo2.0\system\Database\BaseConnection.php(392): CodeIgniter\Database\MySQLi\Connection->connect(false)
#1 C:\Proyectos\reservalo2.0\system\Database\BaseConnection.php(575): CodeIgniter\Database\BaseConnection->initialize()
#2 C:\Proyectos\reservalo2.0\system\Database\BaseBuilder.php(1616): CodeIgniter\Database\BaseConnection->query('SELECT *\nFROM `...', Array, false)
#3 C:\Proyectos\reservalo2.0\app\Models\horariosModel.php(183): CodeIgniter\Database\BaseBuilder->get()
#4 C:\Proyectos\reservalo2.0\app\Controllers\Horarios.php(308): App\Models\horariosModel->getHorario(122)
#5 C:\Proyectos\reservalo2.0\system\CodeIgniter.php(941): App\Controllers\Horarios->getHorario()
#6 C:\Proyectos\reservalo2.0\system\CodeIgniter.php(502): CodeIgniter\CodeIgniter->runController(Object(App\Controllers\Horarios))
#7 C:\Proyectos\reservalo2.0\system\CodeIgniter.php(361): CodeIgniter\CodeIgniter->handleRequest(NULL, Object(Config\Cache), false)
#8 C:\Proyectos\reservalo2.0\index.php(79): CodeIgniter\CodeIgniter->run()
#9 {main}
CRITICAL - 2026-06-23 13:32:54 --> CodeIgniter\Database\Exceptions\DatabaseException: Unable to connect to the database.
Main connection [MySQLi]: No se puede establecer una conexión ya que el equipo de destino denegó expresamente dicha conexión
in SYSTEMPATH\Database\BaseConnection.php on line 428.
 1 SYSTEMPATH\Database\BaseConnection.php(575): CodeIgniter\Database\BaseConnection->initialize()
 2 SYSTEMPATH\Database\BaseBuilder.php(1616): CodeIgniter\Database\BaseConnection->query('SELECT *
FROM `tipo_horario`
WHERE `id_tipo_horario` = :id_tipo_horario:', [...], false)
 3 APPPATH\Models\horariosModel.php(183): CodeIgniter\Database\BaseBuilder->get()
 4 APPPATH\Controllers\Horarios.php(308): App\Models\horariosModel->getHorario(122)
 5 SYSTEMPATH\CodeIgniter.php(941): App\Controllers\Horarios->getHorario()
 6 SYSTEMPATH\CodeIgniter.php(502): CodeIgniter\CodeIgniter->runController(Object(App\Controllers\Horarios))
 7 SYSTEMPATH\CodeIgniter.php(361): CodeIgniter\CodeIgniter->handleRequest(null, Object(Config\Cache), false)
 8 FCPATH\index.php(79): CodeIgniter\CodeIgniter->run()
ERROR - 2026-06-23 13:33:16 --> Error connecting to the database: mysqli_sql_exception: No se puede establecer una conexión ya que el equipo de destino denegó expresamente dicha conexión in C:\Proyectos\reservalo2.0\system\Database\MySQLi\Connection.php:184
Stack trace:
#0 C:\Proyectos\reservalo2.0\system\Database\MySQLi\Connection.php(184): mysqli->real_connect('localhost', 'root', Object(SensitiveParameterValue), 'reservalo2', 3306, '', 0)
#1 C:\Proyectos\reservalo2.0\system\Database\BaseConnection.php(392): CodeIgniter\Database\MySQLi\Connection->connect(false)
#2 C:\Proyectos\reservalo2.0\system\Database\BaseConnection.php(575): CodeIgniter\Database\BaseConnection->initialize()
#3 C:\Proyectos\reservalo2.0\system\Database\BaseBuilder.php(1616): CodeIgniter\Database\BaseConnection->query('SELECT *\nFROM `...', Array, false)
#4 C:\Proyectos\reservalo2.0\app\Models\horariosModel.php(183): CodeIgniter\Database\BaseBuilder->get()
#5 C:\Proyectos\reservalo2.0\app\Controllers\Horarios.php(308): App\Models\horariosModel->getHorario(122)
#6 C:\Proyectos\reservalo2.0\system\CodeIgniter.php(941): App\Controllers\Horarios->getHorario()
#7 C:\Proyectos\reservalo2.0\system\CodeIgniter.php(502): CodeIgniter\CodeIgniter->runController(Object(App\Controllers\Horarios))
#8 C:\Proyectos\reservalo2.0\system\CodeIgniter.php(361): CodeIgniter\CodeIgniter->handleRequest(NULL, Object(Config\Cache), false)
#9 C:\Proyectos\reservalo2.0\index.php(79): CodeIgniter\CodeIgniter->run()
#10 {main}

Next CodeIgniter\Database\Exceptions\DatabaseException: No se puede establecer una conexión ya que el equipo de destino denegó expresamente dicha conexión in C:\Proyectos\reservalo2.0\system\Database\MySQLi\Connection.php:229
Stack trace:
#0 C:\Proyectos\reservalo2.0\system\Database\BaseConnection.php(392): CodeIgniter\Database\MySQLi\Connection->connect(false)
#1 C:\Proyectos\reservalo2.0\system\Database\BaseConnection.php(575): CodeIgniter\Database\BaseConnection->initialize()
#2 C:\Proyectos\reservalo2.0\system\Database\BaseBuilder.php(1616): CodeIgniter\Database\BaseConnection->query('SELECT *\nFROM `...', Array, false)
#3 C:\Proyectos\reservalo2.0\app\Models\horariosModel.php(183): CodeIgniter\Database\BaseBuilder->get()
#4 C:\Proyectos\reservalo2.0\app\Controllers\Horarios.php(308): App\Models\horariosModel->getHorario(122)
#5 C:\Proyectos\reservalo2.0\system\CodeIgniter.php(941): App\Controllers\Horarios->getHorario()
#6 C:\Proyectos\reservalo2.0\system\CodeIgniter.php(502): CodeIgniter\CodeIgniter->runController(Object(App\Controllers\Horarios))
#7 C:\Proyectos\reservalo2.0\system\CodeIgniter.php(361): CodeIgniter\CodeIgniter->handleRequest(NULL, Object(Config\Cache), false)
#8 C:\Proyectos\reservalo2.0\index.php(79): CodeIgniter\CodeIgniter->run()
#9 {main}
ERROR - 2026-06-23 13:33:30 --> Error connecting to the database: mysqli_sql_exception: No se puede establecer una conexión ya que el equipo de destino denegó expresamente dicha conexión in C:\Proyectos\reservalo2.0\system\Database\MySQLi\Connection.php:184
Stack trace:
#0 C:\Proyectos\reservalo2.0\system\Database\MySQLi\Connection.php(184): mysqli->real_connect('localhost', 'root', Object(SensitiveParameterValue), 'reservalo2', 3306, '', 0)
#1 C:\Proyectos\reservalo2.0\system\Database\BaseConnection.php(392): CodeIgniter\Database\MySQLi\Connection->connect(false)
#2 C:\Proyectos\reservalo2.0\system\Database\BaseConnection.php(575): CodeIgniter\Database\BaseConnection->initialize()
#3 C:\Proyectos\reservalo2.0\system\Database\BaseBuilder.php(1616): CodeIgniter\Database\BaseConnection->query('SELECT *\nFROM `...', Array, false)
#4 C:\Proyectos\reservalo2.0\app\Models\horariosModel.php(183): CodeIgniter\Database\BaseBuilder->get()
#5 C:\Proyectos\reservalo2.0\app\Controllers\Horarios.php(308): App\Models\horariosModel->getHorario(122)
#6 C:\Proyectos\reservalo2.0\system\CodeIgniter.php(941): App\Controllers\Horarios->getHorario()
#7 C:\Proyectos\reservalo2.0\system\CodeIgniter.php(502): CodeIgniter\CodeIgniter->runController(Object(App\Controllers\Horarios))
#8 C:\Proyectos\reservalo2.0\system\CodeIgniter.php(361): CodeIgniter\CodeIgniter->handleRequest(NULL, Object(Config\Cache), false)
#9 C:\Proyectos\reservalo2.0\index.php(79): CodeIgniter\CodeIgniter->run()
#10 {main}

Next CodeIgniter\Database\Exceptions\DatabaseException: No se puede establecer una conexión ya que el equipo de destino denegó expresamente dicha conexión in C:\Proyectos\reservalo2.0\system\Database\MySQLi\Connection.php:229
Stack trace:
#0 C:\Proyectos\reservalo2.0\system\Database\BaseConnection.php(392): CodeIgniter\Database\MySQLi\Connection->connect(false)
#1 C:\Proyectos\reservalo2.0\system\Database\BaseConnection.php(575): CodeIgniter\Database\BaseConnection->initialize()
#2 C:\Proyectos\reservalo2.0\system\Database\BaseBuilder.php(1616): CodeIgniter\Database\BaseConnection->query('SELECT *\nFROM `...', Array, false)
#3 C:\Proyectos\reservalo2.0\app\Models\horariosModel.php(183): CodeIgniter\Database\BaseBuilder->get()
#4 C:\Proyectos\reservalo2.0\app\Controllers\Horarios.php(308): App\Models\horariosModel->getHorario(122)
#5 C:\Proyectos\reservalo2.0\system\CodeIgniter.php(941): App\Controllers\Horarios->getHorario()
#6 C:\Proyectos\reservalo2.0\system\CodeIgniter.php(502): CodeIgniter\CodeIgniter->runController(Object(App\Controllers\Horarios))
#7 C:\Proyectos\reservalo2.0\system\CodeIgniter.php(361): CodeIgniter\CodeIgniter->handleRequest(NULL, Object(Config\Cache), false)
#8 C:\Proyectos\reservalo2.0\index.php(79): CodeIgniter\CodeIgniter->run()
#9 {main}
CRITICAL - 2026-06-23 13:33:38 --> CodeIgniter\Database\Exceptions\DatabaseException: Unable to connect to the database.
Main connection [MySQLi]: No se puede establecer una conexión ya que el equipo de destino denegó expresamente dicha conexión
in SYSTEMPATH\Database\BaseConnection.php on line 428.
 1 SYSTEMPATH\Database\BaseConnection.php(575): CodeIgniter\Database\BaseConnection->initialize()
 2 SYSTEMPATH\Database\BaseBuilder.php(1616): CodeIgniter\Database\BaseConnection->query('SELECT *
FROM `tipo_horario`
WHERE `id_tipo_horario` = :id_tipo_horario:', [...], false)
 3 APPPATH\Models\horariosModel.php(183): CodeIgniter\Database\BaseBuilder->get()
 4 APPPATH\Controllers\Horarios.php(308): App\Models\horariosModel->getHorario(122)
 5 SYSTEMPATH\CodeIgniter.php(941): App\Controllers\Horarios->getHorario()
 6 SYSTEMPATH\CodeIgniter.php(502): CodeIgniter\CodeIgniter->runController(Object(App\Controllers\Horarios))
 7 SYSTEMPATH\CodeIgniter.php(361): CodeIgniter\CodeIgniter->handleRequest(null, Object(Config\Cache), false)
 8 FCPATH\index.php(79): CodeIgniter\CodeIgniter->run()
CRITICAL - 2026-06-23 13:33:42 --> CodeIgniter\Database\Exceptions\DatabaseException: Unable to connect to the database.
Main connection [MySQLi]: No se puede establecer una conexión ya que el equipo de destino denegó expresamente dicha conexión
in SYSTEMPATH\Database\BaseConnection.php on line 428.
 1 SYSTEMPATH\Database\BaseConnection.php(575): CodeIgniter\Database\BaseConnection->initialize()
 2 SYSTEMPATH\Database\BaseBuilder.php(1616): CodeIgniter\Database\BaseConnection->query('SELECT *
FROM `tipo_horario`
WHERE `id_tipo_horario` = :id_tipo_horario:', [...], false)
 3 APPPATH\Models\horariosModel.php(183): CodeIgniter\Database\BaseBuilder->get()
 4 APPPATH\Controllers\Horarios.php(308): App\Models\horariosModel->getHorario(122)
 5 SYSTEMPATH\CodeIgniter.php(941): App\Controllers\Horarios->getHorario()
 6 SYSTEMPATH\CodeIgniter.php(502): CodeIgniter\CodeIgniter->runController(Object(App\Controllers\Horarios))
 7 SYSTEMPATH\CodeIgniter.php(361): CodeIgniter\CodeIgniter->handleRequest(null, Object(Config\Cache), false)
 8 FCPATH\index.php(79): CodeIgniter\CodeIgniter->run()
CRITICAL - 2026-06-23 13:48:22 --> ParseError: syntax error, unexpected token "if"
in APPPATH\Controllers\Horarios.php on line 467.
 1 SYSTEMPATH\Autoloader\Autoloader.php(290): CodeIgniter\Autoloader\Autoloader->includeFile('C:\\Proyectos\\reservalo2.0\\app\\Controllers\\Horarios.php')
 2 SYSTEMPATH\Autoloader\Autoloader.php(266): CodeIgniter\Autoloader\Autoloader->loadInNamespace('App\\Controllers\\Horarios')
 3 [internal function]: CodeIgniter\Autoloader\Autoloader->loadClass('App\\Controllers\\Horarios')
 4 SYSTEMPATH\CodeIgniter.php(899): class_exists('\\App\\Controllers\\Horarios', true)
 5 SYSTEMPATH\CodeIgniter.php(489): CodeIgniter\CodeIgniter->startController()
 6 SYSTEMPATH\CodeIgniter.php(361): CodeIgniter\CodeIgniter->handleRequest(null, Object(Config\Cache), false)
 7 FCPATH\index.php(79): CodeIgniter\CodeIgniter->run()
CRITICAL - 2026-06-23 13:48:32 --> ParseError: syntax error, unexpected token "if"
in APPPATH\Controllers\Horarios.php on line 467.
 1 SYSTEMPATH\Autoloader\Autoloader.php(290): CodeIgniter\Autoloader\Autoloader->includeFile('C:\\Proyectos\\reservalo2.0\\app\\Controllers\\Horarios.php')
 2 SYSTEMPATH\Autoloader\Autoloader.php(266): CodeIgniter\Autoloader\Autoloader->loadInNamespace('App\\Controllers\\Horarios')
 3 [internal function]: CodeIgniter\Autoloader\Autoloader->loadClass('App\\Controllers\\Horarios')
 4 SYSTEMPATH\CodeIgniter.php(899): class_exists('\\App\\Controllers\\Horarios', true)
 5 SYSTEMPATH\CodeIgniter.php(489): CodeIgniter\CodeIgniter->startController()
 6 SYSTEMPATH\CodeIgniter.php(361): CodeIgniter\CodeIgniter->handleRequest(null, Object(Config\Cache), false)
 7 FCPATH\index.php(79): CodeIgniter\CodeIgniter->run()
CRITICAL - 2026-06-23 15:20:20 --> CodeIgniter\Database\Exceptions\DatabaseException: Deletes are not allowed unless they contain a "where" or "like" clause.
in SYSTEMPATH\Database\BaseBuilder.php on line 2763.
 1 APPPATH\Models\horariosModel.php(397): CodeIgniter\Database\BaseBuilder->delete()
 2 APPPATH\Controllers\Horarios.php(524): App\Models\horariosModel->borrarExcepcionFechaSola('17/8/2026', 42)
 3 SYSTEMPATH\CodeIgniter.php(941): App\Controllers\Horarios->cambiarHorariosSeleccionados()
 4 SYSTEMPATH\CodeIgniter.php(502): CodeIgniter\CodeIgniter->runController(Object(App\Controllers\Horarios))
 5 SYSTEMPATH\CodeIgniter.php(361): CodeIgniter\CodeIgniter->handleRequest(null, Object(Config\Cache), false)
 6 FCPATH\index.php(79): CodeIgniter\CodeIgniter->run()
CRITICAL - 2026-06-23 15:22:24 --> CodeIgniter\Database\Exceptions\DatabaseException: Deletes are not allowed unless they contain a "where" or "like" clause.
in SYSTEMPATH\Database\BaseBuilder.php on line 2763.
 1 APPPATH\Models\horariosModel.php(397): CodeIgniter\Database\BaseBuilder->delete()
 2 APPPATH\Controllers\Horarios.php(524): App\Models\horariosModel->borrarExcepcionFechaSola('17/8/2026', 42)
 3 SYSTEMPATH\CodeIgniter.php(941): App\Controllers\Horarios->cambiarHorariosSeleccionados()
 4 SYSTEMPATH\CodeIgniter.php(502): CodeIgniter\CodeIgniter->runController(Object(App\Controllers\Horarios))
 5 SYSTEMPATH\CodeIgniter.php(361): CodeIgniter\CodeIgniter->handleRequest(null, Object(Config\Cache), false)
 6 FCPATH\index.php(79): CodeIgniter\CodeIgniter->run()
CRITICAL - 2026-06-23 15:23:01 --> CodeIgniter\Database\Exceptions\DatabaseException: Deletes are not allowed unless they contain a "where" or "like" clause.
in SYSTEMPATH\Database\BaseBuilder.php on line 2763.
 1 APPPATH\Models\horariosModel.php(397): CodeIgniter\Database\BaseBuilder->delete()
 2 APPPATH\Controllers\Horarios.php(524): App\Models\horariosModel->borrarExcepcionFechaSola('17/8/2026', 42)
 3 SYSTEMPATH\CodeIgniter.php(941): App\Controllers\Horarios->cambiarHorariosSeleccionados()
 4 SYSTEMPATH\CodeIgniter.php(502): CodeIgniter\CodeIgniter->runController(Object(App\Controllers\Horarios))
 5 SYSTEMPATH\CodeIgniter.php(361): CodeIgniter\CodeIgniter->handleRequest(null, Object(Config\Cache), false)
 6 FCPATH\index.php(79): CodeIgniter\CodeIgniter->run()
CRITICAL - 2026-06-23 15:23:26 --> CodeIgniter\Database\Exceptions\DatabaseException: Deletes are not allowed unless they contain a "where" or "like" clause.
in SYSTEMPATH\Database\BaseBuilder.php on line 2763.
 1 APPPATH\Models\horariosModel.php(397): CodeIgniter\Database\BaseBuilder->delete()
 2 APPPATH\Controllers\Horarios.php(524): App\Models\horariosModel->borrarExcepcionFechaSola('17/8/2026', 42)
 3 SYSTEMPATH\CodeIgniter.php(941): App\Controllers\Horarios->cambiarHorariosSeleccionados()
 4 SYSTEMPATH\CodeIgniter.php(502): CodeIgniter\CodeIgniter->runController(Object(App\Controllers\Horarios))
 5 SYSTEMPATH\CodeIgniter.php(361): CodeIgniter\CodeIgniter->handleRequest(null, Object(Config\Cache), false)
 6 FCPATH\index.php(79): CodeIgniter\CodeIgniter->run()
CRITICAL - 2026-06-23 15:24:39 --> CodeIgniter\Database\Exceptions\DatabaseException: Deletes are not allowed unless they contain a "where" or "like" clause.
in SYSTEMPATH\Database\BaseBuilder.php on line 2763.
 1 APPPATH\Models\horariosModel.php(397): CodeIgniter\Database\BaseBuilder->delete()
 2 APPPATH\Controllers\Horarios.php(524): App\Models\horariosModel->borrarExcepcionFechaSola('17/8/2026', 42)
 3 SYSTEMPATH\CodeIgniter.php(941): App\Controllers\Horarios->cambiarHorariosSeleccionados()
 4 SYSTEMPATH\CodeIgniter.php(502): CodeIgniter\CodeIgniter->runController(Object(App\Controllers\Horarios))
 5 SYSTEMPATH\CodeIgniter.php(361): CodeIgniter\CodeIgniter->handleRequest(null, Object(Config\Cache), false)
 6 FCPATH\index.php(79): CodeIgniter\CodeIgniter->run()
CRITICAL - 2026-06-23 15:26:05 --> CodeIgniter\Database\Exceptions\DatabaseException: Deletes are not allowed unless they contain a "where" or "like" clause.
in SYSTEMPATH\Database\BaseBuilder.php on line 2763.
 1 APPPATH\Models\horariosModel.php(400): CodeIgniter\Database\BaseBuilder->delete()
 2 APPPATH\Controllers\Horarios.php(524): App\Models\horariosModel->borrarExcepcionFechaSola('17/8/2026', 42)
 3 SYSTEMPATH\CodeIgniter.php(941): App\Controllers\Horarios->cambiarHorariosSeleccionados()
 4 SYSTEMPATH\CodeIgniter.php(502): CodeIgniter\CodeIgniter->runController(Object(App\Controllers\Horarios))
 5 SYSTEMPATH\CodeIgniter.php(361): CodeIgniter\CodeIgniter->handleRequest(null, Object(Config\Cache), false)
 6 FCPATH\index.php(79): CodeIgniter\CodeIgniter->run()
CRITICAL - 2026-06-23 15:28:36 --> CodeIgniter\Database\Exceptions\DatabaseException: Deletes are not allowed unless they contain a "where" or "like" clause.
in SYSTEMPATH\Database\BaseBuilder.php on line 2763.
 1 APPPATH\Models\horariosModel.php(399): CodeIgniter\Database\BaseBuilder->delete()
 2 APPPATH\Controllers\Horarios.php(524): App\Models\horariosModel->borrarExcepcionFechaSola('17/8/2026', 42)
 3 SYSTEMPATH\CodeIgniter.php(941): App\Controllers\Horarios->cambiarHorariosSeleccionados()
 4 SYSTEMPATH\CodeIgniter.php(502): CodeIgniter\CodeIgniter->runController(Object(App\Controllers\Horarios))
 5 SYSTEMPATH\CodeIgniter.php(361): CodeIgniter\CodeIgniter->handleRequest(null, Object(Config\Cache), false)
 6 FCPATH\index.php(79): CodeIgniter\CodeIgniter->run()
CRITICAL - 2026-06-23 15:31:06 --> CodeIgniter\Database\Exceptions\DatabaseException: Deletes are not allowed unless they contain a "where" or "like" clause.
in SYSTEMPATH\Database\BaseBuilder.php on line 2763.
 1 APPPATH\Models\horariosModel.php(399): CodeIgniter\Database\BaseBuilder->delete()
 2 APPPATH\Controllers\Horarios.php(524): App\Models\horariosModel->borrarExcepcionFechaSola('17/8/2026', 42)
 3 SYSTEMPATH\CodeIgniter.php(941): App\Controllers\Horarios->cambiarHorariosSeleccionados()
 4 SYSTEMPATH\CodeIgniter.php(502): CodeIgniter\CodeIgniter->runController(Object(App\Controllers\Horarios))
 5 SYSTEMPATH\CodeIgniter.php(361): CodeIgniter\CodeIgniter->handleRequest(null, Object(Config\Cache), false)
 6 FCPATH\index.php(79): CodeIgniter\CodeIgniter->run()
CRITICAL - 2026-06-23 15:50:18 --> ErrorException: Undefined array key "horarioAntiguo "
in APPPATH\Controllers\Horarios.php on line 524.
 1 APPPATH\Controllers\Horarios.php(524): CodeIgniter\Debug\Exceptions->errorHandler(2, 'Undefined array key "horarioAntiguo "', 'C:\\Proyectos\\reservalo2.0\\app\\Controllers\\Horarios.php', 524)
 2 SYSTEMPATH\CodeIgniter.php(941): App\Controllers\Horarios->cambiarHorariosSeleccionados()
 3 SYSTEMPATH\CodeIgniter.php(502): CodeIgniter\CodeIgniter->runController(Object(App\Controllers\Horarios))
 4 SYSTEMPATH\CodeIgniter.php(361): CodeIgniter\CodeIgniter->handleRequest(null, Object(Config\Cache), false)
 5 FCPATH\index.php(79): CodeIgniter\CodeIgniter->run()
CRITICAL - 2026-06-23 15:51:09 --> ErrorException: Undefined array key "horarioAntiguo "
in APPPATH\Controllers\Horarios.php on line 524.
 1 APPPATH\Controllers\Horarios.php(524): CodeIgniter\Debug\Exceptions->errorHandler(2, 'Undefined array key "horarioAntiguo "', 'C:\\Proyectos\\reservalo2.0\\app\\Controllers\\Horarios.php', 524)
 2 SYSTEMPATH\CodeIgniter.php(941): App\Controllers\Horarios->cambiarHorariosSeleccionados()
 3 SYSTEMPATH\CodeIgniter.php(502): CodeIgniter\CodeIgniter->runController(Object(App\Controllers\Horarios))
 4 SYSTEMPATH\CodeIgniter.php(361): CodeIgniter\CodeIgniter->handleRequest(null, Object(Config\Cache), false)
 5 FCPATH\index.php(79): CodeIgniter\CodeIgniter->run()
CRITICAL - 2026-06-23 22:05:41 --> ParseError: syntax error, unexpected token "if"
in APPPATH\Controllers\Horarios.php on line 528.
 1 SYSTEMPATH\Autoloader\Autoloader.php(290): CodeIgniter\Autoloader\Autoloader->includeFile('C:\\Proyectos\\reservalo2.0\\app\\Controllers\\Horarios.php')
 2 SYSTEMPATH\Autoloader\Autoloader.php(266): CodeIgniter\Autoloader\Autoloader->loadInNamespace('App\\Controllers\\Horarios')
 3 [internal function]: CodeIgniter\Autoloader\Autoloader->loadClass('App\\Controllers\\Horarios')
 4 SYSTEMPATH\CodeIgniter.php(899): class_exists('\\App\\Controllers\\Horarios', true)
 5 SYSTEMPATH\CodeIgniter.php(489): CodeIgniter\CodeIgniter->startController()
 6 SYSTEMPATH\CodeIgniter.php(361): CodeIgniter\CodeIgniter->handleRequest(null, Object(Config\Cache), false)
 7 FCPATH\index.php(79): CodeIgniter\CodeIgniter->run()
