CRITICAL - 2026-06-08 16:33:48 --> ErrorException: Undefined array key "otrasInstalaciones"
in APPPATH\Controllers\Horarios.php on line 431.
 1 APPPATH\Controllers\Horarios.php(431): CodeIgniter\Debug\Exceptions->errorHandler(2, 'Undefined array key "otrasInstalaciones"', 'C:\\Proyectos\\reservalo2.0\\app\\Controllers\\Horarios.php', 431)
 2 SYSTEMPATH\CodeIgniter.php(941): App\Controllers\Horarios->borrarHorario()
 3 SYSTEMPATH\CodeIgniter.php(502): CodeIgniter\CodeIgniter->runController(Object(App\Controllers\Horarios))
 4 SYSTEMPATH\CodeIgniter.php(361): CodeIgniter\CodeIgniter->handleRequest(null, Object(Config\Cache), false)
 5 FCPATH\index.php(79): CodeIgniter\CodeIgniter->run()
CRITICAL - 2026-06-08 16:34:41 --> ErrorException: Undefined array key "otrasInstalaciones"
in APPPATH\Controllers\Horarios.php on line 431.
 1 APPPATH\Controllers\Horarios.php(431): CodeIgniter\Debug\Exceptions->errorHandler(2, 'Undefined array key "otrasInstalaciones"', 'C:\\Proyectos\\reservalo2.0\\app\\Controllers\\Horarios.php', 431)
 2 SYSTEMPATH\CodeIgniter.php(941): App\Controllers\Horarios->borrarHorario()
 3 SYSTEMPATH\CodeIgniter.php(502): CodeIgniter\CodeIgniter->runController(Object(App\Controllers\Horarios))
 4 SYSTEMPATH\CodeIgniter.php(361): CodeIgniter\CodeIgniter->handleRequest(null, Object(Config\Cache), false)
 5 FCPATH\index.php(79): CodeIgniter\CodeIgniter->run()
CRITICAL - 2026-06-08 16:35:27 --> ErrorException: Undefined array key "otrasInstalaciones"
in APPPATH\Controllers\Horarios.php on line 431.
 1 APPPATH\Controllers\Horarios.php(431): CodeIgniter\Debug\Exceptions->errorHandler(2, 'Undefined array key "otrasInstalaciones"', 'C:\\Proyectos\\reservalo2.0\\app\\Controllers\\Horarios.php', 431)
 2 SYSTEMPATH\CodeIgniter.php(941): App\Controllers\Horarios->borrarHorario()
 3 SYSTEMPATH\CodeIgniter.php(502): CodeIgniter\CodeIgniter->runController(Object(App\Controllers\Horarios))
 4 SYSTEMPATH\CodeIgniter.php(361): CodeIgniter\CodeIgniter->handleRequest(null, Object(Config\Cache), false)
 5 FCPATH\index.php(79): CodeIgniter\CodeIgniter->run()
CRITICAL - 2026-06-08 16:39:51 --> ErrorException: Undefined array key "otrasInstalaciones"
in APPPATH\Controllers\Horarios.php on line 431.
 1 APPPATH\Controllers\Horarios.php(431): CodeIgniter\Debug\Exceptions->errorHandler(2, 'Undefined array key "otrasInstalaciones"', 'C:\\Proyectos\\reservalo2.0\\app\\Controllers\\Horarios.php', 431)
 2 SYSTEMPATH\CodeIgniter.php(941): App\Controllers\Horarios->borrarHorario()
 3 SYSTEMPATH\CodeIgniter.php(502): CodeIgniter\CodeIgniter->runController(Object(App\Controllers\Horarios))
 4 SYSTEMPATH\CodeIgniter.php(361): CodeIgniter\CodeIgniter->handleRequest(null, Object(Config\Cache), false)
 5 FCPATH\index.php(79): CodeIgniter\CodeIgniter->run()
ERROR - 2026-06-08 16:52:48 --> mysqli_sql_exception: Cannot delete or update a parent row: a foreign key constraint fails (`reservalo2`.`excepciones_horario`, CONSTRAINT `FK_excepciones_horario_tipo_horario_2` FOREIGN KEY (`id_tipo_horario_excepcion`) REFERENCES `tipo_horario` (`id_tipo_horario`) ON DELETE NO ACTI) in C:\Proyectos\reservalo2.0\system\Database\MySQLi\Connection.php:306
Stack trace:
#0 C:\Proyectos\reservalo2.0\system\Database\MySQLi\Connection.php(306): mysqli->query('DELETE FROM `ti...', 0)
#1 C:\Proyectos\reservalo2.0\system\Database\BaseConnection.php(693): CodeIgniter\Database\MySQLi\Connection->execute('DELETE FROM `ti...')
#2 C:\Proyectos\reservalo2.0\system\Database\BaseConnection.php(607): CodeIgniter\Database\BaseConnection->simpleQuery('DELETE FROM `ti...')
#3 C:\Proyectos\reservalo2.0\system\Database\BaseBuilder.php(2787): CodeIgniter\Database\BaseConnection->query('DELETE FROM `ti...', Array, false)
#4 C:\Proyectos\reservalo2.0\app\Models\horariosModel.php(321): CodeIgniter\Database\BaseBuilder->delete()
#5 C:\Proyectos\reservalo2.0\app\Controllers\Horarios.php(462): App\Models\horariosModel->borrarHorario(116)
#6 C:\Proyectos\reservalo2.0\system\CodeIgniter.php(941): App\Controllers\Horarios->borrarHorario()
#7 C:\Proyectos\reservalo2.0\system\CodeIgniter.php(502): CodeIgniter\CodeIgniter->runController(Object(App\Controllers\Horarios))
#8 C:\Proyectos\reservalo2.0\system\CodeIgniter.php(361): CodeIgniter\CodeIgniter->handleRequest(NULL, Object(Config\Cache), false)
#9 C:\Proyectos\reservalo2.0\index.php(79): CodeIgniter\CodeIgniter->run()
#10 {main}
CRITICAL - 2026-06-08 16:52:49 --> CodeIgniter\Database\Exceptions\DatabaseException: Cannot delete or update a parent row: a foreign key constraint fails (`reservalo2`.`excepciones_horario`, CONSTRAINT `FK_excepciones_horario_tipo_horario_2` FOREIGN KEY (`id_tipo_horario_excepcion`) REFERENCES `tipo_horario` (`id_tipo_horario`) ON DELETE NO ACTI)
in SYSTEMPATH\Database\BaseConnection.php on line 647.
 1 SYSTEMPATH\Database\BaseBuilder.php(2787): CodeIgniter\Database\BaseConnection->query('DELETE FROM `tipo_horario`
WHERE `id_tipo_horario` = :id_tipo_horario:', [...], false)
 2 APPPATH\Models\horariosModel.php(321): CodeIgniter\Database\BaseBuilder->delete()
 3 APPPATH\Controllers\Horarios.php(462): App\Models\horariosModel->borrarHorario(116)
 4 SYSTEMPATH\CodeIgniter.php(941): App\Controllers\Horarios->borrarHorario()
 5 SYSTEMPATH\CodeIgniter.php(502): CodeIgniter\CodeIgniter->runController(Object(App\Controllers\Horarios))
 6 SYSTEMPATH\CodeIgniter.php(361): CodeIgniter\CodeIgniter->handleRequest(null, Object(Config\Cache), false)
 7 FCPATH\index.php(79): CodeIgniter\CodeIgniter->run()
CRITICAL - 2026-06-08 16:52:49 --> [Caused by] CodeIgniter\Database\Exceptions\DatabaseException: Cannot delete or update a parent row: a foreign key constraint fails (`reservalo2`.`excepciones_horario`, CONSTRAINT `FK_excepciones_horario_tipo_horario_2` FOREIGN KEY (`id_tipo_horario_excepcion`) REFERENCES `tipo_horario` (`id_tipo_horario`) ON DELETE NO ACTI)
in SYSTEMPATH\Database\MySQLi\Connection.php on line 311.
 1 SYSTEMPATH\Database\BaseConnection.php(693): CodeIgniter\Database\MySQLi\Connection->execute('DELETE FROM `tipo_horario`
WHERE `id_tipo_horario` = 116')
 2 SYSTEMPATH\Database\BaseConnection.php(607): CodeIgniter\Database\BaseConnection->simpleQuery('DELETE FROM `tipo_horario`
WHERE `id_tipo_horario` = 116')
 3 SYSTEMPATH\Database\BaseBuilder.php(2787): CodeIgniter\Database\BaseConnection->query('DELETE FROM `tipo_horario`
WHERE `id_tipo_horario` = :id_tipo_horario:', [...], false)
 4 APPPATH\Models\horariosModel.php(321): CodeIgniter\Database\BaseBuilder->delete()
 5 APPPATH\Controllers\Horarios.php(462): App\Models\horariosModel->borrarHorario(116)
 6 SYSTEMPATH\CodeIgniter.php(941): App\Controllers\Horarios->borrarHorario()
 7 SYSTEMPATH\CodeIgniter.php(502): CodeIgniter\CodeIgniter->runController(Object(App\Controllers\Horarios))
 8 SYSTEMPATH\CodeIgniter.php(361): CodeIgniter\CodeIgniter->handleRequest(null, Object(Config\Cache), false)
 9 FCPATH\index.php(79): CodeIgniter\CodeIgniter->run()
CRITICAL - 2026-06-08 16:52:49 --> [Caused by] mysqli_sql_exception: Cannot delete or update a parent row: a foreign key constraint fails (`reservalo2`.`excepciones_horario`, CONSTRAINT `FK_excepciones_horario_tipo_horario_2` FOREIGN KEY (`id_tipo_horario_excepcion`) REFERENCES `tipo_horario` (`id_tipo_horario`) ON DELETE NO ACTI)
in SYSTEMPATH\Database\MySQLi\Connection.php on line 306.
 1 SYSTEMPATH\Database\MySQLi\Connection.php(306): mysqli->query('DELETE FROM `tipo_horario`
WHERE `id_tipo_horario` = 116', 0)
 2 SYSTEMPATH\Database\BaseConnection.php(693): CodeIgniter\Database\MySQLi\Connection->execute('DELETE FROM `tipo_horario`
WHERE `id_tipo_horario` = 116')
 3 SYSTEMPATH\Database\BaseConnection.php(607): CodeIgniter\Database\BaseConnection->simpleQuery('DELETE FROM `tipo_horario`
WHERE `id_tipo_horario` = 116')
 4 SYSTEMPATH\Database\BaseBuilder.php(2787): CodeIgniter\Database\BaseConnection->query('DELETE FROM `tipo_horario`
WHERE `id_tipo_horario` = :id_tipo_horario:', [...], false)
 5 APPPATH\Models\horariosModel.php(321): CodeIgniter\Database\BaseBuilder->delete()
 6 APPPATH\Controllers\Horarios.php(462): App\Models\horariosModel->borrarHorario(116)
 7 SYSTEMPATH\CodeIgniter.php(941): App\Controllers\Horarios->borrarHorario()
 8 SYSTEMPATH\CodeIgniter.php(502): CodeIgniter\CodeIgniter->runController(Object(App\Controllers\Horarios))
 9 SYSTEMPATH\CodeIgniter.php(361): CodeIgniter\CodeIgniter->handleRequest(null, Object(Config\Cache), false)
10 FCPATH\index.php(79): CodeIgniter\CodeIgniter->run()
ERROR - 2026-06-08 16:54:04 --> mysqli_sql_exception: Cannot delete or update a parent row: a foreign key constraint fails (`reservalo2`.`excepciones_horario`, CONSTRAINT `FK_excepciones_horario_tipo_horario_2` FOREIGN KEY (`id_tipo_horario_excepcion`) REFERENCES `tipo_horario` (`id_tipo_horario`) ON DELETE NO ACTI) in C:\Proyectos\reservalo2.0\system\Database\MySQLi\Connection.php:306
Stack trace:
#0 C:\Proyectos\reservalo2.0\system\Database\MySQLi\Connection.php(306): mysqli->query('DELETE FROM `ti...', 0)
#1 C:\Proyectos\reservalo2.0\system\Database\BaseConnection.php(693): CodeIgniter\Database\MySQLi\Connection->execute('DELETE FROM `ti...')
#2 C:\Proyectos\reservalo2.0\system\Database\BaseConnection.php(607): CodeIgniter\Database\BaseConnection->simpleQuery('DELETE FROM `ti...')
#3 C:\Proyectos\reservalo2.0\system\Database\BaseBuilder.php(2787): CodeIgniter\Database\BaseConnection->query('DELETE FROM `ti...', Array, false)
#4 C:\Proyectos\reservalo2.0\app\Models\horariosModel.php(321): CodeIgniter\Database\BaseBuilder->delete()
#5 C:\Proyectos\reservalo2.0\app\Controllers\Horarios.php(462): App\Models\horariosModel->borrarHorario(116)
#6 C:\Proyectos\reservalo2.0\system\CodeIgniter.php(941): App\Controllers\Horarios->borrarHorario()
#7 C:\Proyectos\reservalo2.0\system\CodeIgniter.php(502): CodeIgniter\CodeIgniter->runController(Object(App\Controllers\Horarios))
#8 C:\Proyectos\reservalo2.0\system\CodeIgniter.php(361): CodeIgniter\CodeIgniter->handleRequest(NULL, Object(Config\Cache), false)
#9 C:\Proyectos\reservalo2.0\index.php(79): CodeIgniter\CodeIgniter->run()
#10 {main}
CRITICAL - 2026-06-08 16:54:04 --> CodeIgniter\Database\Exceptions\DatabaseException: Cannot delete or update a parent row: a foreign key constraint fails (`reservalo2`.`excepciones_horario`, CONSTRAINT `FK_excepciones_horario_tipo_horario_2` FOREIGN KEY (`id_tipo_horario_excepcion`) REFERENCES `tipo_horario` (`id_tipo_horario`) ON DELETE NO ACTI)
in SYSTEMPATH\Database\BaseConnection.php on line 647.
 1 SYSTEMPATH\Database\BaseBuilder.php(2787): CodeIgniter\Database\BaseConnection->query('DELETE FROM `tipo_horario`
WHERE `id_tipo_horario` = :id_tipo_horario:', [...], false)
 2 APPPATH\Models\horariosModel.php(321): CodeIgniter\Database\BaseBuilder->delete()
 3 APPPATH\Controllers\Horarios.php(462): App\Models\horariosModel->borrarHorario(116)
 4 SYSTEMPATH\CodeIgniter.php(941): App\Controllers\Horarios->borrarHorario()
 5 SYSTEMPATH\CodeIgniter.php(502): CodeIgniter\CodeIgniter->runController(Object(App\Controllers\Horarios))
 6 SYSTEMPATH\CodeIgniter.php(361): CodeIgniter\CodeIgniter->handleRequest(null, Object(Config\Cache), false)
 7 FCPATH\index.php(79): CodeIgniter\CodeIgniter->run()
CRITICAL - 2026-06-08 16:54:04 --> [Caused by] CodeIgniter\Database\Exceptions\DatabaseException: Cannot delete or update a parent row: a foreign key constraint fails (`reservalo2`.`excepciones_horario`, CONSTRAINT `FK_excepciones_horario_tipo_horario_2` FOREIGN KEY (`id_tipo_horario_excepcion`) REFERENCES `tipo_horario` (`id_tipo_horario`) ON DELETE NO ACTI)
in SYSTEMPATH\Database\MySQLi\Connection.php on line 311.
 1 SYSTEMPATH\Database\BaseConnection.php(693): CodeIgniter\Database\MySQLi\Connection->execute('DELETE FROM `tipo_horario`
WHERE `id_tipo_horario` = 116')
 2 SYSTEMPATH\Database\BaseConnection.php(607): CodeIgniter\Database\BaseConnection->simpleQuery('DELETE FROM `tipo_horario`
WHERE `id_tipo_horario` = 116')
 3 SYSTEMPATH\Database\BaseBuilder.php(2787): CodeIgniter\Database\BaseConnection->query('DELETE FROM `tipo_horario`
WHERE `id_tipo_horario` = :id_tipo_horario:', [...], false)
 4 APPPATH\Models\horariosModel.php(321): CodeIgniter\Database\BaseBuilder->delete()
 5 APPPATH\Controllers\Horarios.php(462): App\Models\horariosModel->borrarHorario(116)
 6 SYSTEMPATH\CodeIgniter.php(941): App\Controllers\Horarios->borrarHorario()
 7 SYSTEMPATH\CodeIgniter.php(502): CodeIgniter\CodeIgniter->runController(Object(App\Controllers\Horarios))
 8 SYSTEMPATH\CodeIgniter.php(361): CodeIgniter\CodeIgniter->handleRequest(null, Object(Config\Cache), false)
 9 FCPATH\index.php(79): CodeIgniter\CodeIgniter->run()
CRITICAL - 2026-06-08 16:54:04 --> [Caused by] mysqli_sql_exception: Cannot delete or update a parent row: a foreign key constraint fails (`reservalo2`.`excepciones_horario`, CONSTRAINT `FK_excepciones_horario_tipo_horario_2` FOREIGN KEY (`id_tipo_horario_excepcion`) REFERENCES `tipo_horario` (`id_tipo_horario`) ON DELETE NO ACTI)
in SYSTEMPATH\Database\MySQLi\Connection.php on line 306.
 1 SYSTEMPATH\Database\MySQLi\Connection.php(306): mysqli->query('DELETE FROM `tipo_horario`
WHERE `id_tipo_horario` = 116', 0)
 2 SYSTEMPATH\Database\BaseConnection.php(693): CodeIgniter\Database\MySQLi\Connection->execute('DELETE FROM `tipo_horario`
WHERE `id_tipo_horario` = 116')
 3 SYSTEMPATH\Database\BaseConnection.php(607): CodeIgniter\Database\BaseConnection->simpleQuery('DELETE FROM `tipo_horario`
WHERE `id_tipo_horario` = 116')
 4 SYSTEMPATH\Database\BaseBuilder.php(2787): CodeIgniter\Database\BaseConnection->query('DELETE FROM `tipo_horario`
WHERE `id_tipo_horario` = :id_tipo_horario:', [...], false)
 5 APPPATH\Models\horariosModel.php(321): CodeIgniter\Database\BaseBuilder->delete()
 6 APPPATH\Controllers\Horarios.php(462): App\Models\horariosModel->borrarHorario(116)
 7 SYSTEMPATH\CodeIgniter.php(941): App\Controllers\Horarios->borrarHorario()
 8 SYSTEMPATH\CodeIgniter.php(502): CodeIgniter\CodeIgniter->runController(Object(App\Controllers\Horarios))
 9 SYSTEMPATH\CodeIgniter.php(361): CodeIgniter\CodeIgniter->handleRequest(null, Object(Config\Cache), false)
10 FCPATH\index.php(79): CodeIgniter\CodeIgniter->run()
ERROR - 2026-06-08 17:04:09 --> mysqli_sql_exception: Cannot delete or update a parent row: a foreign key constraint fails (`reservalo2`.`excepciones_horario`, CONSTRAINT `FK_excepciones_horario_tipo_horario_2` FOREIGN KEY (`id_tipo_horario_excepcion`) REFERENCES `tipo_horario` (`id_tipo_horario`) ON DELETE NO ACTI) in C:\Proyectos\reservalo2.0\system\Database\MySQLi\Connection.php:306
Stack trace:
#0 C:\Proyectos\reservalo2.0\system\Database\MySQLi\Connection.php(306): mysqli->query('DELETE FROM `ti...', 0)
#1 C:\Proyectos\reservalo2.0\system\Database\BaseConnection.php(693): CodeIgniter\Database\MySQLi\Connection->execute('DELETE FROM `ti...')
#2 C:\Proyectos\reservalo2.0\system\Database\BaseConnection.php(607): CodeIgniter\Database\BaseConnection->simpleQuery('DELETE FROM `ti...')
#3 C:\Proyectos\reservalo2.0\system\Database\BaseBuilder.php(2787): CodeIgniter\Database\BaseConnection->query('DELETE FROM `ti...', Array, false)
#4 C:\Proyectos\reservalo2.0\app\Models\horariosModel.php(321): CodeIgniter\Database\BaseBuilder->delete()
#5 C:\Proyectos\reservalo2.0\app\Controllers\Horarios.php(462): App\Models\horariosModel->borrarHorario(119)
#6 C:\Proyectos\reservalo2.0\system\CodeIgniter.php(941): App\Controllers\Horarios->borrarHorario()
#7 C:\Proyectos\reservalo2.0\system\CodeIgniter.php(502): CodeIgniter\CodeIgniter->runController(Object(App\Controllers\Horarios))
#8 C:\Proyectos\reservalo2.0\system\CodeIgniter.php(361): CodeIgniter\CodeIgniter->handleRequest(NULL, Object(Config\Cache), false)
#9 C:\Proyectos\reservalo2.0\index.php(79): CodeIgniter\CodeIgniter->run()
#10 {main}
CRITICAL - 2026-06-08 17:04:42 --> CodeIgniter\Database\Exceptions\DatabaseException: Cannot delete or update a parent row: a foreign key constraint fails (`reservalo2`.`excepciones_horario`, CONSTRAINT `FK_excepciones_horario_tipo_horario_2` FOREIGN KEY (`id_tipo_horario_excepcion`) REFERENCES `tipo_horario` (`id_tipo_horario`) ON DELETE NO ACTI)
in SYSTEMPATH\Database\BaseConnection.php on line 647.
 1 SYSTEMPATH\Database\BaseBuilder.php(2787): CodeIgniter\Database\BaseConnection->query('DELETE FROM `tipo_horario`
WHERE `id_tipo_horario` = :id_tipo_horario:', [...], false)
 2 APPPATH\Models\horariosModel.php(321): CodeIgniter\Database\BaseBuilder->delete()
 3 APPPATH\Controllers\Horarios.php(462): App\Models\horariosModel->borrarHorario(119)
 4 SYSTEMPATH\CodeIgniter.php(941): App\Controllers\Horarios->borrarHorario()
 5 SYSTEMPATH\CodeIgniter.php(502): CodeIgniter\CodeIgniter->runController(Object(App\Controllers\Horarios))
 6 SYSTEMPATH\CodeIgniter.php(361): CodeIgniter\CodeIgniter->handleRequest(null, Object(Config\Cache), false)
 7 FCPATH\index.php(79): CodeIgniter\CodeIgniter->run()
CRITICAL - 2026-06-08 17:04:42 --> [Caused by] CodeIgniter\Database\Exceptions\DatabaseException: Cannot delete or update a parent row: a foreign key constraint fails (`reservalo2`.`excepciones_horario`, CONSTRAINT `FK_excepciones_horario_tipo_horario_2` FOREIGN KEY (`id_tipo_horario_excepcion`) REFERENCES `tipo_horario` (`id_tipo_horario`) ON DELETE NO ACTI)
in SYSTEMPATH\Database\MySQLi\Connection.php on line 311.
 1 SYSTEMPATH\Database\BaseConnection.php(693): CodeIgniter\Database\MySQLi\Connection->execute('DELETE FROM `tipo_horario`
WHERE `id_tipo_horario` = 119')
 2 SYSTEMPATH\Database\BaseConnection.php(607): CodeIgniter\Database\BaseConnection->simpleQuery('DELETE FROM `tipo_horario`
WHERE `id_tipo_horario` = 119')
 3 SYSTEMPATH\Database\BaseBuilder.php(2787): CodeIgniter\Database\BaseConnection->query('DELETE FROM `tipo_horario`
WHERE `id_tipo_horario` = :id_tipo_horario:', [...], false)
 4 APPPATH\Models\horariosModel.php(321): CodeIgniter\Database\BaseBuilder->delete()
 5 APPPATH\Controllers\Horarios.php(462): App\Models\horariosModel->borrarHorario(119)
 6 SYSTEMPATH\CodeIgniter.php(941): App\Controllers\Horarios->borrarHorario()
 7 SYSTEMPATH\CodeIgniter.php(502): CodeIgniter\CodeIgniter->runController(Object(App\Controllers\Horarios))
 8 SYSTEMPATH\CodeIgniter.php(361): CodeIgniter\CodeIgniter->handleRequest(null, Object(Config\Cache), false)
 9 FCPATH\index.php(79): CodeIgniter\CodeIgniter->run()
CRITICAL - 2026-06-08 17:04:42 --> [Caused by] mysqli_sql_exception: Cannot delete or update a parent row: a foreign key constraint fails (`reservalo2`.`excepciones_horario`, CONSTRAINT `FK_excepciones_horario_tipo_horario_2` FOREIGN KEY (`id_tipo_horario_excepcion`) REFERENCES `tipo_horario` (`id_tipo_horario`) ON DELETE NO ACTI)
in SYSTEMPATH\Database\MySQLi\Connection.php on line 306.
 1 SYSTEMPATH\Database\MySQLi\Connection.php(306): mysqli->query('DELETE FROM `tipo_horario`
WHERE `id_tipo_horario` = 119', 0)
 2 SYSTEMPATH\Database\BaseConnection.php(693): CodeIgniter\Database\MySQLi\Connection->execute('DELETE FROM `tipo_horario`
WHERE `id_tipo_horario` = 119')
 3 SYSTEMPATH\Database\BaseConnection.php(607): CodeIgniter\Database\BaseConnection->simpleQuery('DELETE FROM `tipo_horario`
WHERE `id_tipo_horario` = 119')
 4 SYSTEMPATH\Database\BaseBuilder.php(2787): CodeIgniter\Database\BaseConnection->query('DELETE FROM `tipo_horario`
WHERE `id_tipo_horario` = :id_tipo_horario:', [...], false)
 5 APPPATH\Models\horariosModel.php(321): CodeIgniter\Database\BaseBuilder->delete()
 6 APPPATH\Controllers\Horarios.php(462): App\Models\horariosModel->borrarHorario(119)
 7 SYSTEMPATH\CodeIgniter.php(941): App\Controllers\Horarios->borrarHorario()
 8 SYSTEMPATH\CodeIgniter.php(502): CodeIgniter\CodeIgniter->runController(Object(App\Controllers\Horarios))
 9 SYSTEMPATH\CodeIgniter.php(361): CodeIgniter\CodeIgniter->handleRequest(null, Object(Config\Cache), false)
10 FCPATH\index.php(79): CodeIgniter\CodeIgniter->run()
