CRITICAL - 2026-05-02 12:19:48 --> ErrorException: Undefined array key "instalacion"
in APPPATH\Controllers\Horarios.php on line 233.
 1 APPPATH\Controllers\Horarios.php(233): CodeIgniter\Debug\Exceptions->errorHandler(2, 'Undefined array key "instalacion"', 'C:\\Proyectos\\reservalo2.0\\app\\Controllers\\Horarios.php', 233)
 2 SYSTEMPATH\CodeIgniter.php(941): App\Controllers\Horarios->comprobarHorarios()
 3 SYSTEMPATH\CodeIgniter.php(502): CodeIgniter\CodeIgniter->runController(Object(App\Controllers\Horarios))
 4 SYSTEMPATH\CodeIgniter.php(361): CodeIgniter\CodeIgniter->handleRequest(null, Object(Config\Cache), false)
 5 FCPATH\index.php(79): CodeIgniter\CodeIgniter->run()
CRITICAL - 2026-05-02 12:19:59 --> ErrorException: Undefined array key "instalacion"
in APPPATH\Controllers\Horarios.php on line 233.
 1 APPPATH\Controllers\Horarios.php(233): CodeIgniter\Debug\Exceptions->errorHandler(2, 'Undefined array key "instalacion"', 'C:\\Proyectos\\reservalo2.0\\app\\Controllers\\Horarios.php', 233)
 2 SYSTEMPATH\CodeIgniter.php(941): App\Controllers\Horarios->comprobarHorarios()
 3 SYSTEMPATH\CodeIgniter.php(502): CodeIgniter\CodeIgniter->runController(Object(App\Controllers\Horarios))
 4 SYSTEMPATH\CodeIgniter.php(361): CodeIgniter\CodeIgniter->handleRequest(null, Object(Config\Cache), false)
 5 FCPATH\index.php(79): CodeIgniter\CodeIgniter->run()
CRITICAL - 2026-05-02 12:21:51 --> ErrorException: Undefined array key "instalacion"
in APPPATH\Controllers\Horarios.php on line 233.
 1 APPPATH\Controllers\Horarios.php(233): CodeIgniter\Debug\Exceptions->errorHandler(2, 'Undefined array key "instalacion"', 'C:\\Proyectos\\reservalo2.0\\app\\Controllers\\Horarios.php', 233)
 2 SYSTEMPATH\CodeIgniter.php(941): App\Controllers\Horarios->comprobarHorarios()
 3 SYSTEMPATH\CodeIgniter.php(502): CodeIgniter\CodeIgniter->runController(Object(App\Controllers\Horarios))
 4 SYSTEMPATH\CodeIgniter.php(361): CodeIgniter\CodeIgniter->handleRequest(null, Object(Config\Cache), false)
 5 FCPATH\index.php(79): CodeIgniter\CodeIgniter->run()
CRITICAL - 2026-05-02 12:25:54 --> ErrorException: Undefined array key "instalacion"
in APPPATH\Controllers\Horarios.php on line 233.
 1 APPPATH\Controllers\Horarios.php(233): CodeIgniter\Debug\Exceptions->errorHandler(2, 'Undefined array key "instalacion"', 'C:\\Proyectos\\reservalo2.0\\app\\Controllers\\Horarios.php', 233)
 2 SYSTEMPATH\CodeIgniter.php(941): App\Controllers\Horarios->comprobarHorarios()
 3 SYSTEMPATH\CodeIgniter.php(502): CodeIgniter\CodeIgniter->runController(Object(App\Controllers\Horarios))
 4 SYSTEMPATH\CodeIgniter.php(361): CodeIgniter\CodeIgniter->handleRequest(null, Object(Config\Cache), false)
 5 FCPATH\index.php(79): CodeIgniter\CodeIgniter->run()
CRITICAL - 2026-05-02 12:26:50 --> ErrorException: Undefined array key "instalacion"
in APPPATH\Controllers\Horarios.php on line 233.
 1 APPPATH\Controllers\Horarios.php(233): CodeIgniter\Debug\Exceptions->errorHandler(2, 'Undefined array key "instalacion"', 'C:\\Proyectos\\reservalo2.0\\app\\Controllers\\Horarios.php', 233)
 2 SYSTEMPATH\CodeIgniter.php(941): App\Controllers\Horarios->comprobarHorarios()
 3 SYSTEMPATH\CodeIgniter.php(502): CodeIgniter\CodeIgniter->runController(Object(App\Controllers\Horarios))
 4 SYSTEMPATH\CodeIgniter.php(361): CodeIgniter\CodeIgniter->handleRequest(null, Object(Config\Cache), false)
 5 FCPATH\index.php(79): CodeIgniter\CodeIgniter->run()
CRITICAL - 2026-05-02 12:31:28 --> ErrorException: Undefined array key "instalacion"
in APPPATH\Controllers\Horarios.php on line 233.
 1 APPPATH\Controllers\Horarios.php(233): CodeIgniter\Debug\Exceptions->errorHandler(2, 'Undefined array key "instalacion"', 'C:\\Proyectos\\reservalo2.0\\app\\Controllers\\Horarios.php', 233)
 2 SYSTEMPATH\CodeIgniter.php(941): App\Controllers\Horarios->comprobarHorarios()
 3 SYSTEMPATH\CodeIgniter.php(502): CodeIgniter\CodeIgniter->runController(Object(App\Controllers\Horarios))
 4 SYSTEMPATH\CodeIgniter.php(361): CodeIgniter\CodeIgniter->handleRequest(null, Object(Config\Cache), false)
 5 FCPATH\index.php(79): CodeIgniter\CodeIgniter->run()
CRITICAL - 2026-05-02 12:32:55 --> ErrorException: Undefined array key "instalacion"
in APPPATH\Controllers\Horarios.php on line 233.
 1 APPPATH\Controllers\Horarios.php(233): CodeIgniter\Debug\Exceptions->errorHandler(2, 'Undefined array key "instalacion"', 'C:\\Proyectos\\reservalo2.0\\app\\Controllers\\Horarios.php', 233)
 2 SYSTEMPATH\CodeIgniter.php(941): App\Controllers\Horarios->comprobarHorarios()
 3 SYSTEMPATH\CodeIgniter.php(502): CodeIgniter\CodeIgniter->runController(Object(App\Controllers\Horarios))
 4 SYSTEMPATH\CodeIgniter.php(361): CodeIgniter\CodeIgniter->handleRequest(null, Object(Config\Cache), false)
 5 FCPATH\index.php(79): CodeIgniter\CodeIgniter->run()
