CRITICAL - 2026-04-28 11:45:54 --> RuntimeException: Ha ocurrido un error
in APPPATH\Models\loginModel.php on line 92.
 1 APPPATH\Controllers\Login.php(134): App\Models\loginModel->buscaUsuarioPorId(25)
 2 SYSTEMPATH\CodeIgniter.php(941): App\Controllers\Login->registrarse()
 3 SYSTEMPATH\CodeIgniter.php(502): CodeIgniter\CodeIgniter->runController(Object(App\Controllers\Login))
 4 SYSTEMPATH\CodeIgniter.php(361): CodeIgniter\CodeIgniter->handleRequest(null, Object(Config\Cache), false)
 5 FCPATH\index.php(79): CodeIgniter\CodeIgniter->run()
CRITICAL - 2026-04-28 12:07:29 --> ErrorException: Ha ocurrido un error
in APPPATH\Models\loginModel.php on line 92.
 1 APPPATH\Controllers\Login.php(134): App\Models\loginModel->buscaUsuarioPorId(26)
 2 SYSTEMPATH\CodeIgniter.php(941): App\Controllers\Login->registrarse()
 3 SYSTEMPATH\CodeIgniter.php(502): CodeIgniter\CodeIgniter->runController(Object(App\Controllers\Login))
 4 SYSTEMPATH\CodeIgniter.php(361): CodeIgniter\CodeIgniter->handleRequest(null, Object(Config\Cache), false)
 5 FCPATH\index.php(79): CodeIgniter\CodeIgniter->run()
CRITICAL - 2026-04-28 12:24:31 --> ErrorException: Ha ocurrido un error
in APPPATH\Models\loginModel.php on line 92.
 1 APPPATH\Controllers\Login.php(134): App\Models\loginModel->buscaUsuarioPorId(27)
 2 SYSTEMPATH\CodeIgniter.php(941): App\Controllers\Login->registrarse()
 3 SYSTEMPATH\CodeIgniter.php(502): CodeIgniter\CodeIgniter->runController(Object(App\Controllers\Login))
 4 SYSTEMPATH\CodeIgniter.php(361): CodeIgniter\CodeIgniter->handleRequest(null, Object(Config\Cache), false)
 5 FCPATH\index.php(79): CodeIgniter\CodeIgniter->run()
CRITICAL - 2026-04-28 12:25:00 --> ErrorException: Ha ocurrido un error
in APPPATH\Models\loginModel.php on line 92.
 1 APPPATH\Controllers\Login.php(134): App\Models\loginModel->buscaUsuarioPorId(28)
 2 SYSTEMPATH\CodeIgniter.php(941): App\Controllers\Login->registrarse()
 3 SYSTEMPATH\CodeIgniter.php(502): CodeIgniter\CodeIgniter->runController(Object(App\Controllers\Login))
 4 SYSTEMPATH\CodeIgniter.php(361): CodeIgniter\CodeIgniter->handleRequest(null, Object(Config\Cache), false)
 5 FCPATH\index.php(79): CodeIgniter\CodeIgniter->run()
CRITICAL - 2026-04-28 12:29:40 --> ErrorException: Ha ocurrido un error
in APPPATH\Models\loginModel.php on line 92.
 1 APPPATH\Controllers\Login.php(134): App\Models\loginModel->buscaUsuarioPorId(29)
 2 SYSTEMPATH\CodeIgniter.php(941): App\Controllers\Login->registrarse()
 3 SYSTEMPATH\CodeIgniter.php(502): CodeIgniter\CodeIgniter->runController(Object(App\Controllers\Login))
 4 SYSTEMPATH\CodeIgniter.php(361): CodeIgniter\CodeIgniter->handleRequest(null, Object(Config\Cache), false)
 5 FCPATH\index.php(79): CodeIgniter\CodeIgniter->run()
CRITICAL - 2026-04-28 13:04:06 --> ErrorException: Ha ocurrido un error
in APPPATH\Models\loginModel.php on line 92.
 1 APPPATH\Controllers\Login.php(134): App\Models\loginModel->buscaUsuarioPorId(30)
 2 SYSTEMPATH\CodeIgniter.php(941): App\Controllers\Login->registrarse()
 3 SYSTEMPATH\CodeIgniter.php(502): CodeIgniter\CodeIgniter->runController(Object(App\Controllers\Login))
 4 SYSTEMPATH\CodeIgniter.php(361): CodeIgniter\CodeIgniter->handleRequest(null, Object(Config\Cache), false)
 5 FCPATH\index.php(79): CodeIgniter\CodeIgniter->run()
CRITICAL - 2026-04-28 13:06:59 --> ErrorException: Ha ocurrido un error
in APPPATH\Models\loginModel.php on line 92.
 1 APPPATH\Controllers\Login.php(134): App\Models\loginModel->buscaUsuarioPorId(31)
 2 SYSTEMPATH\CodeIgniter.php(941): App\Controllers\Login->registrarse()
 3 SYSTEMPATH\CodeIgniter.php(502): CodeIgniter\CodeIgniter->runController(Object(App\Controllers\Login))
 4 SYSTEMPATH\CodeIgniter.php(361): CodeIgniter\CodeIgniter->handleRequest(null, Object(Config\Cache), false)
 5 FCPATH\index.php(79): CodeIgniter\CodeIgniter->run()
CRITICAL - 2026-04-28 19:35:21 --> ErrorException: Undefined array key 500
in APPPATH\Controllers\Categorias.php on line 144.
 1 APPPATH\Controllers\Categorias.php(144): CodeIgniter\Debug\Exceptions->errorHandler(2, 'Undefined array key 500', 'C:\\Proyectos\\reservalo2.0\\app\\Controllers\\Categorias.php', 144)
 2 SYSTEMPATH\CodeIgniter.php(941): App\Controllers\Categorias->crearCategoria()
 3 SYSTEMPATH\CodeIgniter.php(502): CodeIgniter\CodeIgniter->runController(Object(App\Controllers\Categorias))
 4 SYSTEMPATH\CodeIgniter.php(361): CodeIgniter\CodeIgniter->handleRequest(null, Object(Config\Cache), false)
 5 FCPATH\index.php(79): CodeIgniter\CodeIgniter->run()
CRITICAL - 2026-04-28 19:35:25 --> ErrorException: Undefined array key 500
in APPPATH\Controllers\Categorias.php on line 144.
 1 APPPATH\Controllers\Categorias.php(144): CodeIgniter\Debug\Exceptions->errorHandler(2, 'Undefined array key 500', 'C:\\Proyectos\\reservalo2.0\\app\\Controllers\\Categorias.php', 144)
 2 SYSTEMPATH\CodeIgniter.php(941): App\Controllers\Categorias->crearCategoria()
 3 SYSTEMPATH\CodeIgniter.php(502): CodeIgniter\CodeIgniter->runController(Object(App\Controllers\Categorias))
 4 SYSTEMPATH\CodeIgniter.php(361): CodeIgniter\CodeIgniter->handleRequest(null, Object(Config\Cache), false)
 5 FCPATH\index.php(79): CodeIgniter\CodeIgniter->run()
CRITICAL - 2026-04-28 19:35:26 --> ErrorException: Undefined array key 500
in APPPATH\Controllers\Categorias.php on line 144.
 1 APPPATH\Controllers\Categorias.php(144): CodeIgniter\Debug\Exceptions->errorHandler(2, 'Undefined array key 500', 'C:\\Proyectos\\reservalo2.0\\app\\Controllers\\Categorias.php', 144)
 2 SYSTEMPATH\CodeIgniter.php(941): App\Controllers\Categorias->crearCategoria()
 3 SYSTEMPATH\CodeIgniter.php(502): CodeIgniter\CodeIgniter->runController(Object(App\Controllers\Categorias))
 4 SYSTEMPATH\CodeIgniter.php(361): CodeIgniter\CodeIgniter->handleRequest(null, Object(Config\Cache), false)
 5 FCPATH\index.php(79): CodeIgniter\CodeIgniter->run()
CRITICAL - 2026-04-28 19:39:44 --> ErrorException: Ha ocurrido un error
in APPPATH\Controllers\Categorias.php on line 156.
 1 SYSTEMPATH\CodeIgniter.php(941): App\Controllers\Categorias->crearCategoria()
 2 SYSTEMPATH\CodeIgniter.php(502): CodeIgniter\CodeIgniter->runController(Object(App\Controllers\Categorias))
 3 SYSTEMPATH\CodeIgniter.php(361): CodeIgniter\CodeIgniter->handleRequest(null, Object(Config\Cache), false)
 4 FCPATH\index.php(79): CodeIgniter\CodeIgniter->run()
CRITICAL - 2026-04-28 19:46:26 --> ParseError: syntax error, unexpected variable "$instalacionesCarrousel"
in APPPATH\Controllers\Home.php on line 20.
 1 SYSTEMPATH\Autoloader\Autoloader.php(290): CodeIgniter\Autoloader\Autoloader->includeFile('C:\\Proyectos\\reservalo2.0\\app\\Controllers\\Home.php')
 2 SYSTEMPATH\Autoloader\Autoloader.php(266): CodeIgniter\Autoloader\Autoloader->loadInNamespace('App\\Controllers\\Home')
 3 [internal function]: CodeIgniter\Autoloader\Autoloader->loadClass('App\\Controllers\\Home')
 4 SYSTEMPATH\CodeIgniter.php(899): class_exists('\\App\\Controllers\\Home', true)
 5 SYSTEMPATH\CodeIgniter.php(489): CodeIgniter\CodeIgniter->startController()
 6 SYSTEMPATH\CodeIgniter.php(361): CodeIgniter\CodeIgniter->handleRequest(null, Object(Config\Cache), false)
 7 FCPATH\index.php(79): CodeIgniter\CodeIgniter->run()
CRITICAL - 2026-04-28 19:46:27 --> ParseError: syntax error, unexpected variable "$instalacionesCarrousel"
in APPPATH\Controllers\Home.php on line 20.
 1 SYSTEMPATH\Autoloader\Autoloader.php(290): CodeIgniter\Autoloader\Autoloader->includeFile('C:\\Proyectos\\reservalo2.0\\app\\Controllers\\Home.php')
 2 SYSTEMPATH\Autoloader\Autoloader.php(266): CodeIgniter\Autoloader\Autoloader->loadInNamespace('App\\Controllers\\Home')
 3 [internal function]: CodeIgniter\Autoloader\Autoloader->loadClass('App\\Controllers\\Home')
 4 SYSTEMPATH\CodeIgniter.php(899): class_exists('\\App\\Controllers\\Home', true)
 5 SYSTEMPATH\CodeIgniter.php(489): CodeIgniter\CodeIgniter->startController()
 6 SYSTEMPATH\CodeIgniter.php(361): CodeIgniter\CodeIgniter->handleRequest(null, Object(Config\Cache), false)
 7 FCPATH\index.php(79): CodeIgniter\CodeIgniter->run()
CRITICAL - 2026-04-28 21:54:36 --> ErrorException: Undefined array key "instalacion"
in APPPATH\Controllers\Horarios.php on line 233.
 1 APPPATH\Controllers\Horarios.php(233): CodeIgniter\Debug\Exceptions->errorHandler(2, 'Undefined array key "instalacion"', 'C:\\Proyectos\\reservalo2.0\\app\\Controllers\\Horarios.php', 233)
 2 SYSTEMPATH\CodeIgniter.php(941): App\Controllers\Horarios->comprobarHorarios()
 3 SYSTEMPATH\CodeIgniter.php(502): CodeIgniter\CodeIgniter->runController(Object(App\Controllers\Horarios))
 4 SYSTEMPATH\CodeIgniter.php(361): CodeIgniter\CodeIgniter->handleRequest(null, Object(Config\Cache), false)
 5 FCPATH\index.php(79): CodeIgniter\CodeIgniter->run()
CRITICAL - 2026-04-28 21:55:25 --> ErrorException: Undefined array key "instalacion"
in APPPATH\Controllers\Horarios.php on line 233.
 1 APPPATH\Controllers\Horarios.php(233): CodeIgniter\Debug\Exceptions->errorHandler(2, 'Undefined array key "instalacion"', 'C:\\Proyectos\\reservalo2.0\\app\\Controllers\\Horarios.php', 233)
 2 SYSTEMPATH\CodeIgniter.php(941): App\Controllers\Horarios->comprobarHorarios()
 3 SYSTEMPATH\CodeIgniter.php(502): CodeIgniter\CodeIgniter->runController(Object(App\Controllers\Horarios))
 4 SYSTEMPATH\CodeIgniter.php(361): CodeIgniter\CodeIgniter->handleRequest(null, Object(Config\Cache), false)
 5 FCPATH\index.php(79): CodeIgniter\CodeIgniter->run()
CRITICAL - 2026-04-28 21:56:02 --> ErrorException: Undefined array key "instalacion"
in APPPATH\Controllers\Horarios.php on line 233.
 1 APPPATH\Controllers\Horarios.php(233): CodeIgniter\Debug\Exceptions->errorHandler(2, 'Undefined array key "instalacion"', 'C:\\Proyectos\\reservalo2.0\\app\\Controllers\\Horarios.php', 233)
 2 SYSTEMPATH\CodeIgniter.php(941): App\Controllers\Horarios->comprobarHorarios()
 3 SYSTEMPATH\CodeIgniter.php(502): CodeIgniter\CodeIgniter->runController(Object(App\Controllers\Horarios))
 4 SYSTEMPATH\CodeIgniter.php(361): CodeIgniter\CodeIgniter->handleRequest(null, Object(Config\Cache), false)
 5 FCPATH\index.php(79): CodeIgniter\CodeIgniter->run()
CRITICAL - 2026-04-28 21:56:08 --> ErrorException: Undefined array key "instalacion"
in APPPATH\Controllers\Horarios.php on line 233.
 1 APPPATH\Controllers\Horarios.php(233): CodeIgniter\Debug\Exceptions->errorHandler(2, 'Undefined array key "instalacion"', 'C:\\Proyectos\\reservalo2.0\\app\\Controllers\\Horarios.php', 233)
 2 SYSTEMPATH\CodeIgniter.php(941): App\Controllers\Horarios->comprobarHorarios()
 3 SYSTEMPATH\CodeIgniter.php(502): CodeIgniter\CodeIgniter->runController(Object(App\Controllers\Horarios))
 4 SYSTEMPATH\CodeIgniter.php(361): CodeIgniter\CodeIgniter->handleRequest(null, Object(Config\Cache), false)
 5 FCPATH\index.php(79): CodeIgniter\CodeIgniter->run()
CRITICAL - 2026-04-28 21:56:17 --> ErrorException: Undefined array key "instalacion"
in APPPATH\Controllers\Horarios.php on line 233.
 1 APPPATH\Controllers\Horarios.php(233): CodeIgniter\Debug\Exceptions->errorHandler(2, 'Undefined array key "instalacion"', 'C:\\Proyectos\\reservalo2.0\\app\\Controllers\\Horarios.php', 233)
 2 SYSTEMPATH\CodeIgniter.php(941): App\Controllers\Horarios->comprobarHorarios()
 3 SYSTEMPATH\CodeIgniter.php(502): CodeIgniter\CodeIgniter->runController(Object(App\Controllers\Horarios))
 4 SYSTEMPATH\CodeIgniter.php(361): CodeIgniter\CodeIgniter->handleRequest(null, Object(Config\Cache), false)
 5 FCPATH\index.php(79): CodeIgniter\CodeIgniter->run()
CRITICAL - 2026-04-28 21:56:32 --> ErrorException: Undefined array key "instalacion"
in APPPATH\Controllers\Horarios.php on line 233.
 1 APPPATH\Controllers\Horarios.php(233): CodeIgniter\Debug\Exceptions->errorHandler(2, 'Undefined array key "instalacion"', 'C:\\Proyectos\\reservalo2.0\\app\\Controllers\\Horarios.php', 233)
 2 SYSTEMPATH\CodeIgniter.php(941): App\Controllers\Horarios->comprobarHorarios()
 3 SYSTEMPATH\CodeIgniter.php(502): CodeIgniter\CodeIgniter->runController(Object(App\Controllers\Horarios))
 4 SYSTEMPATH\CodeIgniter.php(361): CodeIgniter\CodeIgniter->handleRequest(null, Object(Config\Cache), false)
 5 FCPATH\index.php(79): CodeIgniter\CodeIgniter->run()
