INFO - 2026-05-27 10:32:47 --> Session: Class initialized using 'CodeIgniter\Session\Handlers\FileHandler' driver.
INFO - 2026-05-27 10:32:49 --> Session: Class initialized using 'CodeIgniter\Session\Handlers\FileHandler' driver.
INFO - 2026-05-27 10:33:33 --> Session: Class initialized using 'CodeIgniter\Session\Handlers\FileHandler' driver.
INFO - 2026-05-27 10:46:24 --> Session: Class initialized using 'CodeIgniter\Session\Handlers\FileHandler' driver.
INFO - 2026-05-27 10:47:11 --> Session: Class initialized using 'CodeIgniter\Session\Handlers\FileHandler' driver.
INFO - 2026-05-27 10:47:34 --> Session: Class initialized using 'CodeIgniter\Session\Handlers\FileHandler' driver.
INFO - 2026-05-27 10:47:45 --> Session: Class initialized using 'CodeIgniter\Session\Handlers\FileHandler' driver.
ERROR - 2026-05-27 10:48:40 --> Error connecting to the database: mysqli_sql_exception: No se puede establecer una conexión ya que el equipo de destino denegó expresamente dicha conexión in D:\proyectos\reservalo2.0\system\Database\MySQLi\Connection.php:184
Stack trace:
#0 D:\proyectos\reservalo2.0\system\Database\MySQLi\Connection.php(184): mysqli->real_connect('localhost', 'root', Object(SensitiveParameterValue), 'reservalo2', 3306, '', 0)
#1 D:\proyectos\reservalo2.0\system\Database\BaseConnection.php(392): CodeIgniter\Database\MySQLi\Connection->connect(false)
#2 D:\proyectos\reservalo2.0\system\Database\BaseConnection.php(575): CodeIgniter\Database\BaseConnection->initialize()
#3 D:\proyectos\reservalo2.0\system\Database\BaseBuilder.php(1616): CodeIgniter\Database\BaseConnection->query('SELECT `instala...', Array, false)
#4 D:\proyectos\reservalo2.0\app\Models\instalacionesModel.php(60): CodeIgniter\Database\BaseBuilder->get()
#5 D:\proyectos\reservalo2.0\app\Controllers\Instalaciones.php(824): App\Models\instalacionesModel->getInstalaciones(NULL)
#6 D:\proyectos\reservalo2.0\system\CodeIgniter.php(941): App\Controllers\Instalaciones->instalaciones()
#7 D:\proyectos\reservalo2.0\system\CodeIgniter.php(502): CodeIgniter\CodeIgniter->runController(Object(App\Controllers\Instalaciones))
#8 D:\proyectos\reservalo2.0\system\CodeIgniter.php(361): CodeIgniter\CodeIgniter->handleRequest(NULL, Object(Config\Cache), false)
#9 D:\proyectos\reservalo2.0\index.php(79): CodeIgniter\CodeIgniter->run()
#10 {main}

Next CodeIgniter\Database\Exceptions\DatabaseException: No se puede establecer una conexión ya que el equipo de destino denegó expresamente dicha conexión in D:\proyectos\reservalo2.0\system\Database\MySQLi\Connection.php:229
Stack trace:
#0 D:\proyectos\reservalo2.0\system\Database\BaseConnection.php(392): CodeIgniter\Database\MySQLi\Connection->connect(false)
#1 D:\proyectos\reservalo2.0\system\Database\BaseConnection.php(575): CodeIgniter\Database\BaseConnection->initialize()
#2 D:\proyectos\reservalo2.0\system\Database\BaseBuilder.php(1616): CodeIgniter\Database\BaseConnection->query('SELECT `instala...', Array, false)
#3 D:\proyectos\reservalo2.0\app\Models\instalacionesModel.php(60): CodeIgniter\Database\BaseBuilder->get()
#4 D:\proyectos\reservalo2.0\app\Controllers\Instalaciones.php(824): App\Models\instalacionesModel->getInstalaciones(NULL)
#5 D:\proyectos\reservalo2.0\system\CodeIgniter.php(941): App\Controllers\Instalaciones->instalaciones()
#6 D:\proyectos\reservalo2.0\system\CodeIgniter.php(502): CodeIgniter\CodeIgniter->runController(Object(App\Controllers\Instalaciones))
#7 D:\proyectos\reservalo2.0\system\CodeIgniter.php(361): CodeIgniter\CodeIgniter->handleRequest(NULL, Object(Config\Cache), false)
#8 D:\proyectos\reservalo2.0\index.php(79): CodeIgniter\CodeIgniter->run()
#9 {main}
CRITICAL - 2026-05-27 10:48:40 --> CodeIgniter\Database\Exceptions\DatabaseException: Unable to connect to the database.
Main connection [MySQLi]: No se puede establecer una conexión ya que el equipo de destino denegó expresamente dicha conexión
in SYSTEMPATH\Database\BaseConnection.php on line 428.
 1 SYSTEMPATH\Database\BaseConnection.php(575): CodeIgniter\Database\BaseConnection->initialize()
 2 SYSTEMPATH\Database\BaseBuilder.php(1616): CodeIgniter\Database\BaseConnection->query('SELECT `instalaciones`.*, `categorias1`.`nombre` as `categoria_name`, `categorias2`.`nombre` as `categoria_opc_name`, (SELECT imagen1 FROM pistas
                            WHERE pistas.id_instalacion = instalaciones.id_instalacion
                            ORDER BY id_pista ASC LIMIT 1) as imagen1
FROM `instalaciones`
LEFT JOIN `categorias` as `categorias1` ON `instalaciones`.`categoria_principal` = `categorias1`.`id_categoria`
LEFT JOIN `categorias` as `categorias2` ON `instalaciones`.`categoria_opcional1` = `categorias2`.`id_categoria`', [], false)
 3 APPPATH\Models\instalacionesModel.php(60): CodeIgniter\Database\BaseBuilder->get()
 4 APPPATH\Controllers\Instalaciones.php(824): App\Models\instalacionesModel->getInstalaciones(null)
 5 SYSTEMPATH\CodeIgniter.php(941): App\Controllers\Instalaciones->instalaciones()
 6 SYSTEMPATH\CodeIgniter.php(502): CodeIgniter\CodeIgniter->runController(Object(App\Controllers\Instalaciones))
 7 SYSTEMPATH\CodeIgniter.php(361): CodeIgniter\CodeIgniter->handleRequest(null, Object(Config\Cache), false)
 8 FCPATH\index.php(79): CodeIgniter\CodeIgniter->run()
INFO - 2026-05-27 10:48:58 --> Session: Class initialized using 'CodeIgniter\Session\Handlers\FileHandler' driver.
INFO - 2026-05-27 10:50:19 --> Session: Class initialized using 'CodeIgniter\Session\Handlers\FileHandler' driver.
