
INFO - 2026-01-19 10:11:29 --> Session: Class initialized using 'CodeIgniter\Session\Handlers\FileHandler' driver.
INFO - 2026-01-19 10:13:45 --> Session: Class initialized using 'CodeIgniter\Session\Handlers\FileHandler' driver.
INFO - 2026-01-19 10:14:00 --> Session: Class initialized using 'CodeIgniter\Session\Handlers\FileHandler' driver.
INFO - 2026-01-19 10:16:19 --> Session: Class initialized using 'CodeIgniter\Session\Handlers\FileHandler' driver.
INFO - 2026-01-19 10:17:40 --> Session: Class initialized using 'CodeIgniter\Session\Handlers\FileHandler' driver.
INFO - 2026-01-19 10:31:27 --> Session: Class initialized using 'CodeIgniter\Session\Handlers\FileHandler' driver.
INFO - 2026-01-19 10:43:18 --> Session: Class initialized using 'CodeIgniter\Session\Handlers\FileHandler' driver.
INFO - 2026-01-19 10:43:47 --> Session: Class initialized using 'CodeIgniter\Session\Handlers\FileHandler' driver.
INFO - 2026-01-19 10:45:46 --> Session: Class initialized using 'CodeIgniter\Session\Handlers\FileHandler' driver.
INFO - 2026-01-19 11:24:54 --> Session: Class initialized using 'CodeIgniter\Session\Handlers\FileHandler' driver.
INFO - 2026-01-19 11:34:07 --> Session: Class initialized using 'CodeIgniter\Session\Handlers\FileHandler' driver.
INFO - 2026-01-19 11:34:53 --> Session: Class initialized using 'CodeIgniter\Session\Handlers\FileHandler' driver.
INFO - 2026-01-19 11:36:58 --> Session: Class initialized using 'CodeIgniter\Session\Handlers\FileHandler' driver.
INFO - 2026-01-19 11:38:02 --> Session: Class initialized using 'CodeIgniter\Session\Handlers\FileHandler' driver.
INFO - 2026-01-19 11:38:25 --> Session: Class initialized using 'CodeIgniter\Session\Handlers\FileHandler' driver.
INFO - 2026-01-19 11:39:06 --> Session: Class initialized using 'CodeIgniter\Session\Handlers\FileHandler' driver.
INFO - 2026-01-19 11:39:20 --> Session: Class initialized using 'CodeIgniter\Session\Handlers\FileHandler' driver.
INFO - 2026-01-19 11:40:13 --> Session: Class initialized using 'CodeIgniter\Session\Handlers\FileHandler' driver.
INFO - 2026-01-19 11:43:15 --> Session: Class initialized using 'CodeIgniter\Session\Handlers\FileHandler' driver.
INFO - 2026-01-19 11:47:25 --> Session: Class initialized using 'CodeIgniter\Session\Handlers\FileHandler' driver.
INFO - 2026-01-19 11:50:22 --> Session: Class initialized using 'CodeIgniter\Session\Handlers\FileHandler' driver.
INFO - 2026-01-19 11:52:55 --> Session: Class initialized using 'CodeIgniter\Session\Handlers\FileHandler' driver.
INFO - 2026-01-19 11:53:31 --> Session: Class initialized using 'CodeIgniter\Session\Handlers\FileHandler' driver.
INFO - 2026-01-19 11:54:14 --> Session: Class initialized using 'CodeIgniter\Session\Handlers\FileHandler' driver.
INFO - 2026-01-19 11:55:40 --> Session: Class initialized using 'CodeIgniter\Session\Handlers\FileHandler' driver.
INFO - 2026-01-19 12:23:43 --> Session: Class initialized using 'CodeIgniter\Session\Handlers\FileHandler' driver.
INFO - 2026-01-19 12:39:36 --> Session: Class initialized using 'CodeIgniter\Session\Handlers\FileHandler' driver.
INFO - 2026-01-19 12:43:40 --> Session: Class initialized using 'CodeIgniter\Session\Handlers\FileHandler' driver.
INFO - 2026-01-19 12:43:41 --> Session: Class initialized using 'CodeIgniter\Session\Handlers\FileHandler' driver.
INFO - 2026-01-19 12:43:41 --> Session: Class initialized using 'CodeIgniter\Session\Handlers\FileHandler' driver.
INFO - 2026-01-19 12:44:14 --> Session: Class initialized using 'CodeIgniter\Session\Handlers\FileHandler' driver.
INFO - 2026-01-19 12:49:57 --> Session: Class initialized using 'CodeIgniter\Session\Handlers\FileHandler' driver.
INFO - 2026-01-19 12:50:47 --> Session: Class initialized using 'CodeIgniter\Session\Handlers\FileHandler' driver.
INFO - 2026-01-19 12:51:51 --> Session: Class initialized using 'CodeIgniter\Session\Handlers\FileHandler' driver.
INFO - 2026-01-19 12:54:26 --> Session: Class initialized using 'CodeIgniter\Session\Handlers\FileHandler' driver.
INFO - 2026-01-19 12:54:26 --> Session: Class initialized using 'CodeIgniter\Session\Handlers\FileHandler' driver.
INFO - 2026-01-19 12:54:26 --> Session: Class initialized using 'CodeIgniter\Session\Handlers\FileHandler' driver.
INFO - 2026-01-19 12:54:27 --> Session: Class initialized using 'CodeIgniter\Session\Handlers\FileHandler' driver.
INFO - 2026-01-19 12:54:27 --> Session: Class initialized using 'CodeIgniter\Session\Handlers\FileHandler' driver.
INFO - 2026-01-19 12:54:27 --> Session: Class initialized using 'CodeIgniter\Session\Handlers\FileHandler' driver.
INFO - 2026-01-19 12:54:27 --> Session: Class initialized using 'CodeIgniter\Session\Handlers\FileHandler' driver.
INFO - 2026-01-19 12:54:27 --> Session: Class initialized using 'CodeIgniter\Session\Handlers\FileHandler' driver.
INFO - 2026-01-19 12:54:27 --> Session: Class initialized using 'CodeIgniter\Session\Handlers\FileHandler' driver.
INFO - 2026-01-19 12:54:28 --> Session: Class initialized using 'CodeIgniter\Session\Handlers\FileHandler' driver.
INFO - 2026-01-19 12:54:28 --> Session: Class initialized using 'CodeIgniter\Session\Handlers\FileHandler' driver.
INFO - 2026-01-19 12:54:28 --> Session: Class initialized using 'CodeIgniter\Session\Handlers\FileHandler' driver.
INFO - 2026-01-19 12:55:45 --> Session: Class initialized using 'CodeIgniter\Session\Handlers\FileHandler' driver.
INFO - 2026-01-19 12:56:08 --> Session: Class initialized using 'CodeIgniter\Session\Handlers\FileHandler' driver.
INFO - 2026-01-19 12:57:59 --> Session: Class initialized using 'CodeIgniter\Session\Handlers\FileHandler' driver.
INFO - 2026-01-19 12:59:50 --> Session: Class initialized using 'CodeIgniter\Session\Handlers\FileHandler' driver.
INFO - 2026-01-19 15:09:09 --> Session: Class initialized using 'CodeIgniter\Session\Handlers\FileHandler' driver.
INFO - 2026-01-19 15:09:33 --> Session: Class initialized using 'CodeIgniter\Session\Handlers\FileHandler' driver.
INFO - 2026-01-19 15:10:10 --> Session: Class initialized using 'CodeIgniter\Session\Handlers\FileHandler' driver.
INFO - 2026-01-19 15:10:52 --> Session: Class initialized using 'CodeIgniter\Session\Handlers\FileHandler' driver.
INFO - 2026-01-19 15:11:40 --> Session: Class initialized using 'CodeIgniter\Session\Handlers\FileHandler' driver.
INFO - 2026-01-19 15:12:48 --> Session: Class initialized using 'CodeIgniter\Session\Handlers\FileHandler' driver.
INFO - 2026-01-19 15:12:54 --> Session: Class initialized using 'CodeIgniter\Session\Handlers\FileHandler' driver.
INFO - 2026-01-19 15:14:02 --> Session: Class initialized using 'CodeIgniter\Session\Handlers\FileHandler' driver.
INFO - 2026-01-19 15:14:33 --> Session: Class initialized using 'CodeIgniter\Session\Handlers\FileHandler' driver.
INFO - 2026-01-19 15:17:37 --> Session: Class initialized using 'CodeIgniter\Session\Handlers\FileHandler' driver.
INFO - 2026-01-19 15:36:31 --> Session: Class initialized using 'CodeIgniter\Session\Handlers\FileHandler' driver.
INFO - 2026-01-19 15:37:48 --> Session: Class initialized using 'CodeIgniter\Session\Handlers\FileHandler' driver.
INFO - 2026-01-19 15:37:56 --> Session: Class initialized using 'CodeIgniter\Session\Handlers\FileHandler' driver.
INFO - 2026-01-19 15:41:37 --> Session: Class initialized using 'CodeIgniter\Session\Handlers\FileHandler' driver.
INFO - 2026-01-19 15:42:05 --> Session: Class initialized using 'CodeIgniter\Session\Handlers\FileHandler' driver.
INFO - 2026-01-19 16:29:38 --> Session: Class initialized using 'CodeIgniter\Session\Handlers\FileHandler' driver.
INFO - 2026-01-19 16:46:12 --> Session: Class initialized using 'CodeIgniter\Session\Handlers\FileHandler' driver.
INFO - 2026-01-19 16:46:19 --> Session: Class initialized using 'CodeIgniter\Session\Handlers\FileHandler' driver.
INFO - 2026-01-19 16:46:19 --> Session: Class initialized using 'CodeIgniter\Session\Handlers\FileHandler' driver.
INFO - 2026-01-19 16:47:26 --> Session: Class initialized using 'CodeIgniter\Session\Handlers\FileHandler' driver.
INFO - 2026-01-19 16:48:32 --> Session: Class initialized using 'CodeIgniter\Session\Handlers\FileHandler' driver.
INFO - 2026-01-19 16:53:20 --> Session: Class initialized using 'CodeIgniter\Session\Handlers\FileHandler' driver.
INFO - 2026-01-19 16:54:29 --> Session: Class initialized using 'CodeIgniter\Session\Handlers\FileHandler' driver.
INFO - 2026-01-19 16:58:01 --> Session: Class initialized using 'CodeIgniter\Session\Handlers\FileHandler' driver.
INFO - 2026-01-19 17:03:42 --> Session: Class initialized using 'CodeIgniter\Session\Handlers\FileHandler' driver.
INFO - 2026-01-19 17:04:05 --> Session: Class initialized using 'CodeIgniter\Session\Handlers\FileHandler' driver.
INFO - 2026-01-19 17:05:15 --> Session: Class initialized using 'CodeIgniter\Session\Handlers\FileHandler' driver.
INFO - 2026-01-19 17:06:17 --> Session: Class initialized using 'CodeIgniter\Session\Handlers\FileHandler' driver.
INFO - 2026-01-19 17:07:56 --> Session: Class initialized using 'CodeIgniter\Session\Handlers\FileHandler' driver.
INFO - 2026-01-19 17:08:43 --> Session: Class initialized using 'CodeIgniter\Session\Handlers\FileHandler' driver.
INFO - 2026-01-19 17:09:08 --> Session: Class initialized using 'CodeIgniter\Session\Handlers\FileHandler' driver.
INFO - 2026-01-19 17:09:22 --> Session: Class initialized using 'CodeIgniter\Session\Handlers\FileHandler' driver.
INFO - 2026-01-19 17:09:39 --> Session: Class initialized using 'CodeIgniter\Session\Handlers\FileHandler' driver.
INFO - 2026-01-19 17:09:53 --> Session: Class initialized using 'CodeIgniter\Session\Handlers\FileHandler' driver.
INFO - 2026-01-19 17:11:12 --> Session: Class initialized using 'CodeIgniter\Session\Handlers\FileHandler' driver.
INFO - 2026-01-19 17:11:34 --> Session: Class initialized using 'CodeIgniter\Session\Handlers\FileHandler' driver.
INFO - 2026-01-19 17:11:49 --> Session: Class initialized using 'CodeIgniter\Session\Handlers\FileHandler' driver.
INFO - 2026-01-19 17:12:01 --> Session: Class initialized using 'CodeIgniter\Session\Handlers\FileHandler' driver.
INFO - 2026-01-19 17:13:01 --> Session: Class initialized using 'CodeIgniter\Session\Handlers\FileHandler' driver.
INFO - 2026-01-19 17:13:45 --> Session: Class initialized using 'CodeIgniter\Session\Handlers\FileHandler' driver.
INFO - 2026-01-19 17:14:09 --> Session: Class initialized using 'CodeIgniter\Session\Handlers\FileHandler' driver.
INFO - 2026-01-19 17:20:43 --> Session: Class initialized using 'CodeIgniter\Session\Handlers\FileHandler' driver.
INFO - 2026-01-19 17:21:10 --> Session: Class initialized using 'CodeIgniter\Session\Handlers\FileHandler' driver.
INFO - 2026-01-19 17:22:00 --> Session: Class initialized using 'CodeIgniter\Session\Handlers\FileHandler' driver.
INFO - 2026-01-19 17:23:05 --> Session: Class initialized using 'CodeIgniter\Session\Handlers\FileHandler' driver.
INFO - 2026-01-19 17:23:47 --> Session: Class initialized using 'CodeIgniter\Session\Handlers\FileHandler' driver.
INFO - 2026-01-19 17:25:59 --> Session: Class initialized using 'CodeIgniter\Session\Handlers\FileHandler' driver.
ERROR - 2026-01-19 17:26:06 --> mysqli_sql_exception: Unknown column 'exceopciones_horario.id_tipo_horario_excepcion' in 'field list' in C:\Proyectos\reservalo2.0\system\Database\MySQLi\Connection.php:306
Stack trace:
#0 C:\Proyectos\reservalo2.0\system\Database\MySQLi\Connection.php(306): mysqli->query('SELECT DISTINCT...', 0)
#1 C:\Proyectos\reservalo2.0\system\Database\BaseConnection.php(693): CodeIgniter\Database\MySQLi\Connection->execute('SELECT DISTINCT...')
#2 C:\Proyectos\reservalo2.0\system\Database\BaseConnection.php(607): CodeIgniter\Database\BaseConnection->simpleQuery('SELECT DISTINCT...')
#3 C:\Proyectos\reservalo2.0\system\Database\BaseBuilder.php(1616): CodeIgniter\Database\BaseConnection->query('SELECT DISTINCT...', Array, false)
#4 C:\Proyectos\reservalo2.0\app\Models\horariosModel.php(407): CodeIgniter\Database\BaseBuilder->get()
#5 C:\Proyectos\reservalo2.0\app\Controllers\Horarios.php(246): App\Models\horariosModel->hayExcepcionBase(73)
#6 C:\Proyectos\reservalo2.0\system\CodeIgniter.php(941): App\Controllers\Horarios->getHorario()
#7 C:\Proyectos\reservalo2.0\system\CodeIgniter.php(502): CodeIgniter\CodeIgniter->runController(Object(App\Controllers\Horarios))
#8 C:\Proyectos\reservalo2.0\system\CodeIgniter.php(361): CodeIgniter\CodeIgniter->handleRequest(NULL, Object(Config\Cache), false)
#9 C:\Proyectos\reservalo2.0\index.php(79): CodeIgniter\CodeIgniter->run()
#10 {main}
CRITICAL - 2026-01-19 17:26:06 --> CodeIgniter\Database\Exceptions\DatabaseException: Unknown column 'exceopciones_horario.id_tipo_horario_excepcion' in 'field list'
in SYSTEMPATH\Database\BaseConnection.php on line 647.
 1 SYSTEMPATH\Database\BaseBuilder.php(1616): CodeIgniter\Database\BaseConnection->query('SELECT DISTINCT `tipo_horario`.`nombre`, `exceopciones_horario`.`id_tipo_horario_excepcion`
FROM `excepciones_horario`
JOIN `tipo_horario` ON `tipo_horario`.`id_tipo_horario` = `excepciones_horario`.`id_tipo_horario_excepcion`
WHERE `excepciones_horario`.`id_tipo_horario_base` = :excepciones_horario.id_tipo_horario_base:', [...], false)
 2 APPPATH\Models\horariosModel.php(407): CodeIgniter\Database\BaseBuilder->get()
 3 APPPATH\Controllers\Horarios.php(246): App\Models\horariosModel->hayExcepcionBase(73)
 4 SYSTEMPATH\CodeIgniter.php(941): App\Controllers\Horarios->getHorario()
 5 SYSTEMPATH\CodeIgniter.php(502): CodeIgniter\CodeIgniter->runController(Object(App\Controllers\Horarios))
 6 SYSTEMPATH\CodeIgniter.php(361): CodeIgniter\CodeIgniter->handleRequest(null, Object(Config\Cache), false)
 7 FCPATH\index.php(79): CodeIgniter\CodeIgniter->run()
CRITICAL - 2026-01-19 17:26:06 --> [Caused by] CodeIgniter\Database\Exceptions\DatabaseException: Unknown column 'exceopciones_horario.id_tipo_horario_excepcion' in 'field list'
in SYSTEMPATH\Database\MySQLi\Connection.php on line 311.
 1 SYSTEMPATH\Database\BaseConnection.php(693): CodeIgniter\Database\MySQLi\Connection->execute('SELECT DISTINCT `tipo_horario`.`nombre`, `exceopciones_horario`.`id_tipo_horario_excepcion`
FROM `excepciones_horario`
JOIN `tipo_horario` ON `tipo_horario`.`id_tipo_horario` = `excepciones_horario`.`id_tipo_horario_excepcion`
WHERE `excepciones_horario`.`id_tipo_horario_base` = 73')
 2 SYSTEMPATH\Database\BaseConnection.php(607): CodeIgniter\Database\BaseConnection->simpleQuery('SELECT DISTINCT `tipo_horario`.`nombre`, `exceopciones_horario`.`id_tipo_horario_excepcion`
FROM `excepciones_horario`
JOIN `tipo_horario` ON `tipo_horario`.`id_tipo_horario` = `excepciones_horario`.`id_tipo_horario_excepcion`
WHERE `excepciones_horario`.`id_tipo_horario_base` = 73')
 3 SYSTEMPATH\Database\BaseBuilder.php(1616): CodeIgniter\Database\BaseConnection->query('SELECT DISTINCT `tipo_horario`.`nombre`, `exceopciones_horario`.`id_tipo_horario_excepcion`
FROM `excepciones_horario`
JOIN `tipo_horario` ON `tipo_horario`.`id_tipo_horario` = `excepciones_horario`.`id_tipo_horario_excepcion`
WHERE `excepciones_horario`.`id_tipo_horario_base` = :excepciones_horario.id_tipo_horario_base:', [...], false)
 4 APPPATH\Models\horariosModel.php(407): CodeIgniter\Database\BaseBuilder->get()
 5 APPPATH\Controllers\Horarios.php(246): App\Models\horariosModel->hayExcepcionBase(73)
 6 SYSTEMPATH\CodeIgniter.php(941): App\Controllers\Horarios->getHorario()
 7 SYSTEMPATH\CodeIgniter.php(502): CodeIgniter\CodeIgniter->runController(Object(App\Controllers\Horarios))
 8 SYSTEMPATH\CodeIgniter.php(361): CodeIgniter\CodeIgniter->handleRequest(null, Object(Config\Cache), false)
 9 FCPATH\index.php(79): CodeIgniter\CodeIgniter->run()
CRITICAL - 2026-01-19 17:26:06 --> [Caused by] mysqli_sql_exception: Unknown column 'exceopciones_horario.id_tipo_horario_excepcion' in 'field list'
in SYSTEMPATH\Database\MySQLi\Connection.php on line 306.
 1 SYSTEMPATH\Database\MySQLi\Connection.php(306): mysqli->query('SELECT DISTINCT `tipo_horario`.`nombre`, `exceopciones_horario`.`id_tipo_horario_excepcion`
FROM `excepciones_horario`
JOIN `tipo_horario` ON `tipo_horario`.`id_tipo_horario` = `excepciones_horario`.`id_tipo_horario_excepcion`
WHERE `excepciones_horario`.`id_tipo_horario_base` = 73', 0)
 2 SYSTEMPATH\Database\BaseConnection.php(693): CodeIgniter\Database\MySQLi\Connection->execute('SELECT DISTINCT `tipo_horario`.`nombre`, `exceopciones_horario`.`id_tipo_horario_excepcion`
FROM `excepciones_horario`
JOIN `tipo_horario` ON `tipo_horario`.`id_tipo_horario` = `excepciones_horario`.`id_tipo_horario_excepcion`
WHERE `excepciones_horario`.`id_tipo_horario_base` = 73')
 3 SYSTEMPATH\Database\BaseConnection.php(607): CodeIgniter\Database\BaseConnection->simpleQuery('SELECT DISTINCT `tipo_horario`.`nombre`, `exceopciones_horario`.`id_tipo_horario_excepcion`
FROM `excepciones_horario`
JOIN `tipo_horario` ON `tipo_horario`.`id_tipo_horario` = `excepciones_horario`.`id_tipo_horario_excepcion`
WHERE `excepciones_horario`.`id_tipo_horario_base` = 73')
 4 SYSTEMPATH\Database\BaseBuilder.php(1616): CodeIgniter\Database\BaseConnection->query('SELECT DISTINCT `tipo_horario`.`nombre`, `exceopciones_horario`.`id_tipo_horario_excepcion`
FROM `excepciones_horario`
JOIN `tipo_horario` ON `tipo_horario`.`id_tipo_horario` = `excepciones_horario`.`id_tipo_horario_excepcion`
WHERE `excepciones_horario`.`id_tipo_horario_base` = :excepciones_horario.id_tipo_horario_base:', [...], false)
 5 APPPATH\Models\horariosModel.php(407): CodeIgniter\Database\BaseBuilder->get()
 6 APPPATH\Controllers\Horarios.php(246): App\Models\horariosModel->hayExcepcionBase(73)
 7 SYSTEMPATH\CodeIgniter.php(941): App\Controllers\Horarios->getHorario()
 8 SYSTEMPATH\CodeIgniter.php(502): CodeIgniter\CodeIgniter->runController(Object(App\Controllers\Horarios))
 9 SYSTEMPATH\CodeIgniter.php(361): CodeIgniter\CodeIgniter->handleRequest(null, Object(Config\Cache), false)
10 FCPATH\index.php(79): CodeIgniter\CodeIgniter->run()
ERROR - 2026-01-19 17:26:10 --> mysqli_sql_exception: Unknown column 'exceopciones_horario.id_tipo_horario_excepcion' in 'field list' in C:\Proyectos\reservalo2.0\system\Database\MySQLi\Connection.php:306
Stack trace:
#0 C:\Proyectos\reservalo2.0\system\Database\MySQLi\Connection.php(306): mysqli->query('SELECT DISTINCT...', 0)
#1 C:\Proyectos\reservalo2.0\system\Database\BaseConnection.php(693): CodeIgniter\Database\MySQLi\Connection->execute('SELECT DISTINCT...')
#2 C:\Proyectos\reservalo2.0\system\Database\BaseConnection.php(607): CodeIgniter\Database\BaseConnection->simpleQuery('SELECT DISTINCT...')
#3 C:\Proyectos\reservalo2.0\system\Database\BaseBuilder.php(1616): CodeIgniter\Database\BaseConnection->query('SELECT DISTINCT...', Array, false)
#4 C:\Proyectos\reservalo2.0\app\Models\horariosModel.php(407): CodeIgniter\Database\BaseBuilder->get()
#5 C:\Proyectos\reservalo2.0\app\Controllers\Horarios.php(246): App\Models\horariosModel->hayExcepcionBase(73)
#6 C:\Proyectos\reservalo2.0\system\CodeIgniter.php(941): App\Controllers\Horarios->getHorario()
#7 C:\Proyectos\reservalo2.0\system\CodeIgniter.php(502): CodeIgniter\CodeIgniter->runController(Object(App\Controllers\Horarios))
#8 C:\Proyectos\reservalo2.0\system\CodeIgniter.php(361): CodeIgniter\CodeIgniter->handleRequest(NULL, Object(Config\Cache), false)
#9 C:\Proyectos\reservalo2.0\index.php(79): CodeIgniter\CodeIgniter->run()
#10 {main}
CRITICAL - 2026-01-19 17:26:10 --> CodeIgniter\Database\Exceptions\DatabaseException: Unknown column 'exceopciones_horario.id_tipo_horario_excepcion' in 'field list'
in SYSTEMPATH\Database\BaseConnection.php on line 647.
 1 SYSTEMPATH\Database\BaseBuilder.php(1616): CodeIgniter\Database\BaseConnection->query('SELECT DISTINCT `tipo_horario`.`nombre`, `exceopciones_horario`.`id_tipo_horario_excepcion`
FROM `excepciones_horario`
JOIN `tipo_horario` ON `tipo_horario`.`id_tipo_horario` = `excepciones_horario`.`id_tipo_horario_excepcion`
WHERE `excepciones_horario`.`id_tipo_horario_base` = :excepciones_horario.id_tipo_horario_base:', [...], false)
 2 APPPATH\Models\horariosModel.php(407): CodeIgniter\Database\BaseBuilder->get()
 3 APPPATH\Controllers\Horarios.php(246): App\Models\horariosModel->hayExcepcionBase(73)
 4 SYSTEMPATH\CodeIgniter.php(941): App\Controllers\Horarios->getHorario()
 5 SYSTEMPATH\CodeIgniter.php(502): CodeIgniter\CodeIgniter->runController(Object(App\Controllers\Horarios))
 6 SYSTEMPATH\CodeIgniter.php(361): CodeIgniter\CodeIgniter->handleRequest(null, Object(Config\Cache), false)
 7 FCPATH\index.php(79): CodeIgniter\CodeIgniter->run()
CRITICAL - 2026-01-19 17:26:10 --> [Caused by] CodeIgniter\Database\Exceptions\DatabaseException: Unknown column 'exceopciones_horario.id_tipo_horario_excepcion' in 'field list'
in SYSTEMPATH\Database\MySQLi\Connection.php on line 311.
 1 SYSTEMPATH\Database\BaseConnection.php(693): CodeIgniter\Database\MySQLi\Connection->execute('SELECT DISTINCT `tipo_horario`.`nombre`, `exceopciones_horario`.`id_tipo_horario_excepcion`
FROM `excepciones_horario`
JOIN `tipo_horario` ON `tipo_horario`.`id_tipo_horario` = `excepciones_horario`.`id_tipo_horario_excepcion`
WHERE `excepciones_horario`.`id_tipo_horario_base` = 73')
 2 SYSTEMPATH\Database\BaseConnection.php(607): CodeIgniter\Database\BaseConnection->simpleQuery('SELECT DISTINCT `tipo_horario`.`nombre`, `exceopciones_horario`.`id_tipo_horario_excepcion`
FROM `excepciones_horario`
JOIN `tipo_horario` ON `tipo_horario`.`id_tipo_horario` = `excepciones_horario`.`id_tipo_horario_excepcion`
WHERE `excepciones_horario`.`id_tipo_horario_base` = 73')
 3 SYSTEMPATH\Database\BaseBuilder.php(1616): CodeIgniter\Database\BaseConnection->query('SELECT DISTINCT `tipo_horario`.`nombre`, `exceopciones_horario`.`id_tipo_horario_excepcion`
FROM `excepciones_horario`
JOIN `tipo_horario` ON `tipo_horario`.`id_tipo_horario` = `excepciones_horario`.`id_tipo_horario_excepcion`
WHERE `excepciones_horario`.`id_tipo_horario_base` = :excepciones_horario.id_tipo_horario_base:', [...], false)
 4 APPPATH\Models\horariosModel.php(407): CodeIgniter\Database\BaseBuilder->get()
 5 APPPATH\Controllers\Horarios.php(246): App\Models\horariosModel->hayExcepcionBase(73)
 6 SYSTEMPATH\CodeIgniter.php(941): App\Controllers\Horarios->getHorario()
 7 SYSTEMPATH\CodeIgniter.php(502): CodeIgniter\CodeIgniter->runController(Object(App\Controllers\Horarios))
 8 SYSTEMPATH\CodeIgniter.php(361): CodeIgniter\CodeIgniter->handleRequest(null, Object(Config\Cache), false)
 9 FCPATH\index.php(79): CodeIgniter\CodeIgniter->run()
CRITICAL - 2026-01-19 17:26:10 --> [Caused by] mysqli_sql_exception: Unknown column 'exceopciones_horario.id_tipo_horario_excepcion' in 'field list'
in SYSTEMPATH\Database\MySQLi\Connection.php on line 306.
 1 SYSTEMPATH\Database\MySQLi\Connection.php(306): mysqli->query('SELECT DISTINCT `tipo_horario`.`nombre`, `exceopciones_horario`.`id_tipo_horario_excepcion`
FROM `excepciones_horario`
JOIN `tipo_horario` ON `tipo_horario`.`id_tipo_horario` = `excepciones_horario`.`id_tipo_horario_excepcion`
WHERE `excepciones_horario`.`id_tipo_horario_base` = 73', 0)
 2 SYSTEMPATH\Database\BaseConnection.php(693): CodeIgniter\Database\MySQLi\Connection->execute('SELECT DISTINCT `tipo_horario`.`nombre`, `exceopciones_horario`.`id_tipo_horario_excepcion`
FROM `excepciones_horario`
JOIN `tipo_horario` ON `tipo_horario`.`id_tipo_horario` = `excepciones_horario`.`id_tipo_horario_excepcion`
WHERE `excepciones_horario`.`id_tipo_horario_base` = 73')
 3 SYSTEMPATH\Database\BaseConnection.php(607): CodeIgniter\Database\BaseConnection->simpleQuery('SELECT DISTINCT `tipo_horario`.`nombre`, `exceopciones_horario`.`id_tipo_horario_excepcion`
FROM `excepciones_horario`
JOIN `tipo_horario` ON `tipo_horario`.`id_tipo_horario` = `excepciones_horario`.`id_tipo_horario_excepcion`
WHERE `excepciones_horario`.`id_tipo_horario_base` = 73')
 4 SYSTEMPATH\Database\BaseBuilder.php(1616): CodeIgniter\Database\BaseConnection->query('SELECT DISTINCT `tipo_horario`.`nombre`, `exceopciones_horario`.`id_tipo_horario_excepcion`
FROM `excepciones_horario`
JOIN `tipo_horario` ON `tipo_horario`.`id_tipo_horario` = `excepciones_horario`.`id_tipo_horario_excepcion`
WHERE `excepciones_horario`.`id_tipo_horario_base` = :excepciones_horario.id_tipo_horario_base:', [...], false)
 5 APPPATH\Models\horariosModel.php(407): CodeIgniter\Database\BaseBuilder->get()
 6 APPPATH\Controllers\Horarios.php(246): App\Models\horariosModel->hayExcepcionBase(73)
 7 SYSTEMPATH\CodeIgniter.php(941): App\Controllers\Horarios->getHorario()
 8 SYSTEMPATH\CodeIgniter.php(502): CodeIgniter\CodeIgniter->runController(Object(App\Controllers\Horarios))
 9 SYSTEMPATH\CodeIgniter.php(361): CodeIgniter\CodeIgniter->handleRequest(null, Object(Config\Cache), false)
10 FCPATH\index.php(79): CodeIgniter\CodeIgniter->run()
INFO - 2026-01-19 17:26:28 --> Session: Class initialized using 'CodeIgniter\Session\Handlers\FileHandler' driver.
INFO - 2026-01-19 17:26:59 --> Session: Class initialized using 'CodeIgniter\Session\Handlers\FileHandler' driver.

